
 Program  MARK  - Survival Rate Estimation with Capture-Recapture Data
 gfortran(dble/PIM2) Vers. 11.1 Nov 2024   7-Mar-2026 16:49:34    Page  001
  
 - - - - - - - - - - - - - - - - - - - - - - - - - - - - - - - - - - - - - -
 
 Welcome to MARK localuser on machine DEP79421 in subdirectory 
 "C:\Users\localuser\Desktop\GitHub\LHI_SBSH_CMR_adult_survival" running file "data/rmark_outputs/covariate_models/2026-03-07/linear_covariate_model_AO_jul_aug_sep.inp".
 This version was compiled by GCC version 14.2.0 using the options: 
  -cpp -iprefix C:/tdm-gcc-64/mingw64-14-2/bin/../lib/gcc/
  x86_64-w64-mingw32/14.2.0/ -D_MT -D_REENTRANT -U_REENTRANT -D
  dbleprecision -m64 -march=x86-64 -mtune=generic -mthreads -O3 -std=f2023
  -fimplicit-none -ffpe-summary=invalid,zero,overflow,underflow
  -funroll-loops -fno-unsafe-math-optimizations -frounding-math
  -fsignaling-nans -fall-intrinsics -fopenmp

 This problem will use 19 of 20 possible threads.
 Static thread allocation is used.
 INPUT --- proc title ;

 For procedure title CPU Time was 0.001 secs and System Time was 0.001 secs.
 INPUT --- proc chmatrix occasions= 12 groups= 1 etype= Live Nodes= 
 INPUT --- 101 ICMeans NoHist hist= 25  ;
 INPUT ---    time interval 1 1 1 1 1 1 1 1 1 1 1 ;
 INPUT ---    glabel(1)=Group 1;

      Number of unique encounter histories read was 25.

      Number of individual covariates read was 0.
      Time interval lengths are all equal to 1.

      Data type number is 1
      Data type is Live Recaptures (CJS)

 For procedure chmatrix CPU Time was 0.001 secs and System Time was 0.001 secs.

Program  MARK  - Survival Rate Estimation with Capture-Recapture Data
 gfortran(dble/PIM2) Vers. 11.1 Nov 2024   7-Mar-2026 16:49:34    Page  002
 - - - - - - - - - - - - - - - - - - - - - - - - - - - - - - - - - - - - - -
 


 INPUT --- proc estimate link=Logit NOLOOP varest=2ndPart    ;
 INPUT --- model={ model_AO_jul_aug_sep };
 INPUT ---    group=1 Phi    rows=11 cols=11 Triang ;
 INPUT ---        1 2 3 4 5 6 7 8 9 10 11 ;
 INPUT ---        2 3 4 5 6 7 8 9 10 11 ;
 INPUT ---        3 4 5 6 7 8 9 10 11 ;
 INPUT ---        4 5 6 7 8 9 10 11 ;
 INPUT ---        5 6 7 8 9 10 11 ;
 INPUT ---        6 7 8 9 10 11 ;
 INPUT ---        7 8 9 10 11 ;
 INPUT ---        8 9 10 11 ;
 INPUT ---        9 10 11 ;
 INPUT ---        10 11 ;
 INPUT ---        11 ;
 INPUT ---    group=1 p    rows=11 cols=11 Triang ;
 INPUT ---        12 13 14 15 16 17 18 19 20 21 22 ;
 INPUT ---        13 14 15 16 17 18 19 20 21 22 ;
 INPUT ---        14 15 16 17 18 19 20 21 22 ;
 INPUT ---        15 16 17 18 19 20 21 22 ;
 INPUT ---        16 17 18 19 20 21 22 ;
 INPUT ---        17 18 19 20 21 22 ;
 INPUT ---        18 19 20 21 22 ;
 INPUT ---        19 20 21 22 ;
 INPUT ---        20 21 22 ;
 INPUT ---        21 22 ;
 INPUT ---        22 ;
 INPUT ---    design matrix constraints=22 covariates=13;
 INPUT ---        1 -0.227495288690294 0 0 0 0 0 0 0 0 0 0 0;
 INPUT ---        1 -0.609687373689987 0 0 0 0 0 0 0 0 0 0 0;
 INPUT ---        1 -1.65226578243065 0 0 0 0 0 0 0 0 0 0 0;
 INPUT ---        1 1.2076749896759 0 0 0 0 0 0 0 0 0 0 0;
 INPUT ---        1 0.301160429790008 0 0 0 0 0 0 0 0 0 0 0;
 INPUT ---        1 1.80999584925592 0 0 0 0 0 0 0 0 0 0 0;
 INPUT ---        1 -1.08374422288462 0 0 0 0 0 0 0 0 0 0 0;
 INPUT ---        1 -0.0922980885543477 0 0 0 0 0 0 0 0 0 0 0;
 INPUT ---        1 0.194562637375127 0 0 0 0 0 0 0 0 0 0 0;
 INPUT ---        1 -0.645219971161614 0 0 0 0 0 0 0 0 0 0 0;
 INPUT ---        1 -0.331493134948714 0 0 0 0 0 0 0 0 0 0 0;
 INPUT ---        0 0 1 0 0 0 0 0 0 0 0 0 0;
 INPUT ---        0 0 1 1 0 0 0 0 0 0 0 0 0;
 INPUT ---        0 0 1 0 1 0 0 0 0 0 0 0 0;
 INPUT ---        0 0 1 0 0 1 0 0 0 0 0 0 0;
 INPUT ---        0 0 1 0 0 0 1 0 0 0 0 0 0;
 INPUT ---        0 0 1 0 0 0 0 1 0 0 0 0 0;

Program  MARK  - Survival Rate Estimation with Capture-Recapture Data
 gfortran(dble/PIM2) Vers. 11.1 Nov 2024   7-Mar-2026 16:49:34    Page  003
 - - - - - - - - - - - - - - - - - - - - - - - - - - - - - - - - - - - - - -
 
 INPUT ---        0 0 1 0 0 0 0 0 1 0 0 0 0;
 INPUT ---        0 0 1 0 0 0 0 0 0 1 0 0 0;
 INPUT ---        0 0 1 0 0 0 0 0 0 0 1 0 0;
 INPUT ---        0 0 1 0 0 0 0 0 0 0 0 1 0;
 INPUT ---        0 0 1 0 0 0 0 0 0 0 0 0 1;
 INPUT ---       blabel(1)=Phi:(Intercept);
 INPUT ---       blabel(2)=Phi:AO_jul_aug_sep;
 INPUT ---       blabel(3)=p:(Intercept);
 INPUT ---       blabel(4)=p:factor(time)2015;
 INPUT ---       blabel(5)=p:factor(time)2016;
 INPUT ---       blabel(6)=p:factor(time)2017;
 INPUT ---       blabel(7)=p:factor(time)2018;
 INPUT ---       blabel(8)=p:factor(time)2019;
 INPUT ---       blabel(9)=p:factor(time)2020;
 INPUT ---       blabel(10)=p:factor(time)2021;
 INPUT ---       blabel(11)=p:factor(time)2022;
 INPUT ---       blabel(12)=p:factor(time)2023;
 INPUT ---       blabel(13)=p:factor(time)2024;
 INPUT ---       rlabel(1)=Phi g1 c2013 a0 t2013;
 INPUT ---       rlabel(2)=Phi g1 c2013 a1 t2014;
 INPUT ---       rlabel(3)=Phi g1 c2013 a2 t2015;
 INPUT ---       rlabel(4)=Phi g1 c2013 a3 t2016;
 INPUT ---       rlabel(5)=Phi g1 c2013 a4 t2017;
 INPUT ---       rlabel(6)=Phi g1 c2013 a5 t2018;
 INPUT ---       rlabel(7)=Phi g1 c2013 a6 t2019;
 INPUT ---       rlabel(8)=Phi g1 c2013 a7 t2020;
 INPUT ---       rlabel(9)=Phi g1 c2013 a8 t2021;
 INPUT ---       rlabel(10)=Phi g1 c2013 a9 t2022;
 INPUT ---       rlabel(11)=Phi g1 c2013 a10 t2023;
 INPUT ---       rlabel(12)=p g1 c2013 a1 t2014;
 INPUT ---       rlabel(13)=p g1 c2013 a2 t2015;
 INPUT ---       rlabel(14)=p g1 c2013 a3 t2016;
 INPUT ---       rlabel(15)=p g1 c2013 a4 t2017;
 INPUT ---       rlabel(16)=p g1 c2013 a5 t2018;
 INPUT ---       rlabel(17)=p g1 c2013 a6 t2019;
 INPUT ---       rlabel(18)=p g1 c2013 a7 t2020;
 INPUT ---       rlabel(19)=p g1 c2013 a8 t2021;
 INPUT ---       rlabel(20)=p g1 c2013 a9 t2022;
 INPUT ---       rlabel(21)=p g1 c2013 a10 t2023;
 INPUT ---       rlabel(22)=p g1 c2013 a11 t2024;
   Model is { model_AO_jul_aug_sep }

 Link Function Used is LOGIT        

 Variance Estimation Procedure Used is 2ndPart 
 -2logL(saturated) = 198.85252     
 Effective Sample Size = 223

 Number of function evaluations was 45 for 13 parameters.
 For numerical optimization, CPU Time was 0.188 secs and System Time was 0.172 secs.

Program  MARK  - Survival Rate Estimation with Capture-Recapture Data
 gfortran(dble/PIM2) Vers. 11.1 Nov 2024   7-Mar-2026 16:49:34    Page  004
 - - - - - - - - - - - - - - - - - - - - - - - - - - - - - - - - - - - - - -
 
 -2logL { model_AO_jul_aug_sep } = 234.79994     
 Penalty { model_AO_jul_aug_sep } = 0.0000000     
 Gradient { model_AO_jul_aug_sep }:
 -8.34350E-05 -7.05814E-05 -4.08188E-07 -3.26901E-05   0.0000    
  7.31979E-05  6.88970E-07   0.0000     -3.47661E-05 -4.13383E-06
  4.03832E-07 -2.92231E-06   0.0000    
 Maximum ABS(G) { model_AO_jul_aug_sep } =  8.34350E-05
 To compute VC matrix, CPU Time was 0.047 secs and System Time was 0.062 secs.
 S Vector { model_AO_jul_aug_sep }:
   42.85093      21.70261      4.314708      3.288911      2.348498    
   1.742611      1.073253     0.6222524E-01 0.6608344E-05 0.1203862E-06
  0.5173078E-07 0.9853760E-08 0.4796425E-08
 To invert VC matrix, CPU Time was 0.001 secs and System Time was 0.001 secs.
 Ratio Threshold = 50.00 Max Gap (8/9) = 9416. Next Max Gap (9/10) = 54.89
 Gap Method for Num. of Estimated Parameters { model_AO_jul_aug_sep } = 8          
 Threshold { model_AO_jul_aug_sep } = 0.1668699E-03           
 Numerical Threshold Method for Num. of Estimated Parameters { model_AO_jul_aug_sep } = 8          
 Number of Estimated Parameters { model_AO_jul_aug_sep } = 8          
 DEVIANCE { model_AO_jul_aug_sep } = 35.947420               
 DEVIANCE Degrees of Freedom { model_AO_jul_aug_sep } = 7          
 c-hat { model_AO_jul_aug_sep } = 5.1353457               
 AIC { model_AO_jul_aug_sep } = 250.79994               
 AICc { model_AO_jul_aug_sep } = 251.47284               
 BIC { model_AO_jul_aug_sep } = 278.05731               
 Pearson Chisquare { model_AO_jul_aug_sep } = 50.303129               
 Possible Encounter Histories { model_AO_jul_aug_sep } = 4054          
 Pearson Chisquare df { model_AO_jul_aug_sep } = 4037          
 Pearson chat { model_AO_jul_aug_sep } = 0.0124605               
 Sum(Observed/Expected) { model_AO_jul_aug_sep } = 68.777169               
 s-bar { model_AO_jul_aug_sep } = -0.9852220              
 Fletcher chat { model_AO_jul_aug_sep } = 0.8431783               


                LOGIT Link Function Parameters of { model_AO_jul_aug_sep }
                                                              95% Confidence Interval
    Parameter                  Beta         Standard Error     Lower           Upper
 -------------------------  --------------  --------------  --------------  --------------
    1:Phi:(Intercept)        2.8176713       2.4766045      -2.0364737       7.6718162    
    2:Phi:AO_jul_aug_sep    -2.1199984       1.7212643      -5.4936765       1.2536796    
    3:p:(Intercept)         -22.363604       147.71565      -311.88629       267.15909    
    4:p:factor(time)2015     21.871766       147.71579      -267.65119       311.39472    
    5:p:factor(time)2016    -3.5066342       0.0000000      -3.5066342      -3.5066342    
    6:p:factor(time)2017     19.272678       147.71787      -270.25435       308.79971    
    7:p:factor(time)2018     18.378853       147.71986      -271.15207       307.90978    

Program  MARK  - Survival Rate Estimation with Capture-Recapture Data
 gfortran(dble/PIM2) Vers. 11.1 Nov 2024   7-Mar-2026 16:49:34    Page  005
 - - - - - - - - - - - - - - - - - - - - - - - - - - - - - - - - - - - - - -
 
    8:p:factor(time)2019     3.1149457       3016.2388      -5908.7133       5914.9432    
    9:p:factor(time)2020     21.877580       147.71750      -267.64873       311.40389    
   10:p:factor(time)2021     20.685789       147.71702      -268.83958       310.21116    
   11:p:factor(time)2022     3.7231295       2882.0150      -5645.0264       5652.4726    
   12:p:factor(time)2023     19.885892       147.71712      -269.63968       309.41146    
   13:p:factor(time)2024    -4.2885244       0.0000000      -4.2885244      -4.2885244    


                   Real Function Parameters of { model_AO_jul_aug_sep }
                                                               95% Confidence Interval
     Parameter                Estimate       Standard Error     Lower           Upper
 --------------------------  --------------  --------------  --------------  --------------
     1:Phi g1 c2013 a0 t201   0.9644275       0.0982382       0.0900941       0.9998653       
     2:Phi g1 c2013 a1 t201   0.9838604       0.0558279       0.0583720       0.9999833       
     3:Phi g1 c2013 a2 t201   0.9982041       0.0095049       0.0167600       0.9999999       
     4:Phi g1 c2013 a3 t201   0.5639976       0.1349151       0.3061990       0.7912958       
     5:Phi g1 c2013 a4 t201   0.8983671       0.1796211       0.1575351       0.9976125       
     6:Phi g1 c2013 a5 t201   0.2651215       0.1536642       0.0714006       0.6286283       
     7:Phi g1 c2013 a6 t201   0.9940311       0.0256747       0.0333690       0.9999988       
     8:Phi g1 c2013 a7 t202   0.9531733       0.1175393       0.1045062       0.9997184       
     9:Phi g1 c2013 a8 t202   0.9172229       0.1630166       0.1414788       0.9986596       
    10:Phi g1 c2013 a9 t202   0.9850140       0.0527952       0.0560139       0.9999863       
    11:Phi g1 c2013 a10 t20   0.9712637       0.0848692       0.0802136       0.9999237       
    12:p g1 c2013 a1 t2014    0.1939144E-09   0.2864420E-07  -0.5594871E-07   0.5633654E-07   
    13:p g1 c2013 a2 t2015    0.3794606       0.0771844       0.2433679       0.5375856       
    14:p g1 c2013 a3 t2016    0.5816989E-11   0.0000000       0.5816989E-11   0.5816989E-11   
    15:p g1 c2013 a4 t2017    0.0434831       0.0330286       0.0094958       0.1773386       
    16:p g1 c2013 a5 t2018    0.0182575       0.0196706       0.0021595       0.1377881       
    17:p g1 c2013 a6 t2019    0.4369320E-08   0.1315693E-04  -0.2578321E-04   0.2579195E-04   
    18:p g1 c2013 a7 t2020    0.3808307       0.1957833       0.1078004       0.7579295       
    19:p g1 c2013 a8 t2021    0.1573850       0.0926965       0.0453110       0.4236528       
    20:p g1 c2013 a9 t2022    0.8026842E-08   0.2307164E-04  -0.4521240E-04   0.4522845E-04   
    21:p g1 c2013 a10 t2023   0.0774355       0.0476706       0.0221916       0.2368867       
    22:p g1 c2013 a11 t2024   0.2661507E-11   0.0000000       0.2661507E-11   0.2661507E-11   

 To compute parameter estimates, CPU Time was 0.001 secs and System Time was 0.001 secs.

 Attempted ordering of parameters by estimatibility:
   3  1  4 10 12  9  6  2  7 11  8 13  5
 Beta number 5 is a singular value.

 For procedure estimate CPU Time was 0.250 secs and System Time was 0.234 secs.

Program  MARK  - Survival Rate Estimation with Capture-Recapture Data
 gfortran(dble/PIM2) Vers. 11.1 Nov 2024   7-Mar-2026 16:49:34    Page  006
 - - - - - - - - - - - - - - - - - - - - - - - - - - - - - - - - - - - - - -
 


 INPUT --- proc stop;

 For this job, CPU Time in mins was 0.005 and System Time in mins was 0.004.

     Time Start = 16:49:33.967   Time End = 16:49:34.232

 Wall Clock Time in mins for this job was 0.004.

 Maximum of 19 words used.


          E X E C U T I O N   S U C C E S S F U L
