
 Program  MARK  - Survival Rate Estimation with Capture-Recapture Data
 gfortran(dble/PIM2) Vers. 11.1 Nov 2024   7-Mar-2026 16:49:29    Page  001
  
 - - - - - - - - - - - - - - - - - - - - - - - - - - - - - - - - - - - - - -
 
 Welcome to MARK localuser on machine DEP79421 in subdirectory 
 "C:\Users\localuser\Desktop\GitHub\LHI_SBSH_CMR_adult_survival" running file "data/rmark_outputs/covariate_models/2026-03-07/linear_covariate_model_AAO_jul_aug_sep.inp".
 This version was compiled by GCC version 14.2.0 using the options: 
  -cpp -iprefix C:/tdm-gcc-64/mingw64-14-2/bin/../lib/gcc/
  x86_64-w64-mingw32/14.2.0/ -D_MT -D_REENTRANT -U_REENTRANT -D
  dbleprecision -m64 -march=x86-64 -mtune=generic -mthreads -O3 -std=f2023
  -fimplicit-none -ffpe-summary=invalid,zero,overflow,underflow
  -funroll-loops -fno-unsafe-math-optimizations -frounding-math
  -fsignaling-nans -fall-intrinsics -fopenmp

 This problem will use 19 of 20 possible threads.
 Static thread allocation is used.
 INPUT --- proc title ;

 For procedure title CPU Time was 0.001 secs and System Time was 0.001 secs.
 INPUT --- proc chmatrix occasions= 12 groups= 1 etype= Live Nodes= 
 INPUT --- 101 ICMeans NoHist hist= 25  ;
 INPUT ---    time interval 1 1 1 1 1 1 1 1 1 1 1 ;
 INPUT ---    glabel(1)=Group 1;

      Number of unique encounter histories read was 25.

      Number of individual covariates read was 0.
      Time interval lengths are all equal to 1.

      Data type number is 1
      Data type is Live Recaptures (CJS)

 For procedure chmatrix CPU Time was 0.001 secs and System Time was 0.001 secs.

Program  MARK  - Survival Rate Estimation with Capture-Recapture Data
 gfortran(dble/PIM2) Vers. 11.1 Nov 2024   7-Mar-2026 16:49:29    Page  002
 - - - - - - - - - - - - - - - - - - - - - - - - - - - - - - - - - - - - - -
 


 INPUT --- proc estimate link=Logit NOLOOP varest=2ndPart    ;
 INPUT --- model={ model_AAO_jul_aug_sep };
 INPUT ---    group=1 Phi    rows=11 cols=11 Triang ;
 INPUT ---        1 2 3 4 5 6 7 8 9 10 11 ;
 INPUT ---        2 3 4 5 6 7 8 9 10 11 ;
 INPUT ---        3 4 5 6 7 8 9 10 11 ;
 INPUT ---        4 5 6 7 8 9 10 11 ;
 INPUT ---        5 6 7 8 9 10 11 ;
 INPUT ---        6 7 8 9 10 11 ;
 INPUT ---        7 8 9 10 11 ;
 INPUT ---        8 9 10 11 ;
 INPUT ---        9 10 11 ;
 INPUT ---        10 11 ;
 INPUT ---        11 ;
 INPUT ---    group=1 p    rows=11 cols=11 Triang ;
 INPUT ---        12 13 14 15 16 17 18 19 20 21 22 ;
 INPUT ---        13 14 15 16 17 18 19 20 21 22 ;
 INPUT ---        14 15 16 17 18 19 20 21 22 ;
 INPUT ---        15 16 17 18 19 20 21 22 ;
 INPUT ---        16 17 18 19 20 21 22 ;
 INPUT ---        17 18 19 20 21 22 ;
 INPUT ---        18 19 20 21 22 ;
 INPUT ---        19 20 21 22 ;
 INPUT ---        20 21 22 ;
 INPUT ---        21 22 ;
 INPUT ---        22 ;
 INPUT ---    design matrix constraints=22 covariates=13;
 INPUT ---        1 -1.18794743577524 0 0 0 0 0 0 0 0 0 0 0;
 INPUT ---        1 -0.558344670879364 0 0 0 0 0 0 0 0 0 0 0;
 INPUT ---        1 1.41672342182824 0 0 0 0 0 0 0 0 0 0 0;
 INPUT ---        1 0.816186458439104 0 0 0 0 0 0 0 0 0 0 0;
 INPUT ---        1 1.18513461627459 0 0 0 0 0 0 0 0 0 0 0;
 INPUT ---        1 0.577565604133817 0 0 0 0 0 0 0 0 0 0 0;
 INPUT ---        1 -0.547093392876757 0 0 0 0 0 0 0 0 0 0 0;
 INPUT ---        1 -0.624445929144679 0 0 0 0 0 0 0 0 0 0 0;
 INPUT ---        1 0.182364464292252 0 0 0 0 0 0 0 0 0 0 0;
 INPUT ---        1 1.11903335800927 0 0 0 0 0 0 0 0 0 0 0;
 INPUT ---        1 -1.01542783973527 0 0 0 0 0 0 0 0 0 0 0;
 INPUT ---        0 0 1 0 0 0 0 0 0 0 0 0 0;
 INPUT ---        0 0 1 1 0 0 0 0 0 0 0 0 0;
 INPUT ---        0 0 1 0 1 0 0 0 0 0 0 0 0;
 INPUT ---        0 0 1 0 0 1 0 0 0 0 0 0 0;
 INPUT ---        0 0 1 0 0 0 1 0 0 0 0 0 0;
 INPUT ---        0 0 1 0 0 0 0 1 0 0 0 0 0;

Program  MARK  - Survival Rate Estimation with Capture-Recapture Data
 gfortran(dble/PIM2) Vers. 11.1 Nov 2024   7-Mar-2026 16:49:29    Page  003
 - - - - - - - - - - - - - - - - - - - - - - - - - - - - - - - - - - - - - -
 
 INPUT ---        0 0 1 0 0 0 0 0 1 0 0 0 0;
 INPUT ---        0 0 1 0 0 0 0 0 0 1 0 0 0;
 INPUT ---        0 0 1 0 0 0 0 0 0 0 1 0 0;
 INPUT ---        0 0 1 0 0 0 0 0 0 0 0 1 0;
 INPUT ---        0 0 1 0 0 0 0 0 0 0 0 0 1;
 INPUT ---       blabel(1)=Phi:(Intercept);
 INPUT ---       blabel(2)=Phi:AAO_jul_aug_sep;
 INPUT ---       blabel(3)=p:(Intercept);
 INPUT ---       blabel(4)=p:factor(time)2015;
 INPUT ---       blabel(5)=p:factor(time)2016;
 INPUT ---       blabel(6)=p:factor(time)2017;
 INPUT ---       blabel(7)=p:factor(time)2018;
 INPUT ---       blabel(8)=p:factor(time)2019;
 INPUT ---       blabel(9)=p:factor(time)2020;
 INPUT ---       blabel(10)=p:factor(time)2021;
 INPUT ---       blabel(11)=p:factor(time)2022;
 INPUT ---       blabel(12)=p:factor(time)2023;
 INPUT ---       blabel(13)=p:factor(time)2024;
 INPUT ---       rlabel(1)=Phi g1 c2013 a0 t2013;
 INPUT ---       rlabel(2)=Phi g1 c2013 a1 t2014;
 INPUT ---       rlabel(3)=Phi g1 c2013 a2 t2015;
 INPUT ---       rlabel(4)=Phi g1 c2013 a3 t2016;
 INPUT ---       rlabel(5)=Phi g1 c2013 a4 t2017;
 INPUT ---       rlabel(6)=Phi g1 c2013 a5 t2018;
 INPUT ---       rlabel(7)=Phi g1 c2013 a6 t2019;
 INPUT ---       rlabel(8)=Phi g1 c2013 a7 t2020;
 INPUT ---       rlabel(9)=Phi g1 c2013 a8 t2021;
 INPUT ---       rlabel(10)=Phi g1 c2013 a9 t2022;
 INPUT ---       rlabel(11)=Phi g1 c2013 a10 t2023;
 INPUT ---       rlabel(12)=p g1 c2013 a1 t2014;
 INPUT ---       rlabel(13)=p g1 c2013 a2 t2015;
 INPUT ---       rlabel(14)=p g1 c2013 a3 t2016;
 INPUT ---       rlabel(15)=p g1 c2013 a4 t2017;
 INPUT ---       rlabel(16)=p g1 c2013 a5 t2018;
 INPUT ---       rlabel(17)=p g1 c2013 a6 t2019;
 INPUT ---       rlabel(18)=p g1 c2013 a7 t2020;
 INPUT ---       rlabel(19)=p g1 c2013 a8 t2021;
 INPUT ---       rlabel(20)=p g1 c2013 a9 t2022;
 INPUT ---       rlabel(21)=p g1 c2013 a10 t2023;
 INPUT ---       rlabel(22)=p g1 c2013 a11 t2024;
   Model is { model_AAO_jul_aug_sep }

 Link Function Used is LOGIT        

 Variance Estimation Procedure Used is 2ndPart 
 -2logL(saturated) = 198.85252     
 Effective Sample Size = 223

 Number of function evaluations was 45 for 13 parameters.
 For numerical optimization, CPU Time was 0.297 secs and System Time was 0.156 secs.

Program  MARK  - Survival Rate Estimation with Capture-Recapture Data
 gfortran(dble/PIM2) Vers. 11.1 Nov 2024   7-Mar-2026 16:49:29    Page  004
 - - - - - - - - - - - - - - - - - - - - - - - - - - - - - - - - - - - - - -
 
 -2logL { model_AAO_jul_aug_sep } = 238.01405     
 Penalty { model_AAO_jul_aug_sep } = 0.0000000     
 Gradient { model_AAO_jul_aug_sep }:
 -1.15879E-04  1.37105E-04 -6.02213E-05 -1.98966E-04   0.0000    
 -1.12885E-04  6.12218E-05   0.0000      1.04654E-04  9.45617E-05
   0.0000     -8.79878E-06   0.0000    
 Maximum ABS(G) { model_AAO_jul_aug_sep } =  1.98966E-04
 To compute VC matrix, CPU Time was 0.094 secs and System Time was 0.062 secs.
 S Vector { model_AAO_jul_aug_sep }:
   42.82414      12.66499      5.342065      3.276920      2.531102    
   1.953847      1.187703     0.7193493     0.6807647E-05 0.2191067E-07
  0.1300841E-07 0.5157357E-08 0.1617581E-08
 To invert VC matrix, CPU Time was 0.001 secs and System Time was 0.001 secs.
 Ratio Threshold = 50.00 Max Gap (8/9) = 1.0567E+5 Next Max Gap (9/10) = 310.7
 Gap Method for Num. of Estimated Parameters { model_AAO_jul_aug_sep } = 8          
 Threshold { model_AAO_jul_aug_sep } = 0.3979327E-03           
 Numerical Threshold Method for Num. of Estimated Parameters { model_AAO_jul_aug_sep } = 8          
 Number of Estimated Parameters { model_AAO_jul_aug_sep } = 8          
 DEVIANCE { model_AAO_jul_aug_sep } = 39.161533               
 DEVIANCE Degrees of Freedom { model_AAO_jul_aug_sep } = 7          
 c-hat { model_AAO_jul_aug_sep } = 5.5945047               
 AIC { model_AAO_jul_aug_sep } = 254.01405               
 AICc { model_AAO_jul_aug_sep } = 254.68695               
 BIC { model_AAO_jul_aug_sep } = 281.27143               
 Pearson Chisquare { model_AAO_jul_aug_sep } = 74.336486               
 Possible Encounter Histories { model_AAO_jul_aug_sep } = 4054          
 Pearson Chisquare df { model_AAO_jul_aug_sep } = 4037          
 Pearson chat { model_AAO_jul_aug_sep } = 0.0184138               
 Sum(Observed/Expected) { model_AAO_jul_aug_sep } = 91.266043               
 s-bar { model_AAO_jul_aug_sep } = -0.9796623              
 Fletcher chat { model_AAO_jul_aug_sep } = 0.9054015               


               LOGIT Link Function Parameters of { model_AAO_jul_aug_sep }
                                                              95% Confidence Interval
    Parameter                  Beta         Standard Error     Lower           Upper
 -------------------------  --------------  --------------  --------------  --------------
    1:Phi:(Intercept)        1.4854612       0.5475608       0.4122421       2.5586804    
    2:Phi:AAO_jul_aug_sep   -0.3350438       0.7039498      -1.7147855       1.0446980    
    3:p:(Intercept)         -20.502059       144.85988      -304.42742       263.42331    
    4:p:factor(time)2015     20.368142       144.86000      -263.55745       304.29374    
    5:p:factor(time)2016    -11.140448       24863.771      -48744.133       48721.852    
    6:p:factor(time)2017     17.519223       144.86205      -266.41040       301.44885    
    7:p:factor(time)2018     16.784852       144.86407      -267.14873       300.71844    

Program  MARK  - Survival Rate Estimation with Capture-Recapture Data
 gfortran(dble/PIM2) Vers. 11.1 Nov 2024   7-Mar-2026 16:49:29    Page  005
 - - - - - - - - - - - - - - - - - - - - - - - - - - - - - - - - - - - - - -
 
    8:p:factor(time)2019    -8.2523879       7183.4189      -14087.754       14071.249    
    9:p:factor(time)2020     18.980961       144.86065      -264.94591       302.90783    
   10:p:factor(time)2021     18.175764       144.86119      -265.75218       302.10370    
   11:p:factor(time)2022    -3.4667417       5750.9005      -11275.232       11268.298    
   12:p:factor(time)2023     18.009324       144.86178      -265.91978       301.93842    
   13:p:factor(time)2024    -4.7782201       8831.1892      -17313.909       17304.353    


                  Real Function Parameters of { model_AAO_jul_aug_sep }
                                                               95% Confidence Interval
     Parameter                Estimate       Standard Error     Lower           Upper
 --------------------------  --------------  --------------  --------------  --------------
     1:Phi g1 c2013 a0 t201   0.8680098       0.1414831       0.3688938       0.9866647       
     2:Phi g1 c2013 a1 t201   0.8419130       0.1114730       0.5077369       0.9649098       
     3:Phi g1 c2013 a2 t201   0.7331761       0.1598040       0.3565719       0.9316215       
     4:Phi g1 c2013 a3 t201   0.7706532       0.0916066       0.5488807       0.9027233       
     5:Phi g1 c2013 a4 t201   0.7480783       0.1293652       0.4360915       0.9193700       
     6:Phi g1 c2013 a5 t201   0.7844773       0.0773777       0.5974712       0.8992541       
     7:Phi g1 c2013 a6 t201   0.8414106       0.1108692       0.5100667       0.9643344       
     8:Phi g1 c2013 a7 t202   0.8448384       0.1149892       0.4938415       0.9681389       
     9:Phi g1 c2013 a8 t202   0.8060212       0.0758865       0.6161068       0.9149528       
    10:Phi g1 c2013 a9 t202   0.7522290       0.1215039       0.4582938       0.9159296       
    11:Phi g1 c2013 a10 t20   0.8612456       0.1341554       0.4074133       0.9824676       
    12:p g1 c2013 a1 t2014    0.1247582E-08   0.1807246E-06  -0.3529726E-06   0.3554678E-06   
    13:p g1 c2013 a2 t2015    0.4665708       0.1218718       0.2509256       0.6954764       
    14:p g1 c2013 a3 t2016    0.1810648E-13   0.4502117E-09  -0.8823968E-09   0.8824330E-09   
    15:p g1 c2013 a4 t2017    0.0482073       0.0358697       0.0108243       0.1899106       
    16:p g1 c2013 a5 t2018    0.0237252       0.0249319       0.0029384       0.1669416       
    17:p g1 c2013 a6 t2019    0.3251641E-12   0.2336269E-08  -0.4578762E-08   0.4579412E-08   
    18:p g1 c2013 a7 t2020    0.1792999       0.0819865       0.0682985       0.3943484       
    19:p g1 c2013 a8 t2021    0.0889685       0.0558373       0.0246857       0.2736753       
    20:p g1 c2013 a9 t2022    0.3894774E-10   0.2240687E-06  -0.4391358E-06   0.4392137E-06   
    21:p g1 c2013 a10 t2023   0.0763691       0.0545285       0.0178470       0.2733766       
    22:p g1 c2013 a11 t2024   0.1049336E-10   0.9269248E-07  -0.1816668E-06   0.1816877E-06   

 To compute parameter estimates, CPU Time was 0.001 secs and System Time was 0.016 secs.

 Attempted ordering of parameters by estimatibility:
   3  4  9  1 10 12  2  6  7  8 11 13  5
 Beta number 5 is a singular value.

 For procedure estimate CPU Time was 0.391 secs and System Time was 0.234 secs.

Program  MARK  - Survival Rate Estimation with Capture-Recapture Data
 gfortran(dble/PIM2) Vers. 11.1 Nov 2024   7-Mar-2026 16:49:29    Page  006
 - - - - - - - - - - - - - - - - - - - - - - - - - - - - - - - - - - - - - -
 


 INPUT --- proc stop;

 For this job, CPU Time in mins was 0.007 and System Time in mins was 0.005.

     Time Start = 16:49:29.079   Time End = 16:49:29.351

 Wall Clock Time in mins for this job was 0.004.

 Maximum of 19 words used.


          E X E C U T I O N   S U C C E S S F U L
