
 Program  MARK  - Survival Rate Estimation with Capture-Recapture Data
 gfortran(dble/PIM2) Vers. 11.1 Nov 2024   7-Mar-2026 16:49:35    Page  001
  
 - - - - - - - - - - - - - - - - - - - - - - - - - - - - - - - - - - - - - -
 
 Welcome to MARK localuser on machine DEP79421 in subdirectory 
 "C:\Users\localuser\Desktop\GitHub\LHI_SBSH_CMR_adult_survival" running file "data/rmark_outputs/covariate_models/2026-03-07/quadratic_covariate_model_AO_jul_aug_sep.inp".
 This version was compiled by GCC version 14.2.0 using the options: 
  -cpp -iprefix C:/tdm-gcc-64/mingw64-14-2/bin/../lib/gcc/
  x86_64-w64-mingw32/14.2.0/ -D_MT -D_REENTRANT -U_REENTRANT -D
  dbleprecision -m64 -march=x86-64 -mtune=generic -mthreads -O3 -std=f2023
  -fimplicit-none -ffpe-summary=invalid,zero,overflow,underflow
  -funroll-loops -fno-unsafe-math-optimizations -frounding-math
  -fsignaling-nans -fall-intrinsics -fopenmp

 This problem will use 19 of 20 possible threads.
 Static thread allocation is used.
 INPUT --- proc title ;

 For procedure title CPU Time was 0.001 secs and System Time was 0.001 secs.
 INPUT --- proc chmatrix occasions= 12 groups= 1 etype= Live Nodes= 
 INPUT --- 101 ICMeans NoHist hist= 25  ;
 INPUT ---    time interval 1 1 1 1 1 1 1 1 1 1 1 ;
 INPUT ---    glabel(1)=Group 1;

      Number of unique encounter histories read was 25.

      Number of individual covariates read was 0.
      Time interval lengths are all equal to 1.

      Data type number is 1
      Data type is Live Recaptures (CJS)

 For procedure chmatrix CPU Time was 0.001 secs and System Time was 0.001 secs.

Program  MARK  - Survival Rate Estimation with Capture-Recapture Data
 gfortran(dble/PIM2) Vers. 11.1 Nov 2024   7-Mar-2026 16:49:35    Page  002
 - - - - - - - - - - - - - - - - - - - - - - - - - - - - - - - - - - - - - -
 


 INPUT --- proc estimate link=Logit NOLOOP varest=2ndPart    ;
 INPUT --- model={ model_AO_jul_aug_sep };
 INPUT ---    group=1 Phi    rows=11 cols=11 Triang ;
 INPUT ---        1 2 3 4 5 6 7 8 9 10 11 ;
 INPUT ---        2 3 4 5 6 7 8 9 10 11 ;
 INPUT ---        3 4 5 6 7 8 9 10 11 ;
 INPUT ---        4 5 6 7 8 9 10 11 ;
 INPUT ---        5 6 7 8 9 10 11 ;
 INPUT ---        6 7 8 9 10 11 ;
 INPUT ---        7 8 9 10 11 ;
 INPUT ---        8 9 10 11 ;
 INPUT ---        9 10 11 ;
 INPUT ---        10 11 ;
 INPUT ---        11 ;
 INPUT ---    group=1 p    rows=11 cols=11 Triang ;
 INPUT ---        12 13 14 15 16 17 18 19 20 21 22 ;
 INPUT ---        13 14 15 16 17 18 19 20 21 22 ;
 INPUT ---        14 15 16 17 18 19 20 21 22 ;
 INPUT ---        15 16 17 18 19 20 21 22 ;
 INPUT ---        16 17 18 19 20 21 22 ;
 INPUT ---        17 18 19 20 21 22 ;
 INPUT ---        18 19 20 21 22 ;
 INPUT ---        19 20 21 22 ;
 INPUT ---        20 21 22 ;
 INPUT ---        21 22 ;
 INPUT ---        22 ;
 INPUT ---    design matrix constraints=22 covariates=14;
 INPUT ---        1 -0.227495288690294 0.05175410637628 0 0 0 0 0 0 0 0 0 0 
 INPUT ---       0;
 INPUT ---        1 -0.609687373689987 0.371718693636994 0 0 0 0 0 0 0 0 0 0 
 INPUT ---       0;
 INPUT ---        1 -1.65226578243065 2.72998221579116 0 0 0 0 0 0 0 0 0 0 0;
 INPUT ---        1 1.2076749896759 1.45847888068869 0 0 0 0 0 0 0 0 0 0 0;
 INPUT ---        1 0.301160429790008 0.0906976044713022 0 0 0 0 0 0 0 0 0 0 
 INPUT ---       0;
 INPUT ---        1 1.80999584925592 3.27608497432365 0 0 0 0 0 0 0 0 0 0 0;
 INPUT ---        1 -1.08374422288462 1.17450154063578 0 0 0 0 0 0 0 0 0 0 0;
 INPUT ---        1 -0.0922980885543477 0.0085189371507862 0 0 0 0 0 0 0 0 0 
 INPUT ---       0 0;
 INPUT ---        1 0.194562637375127 0.0378546198623653 0 0 0 0 0 0 0 0 0 0 
 INPUT ---       0;
 INPUT ---        1 -0.645219971161614 0.416308811185793 0 0 0 0 0 0 0 0 0 0 
 INPUT ---       0;
 INPUT ---        1 -0.331493134948714 0.109887698518126 0 0 0 0 0 0 0 0 0 0 

Program  MARK  - Survival Rate Estimation with Capture-Recapture Data
 gfortran(dble/PIM2) Vers. 11.1 Nov 2024   7-Mar-2026 16:49:35    Page  003
 - - - - - - - - - - - - - - - - - - - - - - - - - - - - - - - - - - - - - -
 
 INPUT ---       0;
 INPUT ---        0 0 0 1 0 0 0 0 0 0 0 0 0 0;
 INPUT ---        0 0 0 1 1 0 0 0 0 0 0 0 0 0;
 INPUT ---        0 0 0 1 0 1 0 0 0 0 0 0 0 0;
 INPUT ---        0 0 0 1 0 0 1 0 0 0 0 0 0 0;
 INPUT ---        0 0 0 1 0 0 0 1 0 0 0 0 0 0;
 INPUT ---        0 0 0 1 0 0 0 0 1 0 0 0 0 0;
 INPUT ---        0 0 0 1 0 0 0 0 0 1 0 0 0 0;
 INPUT ---        0 0 0 1 0 0 0 0 0 0 1 0 0 0;
 INPUT ---        0 0 0 1 0 0 0 0 0 0 0 1 0 0;
 INPUT ---        0 0 0 1 0 0 0 0 0 0 0 0 1 0;
 INPUT ---        0 0 0 1 0 0 0 0 0 0 0 0 0 1;
 INPUT ---       blabel(1)=Phi:(Intercept);
 INPUT ---       blabel(2)=Phi:AO_jul_aug_sep;
 INPUT ---       blabel(3)=Phi:AO_jul_aug_sep2;
 INPUT ---       blabel(4)=p:(Intercept);
 INPUT ---       blabel(5)=p:factor(time)2015;
 INPUT ---       blabel(6)=p:factor(time)2016;
 INPUT ---       blabel(7)=p:factor(time)2017;
 INPUT ---       blabel(8)=p:factor(time)2018;
 INPUT ---       blabel(9)=p:factor(time)2019;
 INPUT ---       blabel(10)=p:factor(time)2020;
 INPUT ---       blabel(11)=p:factor(time)2021;
 INPUT ---       blabel(12)=p:factor(time)2022;
 INPUT ---       blabel(13)=p:factor(time)2023;
 INPUT ---       blabel(14)=p:factor(time)2024;
 INPUT ---       rlabel(1)=Phi g1 c2013 a0 t2013;
 INPUT ---       rlabel(2)=Phi g1 c2013 a1 t2014;
 INPUT ---       rlabel(3)=Phi g1 c2013 a2 t2015;
 INPUT ---       rlabel(4)=Phi g1 c2013 a3 t2016;
 INPUT ---       rlabel(5)=Phi g1 c2013 a4 t2017;
 INPUT ---       rlabel(6)=Phi g1 c2013 a5 t2018;
 INPUT ---       rlabel(7)=Phi g1 c2013 a6 t2019;
 INPUT ---       rlabel(8)=Phi g1 c2013 a7 t2020;
 INPUT ---       rlabel(9)=Phi g1 c2013 a8 t2021;
 INPUT ---       rlabel(10)=Phi g1 c2013 a9 t2022;
 INPUT ---       rlabel(11)=Phi g1 c2013 a10 t2023;
 INPUT ---       rlabel(12)=p g1 c2013 a1 t2014;
 INPUT ---       rlabel(13)=p g1 c2013 a2 t2015;
 INPUT ---       rlabel(14)=p g1 c2013 a3 t2016;
 INPUT ---       rlabel(15)=p g1 c2013 a4 t2017;
 INPUT ---       rlabel(16)=p g1 c2013 a5 t2018;
 INPUT ---       rlabel(17)=p g1 c2013 a6 t2019;
 INPUT ---       rlabel(18)=p g1 c2013 a7 t2020;
 INPUT ---       rlabel(19)=p g1 c2013 a8 t2021;
 INPUT ---       rlabel(20)=p g1 c2013 a9 t2022;

Program  MARK  - Survival Rate Estimation with Capture-Recapture Data
 gfortran(dble/PIM2) Vers. 11.1 Nov 2024   7-Mar-2026 16:49:35    Page  004
 - - - - - - - - - - - - - - - - - - - - - - - - - - - - - - - - - - - - - -
 
 INPUT ---       rlabel(21)=p g1 c2013 a10 t2023;
 INPUT ---       rlabel(22)=p g1 c2013 a11 t2024;
   Model is { model_AO_jul_aug_sep }

 Link Function Used is LOGIT        

 Variance Estimation Procedure Used is 2ndPart 
 -2logL(saturated) = 198.85252     
 Effective Sample Size = 223

 Number of function evaluations was 60 for 14 parameters.
 For numerical optimization, CPU Time was 0.359 secs and System Time was 0.187 secs.
 -2logL { model_AO_jul_aug_sep } = 234.79799     
 Penalty { model_AO_jul_aug_sep } = 0.0000000     
 Gradient { model_AO_jul_aug_sep }:
  1.90149E-04  1.62025E-04  1.25648E-04  3.32996E-04  1.81909E-04
   0.0000      2.41274E-06  2.71123E-05   0.0000      7.49732E-05
  6.22413E-05  3.96615E-07 -1.52464E-05   0.0000    
 Maximum ABS(G) { model_AO_jul_aug_sep } =  3.32996E-04
 To compute VC matrix, CPU Time was 0.078 secs and System Time was 0.063 secs.
 S Vector { model_AO_jul_aug_sep }:
   48.75494      24.68254      4.343071      3.335432      2.397204    
   1.739608      1.080818     0.1341531     0.1009070E-01 0.7822608E-05
  0.5229465E-06 0.1546175E-06 0.1017109E-06 0.8254410E-08
 To invert VC matrix, CPU Time was 0.001 secs and System Time was 0.001 secs.
 Ratio Threshold = 50.00 Max Gap (9/10) = 1290. Next Max Gap (10/11) = 14.96
 Gap Method for Num. of Estimated Parameters { model_AO_jul_aug_sep } = 9          
 Threshold { model_AO_jul_aug_sep } = 0.6659928E-03           
 Numerical Threshold Method for Num. of Estimated Parameters { model_AO_jul_aug_sep } = 9          
 Number of Estimated Parameters { model_AO_jul_aug_sep } = 9          
 DEVIANCE { model_AO_jul_aug_sep } = 35.945473               
 DEVIANCE Degrees of Freedom { model_AO_jul_aug_sep } = 6          
 c-hat { model_AO_jul_aug_sep } = 5.9909122               
 AIC { model_AO_jul_aug_sep } = 252.79799               
 AICc { model_AO_jul_aug_sep } = 253.64306               
 BIC { model_AO_jul_aug_sep } = 283.46254               
 Pearson Chisquare { model_AO_jul_aug_sep } = 50.170171               
 Possible Encounter Histories { model_AO_jul_aug_sep } = 4054          
 Pearson Chisquare df { model_AO_jul_aug_sep } = 4036          
 Pearson chat { model_AO_jul_aug_sep } = 0.0124307               
 Sum(Observed/Expected) { model_AO_jul_aug_sep } = 68.639896               
 s-bar { model_AO_jul_aug_sep } = -0.9852559              
 Fletcher chat { model_AO_jul_aug_sep } = 0.8430941               

Program  MARK  - Survival Rate Estimation with Capture-Recapture Data
 gfortran(dble/PIM2) Vers. 11.1 Nov 2024   7-Mar-2026 16:49:35    Page  005
 - - - - - - - - - - - - - - - - - - - - - - - - - - - - - - - - - - - - - -
 
                LOGIT Link Function Parameters of { model_AO_jul_aug_sep }
                                                              95% Confidence Interval
    Parameter                  Beta         Standard Error     Lower           Upper
 -------------------------  --------------  --------------  --------------  --------------
    1:Phi:(Intercept)        2.7515251       2.5611778      -2.2683835       7.7714336    
    2:Phi:AO_jul_aug_sep    -1.9254827       4.3088247      -10.370779       6.5198138    
    3:Phi:AO_jul_aug_sep2   -0.0886147       1.8996707      -3.8119694       3.6347400    
    4:p:(Intercept)         -24.236842       135.06916      -288.97241       240.49873    
    5:p:factor(time)2015     23.755512       135.06937      -240.98045       288.49148    
    6:p:factor(time)2016    -1.5465714       46.091371      -91.885660       88.792518    
    7:p:factor(time)2017     21.134946       135.07198      -243.60613       285.87603    
    8:p:factor(time)2018     20.245700       135.07394      -244.49922       284.99062    
    9:p:factor(time)2019     0.4258440       0.0000000       0.4258440       0.4258440    
   10:p:factor(time)2020     23.753524       135.07112      -240.98587       288.49292    
   11:p:factor(time)2021     22.565560       135.07063      -242.17288       287.30400    
   12:p:factor(time)2022     3.8090624       2543.1395      -4980.7444       4988.3626    
   13:p:factor(time)2023     21.768492       135.07078      -242.97025       286.50723    
   14:p:factor(time)2024    -2.4234972       3135.5678      -6148.1366       6143.2896    


                   Real Function Parameters of { model_AO_jul_aug_sep }
                                                               95% Confidence Interval
     Parameter                Estimate       Standard Error     Lower           Upper
 --------------------------  --------------  --------------  --------------  --------------
     1:Phi g1 c2013 a0 t201   0.9602650       0.1303228       0.0290450       0.9999488       
     2:Phi g1 c2013 a1 t201   0.9800139       0.1055119       0.0012721       0.9999995       
     3:Phi g1 c2013 a2 t201   0.9966352       0.0464207       0.4881260E-09   1.0000000       
     4:Phi g1 c2013 a3 t201   0.5736907       0.2560977       0.1473597       0.9128795       
     5:Phi g1 c2013 a4 t201   0.8969336       0.1682551       0.1972215       0.9967666       
     6:Phi g1 c2013 a5 t201   0.2642685       0.1527384       0.0715173       0.6261680       
     7:Phi g1 c2013 a6 t201   0.9912869       0.0750783       0.4537862E-05   1.0000000       
     8:Phi g1 c2013 a7 t202   0.9492369       0.1386646       0.0622825       0.9998101       
     9:Phi g1 c2013 a8 t202   0.9147875       0.1583940       0.1667140       0.9982670       
    10:Phi g1 c2013 a9 t202   0.9812382       0.1031405       0.8895745E-03   0.9999997       
    11:Phi g1 c2013 a10 t20   0.9670759       0.1237762       0.0142129       0.9999833       
    12:p g1 c2013 a1 t2014    0.2979019E-10   0.4023736E-08  -0.7856732E-08   0.7916313E-08   
    13:p g1 c2013 a2 t2015    0.3819381       0.0954659       0.2185773       0.5772065       
    14:p g1 c2013 a3 t2016    0.6344623E-11   0.5753892E-09  -0.1121418E-08   0.1134108E-08   
    15:p g1 c2013 a4 t2017    0.0430291       0.0341271       0.0087814       0.1858070       
    16:p g1 c2013 a5 t2018    0.0181433       0.0196583       0.0021204       0.1384486       
    17:p g1 c2013 a6 t2019    0.4560526E-10   0.0000000       0.4560526E-10   0.4560526E-10   
    18:p g1 c2013 a7 t2020    0.3814690       0.1956820       0.1082430       0.7580796       
    19:p g1 c2013 a8 t2021    0.1582534       0.0950266       0.0443841       0.4321488       
    20:p g1 c2013 a9 t2022    0.1343780E-08   0.3420275E-05  -0.6702394E-05   0.6705082E-05   
    21:p g1 c2013 a10 t2023   0.0781070       0.0501627       0.0211700       0.2491915       

Program  MARK  - Survival Rate Estimation with Capture-Recapture Data
 gfortran(dble/PIM2) Vers. 11.1 Nov 2024   7-Mar-2026 16:49:35    Page  006
 - - - - - - - - - - - - - - - - - - - - - - - - - - - - - - - - - - - - - -
 
    22:p g1 c2013 a11 t2024   0.2639744E-11   0.8283911E-08  -0.1623383E-07   0.1623911E-07   

 To compute parameter estimates, CPU Time was 0.001 secs and System Time was 0.015 secs.

 Attempted ordering of parameters by estimatibility:
   4  1  5 11 13 10  7  3  2  8  6 12 14  9
 Beta number 9 is a singular value.

 For procedure estimate CPU Time was 0.453 secs and System Time was 0.281 secs.
 INPUT --- proc stop;

 For this job, CPU Time in mins was 0.008 and System Time in mins was 0.005.

     Time Start = 16:49:35.627   Time End = 16:49:35.940

 Wall Clock Time in mins for this job was 0.005.

 Maximum of 19 words used.


          E X E C U T I O N   S U C C E S S F U L
