
 Program  MARK  - Survival Rate Estimation with Capture-Recapture Data
 gfortran(dble/PIM2) Vers. 11.1 Nov 2024  27-Apr-2026 10:55:24    Page  001
  
 - - - - - - - - - - - - - - - - - - - - - - - - - - - - - - - - - - - - - -
 
 Welcome to MARK localuser on machine DEP79421 in subdirectory 
 "C:\Users\localuser\Desktop\GitHub\LHI_SBSH_CMR_adult_survival" running file "data/rmark_outputs/reference_models/2026-04-27/linear_covariate_model_10.inp".
 This version was compiled by GCC version 14.2.0 using the options: 
  -cpp -iprefix C:/tdm-gcc-64/mingw64-14-2/bin/../lib/gcc/
  x86_64-w64-mingw32/14.2.0/ -D_MT -D_REENTRANT -U_REENTRANT -D
  dbleprecision -m64 -march=x86-64 -mtune=generic -mthreads -O3 -std=f2023
  -fimplicit-none -ffpe-summary=invalid,zero,overflow,underflow
  -funroll-loops -fno-unsafe-math-optimizations -frounding-math
  -fsignaling-nans -fall-intrinsics -fopenmp

 This problem will use 19 of 20 possible threads.
 Static thread allocation is used.
 INPUT --- proc title ;

 For procedure title CPU Time was 0.001 secs and System Time was 0.001 secs.
 INPUT --- proc chmatrix occasions= 12 groups= 1 etype= Live Nodes= 
 INPUT --- 101 ICMeans NoHist hist= 25  ;
 INPUT ---    time interval 1 1 1 1 1 1 1 1 1 1 1 ;
 INPUT ---    glabel(1)=Group 1;

      Number of unique encounter histories read was 25.

      Number of individual covariates read was 0.
      Time interval lengths are all equal to 1.

      Data type number is 1
      Data type is Live Recaptures (CJS)

 For procedure chmatrix CPU Time was 0.001 secs and System Time was 0.001 secs.

Program  MARK  - Survival Rate Estimation with Capture-Recapture Data
 gfortran(dble/PIM2) Vers. 11.1 Nov 2024  27-Apr-2026 10:55:24    Page  002
 - - - - - - - - - - - - - - - - - - - - - - - - - - - - - - - - - - - - - -
 


 INPUT --- proc estimate link=Logit NOLOOP varest=2ndPart    ;
 INPUT --- model={ model10 };
 INPUT ---    group=1 Phi    rows=11 cols=11 Triang ;
 INPUT ---        1 2 3 4 5 6 7 8 9 10 11 ;
 INPUT ---        2 3 4 5 6 7 8 9 10 11 ;
 INPUT ---        3 4 5 6 7 8 9 10 11 ;
 INPUT ---        4 5 6 7 8 9 10 11 ;
 INPUT ---        5 6 7 8 9 10 11 ;
 INPUT ---        6 7 8 9 10 11 ;
 INPUT ---        7 8 9 10 11 ;
 INPUT ---        8 9 10 11 ;
 INPUT ---        9 10 11 ;
 INPUT ---        10 11 ;
 INPUT ---        11 ;
 INPUT ---    group=1 p    rows=11 cols=11 Triang ;
 INPUT ---        12 13 14 15 16 17 18 19 20 21 22 ;
 INPUT ---        13 14 15 16 17 18 19 20 21 22 ;
 INPUT ---        14 15 16 17 18 19 20 21 22 ;
 INPUT ---        15 16 17 18 19 20 21 22 ;
 INPUT ---        16 17 18 19 20 21 22 ;
 INPUT ---        17 18 19 20 21 22 ;
 INPUT ---        18 19 20 21 22 ;
 INPUT ---        19 20 21 22 ;
 INPUT ---        20 21 22 ;
 INPUT ---        21 22 ;
 INPUT ---        22 ;
 INPUT ---    design matrix constraints=22 covariates=4;
 INPUT ---        1 2013 0 0;
 INPUT ---        1 2014 0 0;
 INPUT ---        1 2015 0 0;
 INPUT ---        1 2016 0 0;
 INPUT ---        1 2017 0 0;
 INPUT ---        1 2018 0 0;
 INPUT ---        1 2019 0 0;
 INPUT ---        1 2020 0 0;
 INPUT ---        1 2021 0 0;
 INPUT ---        1 2022 0 0;
 INPUT ---        1 2023 0 0;
 INPUT ---        0 0 1 2014;
 INPUT ---        0 0 1 2015;
 INPUT ---        0 0 1 2016;
 INPUT ---        0 0 1 2017;
 INPUT ---        0 0 1 2018;
 INPUT ---        0 0 1 2019;

Program  MARK  - Survival Rate Estimation with Capture-Recapture Data
 gfortran(dble/PIM2) Vers. 11.1 Nov 2024  27-Apr-2026 10:55:24    Page  003
 - - - - - - - - - - - - - - - - - - - - - - - - - - - - - - - - - - - - - -
 
 INPUT ---        0 0 1 2020;
 INPUT ---        0 0 1 2021;
 INPUT ---        0 0 1 2022;
 INPUT ---        0 0 1 2023;
 INPUT ---        0 0 1 2024;
 INPUT ---       blabel(1)=Phi:(Intercept);
 INPUT ---       blabel(2)=Phi:time;
 INPUT ---       blabel(3)=p:(Intercept);
 INPUT ---       blabel(4)=p:time;
 INPUT ---       rlabel(1)=Phi g1 c2013 a0 t2013;
 INPUT ---       rlabel(2)=Phi g1 c2013 a1 t2014;
 INPUT ---       rlabel(3)=Phi g1 c2013 a2 t2015;
 INPUT ---       rlabel(4)=Phi g1 c2013 a3 t2016;
 INPUT ---       rlabel(5)=Phi g1 c2013 a4 t2017;
 INPUT ---       rlabel(6)=Phi g1 c2013 a5 t2018;
 INPUT ---       rlabel(7)=Phi g1 c2013 a6 t2019;
 INPUT ---       rlabel(8)=Phi g1 c2013 a7 t2020;
 INPUT ---       rlabel(9)=Phi g1 c2013 a8 t2021;
 INPUT ---       rlabel(10)=Phi g1 c2013 a9 t2022;
 INPUT ---       rlabel(11)=Phi g1 c2013 a10 t2023;
 INPUT ---       rlabel(12)=p g1 c2013 a1 t2014;
 INPUT ---       rlabel(13)=p g1 c2013 a2 t2015;
 INPUT ---       rlabel(14)=p g1 c2013 a3 t2016;
 INPUT ---       rlabel(15)=p g1 c2013 a4 t2017;
 INPUT ---       rlabel(16)=p g1 c2013 a5 t2018;
 INPUT ---       rlabel(17)=p g1 c2013 a6 t2019;
 INPUT ---       rlabel(18)=p g1 c2013 a7 t2020;
 INPUT ---       rlabel(19)=p g1 c2013 a8 t2021;
 INPUT ---       rlabel(20)=p g1 c2013 a9 t2022;
 INPUT ---       rlabel(21)=p g1 c2013 a10 t2023;
 INPUT ---       rlabel(22)=p g1 c2013 a11 t2024;
   Model is { model10 }

 Link Function Used is LOGIT        

 Variance Estimation Procedure Used is 2ndPart 
 -2logL(saturated) = 198.85252     
 Effective Sample Size = 223

 Number of function evaluations was 60 for 4 parameters.
 For numerical optimization, CPU Time was 0.234 secs and System Time was 0.125 secs.
 -2logL { model10 } = 324.80722     
 Penalty { model10 } = 0.0000000     
 Gradient { model10 }:
 -1.12730E-04 -1.12397E-04 -1.95268E-04 -1.94437E-04
 Maximum ABS(G) { model10 } =  1.95268E-04
 To compute VC matrix, CPU Time was 0.001 secs and System Time was 0.015 secs.

Program  MARK  - Survival Rate Estimation with Capture-Recapture Data
 gfortran(dble/PIM2) Vers. 11.1 Nov 2024  27-Apr-2026 10:55:24    Page  004
 - - - - - - - - - - - - - - - - - - - - - - - - - - - - - - - - - - - - - -
 
 S Vector { model10 }:
   82.40221      8.887097     0.4499501E-02 0.4725568E-03
 To invert VC matrix, CPU Time was 0.001 secs and System Time was 0.001 secs.
 Ratio Threshold = 50.00 Max Gap (2/3) = 1975. Next Max Gap (3/4) = 9.522
 Gap Method for Num. of Estimated Parameters { model10 } = 2          
 Threshold { model10 } = 0.3905356E-03           
 Numerical Threshold Method for Num. of Estimated Parameters { model10 } = 4          
 Number of Estimated Parameters { model10 } = 4          

   * *  WARNING  * *   Number of parameters estimated from gap method (=2) and threshold method (=4) differ.  Inspect full output. 
 Ratios of S Vector { model10 }:
   1/2    9.272118       2/3    1975.129       3/4    9.521611    
 DEVIANCE { model10 } = 125.95470               
 DEVIANCE Degrees of Freedom { model10 } = 11          
 c-hat { model10 } = 11.450427               
 AIC { model10 } = 332.80722               
 AICc { model10 } = 332.99071               
 BIC { model10 } = 346.43591               
 Pearson Chisquare { model10 } = 1015.8707               
 Possible Encounter Histories { model10 } = 4054          
 Pearson Chisquare df { model10 } = 4041          
 Pearson chat { model10 } = 0.2513909               
 Sum(Observed/Expected) { model10 } = 974.74585               
 s-bar { model10 } = -0.7612495              
 Fletcher chat { model10 } = 1.0529440               


                      LOGIT Link Function Parameters of { model10 }
                                                              95% Confidence Interval
    Parameter                  Beta         Standard Error     Lower           Upper
 -------------------------  --------------  --------------  --------------  --------------
    1:Phi:(Intercept)        145.69338       0.0000000       145.69338       145.69338    
    2:Phi:time              -0.0714277       0.0000000      -0.0714277      -0.0714277    
    3:p:(Intercept)          446.95404       10.520064       426.33472       467.57337    
    4:p:time                -0.2227134       0.0052195      -0.2329436      -0.2124832    


                         Real Function Parameters of { model10 }
                                                               95% Confidence Interval
     Parameter                Estimate       Standard Error     Lower           Upper
 --------------------------  --------------  --------------  --------------  --------------
     1:Phi g1 c2013 a0 t201   0.8709425       0.0472959       0.7473629       0.9390056       
     2:Phi g1 c2013 a1 t201   0.8626990       0.0501521       0.7326316       0.9350975       
     3:Phi g1 c2013 a2 t201   0.8540172       0.0530366       0.7176145       0.9308787       
     4:Phi g1 c2013 a3 t201   0.8448851       0.0559336       0.7023496       0.9263248       
     5:Phi g1 c2013 a4 t201   0.8352920       0.0588255       0.6868771       0.9214095       
     6:Phi g1 c2013 a5 t201   0.8252283       0.0616923       0.6712398       0.9161047       

Program  MARK  - Survival Rate Estimation with Capture-Recapture Data
 gfortran(dble/PIM2) Vers. 11.1 Nov 2024  27-Apr-2026 10:55:24    Page  005
 - - - - - - - - - - - - - - - - - - - - - - - - - - - - - - - - - - - - - -
 
     7:Phi g1 c2013 a6 t201   0.8146861       0.0645121       0.6554819       0.9103796       
     8:Phi g1 c2013 a7 t202   0.8036593       0.0672610       0.6396492       0.9042015       
     9:Phi g1 c2013 a8 t202   0.7921437       0.0699129       0.6237887       0.8975350       
    10:Phi g1 c2013 a9 t202   0.7801376       0.0724399       0.6079479       0.8903423       
    11:Phi g1 c2013 a10 t20   0.7676414       0.0748125       0.5921747       0.8825827       
    12:p g1 c2013 a1 t2014    0.1692795       0.0361345       0.1096442       0.2521642       
    13:p g1 c2013 a2 t2015    0.1402210       0.0309731       0.0897245       0.2125025       
    14:p g1 c2013 a3 t2016    0.1154574       0.0262438       0.0731124       0.1776278       
    15:p g1 c2013 a4 t2017    0.0945861       0.0220212       0.0593637       0.1474314       
    16:p g1 c2013 a5 t2018    0.0771585       0.0183289       0.0480569       0.1216314       
    17:p g1 c2013 a6 t2019    0.0627196       0.0151542       0.0388071       0.0998362       
    18:p g1 c2013 a7 t2020    0.0508338       0.0124614       0.0312729       0.0815992       
    19:p g1 c2013 a8 t2021    0.0411017       0.0102021       0.0251582       0.0664603       
    20:p g1 c2013 a9 t2022    0.0331677       0.0083230       0.0202100       0.0539754       
    21:p g1 c2013 a10 t2023   0.0267225       0.0067710       0.0162157       0.0437345       
    22:p g1 c2013 a11 t2024   0.0215019       0.0054962       0.0129978       0.0353708       

 To compute parameter estimates, CPU Time was 0.001 secs and System Time was 0.016 secs.

 Attempted ordering of parameters by estimatibility:
  3 1 4 2
 Beta number 2 is a singular value.

 For procedure estimate CPU Time was 0.234 secs and System Time was 0.219 secs.

Program  MARK  - Survival Rate Estimation with Capture-Recapture Data
 gfortran(dble/PIM2) Vers. 11.1 Nov 2024  27-Apr-2026 10:55:24    Page  006
 - - - - - - - - - - - - - - - - - - - - - - - - - - - - - - - - - - - - - -
 


 INPUT --- proc stop;

 For this job, CPU Time in mins was 0.005 and System Time in mins was 0.004.

     Time Start = 10:55:24.013   Time End = 10:55:24.279

 Wall Clock Time in mins for this job was 0.004.

 Maximum of 19 words used.


          E X E C U T I O N   S U C C E S S F U L
