
 Program  MARK  - Survival Rate Estimation with Capture-Recapture Data
 gfortran(dble/PIM2) Vers. 11.1 Nov 2024  27-Apr-2026 10:55:12    Page  001
  
 - - - - - - - - - - - - - - - - - - - - - - - - - - - - - - - - - - - - - -
 
 Welcome to MARK localuser on machine DEP79421 in subdirectory 
 "C:\Users\localuser\Desktop\GitHub\LHI_SBSH_CMR_adult_survival" running file "data/rmark_outputs/reference_models/2026-04-27/linear_covariate_model_6.inp".
 This version was compiled by GCC version 14.2.0 using the options: 
  -cpp -iprefix C:/tdm-gcc-64/mingw64-14-2/bin/../lib/gcc/
  x86_64-w64-mingw32/14.2.0/ -D_MT -D_REENTRANT -U_REENTRANT -D
  dbleprecision -m64 -march=x86-64 -mtune=generic -mthreads -O3 -std=f2023
  -fimplicit-none -ffpe-summary=invalid,zero,overflow,underflow
  -funroll-loops -fno-unsafe-math-optimizations -frounding-math
  -fsignaling-nans -fall-intrinsics -fopenmp

 This problem will use 19 of 20 possible threads.
 Static thread allocation is used.
 INPUT --- proc title ;

 For procedure title CPU Time was 0.001 secs and System Time was 0.001 secs.
 INPUT --- proc chmatrix occasions= 12 groups= 1 etype= Live Nodes= 
 INPUT --- 101 ICMeans NoHist hist= 25  ;
 INPUT ---    time interval 1 1 1 1 1 1 1 1 1 1 1 ;
 INPUT ---    glabel(1)=Group 1;

      Number of unique encounter histories read was 25.

      Number of individual covariates read was 0.
      Time interval lengths are all equal to 1.

      Data type number is 1
      Data type is Live Recaptures (CJS)

 For procedure chmatrix CPU Time was 0.001 secs and System Time was 0.001 secs.

Program  MARK  - Survival Rate Estimation with Capture-Recapture Data
 gfortran(dble/PIM2) Vers. 11.1 Nov 2024  27-Apr-2026 10:55:12    Page  002
 - - - - - - - - - - - - - - - - - - - - - - - - - - - - - - - - - - - - - -
 


 INPUT --- proc estimate link=Logit NOLOOP varest=2ndPart    ;
 INPUT --- model={ model6 };
 INPUT ---    group=1 Phi    rows=11 cols=11 Triang ;
 INPUT ---        1 2 3 4 5 6 7 8 9 10 11 ;
 INPUT ---        2 3 4 5 6 7 8 9 10 11 ;
 INPUT ---        3 4 5 6 7 8 9 10 11 ;
 INPUT ---        4 5 6 7 8 9 10 11 ;
 INPUT ---        5 6 7 8 9 10 11 ;
 INPUT ---        6 7 8 9 10 11 ;
 INPUT ---        7 8 9 10 11 ;
 INPUT ---        8 9 10 11 ;
 INPUT ---        9 10 11 ;
 INPUT ---        10 11 ;
 INPUT ---        11 ;
 INPUT ---    group=1 p    rows=11 cols=11 Triang ;
 INPUT ---        12 12 12 12 12 12 13 13 13 13 13 ;
 INPUT ---        12 12 12 12 12 13 13 13 13 13 ;
 INPUT ---        12 12 12 12 13 13 13 13 13 ;
 INPUT ---        12 12 12 13 13 13 13 13 ;
 INPUT ---        12 12 13 13 13 13 13 ;
 INPUT ---        12 13 13 13 13 13 ;
 INPUT ---        13 13 13 13 13 ;
 INPUT ---        13 13 13 13 ;
 INPUT ---        13 13 13 ;
 INPUT ---        13 13 ;
 INPUT ---        13 ;
 INPUT ---    design matrix constraints=13 covariates=4;
 INPUT ---        1 2013 0 0;
 INPUT ---        1 2014 0 0;
 INPUT ---        1 2015 0 0;
 INPUT ---        1 2016 0 0;
 INPUT ---        1 2017 0 0;
 INPUT ---        1 2018 0 0;
 INPUT ---        1 2019 0 0;
 INPUT ---        1 2020 0 0;
 INPUT ---        1 2021 0 0;
 INPUT ---        1 2022 0 0;
 INPUT ---        1 2023 0 0;
 INPUT ---        0 0 1 1;
 INPUT ---        0 0 1 0;
 INPUT ---       blabel(1)=Phi:(Intercept);
 INPUT ---       blabel(2)=Phi:time;
 INPUT ---       blabel(3)=p:(Intercept);
 INPUT ---       blabel(4)=p:recap_groupB;

Program  MARK  - Survival Rate Estimation with Capture-Recapture Data
 gfortran(dble/PIM2) Vers. 11.1 Nov 2024  27-Apr-2026 10:55:12    Page  003
 - - - - - - - - - - - - - - - - - - - - - - - - - - - - - - - - - - - - - -
 
 INPUT ---       rlabel(1)=Phi g1 c2013 a0 t2013;
 INPUT ---       rlabel(2)=Phi g1 c2013 a1 t2014;
 INPUT ---       rlabel(3)=Phi g1 c2013 a2 t2015;
 INPUT ---       rlabel(4)=Phi g1 c2013 a3 t2016;
 INPUT ---       rlabel(5)=Phi g1 c2013 a4 t2017;
 INPUT ---       rlabel(6)=Phi g1 c2013 a5 t2018;
 INPUT ---       rlabel(7)=Phi g1 c2013 a6 t2019;
 INPUT ---       rlabel(8)=Phi g1 c2013 a7 t2020;
 INPUT ---       rlabel(9)=Phi g1 c2013 a8 t2021;
 INPUT ---       rlabel(10)=Phi g1 c2013 a9 t2022;
 INPUT ---       rlabel(11)=Phi g1 c2013 a10 t2023;
 INPUT ---       rlabel(12)=p g1 c2013 a1 t2014;
 INPUT ---       rlabel(13)=p g1 c2013 a7 t2020;
   Model is { model6 }

 Link Function Used is LOGIT        

 Variance Estimation Procedure Used is 2ndPart 
 -2logL(saturated) = 198.85252     
 Effective Sample Size = 223

 Number of function evaluations was 22 for 4 parameters.
 For numerical optimization, CPU Time was 0.094 secs and System Time was 0.266 secs.
 -2logL { model6 } = 322.68930     
 Penalty { model6 } = 0.0000000     
 Gradient { model6 }:
  8.98152E-06  8.96908E-06  1.45158E-05  1.86424E-05
 Maximum ABS(G) { model6 } =  1.86424E-05
 To compute VC matrix, CPU Time was 0.047 secs and System Time was 0.001 secs.
 S Vector { model6 }:
   89.29400      29.60208      1.932601     0.2990787E-01
 To invert VC matrix, CPU Time was 0.001 secs and System Time was 0.001 secs.
 Ratio Threshold = 50.00 Max Gap (3/4) = 64.62 Next Max Gap (2/3) = 15.32
 Gap Method for Num. of Estimated Parameters { model6 } = 3          
 Threshold { model6 } = 0.3728474E-04           
 Numerical Threshold Method for Num. of Estimated Parameters { model6 } = 4          
 Number of Estimated Parameters { model6 } = 4          

   * *  WARNING  * *   Number of parameters estimated from gap method (=3) and threshold method (=4) differ.  Inspect full output. 
 Ratios of S Vector { model6 }:
   1/2    3.016477       2/3    15.31722       3/4    64.61849    
 DEVIANCE { model6 } = 123.83677               
 DEVIANCE Degrees of Freedom { model6 } = 11          
 c-hat { model6 } = 11.257889               
 AIC { model6 } = 330.68930               
 AICc { model6 } = 330.87278               
 BIC { model6 } = 344.31798               
 Pearson Chisquare { model6 } = 457.54799               

Program  MARK  - Survival Rate Estimation with Capture-Recapture Data
 gfortran(dble/PIM2) Vers. 11.1 Nov 2024  27-Apr-2026 10:55:12    Page  004
 - - - - - - - - - - - - - - - - - - - - - - - - - - - - - - - - - - - - - -
 
 Possible Encounter Histories { model6 } = 4054          
 Pearson Chisquare df { model6 } = 4041          
 Pearson chat { model6 } = 0.1132264               
 Sum(Observed/Expected) { model6 } = 391.13760               
 s-bar { model6 } = -0.9055284              
 Fletcher chat { model6 } = 1.1985235               


                       LOGIT Link Function Parameters of { model6 }
                                                              95% Confidence Interval
    Parameter                  Beta         Standard Error     Lower           Upper
 -------------------------  --------------  --------------  --------------  --------------
    1:Phi:(Intercept)        799.61145       4.0855137       791.60384       807.61906    
    2:Phi:time              -0.3960193       0.0020247      -0.3999877      -0.3920509    
    3:p:(Intercept)         -0.8395754       0.5287942      -1.8760121       0.1968614    
    4:p:recap_groupB        -1.4555013       0.5005516      -2.4365824      -0.4744202    


                          Real Function Parameters of { model6 }
                                                               95% Confidence Interval
     Parameter                Estimate       Standard Error     Lower           Upper
 --------------------------  --------------  --------------  --------------  --------------
     1:Phi g1 c2013 a0 t201   0.9186897       0.0189473       0.8729752       0.9489149       
     2:Phi g1 c2013 a1 t201   0.8837732       0.0260536       0.8222286       0.9259304       
     3:Phi g1 c2013 a2 t201   0.8365306       0.0346859       0.7568494       0.8937652       
     4:Phi g1 c2013 a3 t201   0.7749748       0.0442381       0.6768679       0.8499006       
     5:Phi g1 c2013 a4 t201   0.6985914       0.0534229       0.5849956       0.7921416       
     6:Phi g1 c2013 a5 t201   0.6093498       0.0604089       0.4867989       0.7194987       
     7:Phi g1 c2013 a6 t201   0.5121377       0.0634244       0.3896034       0.6332305       
     8:Phi g1 c2013 a7 t202   0.4139988       0.0616060       0.3004461       0.5374938       
     9:Phi g1 c2013 a8 t202   0.3222441       0.0554836       0.2241922       0.4389179       
    10:Phi g1 c2013 a9 t202   0.2424127       0.0466769       0.1627838       0.3449447       
    11:Phi g1 c2013 a10 t20   0.1771880       0.0370753       0.1156844       0.2617129       
    12:p g1 c2013 a1 t2014    0.0915315       0.0196986       0.0595585       0.1381474       
    13:p g1 c2013 a7 t2020    0.3016242       0.1113889       0.1328476       0.5490570       

 To compute parameter estimates, CPU Time was 0.001 secs and System Time was 0.016 secs.

 Attempted ordering of parameters by estimatibility:
  1 4 3 2
 Beta number 2 is a singular value.

 For procedure estimate CPU Time was 0.141 secs and System Time was 0.297 secs.

Program  MARK  - Survival Rate Estimation with Capture-Recapture Data
 gfortran(dble/PIM2) Vers. 11.1 Nov 2024  27-Apr-2026 10:55:12    Page  005
 - - - - - - - - - - - - - - - - - - - - - - - - - - - - - - - - - - - - - -
 


 INPUT --- proc stop;

 For this job, CPU Time in mins was 0.003 and System Time in mins was 0.006.

     Time Start = 10:55:12.093   Time End = 10:55:12.425

 Wall Clock Time in mins for this job was 0.005.

 Maximum of 19 words used.


          E X E C U T I O N   S U C C E S S F U L
