
 Program  MARK  - Survival Rate Estimation with Capture-Recapture Data
 gfortran(dble/PIM2) Vers. 11.1 Nov 2024  16-Sep-2025 05:44:15    Page  001
  
 - - - - - - - - - - - - - - - - - - - - - - - - - - - - - - - - - - - - - -
 
 Welcome to MARK localuser on machine DEP79421 in subdirectory 
 "C:\Users\localuser\Desktop\GitHub\LHI_SBSH_CMR_adult_survival" running file "data/rmark_outputs/covariate_models/linear_covariate_model_temp_prev_may_jun_jul.inp".
 This version was compiled by GCC version 14.2.0 using the options: 
  -cpp -iprefix C:/tdm-gcc-64/mingw64-14-2/bin/../lib/gcc/
  x86_64-w64-mingw32/14.2.0/ -D_MT -D_REENTRANT -U_REENTRANT -D
  dbleprecision -m64 -march=x86-64 -mtune=generic -mthreads -O3 -std=f2023
  -fimplicit-none -ffpe-summary=invalid,zero,overflow,underflow
  -funroll-loops -fno-unsafe-math-optimizations -frounding-math
  -fsignaling-nans -fall-intrinsics -fopenmp

 This problem will use 19 of 20 possible threads.
 Static thread allocation is used.
 INPUT --- proc title ;

 For procedure title CPU Time was 0.001 secs and System Time was 0.001 secs.
 INPUT --- proc chmatrix occasions= 15 groups= 1 etype= Live Nodes= 
 INPUT --- 101 ICMeans NoHist hist= 26  ;
 INPUT ---    time interval 1 1 1 1 1 1 1 1 1 1 1 1 1 1 ;
 INPUT ---    glabel(1)=Group 1;

      Number of unique encounter histories read was 26.

      Number of individual covariates read was 0.
      Time interval lengths are all equal to 1.

      Data type number is 1
      Data type is Live Recaptures (CJS)

 For procedure chmatrix CPU Time was 0.001 secs and System Time was 0.001 secs.

Program  MARK  - Survival Rate Estimation with Capture-Recapture Data
 gfortran(dble/PIM2) Vers. 11.1 Nov 2024  16-Sep-2025 05:44:15    Page  002
 - - - - - - - - - - - - - - - - - - - - - - - - - - - - - - - - - - - - - -
 


 INPUT --- proc estimate link=Logit NOLOOP varest=2ndPart    ;
 INPUT --- model={ model_temp_prev_may_jun_jul };
 INPUT ---    group=1 Phi    rows=14 cols=14 Triang ;
 INPUT ---        1 2 3 4 5 6 7 8 9 10 11 12 13 14 ;
 INPUT ---        2 3 4 5 6 7 8 9 10 11 12 13 14 ;
 INPUT ---        3 4 5 6 7 8 9 10 11 12 13 14 ;
 INPUT ---        4 5 6 7 8 9 10 11 12 13 14 ;
 INPUT ---        5 6 7 8 9 10 11 12 13 14 ;
 INPUT ---        6 7 8 9 10 11 12 13 14 ;
 INPUT ---        7 8 9 10 11 12 13 14 ;
 INPUT ---        8 9 10 11 12 13 14 ;
 INPUT ---        9 10 11 12 13 14 ;
 INPUT ---        10 11 12 13 14 ;
 INPUT ---        11 12 13 14 ;
 INPUT ---        12 13 14 ;
 INPUT ---        13 14 ;
 INPUT ---        14 ;
 INPUT ---    group=1 p    rows=14 cols=14 Triang ;
 INPUT ---        15 16 17 18 19 20 21 22 23 24 25 26 27 28 ;
 INPUT ---        16 17 18 19 20 21 22 23 24 25 26 27 28 ;
 INPUT ---        17 18 19 20 21 22 23 24 25 26 27 28 ;
 INPUT ---        18 19 20 21 22 23 24 25 26 27 28 ;
 INPUT ---        19 20 21 22 23 24 25 26 27 28 ;
 INPUT ---        20 21 22 23 24 25 26 27 28 ;
 INPUT ---        21 22 23 24 25 26 27 28 ;
 INPUT ---        22 23 24 25 26 27 28 ;
 INPUT ---        23 24 25 26 27 28 ;
 INPUT ---        24 25 26 27 28 ;
 INPUT ---        25 26 27 28 ;
 INPUT ---        26 27 28 ;
 INPUT ---        27 28 ;
 INPUT ---        28 ;
 INPUT ---    design matrix constraints=28 covariates=16;
 INPUT ---        1 -0.682830673042854 0 0 0 0 0 0 0 0 0 0 0 0 0 0;
 INPUT ---        1 1.29383809062708 0 0 0 0 0 0 0 0 0 0 0 0 0 0;
 INPUT ---        1 -0.57121201829816 0 0 0 0 0 0 0 0 0 0 0 0 0 0;
 INPUT ---        1 -0.749612040268789 0 0 0 0 0 0 0 0 0 0 0 0 0 0;
 INPUT ---        1 -0.459491725338044 0 0 0 0 0 0 0 0 0 0 0 0 0 0;
 INPUT ---        1 0.640765385325601 0 0 0 0 0 0 0 0 0 0 0 0 0 0;
 INPUT ---        1 -0.783394886268169 0 0 0 0 0 0 0 0 0 0 0 0 0 0;
 INPUT ---        1 -0.95083325294455 0 0 0 0 0 0 0 0 0 0 0 0 0 0;
 INPUT ---        1 0.413680970142544 0 0 0 0 0 0 0 0 0 0 0 0 0 0;
 INPUT ---        1 -1.43566421358216 0 0 0 0 0 0 0 0 0 0 0 0 0 0;
 INPUT ---        1 1.37277000773051 0 0 0 0 0 0 0 0 0 0 0 0 0 0;

Program  MARK  - Survival Rate Estimation with Capture-Recapture Data
 gfortran(dble/PIM2) Vers. 11.1 Nov 2024  16-Sep-2025 05:44:15    Page  003
 - - - - - - - - - - - - - - - - - - - - - - - - - - - - - - - - - - - - - -
 
 INPUT ---        1 -0.800825987693727 0 0 0 0 0 0 0 0 0 0 0 0 0 0;
 INPUT ---        1 -0.0669143440619966 0 0 0 0 0 0 0 0 0 0 0 0 0 0;
 INPUT ---        1 1.06890759310837 0 0 0 0 0 0 0 0 0 0 0 0 0 0;
 INPUT ---        0 0 1 0 0 0 0 0 0 0 0 0 0 0 0 0;
 INPUT ---        0 0 1 1 0 0 0 0 0 0 0 0 0 0 0 0;
 INPUT ---        0 0 1 0 1 0 0 0 0 0 0 0 0 0 0 0;
 INPUT ---        0 0 1 0 0 1 0 0 0 0 0 0 0 0 0 0;
 INPUT ---        0 0 1 0 0 0 1 0 0 0 0 0 0 0 0 0;
 INPUT ---        0 0 1 0 0 0 0 1 0 0 0 0 0 0 0 0;
 INPUT ---        0 0 1 0 0 0 0 0 1 0 0 0 0 0 0 0;
 INPUT ---        0 0 1 0 0 0 0 0 0 1 0 0 0 0 0 0;
 INPUT ---        0 0 1 0 0 0 0 0 0 0 1 0 0 0 0 0;
 INPUT ---        0 0 1 0 0 0 0 0 0 0 0 1 0 0 0 0;
 INPUT ---        0 0 1 0 0 0 0 0 0 0 0 0 1 0 0 0;
 INPUT ---        0 0 1 0 0 0 0 0 0 0 0 0 0 1 0 0;
 INPUT ---        0 0 1 0 0 0 0 0 0 0 0 0 0 0 1 0;
 INPUT ---        0 0 1 0 0 0 0 0 0 0 0 0 0 0 0 1;
 INPUT ---       blabel(1)=Phi:(Intercept);
 INPUT ---       blabel(2)=Phi:temp_prev_may_jun_jul;
 INPUT ---       blabel(3)=p:(Intercept);
 INPUT ---       blabel(4)=p:factor(time)2012;
 INPUT ---       blabel(5)=p:factor(time)2013;
 INPUT ---       blabel(6)=p:factor(time)2014;
 INPUT ---       blabel(7)=p:factor(time)2015;
 INPUT ---       blabel(8)=p:factor(time)2016;
 INPUT ---       blabel(9)=p:factor(time)2017;
 INPUT ---       blabel(10)=p:factor(time)2018;
 INPUT ---       blabel(11)=p:factor(time)2019;
 INPUT ---       blabel(12)=p:factor(time)2020;
 INPUT ---       blabel(13)=p:factor(time)2021;
 INPUT ---       blabel(14)=p:factor(time)2022;
 INPUT ---       blabel(15)=p:factor(time)2023;
 INPUT ---       blabel(16)=p:factor(time)2024;
 INPUT ---       rlabel(1)=Phi g1 c2010 a0 t2010;
 INPUT ---       rlabel(2)=Phi g1 c2010 a1 t2011;
 INPUT ---       rlabel(3)=Phi g1 c2010 a2 t2012;
 INPUT ---       rlabel(4)=Phi g1 c2010 a3 t2013;
 INPUT ---       rlabel(5)=Phi g1 c2010 a4 t2014;
 INPUT ---       rlabel(6)=Phi g1 c2010 a5 t2015;
 INPUT ---       rlabel(7)=Phi g1 c2010 a6 t2016;
 INPUT ---       rlabel(8)=Phi g1 c2010 a7 t2017;
 INPUT ---       rlabel(9)=Phi g1 c2010 a8 t2018;
 INPUT ---       rlabel(10)=Phi g1 c2010 a9 t2019;
 INPUT ---       rlabel(11)=Phi g1 c2010 a10 t2020;
 INPUT ---       rlabel(12)=Phi g1 c2010 a11 t2021;
 INPUT ---       rlabel(13)=Phi g1 c2010 a12 t2022;

Program  MARK  - Survival Rate Estimation with Capture-Recapture Data
 gfortran(dble/PIM2) Vers. 11.1 Nov 2024  16-Sep-2025 05:44:15    Page  004
 - - - - - - - - - - - - - - - - - - - - - - - - - - - - - - - - - - - - - -
 
 INPUT ---       rlabel(14)=Phi g1 c2010 a13 t2023;
 INPUT ---       rlabel(15)=p g1 c2010 a1 t2011;
 INPUT ---       rlabel(16)=p g1 c2010 a2 t2012;
 INPUT ---       rlabel(17)=p g1 c2010 a3 t2013;
 INPUT ---       rlabel(18)=p g1 c2010 a4 t2014;
 INPUT ---       rlabel(19)=p g1 c2010 a5 t2015;
 INPUT ---       rlabel(20)=p g1 c2010 a6 t2016;
 INPUT ---       rlabel(21)=p g1 c2010 a7 t2017;
 INPUT ---       rlabel(22)=p g1 c2010 a8 t2018;
 INPUT ---       rlabel(23)=p g1 c2010 a9 t2019;
 INPUT ---       rlabel(24)=p g1 c2010 a10 t2020;
 INPUT ---       rlabel(25)=p g1 c2010 a11 t2021;
 INPUT ---       rlabel(26)=p g1 c2010 a12 t2022;
 INPUT ---       rlabel(27)=p g1 c2010 a13 t2023;
 INPUT ---       rlabel(28)=p g1 c2010 a14 t2024;
   Model is { model_temp_prev_may_jun_jul }

 Link Function Used is LOGIT        

 Variance Estimation Procedure Used is 2ndPart 
 -2logL(saturated) = 199.66386     
 Effective Sample Size = 237

 Number of function evaluations was 91 for 16 parameters.
 For numerical optimization, CPU Time was 0.469 secs and System Time was 0.297 secs.
 -2logL { model_temp_prev_may_jun_jul } = 238.31754     
 Penalty { model_temp_prev_may_jun_jul } = 0.0000000     
 Gradient { model_temp_prev_may_jun_jul }:
 -9.79940E-05  1.81494E-04 -5.44392E-04   0.0000       0.0000    
   0.0000      1.06252E-04   0.0000      8.43279E-05  9.92000E-05
   0.0000     -6.11129E-04 -1.23562E-04  3.68790E-05 -1.41599E-04
  6.11695E-06
 Maximum ABS(G) { model_temp_prev_may_jun_jul } =  6.11129E-04
 To compute VC matrix, CPU Time was 0.203 secs and System Time was 0.109 secs.
 S Vector { model_temp_prev_may_jun_jul }:
   45.39077      16.92964      4.680044      3.326470      2.660840    
   1.719405      1.089969     0.6955527E-01 0.2676431E-04 0.1263153E-04
  0.2943285E-05 0.2136321E-15 0.8625220E-16 0.3273659E-16 0.5164851E-21
  0.3019745E-30
 To invert VC matrix, CPU Time was 0.001 secs and System Time was 0.001 secs.
 Ratio Threshold = 50.00 Max Gap (11/12) = 1.3777E+10 Next Max Gap (15/16) = 1.7104E+9
 Gap Method for Num. of Estimated Parameters { model_temp_prev_may_jun_jul } = 11          
 Threshold { model_temp_prev_may_jun_jul } = 0.0012223               
 Numerical Threshold Method for Num. of Estimated Parameters { model_temp_prev_may_jun_jul } = 8          
 Number of Estimated Parameters { model_temp_prev_may_jun_jul } = 11          

   * *  WARNING  * *   Number of parameters estimated from gap method (=11) and threshold method (=8) differ.  Inspect full output. 

Program  MARK  - Survival Rate Estimation with Capture-Recapture Data
 gfortran(dble/PIM2) Vers. 11.1 Nov 2024  16-Sep-2025 05:44:15    Page  005
 - - - - - - - - - - - - - - - - - - - - - - - - - - - - - - - - - - - - - -
 
 Ratios of S Vector { model_temp_prev_may_jun_jul }:
   1/2    2.681143       2/3    3.617410       3/4    1.406910       4/5    1.250158       5/6    1.547535    
   6/7    1.577480       7/8    15.67055       8/9    2598.806       9/10    2.118849       10/11    4.291645    
   11/12   0.1377735E+11   12/13    2.476831       13/14    2.634734       14/15    63383.42       15/16   0.1710360E+10
 DEVIANCE { model_temp_prev_may_jun_jul } = 38.653688               
 DEVIANCE Degrees of Freedom { model_temp_prev_may_jun_jul } = 7          
 c-hat { model_temp_prev_may_jun_jul } = 5.5219555               
 AIC { model_temp_prev_may_jun_jul } = 254.31754               
 AICc { model_temp_prev_may_jun_jul } = 254.94912               
 BIC { model_temp_prev_may_jun_jul } = 282.06203               
 Pearson Chisquare { model_temp_prev_may_jun_jul } = 58.158014               
 Possible Encounter Histories { model_temp_prev_may_jun_jul } = 4062          
 Pearson Chisquare df { model_temp_prev_may_jun_jul } = 4044          
 Pearson chat { model_temp_prev_may_jun_jul } = 0.0143813               
 Sum(Observed/Expected) { model_temp_prev_may_jun_jul } = 76.941024               
 s-bar { model_temp_prev_may_jun_jul } = -0.9834795              
 Fletcher chat { model_temp_prev_may_jun_jul } = 0.8705135               


            LOGIT Link Function Parameters of { model_temp_prev_may_jun_jul }
                                                              95% Confidence Interval
    Parameter                  Beta         Standard Error     Lower           Upper
 -------------------------  --------------  --------------  --------------  --------------
    1:Phi:(Intercept)        4.4888297       2.3538966      -0.1248076       9.1024671    
    2:Phi:temp_prev_may_ju   3.7028267       2.0470513      -0.3093938       7.7150473    
    3:p:(Intercept)         -34.141403       89.641114      -209.83799       141.55518    
    4:p:factor(time)2012    -0.1000000       0.0000000      -0.1000000      -0.1000000    
    5:p:factor(time)2013    -0.1000000       0.0000000      -0.1000000      -0.1000000    
    6:p:factor(time)2014    -112.66211       0.0000000      -112.66211      -112.66211    
    7:p:factor(time)2015     33.843187       89.641339      -141.85384       209.54021    
    8:p:factor(time)2016    -70.165862       0.0000000      -70.165862      -70.165862    
    9:p:factor(time)2017     30.710753       89.644447      -144.99237       206.41387    
   10:p:factor(time)2018     30.090541       89.647470      -145.61850       205.79959    
   11:p:factor(time)2019    -80.613026       0.1814214E+16  -0.3555860E+16   0.3555860E+16
   12:p:factor(time)2020     33.371835       89.643921      -142.33025       209.07392    
   13:p:factor(time)2021     32.018347       89.643315      -143.68255       207.71925    
   14:p:factor(time)2022     19.739375       249.42409      -469.13185       508.61060    
   15:p:factor(time)2023     31.422509       89.643411      -144.27858       207.12360    
   16:p:factor(time)2024     17.085201       581.22388      -1122.1136       1156.2840    

Program  MARK  - Survival Rate Estimation with Capture-Recapture Data
 gfortran(dble/PIM2) Vers. 11.1 Nov 2024  16-Sep-2025 05:44:15    Page  006
 - - - - - - - - - - - - - - - - - - - - - - - - - - - - - - - - - - - - - -
 
               Real Function Parameters of { model_temp_prev_may_jun_jul }
                                                               95% Confidence Interval
     Parameter                Estimate       Standard Error     Lower           Upper
 --------------------------  --------------  --------------  --------------  --------------
     1:Phi g1 c2010 a0 t201   0.8765791       0.1097965       0.4928229       0.9811009       
     2:Phi g1 c2010 a1 t201   0.9999067       0.4645921E-03   0.3817731       1.0000000       
     3:Phi g1 c2010 a2 t201   0.9148021       0.0954604       0.4932784       0.9916271       
     4:Phi g1 c2010 a3 t201   0.8472439       0.1156538       0.4904137       0.9696648       
     5:Phi g1 c2010 a4 t201   0.9419918       0.0787191       0.4909595       0.9963559       
     6:Phi g1 c2010 a5 t201   0.9989537       0.0038157       0.4270389       0.9999992       
     7:Phi g1 c2010 a6 t201   0.8303422       0.1175043       0.4883023       0.9616873       
     8:Phi g1 c2010 a7 t201   0.7247324       0.1141342       0.4617534       0.8898690       
     9:Phi g1 c2010 a8 t201   0.9975777       0.0077078       0.4424367       0.9999953       
    10:Phi g1 c2010 a9 t201   0.3042404       0.1619993       0.0888958       0.6621343       
    11:Phi g1 c2010 a10 t20   0.9999304       0.3580756E-03   0.3763071       1.0000000       
    12:Phi g1 c2010 a11 t20   0.8210547       0.1181277       0.4869173       0.9568664       
    13:Phi g1 c2010 a12 t20   0.9858118       0.0310435       0.4727474       0.9998143       
    14:Phi g1 c2010 a13 t20   0.9997855       0.9699333E-03   0.3973980       1.0000000       
    15:p g1 c2010 a1 t2011    0.1487912E-14   0.1333781E-12  -0.2599331E-12   0.2629090E-12   
    16:p g1 c2010 a2 t2012    0.1346318E-14   0.0000000       0.1346318E-14   0.1346318E-14   
    17:p g1 c2010 a3 t2013    0.1346318E-14   0.0000000       0.1346318E-14   0.1346318E-14   
    18:p g1 c2010 a4 t2014    0.1754065E-63   0.0000000       0.1754065E-63   0.1754065E-63   
    19:p g1 c2010 a5 t2015    0.4259936       0.0945243       0.2580966       0.6128844       
    20:p g1 c2010 a6 t2016    0.5011072E-45   0.0000000       0.5011072E-45   0.5011072E-45   
    21:p g1 c2010 a7 t2017    0.0313512       0.0232151       0.0071820       0.1264932       
    22:p g1 c2010 a8 t2018    0.0171095       0.0179845       0.0021354       0.1240341       
    23:p g1 c2010 a9 t2019    0.1454739E-49   0.2639208E-34  -0.5172847E-34   0.5172847E-34   
    24:p g1 c2010 a10 t2020   0.3165727       0.1755668       0.0862692       0.6944335       
    25:p g1 c2010 a11 t2021   0.1068761       0.0638404       0.0312519       0.3074250       
    26:p g1 c2010 a12 t2022   0.5562610E-06   0.1294733E-03  0.4158422E-204   1.0000000       
    27:p g1 c2010 a13 t2023   0.0618677       0.0381560       0.0178557       0.1930406       
    28:p g1 c2010 a14 t2024   0.3913685E-07   0.2247553E-04  0.2177060E-315   1.0000000       

 To compute parameter estimates, CPU Time was 0.001 secs and System Time was 0.016 secs.

 Attempted ordering of parameters by estimatibility:
   3  1  7 13 15 12  9  2 10 14 16  6  4  8  5 11
 Beta number 11 is a singular value.

 For procedure estimate CPU Time was 0.688 secs and System Time was 0.422 secs.

Program  MARK  - Survival Rate Estimation with Capture-Recapture Data
 gfortran(dble/PIM2) Vers. 11.1 Nov 2024  16-Sep-2025 05:44:15    Page  007
 - - - - - - - - - - - - - - - - - - - - - - - - - - - - - - - - - - - - - -
 


 INPUT --- proc stop;

 For this job, CPU Time in mins was 0.012 and System Time in mins was 0.008.

     Time Start = 05:44:15.079   Time End = 05:44:15.529

 Wall Clock Time in mins for this job was 0.007.

 Maximum of 19 words used.


          E X E C U T I O N   S U C C E S S F U L
