
 Program  MARK  - Survival Rate Estimation with Capture-Recapture Data
 gfortran(dble/PIM2) Vers. 11.1 Nov 2024  16-Sep-2025 05:43:51    Page  001
  
 - - - - - - - - - - - - - - - - - - - - - - - - - - - - - - - - - - - - - -
 
 Welcome to MARK localuser on machine DEP79421 in subdirectory 
 "C:\Users\localuser\Desktop\GitHub\LHI_SBSH_CMR_adult_survival" running file "data/rmark_outputs/covariate_models/linear_covariate_model_pdo_pc.inp".
 This version was compiled by GCC version 14.2.0 using the options: 
  -cpp -iprefix C:/tdm-gcc-64/mingw64-14-2/bin/../lib/gcc/
  x86_64-w64-mingw32/14.2.0/ -D_MT -D_REENTRANT -U_REENTRANT -D
  dbleprecision -m64 -march=x86-64 -mtune=generic -mthreads -O3 -std=f2023
  -fimplicit-none -ffpe-summary=invalid,zero,overflow,underflow
  -funroll-loops -fno-unsafe-math-optimizations -frounding-math
  -fsignaling-nans -fall-intrinsics -fopenmp

 This problem will use 19 of 20 possible threads.
 Static thread allocation is used.
 INPUT --- proc title ;

 For procedure title CPU Time was 0.001 secs and System Time was 0.001 secs.
 INPUT --- proc chmatrix occasions= 15 groups= 1 etype= Live Nodes= 
 INPUT --- 101 ICMeans NoHist hist= 26  ;
 INPUT ---    time interval 1 1 1 1 1 1 1 1 1 1 1 1 1 1 ;
 INPUT ---    glabel(1)=Group 1;

      Number of unique encounter histories read was 26.

      Number of individual covariates read was 0.
      Time interval lengths are all equal to 1.

      Data type number is 1
      Data type is Live Recaptures (CJS)

 For procedure chmatrix CPU Time was 0.001 secs and System Time was 0.001 secs.

Program  MARK  - Survival Rate Estimation with Capture-Recapture Data
 gfortran(dble/PIM2) Vers. 11.1 Nov 2024  16-Sep-2025 05:43:51    Page  002
 - - - - - - - - - - - - - - - - - - - - - - - - - - - - - - - - - - - - - -
 


 INPUT --- proc estimate link=Logit NOLOOP varest=2ndPart    ;
 INPUT --- model={ model_pdo_pc };
 INPUT ---    group=1 Phi    rows=14 cols=14 Triang ;
 INPUT ---        1 2 3 4 5 6 7 8 9 10 11 12 13 14 ;
 INPUT ---        2 3 4 5 6 7 8 9 10 11 12 13 14 ;
 INPUT ---        3 4 5 6 7 8 9 10 11 12 13 14 ;
 INPUT ---        4 5 6 7 8 9 10 11 12 13 14 ;
 INPUT ---        5 6 7 8 9 10 11 12 13 14 ;
 INPUT ---        6 7 8 9 10 11 12 13 14 ;
 INPUT ---        7 8 9 10 11 12 13 14 ;
 INPUT ---        8 9 10 11 12 13 14 ;
 INPUT ---        9 10 11 12 13 14 ;
 INPUT ---        10 11 12 13 14 ;
 INPUT ---        11 12 13 14 ;
 INPUT ---        12 13 14 ;
 INPUT ---        13 14 ;
 INPUT ---        14 ;
 INPUT ---    group=1 p    rows=14 cols=14 Triang ;
 INPUT ---        15 16 17 18 19 20 21 22 23 24 25 26 27 28 ;
 INPUT ---        16 17 18 19 20 21 22 23 24 25 26 27 28 ;
 INPUT ---        17 18 19 20 21 22 23 24 25 26 27 28 ;
 INPUT ---        18 19 20 21 22 23 24 25 26 27 28 ;
 INPUT ---        19 20 21 22 23 24 25 26 27 28 ;
 INPUT ---        20 21 22 23 24 25 26 27 28 ;
 INPUT ---        21 22 23 24 25 26 27 28 ;
 INPUT ---        22 23 24 25 26 27 28 ;
 INPUT ---        23 24 25 26 27 28 ;
 INPUT ---        24 25 26 27 28 ;
 INPUT ---        25 26 27 28 ;
 INPUT ---        26 27 28 ;
 INPUT ---        27 28 ;
 INPUT ---        28 ;
 INPUT ---    design matrix constraints=28 covariates=16;
 INPUT ---        1 -0.00553086458228308 0 0 0 0 0 0 0 0 0 0 0 0 0 0;
 INPUT ---        1 -0.603906288032509 0 0 0 0 0 0 0 0 0 0 0 0 0 0;
 INPUT ---        1 -0.821910581456128 0 0 0 0 0 0 0 0 0 0 0 0 0 0;
 INPUT ---        1 -0.474216635837581 0 0 0 0 0 0 0 0 0 0 0 0 0 0;
 INPUT ---        1 0.677062446195012 0 0 0 0 0 0 0 0 0 0 0 0 0 0;
 INPUT ---        1 1.57920254547488 0 0 0 0 0 0 0 0 0 0 0 0 0 0;
 INPUT ---        1 1.44902836038831 0 0 0 0 0 0 0 0 0 0 0 0 0 0;
 INPUT ---        1 1.02438476907969 0 0 0 0 0 0 0 0 0 0 0 0 0 0;
 INPUT ---        1 0.591210967125143 0 0 0 0 0 0 0 0 0 0 0 0 0 0;
 INPUT ---        1 0.625159841230169 0 0 0 0 0 0 0 0 0 0 0 0 0 0;
 INPUT ---        1 0.446823066217516 0 0 0 0 0 0 0 0 0 0 0 0 0 0;

Program  MARK  - Survival Rate Estimation with Capture-Recapture Data
 gfortran(dble/PIM2) Vers. 11.1 Nov 2024  16-Sep-2025 05:43:51    Page  003
 - - - - - - - - - - - - - - - - - - - - - - - - - - - - - - - - - - - - - -
 
 INPUT ---        1 -0.52610664913807 0 0 0 0 0 0 0 0 0 0 0 0 0 0;
 INPUT ---        1 -1.11830456392717 0 0 0 0 0 0 0 0 0 0 0 0 0 0;
 INPUT ---        1 -1.17137101308699 0 0 0 0 0 0 0 0 0 0 0 0 0 0;
 INPUT ---        0 0 1 0 0 0 0 0 0 0 0 0 0 0 0 0;
 INPUT ---        0 0 1 1 0 0 0 0 0 0 0 0 0 0 0 0;
 INPUT ---        0 0 1 0 1 0 0 0 0 0 0 0 0 0 0 0;
 INPUT ---        0 0 1 0 0 1 0 0 0 0 0 0 0 0 0 0;
 INPUT ---        0 0 1 0 0 0 1 0 0 0 0 0 0 0 0 0;
 INPUT ---        0 0 1 0 0 0 0 1 0 0 0 0 0 0 0 0;
 INPUT ---        0 0 1 0 0 0 0 0 1 0 0 0 0 0 0 0;
 INPUT ---        0 0 1 0 0 0 0 0 0 1 0 0 0 0 0 0;
 INPUT ---        0 0 1 0 0 0 0 0 0 0 1 0 0 0 0 0;
 INPUT ---        0 0 1 0 0 0 0 0 0 0 0 1 0 0 0 0;
 INPUT ---        0 0 1 0 0 0 0 0 0 0 0 0 1 0 0 0;
 INPUT ---        0 0 1 0 0 0 0 0 0 0 0 0 0 1 0 0;
 INPUT ---        0 0 1 0 0 0 0 0 0 0 0 0 0 0 1 0;
 INPUT ---        0 0 1 0 0 0 0 0 0 0 0 0 0 0 0 1;
 INPUT ---       blabel(1)=Phi:(Intercept);
 INPUT ---       blabel(2)=Phi:pdo_pc;
 INPUT ---       blabel(3)=p:(Intercept);
 INPUT ---       blabel(4)=p:factor(time)2012;
 INPUT ---       blabel(5)=p:factor(time)2013;
 INPUT ---       blabel(6)=p:factor(time)2014;
 INPUT ---       blabel(7)=p:factor(time)2015;
 INPUT ---       blabel(8)=p:factor(time)2016;
 INPUT ---       blabel(9)=p:factor(time)2017;
 INPUT ---       blabel(10)=p:factor(time)2018;
 INPUT ---       blabel(11)=p:factor(time)2019;
 INPUT ---       blabel(12)=p:factor(time)2020;
 INPUT ---       blabel(13)=p:factor(time)2021;
 INPUT ---       blabel(14)=p:factor(time)2022;
 INPUT ---       blabel(15)=p:factor(time)2023;
 INPUT ---       blabel(16)=p:factor(time)2024;
 INPUT ---       rlabel(1)=Phi g1 c2010 a0 t2010;
 INPUT ---       rlabel(2)=Phi g1 c2010 a1 t2011;
 INPUT ---       rlabel(3)=Phi g1 c2010 a2 t2012;
 INPUT ---       rlabel(4)=Phi g1 c2010 a3 t2013;
 INPUT ---       rlabel(5)=Phi g1 c2010 a4 t2014;
 INPUT ---       rlabel(6)=Phi g1 c2010 a5 t2015;
 INPUT ---       rlabel(7)=Phi g1 c2010 a6 t2016;
 INPUT ---       rlabel(8)=Phi g1 c2010 a7 t2017;
 INPUT ---       rlabel(9)=Phi g1 c2010 a8 t2018;
 INPUT ---       rlabel(10)=Phi g1 c2010 a9 t2019;
 INPUT ---       rlabel(11)=Phi g1 c2010 a10 t2020;
 INPUT ---       rlabel(12)=Phi g1 c2010 a11 t2021;
 INPUT ---       rlabel(13)=Phi g1 c2010 a12 t2022;

Program  MARK  - Survival Rate Estimation with Capture-Recapture Data
 gfortran(dble/PIM2) Vers. 11.1 Nov 2024  16-Sep-2025 05:43:51    Page  004
 - - - - - - - - - - - - - - - - - - - - - - - - - - - - - - - - - - - - - -
 
 INPUT ---       rlabel(14)=Phi g1 c2010 a13 t2023;
 INPUT ---       rlabel(15)=p g1 c2010 a1 t2011;
 INPUT ---       rlabel(16)=p g1 c2010 a2 t2012;
 INPUT ---       rlabel(17)=p g1 c2010 a3 t2013;
 INPUT ---       rlabel(18)=p g1 c2010 a4 t2014;
 INPUT ---       rlabel(19)=p g1 c2010 a5 t2015;
 INPUT ---       rlabel(20)=p g1 c2010 a6 t2016;
 INPUT ---       rlabel(21)=p g1 c2010 a7 t2017;
 INPUT ---       rlabel(22)=p g1 c2010 a8 t2018;
 INPUT ---       rlabel(23)=p g1 c2010 a9 t2019;
 INPUT ---       rlabel(24)=p g1 c2010 a10 t2020;
 INPUT ---       rlabel(25)=p g1 c2010 a11 t2021;
 INPUT ---       rlabel(26)=p g1 c2010 a12 t2022;
 INPUT ---       rlabel(27)=p g1 c2010 a13 t2023;
 INPUT ---       rlabel(28)=p g1 c2010 a14 t2024;
   Model is { model_pdo_pc }

 Link Function Used is LOGIT        

 Variance Estimation Procedure Used is 2ndPart 
 -2logL(saturated) = 199.66386     
 Effective Sample Size = 237

 Number of function evaluations was 57 for 16 parameters.
 For numerical optimization, CPU Time was 0.391 secs and System Time was 0.219 secs.
 -2logL { model_pdo_pc } = 240.84614     
 Penalty { model_pdo_pc } = 0.0000000     
 Gradient { model_pdo_pc }:
 -4.99946E-05 -4.64740E-05  4.88885E-05   0.0000       0.0000    
   0.0000      2.97571E-05   0.0000     -2.70609E-06 -1.41798E-05
   0.0000      9.82575E-06  2.96769E-05   0.0000     -3.44154E-06
   0.0000    
 Maximum ABS(G) { model_pdo_pc } =  4.99946E-05
 To compute VC matrix, CPU Time was 0.125 secs and System Time was 0.094 secs.
 S Vector { model_pdo_pc }:
   43.56707      10.42109      5.201834      3.218601      2.874935    
   2.185033      1.108937     0.2880754     0.2694834E-05 0.6568005E-07
  0.6568005E-07 0.2759079E-07 0.8595729E-09 0.4847605E-09 0.1416431E-09
  0.1106666E-09
 To invert VC matrix, CPU Time was 0.001 secs and System Time was 0.001 secs.
 Ratio Threshold = 50.00 Max Gap (8/9) = 1.0690E+5 Next Max Gap (9/10) = 41.03
 Gap Method for Num. of Estimated Parameters { model_pdo_pc } = 8          
 Threshold { model_pdo_pc } = 0.9998913E-04           
 Numerical Threshold Method for Num. of Estimated Parameters { model_pdo_pc } = 8          
 Number of Estimated Parameters { model_pdo_pc } = 8          
 DEVIANCE { model_pdo_pc } = 41.182283               
 DEVIANCE Degrees of Freedom { model_pdo_pc } = 7          
 c-hat { model_pdo_pc } = 5.8831833               

Program  MARK  - Survival Rate Estimation with Capture-Recapture Data
 gfortran(dble/PIM2) Vers. 11.1 Nov 2024  16-Sep-2025 05:43:51    Page  005
 - - - - - - - - - - - - - - - - - - - - - - - - - - - - - - - - - - - - - -
 
 AIC { model_pdo_pc } = 256.84614               
 AICc { model_pdo_pc } = 257.47772               
 BIC { model_pdo_pc } = 284.59062               
 Pearson Chisquare { model_pdo_pc } = 84.924174               
 Possible Encounter Histories { model_pdo_pc } = 4062          
 Pearson Chisquare df { model_pdo_pc } = 4044          
 Pearson chat { model_pdo_pc } = 0.0210000               
 Sum(Observed/Expected) { model_pdo_pc } = 102.18611               
 s-bar { model_pdo_pc } = -0.9772492              
 Fletcher chat { model_pdo_pc } = 0.9230477               


                    LOGIT Link Function Parameters of { model_pdo_pc }
                                                              95% Confidence Interval
    Parameter                  Beta         Standard Error     Lower           Upper
 -------------------------  --------------  --------------  --------------  --------------
    1:Phi:(Intercept)        1.6324272       0.9267665      -0.1840353       3.4488896    
    2:Phi:pdo_pc            -0.1984027       0.9843479      -2.1277247       1.7309192    
    3:p:(Intercept)         -14.059505       230.52250      -465.88362       437.76461    
    4:p:factor(time)2012    -0.1000000       3901.9641      -7647.9497       7647.7497    
    5:p:factor(time)2013    -0.1000000       3901.9641      -7647.9497       7647.7497    
    6:p:factor(time)2014    -22.687097       84023.804      -164709.35       164663.97    
    7:p:factor(time)2015     13.998782       230.52255      -437.82542       465.82298    
    8:p:factor(time)2016    -25.797922       95058.662      -186340.78       186289.18    
    9:p:factor(time)2017     10.982226       230.52394      -440.84471       462.80916    
   10:p:factor(time)2018     10.164433       230.52504      -441.66465       461.99352    
   11:p:factor(time)2019    -17.107380       45418.877      -89038.109       89003.894    
   12:p:factor(time)2020     12.394097       230.52297      -439.43092       464.21912    
   13:p:factor(time)2021     11.532754       230.52333      -440.29299       463.35849    
   14:p:factor(time)2022    -7.1292290       6020.2199      -11806.760       11792.502    
   15:p:factor(time)2023     11.192697       230.52382      -440.63399       463.01939    
   16:p:factor(time)2024    -12.598826       0.0000000      -12.598826      -12.598826    


                       Real Function Parameters of { model_pdo_pc }
                                                               95% Confidence Interval
     Parameter                Estimate       Standard Error     Lower           Upper
 --------------------------  --------------  --------------  --------------  --------------
     1:Phi g1 c2010 a0 t201   0.8366519       0.1272936       0.4521301       0.9695019       
     2:Phi g1 c2010 a1 t201   0.8522356       0.1848275       0.2451873       0.9903293       
     3:Phi g1 c2010 a2 t201   0.8575998       0.2041792       0.1852049       0.9937721       
     4:Phi g1 c2010 a3 t201   0.8489659       0.1728107       0.2859672       0.9874831       
     5:Phi g1 c2010 a4 t201   0.8172903       0.0742298       0.6280329       0.9221845       
     6:Phi g1 c2010 a5 t201   0.7890334       0.1500306       0.3899684       0.9562975       
     7:Phi g1 c2010 a6 t201   0.7933005       0.1305034       0.4464614       0.9480857       
     8:Phi g1 c2010 a7 t201   0.8067745       0.0821948       0.5976662       0.9214796       
     9:Phi g1 c2010 a8 t201   0.8198201       0.0775328       0.6192492       0.9271624       

Program  MARK  - Survival Rate Estimation with Capture-Recapture Data
 gfortran(dble/PIM2) Vers. 11.1 Nov 2024  16-Sep-2025 05:43:51    Page  006
 - - - - - - - - - - - - - - - - - - - - - - - - - - - - - - - - - - - - - -
 
    10:Phi g1 c2010 a9 t201   0.8188230       0.0760170       0.6234153       0.9250286       
    11:Phi g1 c2010 a10 t20   0.8240130       0.0864598       0.5927156       0.9377514       
    12:Phi g1 c2010 a11 t20   0.8502812       0.1776605       0.2692341       0.9887060       
    13:Phi g1 c2010 a12 t20   0.8646314       0.2286045       0.1219733       0.9966064       
    14:Phi g1 c2010 a13 t20   0.8658590       0.2327381       0.1127797       0.9969584       
    15:p g1 c2010 a1 t2011    0.7834916E-06   0.1806123E-03  0.4669995E-202   1.0000000       
    16:p g1 c2010 a2 t2012    0.7089326E-06   0.0027711      0.3943571E-314   1.0000000       
    17:p g1 c2010 a3 t2013    0.7089326E-06   0.0027711      0.3943571E-314   1.0000000       
    18:p g1 c2010 a4 t2014    0.1099394E-15   0.9237564E-11  -0.1810552E-10   0.1810574E-10   
    19:p g1 c2010 a5 t2015    0.4848241       0.1108813       0.2827557       0.6919793       
    20:p g1 c2010 a6 t2016    0.4899362E-17   0.4657282E-12  -0.9128224E-12   0.9128322E-12   
    21:p g1 c2010 a7 t2017    0.0440543       0.0335936       0.0095582       0.1803757       
    22:p g1 c2010 a8 t2018    0.0199364       0.0208230       0.0025127       0.1410903       
    23:p g1 c2010 a9 t2019    0.2913360E-13   0.1323265E-08  -0.2593570E-08   0.2593628E-08   
    24:p g1 c2010 a10 t2020   0.1590374       0.0736906       0.0603509       0.3576713       
    25:p g1 c2010 a11 t2021   0.0740040       0.0456342       0.0212075       0.2276665       
    26:p g1 c2010 a12 t2022   0.6278413E-09   0.3775323E-05  -0.7399005E-05   0.7400261E-05   
    27:p g1 c2010 a13 t2023   0.0538190       0.0435473       0.0105300       0.2331380       
    28:p g1 c2010 a14 t2024   0.2645050E-11   0.0000000       0.2645050E-11   0.2645050E-11   

 To compute parameter estimates, CPU Time was 0.016 secs and System Time was 0.001 secs.

 Attempted ordering of parameters by estimatibility:
   3  7 12  1 13 15  9  2 10  4  5 14 16 11  6  8
 Beta number 8 is a singular value.

 For procedure estimate CPU Time was 0.531 secs and System Time was 0.313 secs.

Program  MARK  - Survival Rate Estimation with Capture-Recapture Data
 gfortran(dble/PIM2) Vers. 11.1 Nov 2024  16-Sep-2025 05:43:51    Page  007
 - - - - - - - - - - - - - - - - - - - - - - - - - - - - - - - - - - - - - -
 


 INPUT --- proc stop;

 For this job, CPU Time in mins was 0.010 and System Time in mins was 0.006.

     Time Start = 05:43:51.507   Time End = 05:43:51.870

 Wall Clock Time in mins for this job was 0.005.

 Maximum of 19 words used.


          E X E C U T I O N   S U C C E S S F U L
