
 Program  MARK  - Survival Rate Estimation with Capture-Recapture Data
 gfortran(dble/PIM2) Vers. 11.1 Nov 2024  16-Sep-2025 05:44:18    Page  001
  
 - - - - - - - - - - - - - - - - - - - - - - - - - - - - - - - - - - - - - -
 
 Welcome to MARK localuser on machine DEP79421 in subdirectory 
 "C:\Users\localuser\Desktop\GitHub\LHI_SBSH_CMR_adult_survival" running file "data/rmark_outputs/covariate_models/linear_covariate_model_temp_prev_sep_oct_nov.inp".
 This version was compiled by GCC version 14.2.0 using the options: 
  -cpp -iprefix C:/tdm-gcc-64/mingw64-14-2/bin/../lib/gcc/
  x86_64-w64-mingw32/14.2.0/ -D_MT -D_REENTRANT -U_REENTRANT -D
  dbleprecision -m64 -march=x86-64 -mtune=generic -mthreads -O3 -std=f2023
  -fimplicit-none -ffpe-summary=invalid,zero,overflow,underflow
  -funroll-loops -fno-unsafe-math-optimizations -frounding-math
  -fsignaling-nans -fall-intrinsics -fopenmp

 This problem will use 19 of 20 possible threads.
 Static thread allocation is used.
 INPUT --- proc title ;

 For procedure title CPU Time was 0.001 secs and System Time was 0.001 secs.
 INPUT --- proc chmatrix occasions= 15 groups= 1 etype= Live Nodes= 
 INPUT --- 101 ICMeans NoHist hist= 26  ;
 INPUT ---    time interval 1 1 1 1 1 1 1 1 1 1 1 1 1 1 ;
 INPUT ---    glabel(1)=Group 1;

      Number of unique encounter histories read was 26.

      Number of individual covariates read was 0.
      Time interval lengths are all equal to 1.

      Data type number is 1
      Data type is Live Recaptures (CJS)

 For procedure chmatrix CPU Time was 0.001 secs and System Time was 0.001 secs.

Program  MARK  - Survival Rate Estimation with Capture-Recapture Data
 gfortran(dble/PIM2) Vers. 11.1 Nov 2024  16-Sep-2025 05:44:18    Page  002
 - - - - - - - - - - - - - - - - - - - - - - - - - - - - - - - - - - - - - -
 


 INPUT --- proc estimate link=Logit NOLOOP varest=2ndPart    ;
 INPUT --- model={ model_temp_prev_sep_oct_nov };
 INPUT ---    group=1 Phi    rows=14 cols=14 Triang ;
 INPUT ---        1 2 3 4 5 6 7 8 9 10 11 12 13 14 ;
 INPUT ---        2 3 4 5 6 7 8 9 10 11 12 13 14 ;
 INPUT ---        3 4 5 6 7 8 9 10 11 12 13 14 ;
 INPUT ---        4 5 6 7 8 9 10 11 12 13 14 ;
 INPUT ---        5 6 7 8 9 10 11 12 13 14 ;
 INPUT ---        6 7 8 9 10 11 12 13 14 ;
 INPUT ---        7 8 9 10 11 12 13 14 ;
 INPUT ---        8 9 10 11 12 13 14 ;
 INPUT ---        9 10 11 12 13 14 ;
 INPUT ---        10 11 12 13 14 ;
 INPUT ---        11 12 13 14 ;
 INPUT ---        12 13 14 ;
 INPUT ---        13 14 ;
 INPUT ---        14 ;
 INPUT ---    group=1 p    rows=14 cols=14 Triang ;
 INPUT ---        15 16 17 18 19 20 21 22 23 24 25 26 27 28 ;
 INPUT ---        16 17 18 19 20 21 22 23 24 25 26 27 28 ;
 INPUT ---        17 18 19 20 21 22 23 24 25 26 27 28 ;
 INPUT ---        18 19 20 21 22 23 24 25 26 27 28 ;
 INPUT ---        19 20 21 22 23 24 25 26 27 28 ;
 INPUT ---        20 21 22 23 24 25 26 27 28 ;
 INPUT ---        21 22 23 24 25 26 27 28 ;
 INPUT ---        22 23 24 25 26 27 28 ;
 INPUT ---        23 24 25 26 27 28 ;
 INPUT ---        24 25 26 27 28 ;
 INPUT ---        25 26 27 28 ;
 INPUT ---        26 27 28 ;
 INPUT ---        27 28 ;
 INPUT ---        28 ;
 INPUT ---    design matrix constraints=28 covariates=16;
 INPUT ---        1 -0.924478504360549 0 0 0 0 0 0 0 0 0 0 0 0 0 0;
 INPUT ---        1 -0.417111570018379 0 0 0 0 0 0 0 0 0 0 0 0 0 0;
 INPUT ---        1 -0.116721872037887 0 0 0 0 0 0 0 0 0 0 0 0 0 0;
 INPUT ---        1 -1.02320469605511 0 0 0 0 0 0 0 0 0 0 0 0 0 0;
 INPUT ---        1 0.831903484867951 0 0 0 0 0 0 0 0 0 0 0 0 0 0;
 INPUT ---        1 0.232616865492714 0 0 0 0 0 0 0 0 0 0 0 0 0 0;
 INPUT ---        1 1.93862104415564 0 0 0 0 0 0 0 0 0 0 0 0 0 0;
 INPUT ---        1 1.43167839640923 0 0 0 0 0 0 0 0 0 0 0 0 0 0;
 INPUT ---        1 -0.29614612878445 0 0 0 0 0 0 0 0 0 0 0 0 0 0;
 INPUT ---        1 -1.95138346562861 0 0 0 0 0 0 0 0 0 0 0 0 0 0;
 INPUT ---        1 0.133314491223664 0 0 0 0 0 0 0 0 0 0 0 0 0 0;

Program  MARK  - Survival Rate Estimation with Capture-Recapture Data
 gfortran(dble/PIM2) Vers. 11.1 Nov 2024  16-Sep-2025 05:44:18    Page  003
 - - - - - - - - - - - - - - - - - - - - - - - - - - - - - - - - - - - - - -
 
 INPUT ---        1 -0.370598341236811 0 0 0 0 0 0 0 0 0 0 0 0 0 0;
 INPUT ---        1 0.133132321895156 0 0 0 0 0 0 0 0 0 0 0 0 0 0;
 INPUT ---        1 -0.578263399280568 0 0 0 0 0 0 0 0 0 0 0 0 0 0;
 INPUT ---        0 0 1 0 0 0 0 0 0 0 0 0 0 0 0 0;
 INPUT ---        0 0 1 1 0 0 0 0 0 0 0 0 0 0 0 0;
 INPUT ---        0 0 1 0 1 0 0 0 0 0 0 0 0 0 0 0;
 INPUT ---        0 0 1 0 0 1 0 0 0 0 0 0 0 0 0 0;
 INPUT ---        0 0 1 0 0 0 1 0 0 0 0 0 0 0 0 0;
 INPUT ---        0 0 1 0 0 0 0 1 0 0 0 0 0 0 0 0;
 INPUT ---        0 0 1 0 0 0 0 0 1 0 0 0 0 0 0 0;
 INPUT ---        0 0 1 0 0 0 0 0 0 1 0 0 0 0 0 0;
 INPUT ---        0 0 1 0 0 0 0 0 0 0 1 0 0 0 0 0;
 INPUT ---        0 0 1 0 0 0 0 0 0 0 0 1 0 0 0 0;
 INPUT ---        0 0 1 0 0 0 0 0 0 0 0 0 1 0 0 0;
 INPUT ---        0 0 1 0 0 0 0 0 0 0 0 0 0 1 0 0;
 INPUT ---        0 0 1 0 0 0 0 0 0 0 0 0 0 0 1 0;
 INPUT ---        0 0 1 0 0 0 0 0 0 0 0 0 0 0 0 1;
 INPUT ---       blabel(1)=Phi:(Intercept);
 INPUT ---       blabel(2)=Phi:temp_prev_sep_oct_nov;
 INPUT ---       blabel(3)=p:(Intercept);
 INPUT ---       blabel(4)=p:factor(time)2012;
 INPUT ---       blabel(5)=p:factor(time)2013;
 INPUT ---       blabel(6)=p:factor(time)2014;
 INPUT ---       blabel(7)=p:factor(time)2015;
 INPUT ---       blabel(8)=p:factor(time)2016;
 INPUT ---       blabel(9)=p:factor(time)2017;
 INPUT ---       blabel(10)=p:factor(time)2018;
 INPUT ---       blabel(11)=p:factor(time)2019;
 INPUT ---       blabel(12)=p:factor(time)2020;
 INPUT ---       blabel(13)=p:factor(time)2021;
 INPUT ---       blabel(14)=p:factor(time)2022;
 INPUT ---       blabel(15)=p:factor(time)2023;
 INPUT ---       blabel(16)=p:factor(time)2024;
 INPUT ---       rlabel(1)=Phi g1 c2010 a0 t2010;
 INPUT ---       rlabel(2)=Phi g1 c2010 a1 t2011;
 INPUT ---       rlabel(3)=Phi g1 c2010 a2 t2012;
 INPUT ---       rlabel(4)=Phi g1 c2010 a3 t2013;
 INPUT ---       rlabel(5)=Phi g1 c2010 a4 t2014;
 INPUT ---       rlabel(6)=Phi g1 c2010 a5 t2015;
 INPUT ---       rlabel(7)=Phi g1 c2010 a6 t2016;
 INPUT ---       rlabel(8)=Phi g1 c2010 a7 t2017;
 INPUT ---       rlabel(9)=Phi g1 c2010 a8 t2018;
 INPUT ---       rlabel(10)=Phi g1 c2010 a9 t2019;
 INPUT ---       rlabel(11)=Phi g1 c2010 a10 t2020;
 INPUT ---       rlabel(12)=Phi g1 c2010 a11 t2021;
 INPUT ---       rlabel(13)=Phi g1 c2010 a12 t2022;

Program  MARK  - Survival Rate Estimation with Capture-Recapture Data
 gfortran(dble/PIM2) Vers. 11.1 Nov 2024  16-Sep-2025 05:44:18    Page  004
 - - - - - - - - - - - - - - - - - - - - - - - - - - - - - - - - - - - - - -
 
 INPUT ---       rlabel(14)=Phi g1 c2010 a13 t2023;
 INPUT ---       rlabel(15)=p g1 c2010 a1 t2011;
 INPUT ---       rlabel(16)=p g1 c2010 a2 t2012;
 INPUT ---       rlabel(17)=p g1 c2010 a3 t2013;
 INPUT ---       rlabel(18)=p g1 c2010 a4 t2014;
 INPUT ---       rlabel(19)=p g1 c2010 a5 t2015;
 INPUT ---       rlabel(20)=p g1 c2010 a6 t2016;
 INPUT ---       rlabel(21)=p g1 c2010 a7 t2017;
 INPUT ---       rlabel(22)=p g1 c2010 a8 t2018;
 INPUT ---       rlabel(23)=p g1 c2010 a9 t2019;
 INPUT ---       rlabel(24)=p g1 c2010 a10 t2020;
 INPUT ---       rlabel(25)=p g1 c2010 a11 t2021;
 INPUT ---       rlabel(26)=p g1 c2010 a12 t2022;
 INPUT ---       rlabel(27)=p g1 c2010 a13 t2023;
 INPUT ---       rlabel(28)=p g1 c2010 a14 t2024;
   Model is { model_temp_prev_sep_oct_nov }

 Link Function Used is LOGIT        

 Variance Estimation Procedure Used is 2ndPart 
 -2logL(saturated) = 199.66386     
 Effective Sample Size = 237

 Number of function evaluations was 36 for 16 parameters.
 For numerical optimization, CPU Time was 0.141 secs and System Time was 0.140 secs.
 -2logL { model_temp_prev_sep_oct_nov } = 239.52856     
 Penalty { model_temp_prev_sep_oct_nov } = 0.0000000     
 Gradient { model_temp_prev_sep_oct_nov }:
  2.11231E-06   0.0000      6.72133E-07   0.0000       0.0000    
   0.0000       0.0000       0.0000       0.0000      3.95628E-07
   0.0000     -2.84548E-07  4.74186E-07   0.0000      1.68126E-07
   0.0000    
 Maximum ABS(G) { model_temp_prev_sep_oct_nov } =  2.11231E-06
 To compute VC matrix, CPU Time was 0.078 secs and System Time was 0.094 secs.
 S Vector { model_temp_prev_sep_oct_nov }:
   40.76058      15.82019      4.769598      3.454811      2.664501    
   1.523459      1.006312     0.4027320E-01 0.2683688E-05 0.6568005E-07
  0.6568005E-07 0.5109718E-08 0.1808176E-08 0.6599564E-09 0.1923226E-09
  0.1504033E-09
 To invert VC matrix, CPU Time was 0.001 secs and System Time was 0.001 secs.
 Ratio Threshold = 50.00 Max Gap (8/9) = 1.5007E+4 Next Max Gap (9/10) = 40.86
 Gap Method for Num. of Estimated Parameters { model_temp_prev_sep_oct_nov } = 8          
 Threshold { model_temp_prev_sep_oct_nov } = 0.4224618E-05           
 Numerical Threshold Method for Num. of Estimated Parameters { model_temp_prev_sep_oct_nov } = 8          
 Number of Estimated Parameters { model_temp_prev_sep_oct_nov } = 8          
 DEVIANCE { model_temp_prev_sep_oct_nov } = 39.864704               
 DEVIANCE Degrees of Freedom { model_temp_prev_sep_oct_nov } = 7          
 c-hat { model_temp_prev_sep_oct_nov } = 5.6949577               

Program  MARK  - Survival Rate Estimation with Capture-Recapture Data
 gfortran(dble/PIM2) Vers. 11.1 Nov 2024  16-Sep-2025 05:44:19    Page  005
 - - - - - - - - - - - - - - - - - - - - - - - - - - - - - - - - - - - - - -
 
 AIC { model_temp_prev_sep_oct_nov } = 255.52856               
 AICc { model_temp_prev_sep_oct_nov } = 256.16014               
 BIC { model_temp_prev_sep_oct_nov } = 283.27304               
 Pearson Chisquare { model_temp_prev_sep_oct_nov } = 56.181078               
 Possible Encounter Histories { model_temp_prev_sep_oct_nov } = 4062          
 Pearson Chisquare df { model_temp_prev_sep_oct_nov } = 4044          
 Pearson chat { model_temp_prev_sep_oct_nov } = 0.0138925               
 Sum(Observed/Expected) { model_temp_prev_sep_oct_nov } = 74.288091               
 s-bar { model_temp_prev_sep_oct_nov } = -0.9841342              
 Fletcher chat { model_temp_prev_sep_oct_nov } = 0.8756243               


            LOGIT Link Function Parameters of { model_temp_prev_sep_oct_nov }
                                                              95% Confidence Interval
    Parameter                  Beta         Standard Error     Lower           Upper
 -------------------------  --------------  --------------  --------------  --------------
    1:Phi:(Intercept)        4.4178068       3.3016643      -2.0534554       10.889069    
    2:Phi:temp_prev_sep_oc   2.8934458       1.9139491      -0.8578945       6.6447861    
    3:p:(Intercept)         -13.188761       231.07874      -466.10309       439.72557    
    4:p:factor(time)2012    -0.1000000       0.0000000      -0.1000000      -0.1000000    
    5:p:factor(time)2013    -0.1000000       0.0000000      -0.1000000      -0.1000000    
    6:p:factor(time)2014    -21.986914       0.0000000      -21.986914      -21.986914    
    7:p:factor(time)2015     12.834397       231.07879      -440.08004       465.74884    
    8:p:factor(time)2016    -19.327980       0.0000000      -19.327980      -19.327980    
    9:p:factor(time)2017     9.5468082       231.07996      -443.36993       462.46355    
   10:p:factor(time)2018     8.6421316       231.08106      -444.27675       461.56101    
   11:p:factor(time)2019    -17.763246       18913.854      -37088.918       37053.392    
   12:p:factor(time)2020     12.406137       231.07979      -440.51027       465.32254    
   13:p:factor(time)2021     11.067080       231.07954      -441.84883       463.98299    
   14:p:factor(time)2022    -10.481134       0.0000000      -10.481134      -10.481134    
   15:p:factor(time)2023     10.344748       231.07958      -442.57124       463.26074    
   16:p:factor(time)2024    -9.4707949       0.0000000      -9.4707949      -9.4707949    


               Real Function Parameters of { model_temp_prev_sep_oct_nov }
                                                               95% Confidence Interval
     Parameter                Estimate       Standard Error     Lower           Upper
 --------------------------  --------------  --------------  --------------  --------------
     1:Phi g1 c2010 a0 t201   0.8510523       0.2010341       0.2033457       0.9922422       
     2:Phi g1 c2010 a1 t201   0.9612430       0.0938213       0.1512180       0.9997105       
     3:Phi g1 c2010 a2 t201   0.9833749       0.0503816       0.1234626       0.9999597       
     4:Phi g1 c2010 a3 t201   0.8111070       0.2161128       0.2129146       0.9855412       
     5:Phi g1 c2010 a4 t201   0.9989148       0.0052885       0.0608282       0.9999999       
     6:Phi g1 c2010 a5 t201   0.9938850       0.0227380       0.0960420       0.9999960       
     7:Phi g1 c2010 a6 t201   0.9999558       0.3087017E-03   0.0249050       1.0000000       
     8:Phi g1 c2010 a7 t201   0.9998085       0.0011528       0.0377030       1.0000000       
     9:Phi g1 c2010 a8 t201   0.9723724       0.0737328       0.1396063       0.9998690       

Program  MARK  - Survival Rate Estimation with Capture-Recapture Data
 gfortran(dble/PIM2) Vers. 11.1 Nov 2024  16-Sep-2025 05:44:19    Page  006
 - - - - - - - - - - - - - - - - - - - - - - - - - - - - - - - - - - - - - -
 
    10:Phi g1 c2010 a9 t201   0.2264589       0.1288216       0.0647807       0.5530354       
    11:Phi g1 c2010 a10 t20   0.9918661       0.0286682       0.1032916       0.9999923       
    12:Phi g1 c2010 a11 t20   0.9659572       0.0856712       0.1466887       0.9997865       
    13:Phi g1 c2010 a12 t20   0.9918618       0.0286803       0.1033053       0.9999922       
    14:Phi g1 c2010 a13 t20   0.9396095       0.1258915       0.1674456       0.9991699       
    15:p g1 c2010 a1 t2011    0.1871514E-05   0.4324663E-03  0.3749714E-202   1.0000000       
    16:p g1 c2010 a2 t2012    0.1693416E-05   0.0000000       0.1693416E-05   0.1693416E-05   
    17:p g1 c2010 a3 t2013    0.1693416E-05   0.0000000       0.1693416E-05   0.1693416E-05   
    18:p g1 c2010 a4 t2014    0.5289302E-15   0.0000000       0.5289302E-15   0.5289302E-15   
    19:p g1 c2010 a5 t2015    0.4123246       0.0888619       0.2548060       0.5901086       
    20:p g1 c2010 a6 t2016    0.7553683E-14   0.0000000       0.7553683E-14   0.7553683E-14   
    21:p g1 c2010 a7 t2017    0.0255322       0.0180956       0.0062589       0.0982850       
    22:p g1 c2010 a8 t2018    0.0104916       0.0104912       0.0014608       0.0713634       
    23:p g1 c2010 a9 t2019    0.3611720E-13   0.6828604E-09  -0.1338370E-08   0.1338442E-08   
    24:p g1 c2010 a10 t2020   0.3137547       0.1781479       0.0828445       0.6982680       
    25:p g1 c2010 a11 t2021   0.1070073       0.0642721       0.0310688       0.3093045       
    26:p g1 c2010 a12 t2022   0.5251642E-10   0.0000000       0.5251642E-10   0.5251642E-10   
    27:p g1 c2010 a13 t2023   0.0549916       0.0337026       0.0160616       0.1718045       
    28:p g1 c2010 a14 t2024   0.1442381E-09   0.0000000       0.1442381E-09   0.1442381E-09   

 To compute parameter estimates, CPU Time was 0.001 secs and System Time was 0.016 secs.

 Attempted ordering of parameters by estimatibility:
   3  1  7 13 15  9 12  2 10  4  5 11 16 14  8  6
 Beta number 6 is a singular value.

 For procedure estimate CPU Time was 0.219 secs and System Time was 0.250 secs.

Program  MARK  - Survival Rate Estimation with Capture-Recapture Data
 gfortran(dble/PIM2) Vers. 11.1 Nov 2024  16-Sep-2025 05:44:19    Page  007
 - - - - - - - - - - - - - - - - - - - - - - - - - - - - - - - - - - - - - -
 


 INPUT --- proc stop;

 For this job, CPU Time in mins was 0.004 and System Time in mins was 0.005.

     Time Start = 05:44:18.875   Time End = 05:44:19.157

 Wall Clock Time in mins for this job was 0.004.

 Maximum of 19 words used.


          E X E C U T I O N   S U C C E S S F U L
