
 Program  MARK  - Survival Rate Estimation with Capture-Recapture Data
 gfortran(dble/PIM2) Vers. 11.1 Nov 2024  16-Sep-2025 05:43:46    Page  001
  
 - - - - - - - - - - - - - - - - - - - - - - - - - - - - - - - - - - - - - -
 
 Welcome to MARK localuser on machine DEP79421 in subdirectory 
 "C:\Users\localuser\Desktop\GitHub\LHI_SBSH_CMR_adult_survival" running file "data/rmark_outputs/covariate_models/linear_covariate_model_enso_py_pc.inp".
 This version was compiled by GCC version 14.2.0 using the options: 
  -cpp -iprefix C:/tdm-gcc-64/mingw64-14-2/bin/../lib/gcc/
  x86_64-w64-mingw32/14.2.0/ -D_MT -D_REENTRANT -U_REENTRANT -D
  dbleprecision -m64 -march=x86-64 -mtune=generic -mthreads -O3 -std=f2023
  -fimplicit-none -ffpe-summary=invalid,zero,overflow,underflow
  -funroll-loops -fno-unsafe-math-optimizations -frounding-math
  -fsignaling-nans -fall-intrinsics -fopenmp

 This problem will use 19 of 20 possible threads.
 Static thread allocation is used.
 INPUT --- proc title ;

 For procedure title CPU Time was 0.001 secs and System Time was 0.001 secs.
 INPUT --- proc chmatrix occasions= 15 groups= 1 etype= Live Nodes= 
 INPUT --- 101 ICMeans NoHist hist= 26  ;
 INPUT ---    time interval 1 1 1 1 1 1 1 1 1 1 1 1 1 1 ;
 INPUT ---    glabel(1)=Group 1;

      Number of unique encounter histories read was 26.

      Number of individual covariates read was 0.
      Time interval lengths are all equal to 1.

      Data type number is 1
      Data type is Live Recaptures (CJS)

 For procedure chmatrix CPU Time was 0.016 secs and System Time was 0.001 secs.

Program  MARK  - Survival Rate Estimation with Capture-Recapture Data
 gfortran(dble/PIM2) Vers. 11.1 Nov 2024  16-Sep-2025 05:43:46    Page  002
 - - - - - - - - - - - - - - - - - - - - - - - - - - - - - - - - - - - - - -
 


 INPUT --- proc estimate link=Logit NOLOOP varest=2ndPart    ;
 INPUT --- model={ model_enso_py_pc };
 INPUT ---    group=1 Phi    rows=14 cols=14 Triang ;
 INPUT ---        1 2 3 4 5 6 7 8 9 10 11 12 13 14 ;
 INPUT ---        2 3 4 5 6 7 8 9 10 11 12 13 14 ;
 INPUT ---        3 4 5 6 7 8 9 10 11 12 13 14 ;
 INPUT ---        4 5 6 7 8 9 10 11 12 13 14 ;
 INPUT ---        5 6 7 8 9 10 11 12 13 14 ;
 INPUT ---        6 7 8 9 10 11 12 13 14 ;
 INPUT ---        7 8 9 10 11 12 13 14 ;
 INPUT ---        8 9 10 11 12 13 14 ;
 INPUT ---        9 10 11 12 13 14 ;
 INPUT ---        10 11 12 13 14 ;
 INPUT ---        11 12 13 14 ;
 INPUT ---        12 13 14 ;
 INPUT ---        13 14 ;
 INPUT ---        14 ;
 INPUT ---    group=1 p    rows=14 cols=14 Triang ;
 INPUT ---        15 16 17 18 19 20 21 22 23 24 25 26 27 28 ;
 INPUT ---        16 17 18 19 20 21 22 23 24 25 26 27 28 ;
 INPUT ---        17 18 19 20 21 22 23 24 25 26 27 28 ;
 INPUT ---        18 19 20 21 22 23 24 25 26 27 28 ;
 INPUT ---        19 20 21 22 23 24 25 26 27 28 ;
 INPUT ---        20 21 22 23 24 25 26 27 28 ;
 INPUT ---        21 22 23 24 25 26 27 28 ;
 INPUT ---        22 23 24 25 26 27 28 ;
 INPUT ---        23 24 25 26 27 28 ;
 INPUT ---        24 25 26 27 28 ;
 INPUT ---        25 26 27 28 ;
 INPUT ---        26 27 28 ;
 INPUT ---        27 28 ;
 INPUT ---        28 ;
 INPUT ---    design matrix constraints=28 covariates=16;
 INPUT ---        1 -0.719987970576933 0 0 0 0 0 0 0 0 0 0 0 0 0 0;
 INPUT ---        1 1.36249610870068 0 0 0 0 0 0 0 0 0 0 0 0 0 0;
 INPUT ---        1 0.818253652614078 0 0 0 0 0 0 0 0 0 0 0 0 0 0;
 INPUT ---        1 -0.131021754658838 0 0 0 0 0 0 0 0 0 0 0 0 0 0;
 INPUT ---        1 0.460463573962171 0 0 0 0 0 0 0 0 0 0 0 0 0 0;
 INPUT ---        1 -0.404402539053599 0 0 0 0 0 0 0 0 0 0 0 0 0 0;
 INPUT ---        1 -2.1738202995108 0 0 0 0 0 0 0 0 0 0 0 0 0 0;
 INPUT ---        1 0.408182476021938 0 0 0 0 0 0 0 0 0 0 0 0 0 0;
 INPUT ---        1 0.0403159465583709 0 0 0 0 0 0 0 0 0 0 0 0 0 0;
 INPUT ---        1 -0.354640553816281 0 0 0 0 0 0 0 0 0 0 0 0 0 0;
 INPUT ---        1 -0.590854916488297 0 0 0 0 0 0 0 0 0 0 0 0 0 0;

Program  MARK  - Survival Rate Estimation with Capture-Recapture Data
 gfortran(dble/PIM2) Vers. 11.1 Nov 2024  16-Sep-2025 05:43:46    Page  003
 - - - - - - - - - - - - - - - - - - - - - - - - - - - - - - - - - - - - - -
 
 INPUT ---        1 0.815734539911163 0 0 0 0 0 0 0 0 0 0 0 0 0 0;
 INPUT ---        1 0.728806132951101 0 0 0 0 0 0 0 0 0 0 0 0 0 0;
 INPUT ---        1 1.27808681444354 0 0 0 0 0 0 0 0 0 0 0 0 0 0;
 INPUT ---        0 0 1 0 0 0 0 0 0 0 0 0 0 0 0 0;
 INPUT ---        0 0 1 1 0 0 0 0 0 0 0 0 0 0 0 0;
 INPUT ---        0 0 1 0 1 0 0 0 0 0 0 0 0 0 0 0;
 INPUT ---        0 0 1 0 0 1 0 0 0 0 0 0 0 0 0 0;
 INPUT ---        0 0 1 0 0 0 1 0 0 0 0 0 0 0 0 0;
 INPUT ---        0 0 1 0 0 0 0 1 0 0 0 0 0 0 0 0;
 INPUT ---        0 0 1 0 0 0 0 0 1 0 0 0 0 0 0 0;
 INPUT ---        0 0 1 0 0 0 0 0 0 1 0 0 0 0 0 0;
 INPUT ---        0 0 1 0 0 0 0 0 0 0 1 0 0 0 0 0;
 INPUT ---        0 0 1 0 0 0 0 0 0 0 0 1 0 0 0 0;
 INPUT ---        0 0 1 0 0 0 0 0 0 0 0 0 1 0 0 0;
 INPUT ---        0 0 1 0 0 0 0 0 0 0 0 0 0 1 0 0;
 INPUT ---        0 0 1 0 0 0 0 0 0 0 0 0 0 0 1 0;
 INPUT ---        0 0 1 0 0 0 0 0 0 0 0 0 0 0 0 1;
 INPUT ---       blabel(1)=Phi:(Intercept);
 INPUT ---       blabel(2)=Phi:enso_py_pc;
 INPUT ---       blabel(3)=p:(Intercept);
 INPUT ---       blabel(4)=p:factor(time)2012;
 INPUT ---       blabel(5)=p:factor(time)2013;
 INPUT ---       blabel(6)=p:factor(time)2014;
 INPUT ---       blabel(7)=p:factor(time)2015;
 INPUT ---       blabel(8)=p:factor(time)2016;
 INPUT ---       blabel(9)=p:factor(time)2017;
 INPUT ---       blabel(10)=p:factor(time)2018;
 INPUT ---       blabel(11)=p:factor(time)2019;
 INPUT ---       blabel(12)=p:factor(time)2020;
 INPUT ---       blabel(13)=p:factor(time)2021;
 INPUT ---       blabel(14)=p:factor(time)2022;
 INPUT ---       blabel(15)=p:factor(time)2023;
 INPUT ---       blabel(16)=p:factor(time)2024;
 INPUT ---       rlabel(1)=Phi g1 c2010 a0 t2010;
 INPUT ---       rlabel(2)=Phi g1 c2010 a1 t2011;
 INPUT ---       rlabel(3)=Phi g1 c2010 a2 t2012;
 INPUT ---       rlabel(4)=Phi g1 c2010 a3 t2013;
 INPUT ---       rlabel(5)=Phi g1 c2010 a4 t2014;
 INPUT ---       rlabel(6)=Phi g1 c2010 a5 t2015;
 INPUT ---       rlabel(7)=Phi g1 c2010 a6 t2016;
 INPUT ---       rlabel(8)=Phi g1 c2010 a7 t2017;
 INPUT ---       rlabel(9)=Phi g1 c2010 a8 t2018;
 INPUT ---       rlabel(10)=Phi g1 c2010 a9 t2019;
 INPUT ---       rlabel(11)=Phi g1 c2010 a10 t2020;
 INPUT ---       rlabel(12)=Phi g1 c2010 a11 t2021;
 INPUT ---       rlabel(13)=Phi g1 c2010 a12 t2022;

Program  MARK  - Survival Rate Estimation with Capture-Recapture Data
 gfortran(dble/PIM2) Vers. 11.1 Nov 2024  16-Sep-2025 05:43:46    Page  004
 - - - - - - - - - - - - - - - - - - - - - - - - - - - - - - - - - - - - - -
 
 INPUT ---       rlabel(14)=Phi g1 c2010 a13 t2023;
 INPUT ---       rlabel(15)=p g1 c2010 a1 t2011;
 INPUT ---       rlabel(16)=p g1 c2010 a2 t2012;
 INPUT ---       rlabel(17)=p g1 c2010 a3 t2013;
 INPUT ---       rlabel(18)=p g1 c2010 a4 t2014;
 INPUT ---       rlabel(19)=p g1 c2010 a5 t2015;
 INPUT ---       rlabel(20)=p g1 c2010 a6 t2016;
 INPUT ---       rlabel(21)=p g1 c2010 a7 t2017;
 INPUT ---       rlabel(22)=p g1 c2010 a8 t2018;
 INPUT ---       rlabel(23)=p g1 c2010 a9 t2019;
 INPUT ---       rlabel(24)=p g1 c2010 a10 t2020;
 INPUT ---       rlabel(25)=p g1 c2010 a11 t2021;
 INPUT ---       rlabel(26)=p g1 c2010 a12 t2022;
 INPUT ---       rlabel(27)=p g1 c2010 a13 t2023;
 INPUT ---       rlabel(28)=p g1 c2010 a14 t2024;
   Model is { model_enso_py_pc }

 Link Function Used is LOGIT        

 Variance Estimation Procedure Used is 2ndPart 
 -2logL(saturated) = 199.66386     
 Effective Sample Size = 237

 Number of function evaluations was 51 for 16 parameters.
 For numerical optimization, CPU Time was 0.328 secs and System Time was 0.203 secs.
 -2logL { model_enso_py_pc } = 240.75813     
 Penalty { model_enso_py_pc } = 0.0000000     
 Gradient { model_enso_py_pc }:
  2.44179E-04 -9.17487E-05  2.65870E-04   0.0000       0.0000    
   0.0000      7.62080E-05   0.0000      4.86174E-05  2.17678E-05
   0.0000      4.77684E-05 -5.86425E-06  3.34513E-07  7.74076E-05
   0.0000    
 Maximum ABS(G) { model_enso_py_pc } =  2.65870E-04
 To compute VC matrix, CPU Time was 0.109 secs and System Time was 0.078 secs.
 S Vector { model_enso_py_pc }:
   41.71912      10.60133      5.332685      3.171844      2.507982    
   2.198401      1.092978     0.1680726     0.3341888E-05 0.1293776E-06
  0.3303629E-08 0.2279469E-09 0.2317148E-15 0.1550924E-15 0.1689996E-16
   0.000000    
 To invert VC matrix, CPU Time was 0.001 secs and System Time was 0.001 secs.
 Ratio Threshold = 50.00 Max Gap (15/16) = Inf Next Max Gap (12/13) = 9.8374E+5
 Gap Method for Num. of Estimated Parameters { model_enso_py_pc } = 12          
 Threshold { model_enso_py_pc } = 0.5317398E-03           
 Numerical Threshold Method for Num. of Estimated Parameters { model_enso_py_pc } = 8          
 Number of Estimated Parameters { model_enso_py_pc } = 12          

   * *  WARNING  * *   Number of parameters estimated from gap method (=12) and threshold method (=8) differ.  Inspect full output. 

Program  MARK  - Survival Rate Estimation with Capture-Recapture Data
 gfortran(dble/PIM2) Vers. 11.1 Nov 2024  16-Sep-2025 05:43:47    Page  005
 - - - - - - - - - - - - - - - - - - - - - - - - - - - - - - - - - - - - - -
 
 Ratios of S Vector { model_enso_py_pc }:
   1/2    3.935274       2/3    1.987990       3/4    1.681257       4/5    1.264700       5/6    1.140821    
   6/7    2.011386       7/8    6.503011       8/9    50292.71       9/10    25.83050       10/11    39.16227    
   11/12    14.49297       12/13    983739.2       13/14    1.494043       14/15    9.177090       15/16        Infinity
 DEVIANCE { model_enso_py_pc } = 41.094275               
 DEVIANCE Degrees of Freedom { model_enso_py_pc } = 7          
 c-hat { model_enso_py_pc } = 5.8706107               
 AIC { model_enso_py_pc } = 256.75813               
 AICc { model_enso_py_pc } = 257.38971               
 BIC { model_enso_py_pc } = 284.50261               
 Pearson Chisquare { model_enso_py_pc } = 87.377036               
 Possible Encounter Histories { model_enso_py_pc } = 4062          
 Pearson Chisquare df { model_enso_py_pc } = 4044          
 Pearson chat { model_enso_py_pc } = 0.0216066               
 Sum(Observed/Expected) { model_enso_py_pc } = 104.99879               
 s-bar { model_enso_py_pc } = -0.9765551              
 Fletcher chat { model_enso_py_pc } = 0.9215895               

   * *  WARNING  * *   Divide by zero occurred computing the variance-covariance matrix. 
     IEEE flag status computing the variance-covariance matrix:
     overflow       F
     divide by zero T
     invalid        T
     underflow      F
     inexact        T



                  LOGIT Link Function Parameters of { model_enso_py_pc }
                                                              95% Confidence Interval
    Parameter                  Beta         Standard Error     Lower           Upper
 -------------------------  --------------  --------------  --------------  --------------
    1:Phi:(Intercept)        1.6558305       0.0000000       1.6558305       1.6558305    
    2:Phi:enso_py_pc         0.4198012       0.0000000       0.4198012       0.4198012    
    3:p:(Intercept)         -15.507357       0.0000000      -15.507357      -15.507357    
    4:p:factor(time)2012    -0.1000000       0.0000000      -0.1000000      -0.1000000    
    5:p:factor(time)2013    -0.1000000       0.0000000      -0.1000000      -0.1000000    
    6:p:factor(time)2014    -23.386825       0.0000000      -23.386825      -23.386825    
    7:p:factor(time)2015     15.368432       0.0000000       15.368432       15.368432    
    8:p:factor(time)2016    -16.398707       0.0000000      -16.398707      -16.398707    
    9:p:factor(time)2017     12.534984       0.0000000       12.534984       12.534984    
   10:p:factor(time)2018     11.617642       0.0000000       11.617642       11.617642    
   11:p:factor(time)2019    -12.709148       0.0000000      -12.709148      -12.709148    
   12:p:factor(time)2020     13.813690       0.0000000       13.813690       13.813690    
   13:p:factor(time)2021     12.985758       0.0000000       12.985758       12.985758    
   14:p:factor(time)2022    -4.7018659       0.0000000      -4.7018659      -4.7018659    

Program  MARK  - Survival Rate Estimation with Capture-Recapture Data
 gfortran(dble/PIM2) Vers. 11.1 Nov 2024  16-Sep-2025 05:43:47    Page  006
 - - - - - - - - - - - - - - - - - - - - - - - - - - - - - - - - - - - - - -
 
   15:p:factor(time)2023     12.601455       0.0000000       12.601455       12.601455    
   16:p:factor(time)2024    -38.231956            Infinity       -Infinity        Infinity


                     Real Function Parameters of { model_enso_py_pc }
                                                               95% Confidence Interval
     Parameter                Estimate       Standard Error     Lower           Upper
 --------------------------  --------------  --------------  --------------  --------------
     1:Phi g1 c2010 a0 t201   0.7947141      Not a Number     1.0000000      0.8613828E-307   
     2:Phi g1 c2010 a1 t201   0.9027190      Not a Number     1.0000000      0.2064758E-306   
     3:Phi g1 c2010 a2 t201   0.8807272      Not a Number     1.0000000      0.1643026E-306   
     4:Phi g1 c2010 a3 t201   0.8321340      Not a Number     1.0000000      0.1102999E-306   
     5:Phi g1 c2010 a4 t201   0.8640254      Not a Number     1.0000000      0.1413881E-306   
     6:Phi g1 c2010 a5 t201   0.8154864      Not a Number     1.0000000      0.9834061E-307   
     7:Phi g1 c2010 a6 t201   0.6777079      Not a Number     1.0000000      0.4678831E-307   
     8:Phi g1 c2010 a7 t201   0.8614262      Not a Number     1.0000000      0.1383188E-306   
     9:Phi g1 c2010 a8 t201   0.8419428      Not a Number     1.0000000      0.1185258E-306   
    10:Phi g1 c2010 a9 t201   0.8186091      Not a Number     1.0000000      0.1004166E-306   
    11:Phi g1 c2010 a10 t20   0.8034170      Not a Number     1.0000000      0.9093674E-307   
    12:Phi g1 c2010 a11 t20   0.8806160      Not a Number     1.0000000      0.1641289E-306   
    13:Phi g1 c2010 a12 t20   0.8767259      Not a Number     1.0000000      0.1582474E-306   
    14:Phi g1 c2010 a13 t20   0.8995625      Not a Number     1.0000000      0.1992874E-306   
    15:p g1 c2010 a1 t2011    0.1841791E-06  Not a Number     1.0000000      0.4098122E-314   
    16:p g1 c2010 a2 t2012    0.1666521E-06  Not a Number     1.0000000      0.3708134E-314   
    17:p g1 c2010 a3 t2013    0.1666521E-06  Not a Number     1.0000000      0.3708134E-314   
    18:p g1 c2010 a4 t2014    0.1283724E-16  Not a Number    Not a Number    Not a Number     
    19:p g1 c2010 a5 t2015    0.4653244      Not a Number     1.0000000      0.1936466E-307   
    20:p g1 c2010 a6 t2016    0.1391145E-13  Not a Number    Not a Number    Not a Number     
    21:p g1 c2010 a7 t2017    0.0486897      Not a Number     1.0000000      0.1138830E-308   
    22:p g1 c2010 a8 t2018    0.0200413      Not a Number     1.0000000      0.4550535E-309   
    23:p g1 c2010 a9 t2019    0.5568363E-12  Not a Number    Not a Number    Not a Number     
    24:p g1 c2010 a10 t2020   0.1552942      Not a Number     1.0000000      0.4090669E-308   
    25:p g1 c2010 a11 t2021   0.0743578      Not a Number     1.0000000      0.1787426E-308   
    26:p g1 c2010 a12 t2022   0.1672037E-08  Not a Number    Not a Number    Not a Number     
    27:p g1 c2010 a13 t2023   0.0518626      Not a Number     1.0000000      0.1217102E-308   
    28:p g1 c2010 a14 t2024   0.4584721E-23  Not a Number    Not a Number    Not a Number     

 To compute parameter estimates, CPU Time was 0.001 secs and System Time was 0.001 secs.

 Attempted ordering of parameters by estimatibility:
   3  7 12  1 13 15  9  2 10 14 11  8  5  4  6 16
 Beta number 16 is a singular value.

 For procedure estimate CPU Time was 0.438 secs and System Time was 0.281 secs.

Program  MARK  - Survival Rate Estimation with Capture-Recapture Data
 gfortran(dble/PIM2) Vers. 11.1 Nov 2024  16-Sep-2025 05:43:47    Page  007
 - - - - - - - - - - - - - - - - - - - - - - - - - - - - - - - - - - - - - -
 


 INPUT --- proc stop;

 For this job, CPU Time in mins was 0.008 and System Time in mins was 0.005.

     Time Start = 05:43:46.892   Time End = 05:43:47.221

 Wall Clock Time in mins for this job was 0.005.

 Maximum of 19 words used.


          E X E C U T I O N   S U C C E S S F U L
