
 Program  MARK  - Survival Rate Estimation with Capture-Recapture Data
 gfortran(dble/PIM2) Vers. 11.1 Nov 2024  16-Sep-2025 05:43:55    Page  001
  
 - - - - - - - - - - - - - - - - - - - - - - - - - - - - - - - - - - - - - -
 
 Welcome to MARK localuser on machine DEP79421 in subdirectory 
 "C:\Users\localuser\Desktop\GitHub\LHI_SBSH_CMR_adult_survival" running file "data/rmark_outputs/covariate_models/linear_covariate_model_aao_mjj_pc.inp".
 This version was compiled by GCC version 14.2.0 using the options: 
  -cpp -iprefix C:/tdm-gcc-64/mingw64-14-2/bin/../lib/gcc/
  x86_64-w64-mingw32/14.2.0/ -D_MT -D_REENTRANT -U_REENTRANT -D
  dbleprecision -m64 -march=x86-64 -mtune=generic -mthreads -O3 -std=f2023
  -fimplicit-none -ffpe-summary=invalid,zero,overflow,underflow
  -funroll-loops -fno-unsafe-math-optimizations -frounding-math
  -fsignaling-nans -fall-intrinsics -fopenmp

 This problem will use 19 of 20 possible threads.
 Static thread allocation is used.
 INPUT --- proc title ;

 For procedure title CPU Time was 0.001 secs and System Time was 0.001 secs.
 INPUT --- proc chmatrix occasions= 15 groups= 1 etype= Live Nodes= 
 INPUT --- 101 ICMeans NoHist hist= 26  ;
 INPUT ---    time interval 1 1 1 1 1 1 1 1 1 1 1 1 1 1 ;
 INPUT ---    glabel(1)=Group 1;

      Number of unique encounter histories read was 26.

      Number of individual covariates read was 0.
      Time interval lengths are all equal to 1.

      Data type number is 1
      Data type is Live Recaptures (CJS)

 For procedure chmatrix CPU Time was 0.001 secs and System Time was 0.001 secs.

Program  MARK  - Survival Rate Estimation with Capture-Recapture Data
 gfortran(dble/PIM2) Vers. 11.1 Nov 2024  16-Sep-2025 05:43:55    Page  002
 - - - - - - - - - - - - - - - - - - - - - - - - - - - - - - - - - - - - - -
 


 INPUT --- proc estimate link=Logit NOLOOP varest=2ndPart    ;
 INPUT --- model={ model_aao_mjj_pc };
 INPUT ---    group=1 Phi    rows=14 cols=14 Triang ;
 INPUT ---        1 2 3 4 5 6 7 8 9 10 11 12 13 14 ;
 INPUT ---        2 3 4 5 6 7 8 9 10 11 12 13 14 ;
 INPUT ---        3 4 5 6 7 8 9 10 11 12 13 14 ;
 INPUT ---        4 5 6 7 8 9 10 11 12 13 14 ;
 INPUT ---        5 6 7 8 9 10 11 12 13 14 ;
 INPUT ---        6 7 8 9 10 11 12 13 14 ;
 INPUT ---        7 8 9 10 11 12 13 14 ;
 INPUT ---        8 9 10 11 12 13 14 ;
 INPUT ---        9 10 11 12 13 14 ;
 INPUT ---        10 11 12 13 14 ;
 INPUT ---        11 12 13 14 ;
 INPUT ---        12 13 14 ;
 INPUT ---        13 14 ;
 INPUT ---        14 ;
 INPUT ---    group=1 p    rows=14 cols=14 Triang ;
 INPUT ---        15 16 17 18 19 20 21 22 23 24 25 26 27 28 ;
 INPUT ---        16 17 18 19 20 21 22 23 24 25 26 27 28 ;
 INPUT ---        17 18 19 20 21 22 23 24 25 26 27 28 ;
 INPUT ---        18 19 20 21 22 23 24 25 26 27 28 ;
 INPUT ---        19 20 21 22 23 24 25 26 27 28 ;
 INPUT ---        20 21 22 23 24 25 26 27 28 ;
 INPUT ---        21 22 23 24 25 26 27 28 ;
 INPUT ---        22 23 24 25 26 27 28 ;
 INPUT ---        23 24 25 26 27 28 ;
 INPUT ---        24 25 26 27 28 ;
 INPUT ---        25 26 27 28 ;
 INPUT ---        26 27 28 ;
 INPUT ---        27 28 ;
 INPUT ---        28 ;
 INPUT ---    design matrix constraints=28 covariates=16;
 INPUT ---        1 -2.80312824763952 0 0 0 0 0 0 0 0 0 0 0 0 0 0;
 INPUT ---        1 2.02435863553121 0 0 0 0 0 0 0 0 0 0 0 0 0 0;
 INPUT ---        1 -0.428658135583438 0 0 0 0 0 0 0 0 0 0 0 0 0 0;
 INPUT ---        1 0.116876467934828 0 0 0 0 0 0 0 0 0 0 0 0 0 0;
 INPUT ---        1 0.20529792166889 0 0 0 0 0 0 0 0 0 0 0 0 0 0;
 INPUT ---        1 -0.74695618667354 0 0 0 0 0 0 0 0 0 0 0 0 0 0;
 INPUT ---        1 -0.0952943382730143 0 0 0 0 0 0 0 0 0 0 0 0 0 0;
 INPUT ---        1 0.214115773070992 0 0 0 0 0 0 0 0 0 0 0 0 0 0;
 INPUT ---        1 0.770722411811135 0 0 0 0 0 0 0 0 0 0 0 0 0 0;
 INPUT ---        1 -0.334692455373169 0 0 0 0 0 0 0 0 0 0 0 0 0 0;
 INPUT ---        1 0.155934908688491 0 0 0 0 0 0 0 0 0 0 0 0 0 0;

Program  MARK  - Survival Rate Estimation with Capture-Recapture Data
 gfortran(dble/PIM2) Vers. 11.1 Nov 2024  16-Sep-2025 05:43:55    Page  003
 - - - - - - - - - - - - - - - - - - - - - - - - - - - - - - - - - - - - - -
 
 INPUT ---        1 0.0796392222545949 0 0 0 0 0 0 0 0 0 0 0 0 0 0;
 INPUT ---        1 0.574183475714033 0 0 0 0 0 0 0 0 0 0 0 0 0 0;
 INPUT ---        1 -0.0781395907900142 0 0 0 0 0 0 0 0 0 0 0 0 0 0;
 INPUT ---        0 0 1 0 0 0 0 0 0 0 0 0 0 0 0 0;
 INPUT ---        0 0 1 1 0 0 0 0 0 0 0 0 0 0 0 0;
 INPUT ---        0 0 1 0 1 0 0 0 0 0 0 0 0 0 0 0;
 INPUT ---        0 0 1 0 0 1 0 0 0 0 0 0 0 0 0 0;
 INPUT ---        0 0 1 0 0 0 1 0 0 0 0 0 0 0 0 0;
 INPUT ---        0 0 1 0 0 0 0 1 0 0 0 0 0 0 0 0;
 INPUT ---        0 0 1 0 0 0 0 0 1 0 0 0 0 0 0 0;
 INPUT ---        0 0 1 0 0 0 0 0 0 1 0 0 0 0 0 0;
 INPUT ---        0 0 1 0 0 0 0 0 0 0 1 0 0 0 0 0;
 INPUT ---        0 0 1 0 0 0 0 0 0 0 0 1 0 0 0 0;
 INPUT ---        0 0 1 0 0 0 0 0 0 0 0 0 1 0 0 0;
 INPUT ---        0 0 1 0 0 0 0 0 0 0 0 0 0 1 0 0;
 INPUT ---        0 0 1 0 0 0 0 0 0 0 0 0 0 0 1 0;
 INPUT ---        0 0 1 0 0 0 0 0 0 0 0 0 0 0 0 1;
 INPUT ---       blabel(1)=Phi:(Intercept);
 INPUT ---       blabel(2)=Phi:aao_mjj_pc;
 INPUT ---       blabel(3)=p:(Intercept);
 INPUT ---       blabel(4)=p:factor(time)2012;
 INPUT ---       blabel(5)=p:factor(time)2013;
 INPUT ---       blabel(6)=p:factor(time)2014;
 INPUT ---       blabel(7)=p:factor(time)2015;
 INPUT ---       blabel(8)=p:factor(time)2016;
 INPUT ---       blabel(9)=p:factor(time)2017;
 INPUT ---       blabel(10)=p:factor(time)2018;
 INPUT ---       blabel(11)=p:factor(time)2019;
 INPUT ---       blabel(12)=p:factor(time)2020;
 INPUT ---       blabel(13)=p:factor(time)2021;
 INPUT ---       blabel(14)=p:factor(time)2022;
 INPUT ---       blabel(15)=p:factor(time)2023;
 INPUT ---       blabel(16)=p:factor(time)2024;
 INPUT ---       rlabel(1)=Phi g1 c2010 a0 t2010;
 INPUT ---       rlabel(2)=Phi g1 c2010 a1 t2011;
 INPUT ---       rlabel(3)=Phi g1 c2010 a2 t2012;
 INPUT ---       rlabel(4)=Phi g1 c2010 a3 t2013;
 INPUT ---       rlabel(5)=Phi g1 c2010 a4 t2014;
 INPUT ---       rlabel(6)=Phi g1 c2010 a5 t2015;
 INPUT ---       rlabel(7)=Phi g1 c2010 a6 t2016;
 INPUT ---       rlabel(8)=Phi g1 c2010 a7 t2017;
 INPUT ---       rlabel(9)=Phi g1 c2010 a8 t2018;
 INPUT ---       rlabel(10)=Phi g1 c2010 a9 t2019;
 INPUT ---       rlabel(11)=Phi g1 c2010 a10 t2020;
 INPUT ---       rlabel(12)=Phi g1 c2010 a11 t2021;
 INPUT ---       rlabel(13)=Phi g1 c2010 a12 t2022;

Program  MARK  - Survival Rate Estimation with Capture-Recapture Data
 gfortran(dble/PIM2) Vers. 11.1 Nov 2024  16-Sep-2025 05:43:55    Page  004
 - - - - - - - - - - - - - - - - - - - - - - - - - - - - - - - - - - - - - -
 
 INPUT ---       rlabel(14)=Phi g1 c2010 a13 t2023;
 INPUT ---       rlabel(15)=p g1 c2010 a1 t2011;
 INPUT ---       rlabel(16)=p g1 c2010 a2 t2012;
 INPUT ---       rlabel(17)=p g1 c2010 a3 t2013;
 INPUT ---       rlabel(18)=p g1 c2010 a4 t2014;
 INPUT ---       rlabel(19)=p g1 c2010 a5 t2015;
 INPUT ---       rlabel(20)=p g1 c2010 a6 t2016;
 INPUT ---       rlabel(21)=p g1 c2010 a7 t2017;
 INPUT ---       rlabel(22)=p g1 c2010 a8 t2018;
 INPUT ---       rlabel(23)=p g1 c2010 a9 t2019;
 INPUT ---       rlabel(24)=p g1 c2010 a10 t2020;
 INPUT ---       rlabel(25)=p g1 c2010 a11 t2021;
 INPUT ---       rlabel(26)=p g1 c2010 a12 t2022;
 INPUT ---       rlabel(27)=p g1 c2010 a13 t2023;
 INPUT ---       rlabel(28)=p g1 c2010 a14 t2024;
   Model is { model_aao_mjj_pc }

 Link Function Used is LOGIT        

 Variance Estimation Procedure Used is 2ndPart 
 -2logL(saturated) = 199.66386     
 Effective Sample Size = 237

 Number of function evaluations was 72 for 16 parameters.
 For numerical optimization, CPU Time was 0.734 secs and System Time was 0.359 secs.
 -2logL { model_aao_mjj_pc } = 239.17049     
 Penalty { model_aao_mjj_pc } = 0.0000000     
 Gradient { model_aao_mjj_pc }:
  1.99429E-05  5.05018E-06  2.83564E-05   0.0000       0.0000    
   0.0000      4.87643E-06   0.0000      5.56757E-06 -8.30484E-06
   0.0000      1.82947E-05  8.33451E-07   0.0000      7.13959E-06
   0.0000    
 Maximum ABS(G) { model_aao_mjj_pc } =  2.83564E-05
 To compute VC matrix, CPU Time was 0.172 secs and System Time was 0.094 secs.
 S Vector { model_aao_mjj_pc }:
   39.77581      11.34614      4.374490      3.309390      2.757496    
   1.375824      1.002908     0.1620469E-01 0.3121036E-05 0.1313601E-06
  0.1313601E-06 0.2231958E-07 0.8709482E-08 0.3693688E-08 0.1216785E-08
  0.1703852E-09
 To invert VC matrix, CPU Time was 0.001 secs and System Time was 0.001 secs.
 Ratio Threshold = 50.00 Max Gap (8/9) = 5192. Next Max Gap (7/8) = 61.89
 Gap Method for Num. of Estimated Parameters { model_aao_mjj_pc } = 7          
 Threshold { model_aao_mjj_pc } = 0.5671276E-04           
 Numerical Threshold Method for Num. of Estimated Parameters { model_aao_mjj_pc } = 8          
 Number of Estimated Parameters { model_aao_mjj_pc } = 8          

   * *  WARNING  * *   Number of parameters estimated from gap method (=7) and threshold method (=8) differ.  Inspect full output. 

Program  MARK  - Survival Rate Estimation with Capture-Recapture Data
 gfortran(dble/PIM2) Vers. 11.1 Nov 2024  16-Sep-2025 05:43:56    Page  005
 - - - - - - - - - - - - - - - - - - - - - - - - - - - - - - - - - - - - - -
 
 Ratios of S Vector { model_aao_mjj_pc }:
   1/2    3.505668       2/3    2.593706       3/4    1.321842       4/5    1.200143       5/6    2.004251    
   6/7    1.371834       7/8    61.88997       8/9    5192.087       9/10    23.75939       10/11    1.000000    
   11/12    5.885420       12/13    2.562676       13/14    2.357937       14/15    3.035613       15/16    7.141378    
 DEVIANCE { model_aao_mjj_pc } = 39.506630               
 DEVIANCE Degrees of Freedom { model_aao_mjj_pc } = 7          
 c-hat { model_aao_mjj_pc } = 5.6438043               
 AIC { model_aao_mjj_pc } = 255.17049               
 AICc { model_aao_mjj_pc } = 255.80207               
 BIC { model_aao_mjj_pc } = 282.91497               
 Pearson Chisquare { model_aao_mjj_pc } = 57.606187               
 Possible Encounter Histories { model_aao_mjj_pc } = 4062          
 Pearson Chisquare df { model_aao_mjj_pc } = 4044          
 Pearson chat { model_aao_mjj_pc } = 0.0142449               
 Sum(Observed/Expected) { model_aao_mjj_pc } = 75.378844               
 s-bar { model_aao_mjj_pc } = -0.9838650              
 Fletcher chat { model_aao_mjj_pc } = 0.8828566               


                  LOGIT Link Function Parameters of { model_aao_mjj_pc }
                                                              95% Confidence Interval
    Parameter                  Beta         Standard Error     Lower           Upper
 -------------------------  --------------  --------------  --------------  --------------
    1:Phi:(Intercept)        2.6343385       1.4683814      -0.2436891       5.5123662    
    2:Phi:aao_mjj_pc        -4.6284520       2.7489362      -10.016367       0.7594630    
    3:p:(Intercept)         -12.452694       214.08262      -432.05464       407.14926    
    4:p:factor(time)2012    -0.1000000       0.0000000      -0.1000000      -0.1000000    
    5:p:factor(time)2013    -0.1000000       0.0000000      -0.1000000      -0.1000000    
    6:p:factor(time)2014    -10.545147       11779.099      -23097.580       23076.489    
    7:p:factor(time)2015     12.298635       214.08281      -407.30368       431.90094    
    8:p:factor(time)2016    -13.012202       21554.201      -42259.246       42233.222    
    9:p:factor(time)2017     8.9348742       214.08391      -410.66960       428.53935    
   10:p:factor(time)2018     8.1866812       214.08516      -411.42025       427.79361    
   11:p:factor(time)2019    -29.542777       0.0000000      -29.542777      -29.542777    
   12:p:factor(time)2020     11.615083       214.08385      -407.98927       431.21943    
   13:p:factor(time)2021     10.442473       214.08350      -409.16119       430.04614    
   14:p:factor(time)2022    -12.977990       24577.560      -48184.997       48159.041    
   15:p:factor(time)2023     10.487491       214.08401      -409.11717       430.09215    
   16:p:factor(time)2024    -9.3318438       6693.5427      -13128.676       13110.012    

Program  MARK  - Survival Rate Estimation with Capture-Recapture Data
 gfortran(dble/PIM2) Vers. 11.1 Nov 2024  16-Sep-2025 05:43:56    Page  006
 - - - - - - - - - - - - - - - - - - - - - - - - - - - - - - - - - - - - - -
 
                     Real Function Parameters of { model_aao_mjj_pc }
                                                               95% Confidence Interval
     Parameter                Estimate       Standard Error     Lower           Upper
 --------------------------  --------------  --------------  --------------  --------------
     1:Phi g1 c2010 a0 t201   0.9999998       0.1515997E-05   0.0961039       1.0000000       
     2:Phi g1 c2010 a1 t201   0.0011868       0.0049822       0.3142177E-06   0.8179564       
     3:Phi g1 c2010 a2 t201   0.9902275       0.0252678       0.3776723       0.9999409       
     4:Phi g1 c2010 a3 t201   0.8902582       0.1142229       0.4506297       0.9876892       
     5:Phi g1 c2010 a4 t201   0.8434502       0.1257485       0.4545124       0.9720967       
     6:Phi g1 c2010 a5 t201   0.9977433       0.0078245       0.3274865       0.9999975       
     7:Phi g1 c2010 a6 t201   0.9558667       0.0724861       0.4274154       0.9984112       
     8:Phi g1 c2010 a7 t201   0.8379854       0.1264563       0.4545542       0.9697902       
     9:Phi g1 c2010 a8 t201   0.2823341       0.1765866       0.0665414       0.6846546       
    10:Phi g1 c2010 a9 t201   0.9849831       0.0348726       0.3923368       0.9998500       
    11:Phi g1 c2010 a10 t20   0.8713111       0.1201992       0.4530183       0.9822539       
    12:Phi g1 c2010 a11 t20   0.9059990       0.1075890       0.4476079       0.9913525       
    13:Phi g1 c2010 a12 t20   0.4941897       0.1281698       0.2634276       0.7274543       
    14:Phi g1 c2010 a13 t20   0.9523933       0.0758549       0.4296939       0.9981209       
    15:p g1 c2010 a1 t2011    0.3907166E-05   0.8364530E-03  0.2296424E-187   1.0000000       
    16:p g1 c2010 a2 t2012    0.3535351E-05   0.0000000       0.3535351E-05   0.3535351E-05   
    17:p g1 c2010 a3 t2013    0.3535351E-05   0.0000000       0.3535351E-05   0.3535351E-05   
    18:p g1 c2010 a4 t2014    0.1028405E-09   0.1211229E-05  -0.2373907E-05   0.2374113E-05   
    19:p g1 c2010 a5 t2015    0.4615611       0.1212171       0.2478612       0.6903878       
    20:p g1 c2010 a6 t2016    0.8724405E-11   0.1880950E-06  -0.3686575E-06   0.3686749E-06   
    21:p g1 c2010 a7 t2017    0.0288094       0.0211193       0.0067111       0.1152313       
    22:p g1 c2010 a8 t2018    0.0138433       0.0145081       0.0017455       0.1012825       
    23:p g1 c2010 a9 t2019    0.5775619E-18   0.0000000       0.5775619E-18   0.5775619E-18   
    24:p g1 c2010 a10 t2020   0.3020382       0.1755283       0.0780191       0.6887645       
    25:p g1 c2010 a11 t2021   0.1181339       0.0730044       0.0328082       0.3459876       
    26:p g1 c2010 a12 t2022   0.9028057E-11   0.2219324E-06  -0.4349785E-06   0.4349965E-06   
    27:p g1 c2010 a13 t2023   0.1229051       0.0933695       0.0250176       0.4335048       
    28:p g1 c2010 a14 t2024   0.3460153E-09   0.2315317E-05  -0.4537676E-05   0.4538368E-05   

 To compute parameter estimates, CPU Time was 0.001 secs and System Time was 0.001 secs.

 Attempted ordering of parameters by estimatibility:
   3  1  7 12 13  9 15  2 10  4  5 16  6  8 14 11
 Beta number 11 is a singular value.

 For procedure estimate CPU Time was 0.906 secs and System Time was 0.469 secs.

Program  MARK  - Survival Rate Estimation with Capture-Recapture Data
 gfortran(dble/PIM2) Vers. 11.1 Nov 2024  16-Sep-2025 05:43:56    Page  007
 - - - - - - - - - - - - - - - - - - - - - - - - - - - - - - - - - - - - - -
 


 INPUT --- proc stop;

 For this job, CPU Time in mins was 0.016 and System Time in mins was 0.009.

     Time Start = 05:43:55.636   Time End = 05:43:56.144

 Wall Clock Time in mins for this job was 0.008.

 Maximum of 19 words used.


          E X E C U T I O N   S U C C E S S F U L
