
 Program  MARK  - Survival Rate Estimation with Capture-Recapture Data
 gfortran(dble/PIM2) Vers. 11.1 Nov 2024  16-Sep-2025 05:43:43    Page  001
  
 - - - - - - - - - - - - - - - - - - - - - - - - - - - - - - - - - - - - - -
 
 Welcome to MARK localuser on machine DEP79421 in subdirectory 
 "C:\Users\localuser\Desktop\GitHub\LHI_SBSH_CMR_adult_survival" running file "data/rmark_outputs/covariate_models/linear_covariate_model_enso_cy_pc.inp".
 This version was compiled by GCC version 14.2.0 using the options: 
  -cpp -iprefix C:/tdm-gcc-64/mingw64-14-2/bin/../lib/gcc/
  x86_64-w64-mingw32/14.2.0/ -D_MT -D_REENTRANT -U_REENTRANT -D
  dbleprecision -m64 -march=x86-64 -mtune=generic -mthreads -O3 -std=f2023
  -fimplicit-none -ffpe-summary=invalid,zero,overflow,underflow
  -funroll-loops -fno-unsafe-math-optimizations -frounding-math
  -fsignaling-nans -fall-intrinsics -fopenmp

 This problem will use 19 of 20 possible threads.
 Static thread allocation is used.
 INPUT --- proc title ;

 For procedure title CPU Time was 0.001 secs and System Time was 0.001 secs.
 INPUT --- proc chmatrix occasions= 15 groups= 1 etype= Live Nodes= 
 INPUT --- 101 ICMeans NoHist hist= 26  ;
 INPUT ---    time interval 1 1 1 1 1 1 1 1 1 1 1 1 1 1 ;
 INPUT ---    glabel(1)=Group 1;

      Number of unique encounter histories read was 26.

      Number of individual covariates read was 0.
      Time interval lengths are all equal to 1.

      Data type number is 1
      Data type is Live Recaptures (CJS)

 For procedure chmatrix CPU Time was 0.001 secs and System Time was 0.001 secs.

Program  MARK  - Survival Rate Estimation with Capture-Recapture Data
 gfortran(dble/PIM2) Vers. 11.1 Nov 2024  16-Sep-2025 05:43:43    Page  002
 - - - - - - - - - - - - - - - - - - - - - - - - - - - - - - - - - - - - - -
 


 INPUT --- proc estimate link=Logit NOLOOP varest=2ndPart    ;
 INPUT --- model={ model_enso_cy_pc };
 INPUT ---    group=1 Phi    rows=14 cols=14 Triang ;
 INPUT ---        1 2 3 4 5 6 7 8 9 10 11 12 13 14 ;
 INPUT ---        2 3 4 5 6 7 8 9 10 11 12 13 14 ;
 INPUT ---        3 4 5 6 7 8 9 10 11 12 13 14 ;
 INPUT ---        4 5 6 7 8 9 10 11 12 13 14 ;
 INPUT ---        5 6 7 8 9 10 11 12 13 14 ;
 INPUT ---        6 7 8 9 10 11 12 13 14 ;
 INPUT ---        7 8 9 10 11 12 13 14 ;
 INPUT ---        8 9 10 11 12 13 14 ;
 INPUT ---        9 10 11 12 13 14 ;
 INPUT ---        10 11 12 13 14 ;
 INPUT ---        11 12 13 14 ;
 INPUT ---        12 13 14 ;
 INPUT ---        13 14 ;
 INPUT ---        14 ;
 INPUT ---    group=1 p    rows=14 cols=14 Triang ;
 INPUT ---        15 16 17 18 19 20 21 22 23 24 25 26 27 28 ;
 INPUT ---        16 17 18 19 20 21 22 23 24 25 26 27 28 ;
 INPUT ---        17 18 19 20 21 22 23 24 25 26 27 28 ;
 INPUT ---        18 19 20 21 22 23 24 25 26 27 28 ;
 INPUT ---        19 20 21 22 23 24 25 26 27 28 ;
 INPUT ---        20 21 22 23 24 25 26 27 28 ;
 INPUT ---        21 22 23 24 25 26 27 28 ;
 INPUT ---        22 23 24 25 26 27 28 ;
 INPUT ---        23 24 25 26 27 28 ;
 INPUT ---        24 25 26 27 28 ;
 INPUT ---        25 26 27 28 ;
 INPUT ---        26 27 28 ;
 INPUT ---        27 28 ;
 INPUT ---        28 ;
 INPUT ---    design matrix constraints=28 covariates=16;
 INPUT ---        1 -1.34463269839036 0 0 0 0 0 0 0 0 0 0 0 0 0 0;
 INPUT ---        1 -0.789460116044397 0 0 0 0 0 0 0 0 0 0 0 0 0 0;
 INPUT ---        1 0.181535648046081 0 0 0 0 0 0 0 0 0 0 0 0 0 0;
 INPUT ---        1 -0.420235069171011 0 0 0 0 0 0 0 0 0 0 0 0 0 0;
 INPUT ---        1 0.459344441225041 0 0 0 0 0 0 0 0 0 0 0 0 0 0;
 INPUT ---        1 2.2637665848524 0 0 0 0 0 0 0 0 0 0 0 0 0 0;
 INPUT ---        1 -0.372746926275958 0 0 0 0 0 0 0 0 0 0 0 0 0 0;
 INPUT ---        1 -0.00174186335473153 0 0 0 0 0 0 0 0 0 0 0 0 0 0;
 INPUT ---        1 0.412301302341948 0 0 0 0 0 0 0 0 0 0 0 0 0 0;
 INPUT ---        1 0.645291976697614 0 0 0 0 0 0 0 0 0 0 0 0 0 0;
 INPUT ---        1 -0.789015112032437 0 0 0 0 0 0 0 0 0 0 0 0 0 0;

Program  MARK  - Survival Rate Estimation with Capture-Recapture Data
 gfortran(dble/PIM2) Vers. 11.1 Nov 2024  16-Sep-2025 05:43:43    Page  003
 - - - - - - - - - - - - - - - - - - - - - - - - - - - - - - - - - - - - - -
 
 INPUT ---        1 -0.69715385432605 0 0 0 0 0 0 0 0 0 0 0 0 0 0;
 INPUT ---        1 -1.25321644469593 0 0 0 0 0 0 0 0 0 0 0 0 0 0;
 INPUT ---        1 1.61584273677613 0 0 0 0 0 0 0 0 0 0 0 0 0 0;
 INPUT ---        0 0 1 0 0 0 0 0 0 0 0 0 0 0 0 0;
 INPUT ---        0 0 1 1 0 0 0 0 0 0 0 0 0 0 0 0;
 INPUT ---        0 0 1 0 1 0 0 0 0 0 0 0 0 0 0 0;
 INPUT ---        0 0 1 0 0 1 0 0 0 0 0 0 0 0 0 0;
 INPUT ---        0 0 1 0 0 0 1 0 0 0 0 0 0 0 0 0;
 INPUT ---        0 0 1 0 0 0 0 1 0 0 0 0 0 0 0 0;
 INPUT ---        0 0 1 0 0 0 0 0 1 0 0 0 0 0 0 0;
 INPUT ---        0 0 1 0 0 0 0 0 0 1 0 0 0 0 0 0;
 INPUT ---        0 0 1 0 0 0 0 0 0 0 1 0 0 0 0 0;
 INPUT ---        0 0 1 0 0 0 0 0 0 0 0 1 0 0 0 0;
 INPUT ---        0 0 1 0 0 0 0 0 0 0 0 0 1 0 0 0;
 INPUT ---        0 0 1 0 0 0 0 0 0 0 0 0 0 1 0 0;
 INPUT ---        0 0 1 0 0 0 0 0 0 0 0 0 0 0 1 0;
 INPUT ---        0 0 1 0 0 0 0 0 0 0 0 0 0 0 0 1;
 INPUT ---       blabel(1)=Phi:(Intercept);
 INPUT ---       blabel(2)=Phi:enso_cy_pc;
 INPUT ---       blabel(3)=p:(Intercept);
 INPUT ---       blabel(4)=p:factor(time)2012;
 INPUT ---       blabel(5)=p:factor(time)2013;
 INPUT ---       blabel(6)=p:factor(time)2014;
 INPUT ---       blabel(7)=p:factor(time)2015;
 INPUT ---       blabel(8)=p:factor(time)2016;
 INPUT ---       blabel(9)=p:factor(time)2017;
 INPUT ---       blabel(10)=p:factor(time)2018;
 INPUT ---       blabel(11)=p:factor(time)2019;
 INPUT ---       blabel(12)=p:factor(time)2020;
 INPUT ---       blabel(13)=p:factor(time)2021;
 INPUT ---       blabel(14)=p:factor(time)2022;
 INPUT ---       blabel(15)=p:factor(time)2023;
 INPUT ---       blabel(16)=p:factor(time)2024;
 INPUT ---       rlabel(1)=Phi g1 c2010 a0 t2010;
 INPUT ---       rlabel(2)=Phi g1 c2010 a1 t2011;
 INPUT ---       rlabel(3)=Phi g1 c2010 a2 t2012;
 INPUT ---       rlabel(4)=Phi g1 c2010 a3 t2013;
 INPUT ---       rlabel(5)=Phi g1 c2010 a4 t2014;
 INPUT ---       rlabel(6)=Phi g1 c2010 a5 t2015;
 INPUT ---       rlabel(7)=Phi g1 c2010 a6 t2016;
 INPUT ---       rlabel(8)=Phi g1 c2010 a7 t2017;
 INPUT ---       rlabel(9)=Phi g1 c2010 a8 t2018;
 INPUT ---       rlabel(10)=Phi g1 c2010 a9 t2019;
 INPUT ---       rlabel(11)=Phi g1 c2010 a10 t2020;
 INPUT ---       rlabel(12)=Phi g1 c2010 a11 t2021;
 INPUT ---       rlabel(13)=Phi g1 c2010 a12 t2022;

Program  MARK  - Survival Rate Estimation with Capture-Recapture Data
 gfortran(dble/PIM2) Vers. 11.1 Nov 2024  16-Sep-2025 05:43:43    Page  004
 - - - - - - - - - - - - - - - - - - - - - - - - - - - - - - - - - - - - - -
 
 INPUT ---       rlabel(14)=Phi g1 c2010 a13 t2023;
 INPUT ---       rlabel(15)=p g1 c2010 a1 t2011;
 INPUT ---       rlabel(16)=p g1 c2010 a2 t2012;
 INPUT ---       rlabel(17)=p g1 c2010 a3 t2013;
 INPUT ---       rlabel(18)=p g1 c2010 a4 t2014;
 INPUT ---       rlabel(19)=p g1 c2010 a5 t2015;
 INPUT ---       rlabel(20)=p g1 c2010 a6 t2016;
 INPUT ---       rlabel(21)=p g1 c2010 a7 t2017;
 INPUT ---       rlabel(22)=p g1 c2010 a8 t2018;
 INPUT ---       rlabel(23)=p g1 c2010 a9 t2019;
 INPUT ---       rlabel(24)=p g1 c2010 a10 t2020;
 INPUT ---       rlabel(25)=p g1 c2010 a11 t2021;
 INPUT ---       rlabel(26)=p g1 c2010 a12 t2022;
 INPUT ---       rlabel(27)=p g1 c2010 a13 t2023;
 INPUT ---       rlabel(28)=p g1 c2010 a14 t2024;
   Model is { model_enso_cy_pc }

 Link Function Used is LOGIT        

 Variance Estimation Procedure Used is 2ndPart 
 -2logL(saturated) = 199.66386     
 Effective Sample Size = 237

 Number of function evaluations was 54 for 16 parameters.
 For numerical optimization, CPU Time was 0.438 secs and System Time was 0.219 secs.
 -2logL { model_enso_cy_pc } = 240.85996     
 Penalty { model_enso_cy_pc } = 0.0000000     
 Gradient { model_enso_cy_pc }:
 -1.19770E-04 -1.19359E-05 -1.17836E-04   0.0000       0.0000    
   0.0000     -1.17120E-04   0.0000     -4.99542E-05  5.17635E-06
   0.0000      4.25552E-05  3.05029E-05  3.74032E-07 -2.87772E-05
   0.0000    
 Maximum ABS(G) { model_enso_cy_pc } =  1.19770E-04
 To compute VC matrix, CPU Time was 0.203 secs and System Time was 0.078 secs.
 S Vector { model_enso_cy_pc }:
   41.58475      9.226951      5.440374      3.341771      2.652042    
   1.889789      1.089636     0.1286021     0.3376552E-05 0.1711546E-06
  0.1175980E-07 0.1443531E-15 0.7667963E-16 0.1534637E-16 0.6603006E-22
  0.4676353E-32
 To invert VC matrix, CPU Time was 0.001 secs and System Time was 0.001 secs.
 Ratio Threshold = 50.00 Max Gap (15/16) = 1.4120E+10 Next Max Gap (11/12) = 8.1466E+7
 Gap Method for Num. of Estimated Parameters { model_enso_cy_pc } = 11          
 Threshold { model_enso_cy_pc } = 0.2395396E-03           
 Numerical Threshold Method for Num. of Estimated Parameters { model_enso_cy_pc } = 8          
 Number of Estimated Parameters { model_enso_cy_pc } = 11          

   * *  WARNING  * *   Number of parameters estimated from gap method (=11) and threshold method (=8) differ.  Inspect full output. 

Program  MARK  - Survival Rate Estimation with Capture-Recapture Data
 gfortran(dble/PIM2) Vers. 11.1 Nov 2024  16-Sep-2025 05:43:44    Page  005
 - - - - - - - - - - - - - - - - - - - - - - - - - - - - - - - - - - - - - -
 
 Ratios of S Vector { model_enso_cy_pc }:
   1/2    4.506878       2/3    1.696014       3/4    1.627991       4/5    1.260075       5/6    1.403354    
   6/7    1.734331       7/8    8.472924       8/9    38086.81       9/10    19.72808       10/11    14.55421    
   11/12   0.8146555E+08   12/13    1.882548       13/14    4.996599       14/15    232414.9       15/16   0.1411999E+11
 DEVIANCE { model_enso_cy_pc } = 41.196104               
 DEVIANCE Degrees of Freedom { model_enso_cy_pc } = 7          
 c-hat { model_enso_cy_pc } = 5.8851577               
 AIC { model_enso_cy_pc } = 256.85996               
 AICc { model_enso_cy_pc } = 257.49154               
 BIC { model_enso_cy_pc } = 284.60444               
 Pearson Chisquare { model_enso_cy_pc } = 86.379100               
 Possible Encounter Histories { model_enso_cy_pc } = 4062          
 Pearson Chisquare df { model_enso_cy_pc } = 4044          
 Pearson chat { model_enso_cy_pc } = 0.0213598               
 Sum(Observed/Expected) { model_enso_cy_pc } = 103.52066               
 s-bar { model_enso_cy_pc } = -0.9769199              
 Fletcher chat { model_enso_cy_pc } = 0.9254637               


                  LOGIT Link Function Parameters of { model_enso_cy_pc }
                                                              95% Confidence Interval
    Parameter                  Beta         Standard Error     Lower           Upper
 -------------------------  --------------  --------------  --------------  --------------
    1:Phi:(Intercept)        1.4365439       0.5272154       0.4032016       2.4698862    
    2:Phi:enso_cy_pc         0.1935685       1.1845673      -2.1281834       2.5153204    
    3:p:(Intercept)         -16.578453       205.75164      -419.85168       386.69477    
    4:p:factor(time)2012    -0.1000000             0.2E+09        -0.4E+09         0.4E+09
    5:p:factor(time)2013    -0.1000000             0.1E+09        -0.2E+09         0.2E+09
    6:p:factor(time)2014    -26.655251             0.5E+08        -0.1E+09         0.1E+09
    7:p:factor(time)2015     16.571929       205.75170      -386.70141       419.84526    
    8:p:factor(time)2016    -32.071945          0.1111E+12     -0.2177E+12      0.2177E+12
    9:p:factor(time)2017     13.432770       205.75309      -389.84329       416.70883    
   10:p:factor(time)2018     12.633533       205.75432      -390.64494       415.91201    
   11:p:factor(time)2019    -29.660559       0.0000000      -29.660559      -29.660559    
   12:p:factor(time)2020     14.866502       205.75219      -388.40780       418.14080    
   13:p:factor(time)2021     14.069736       205.75265      -389.20548       417.34495    
   14:p:factor(time)2022    -4.0994200       2427.6573      -4762.3078       4754.1090    
   15:p:factor(time)2023     13.912992       205.75419      -389.36522       417.19121    
   16:p:factor(time)2024    -10.575267       9218.6966      -18079.221       18058.070    

Program  MARK  - Survival Rate Estimation with Capture-Recapture Data
 gfortran(dble/PIM2) Vers. 11.1 Nov 2024  16-Sep-2025 05:43:44    Page  006
 - - - - - - - - - - - - - - - - - - - - - - - - - - - - - - - - - - - - - -
 
                     Real Function Parameters of { model_enso_cy_pc }
                                                               95% Confidence Interval
     Parameter                Estimate       Standard Error     Lower           Upper
 --------------------------  --------------  --------------  --------------  --------------
     1:Phi g1 c2010 a0 t201   0.7642756       0.3376339       0.0760715       0.9922285       
     2:Phi g1 c2010 a1 t201   0.7830839       0.2122858       0.2376207       0.9766431       
     3:Phi g1 c2010 a2 t201   0.8133131       0.0728279       0.6298481       0.9177228       
     4:Phi g1 c2010 a3 t201   0.7949784       0.1405541       0.4170183       0.9545846       
     5:Phi g1 c2010 a4 t201   0.8213409       0.0850385       0.5961871       0.9347049       
     6:Phi g1 c2010 a5 t201   0.8670055       0.2893034       0.0455262       0.9988789       
     7:Phi g1 c2010 a6 t201   0.7964726       0.1323110       0.4414250       0.9509287       
     8:Phi g1 c2010 a7 t201   0.8078666       0.0819669       0.5989709       0.9221005       
     9:Phi g1 c2010 a8 t201   0.8200007       0.0812061       0.6077829       0.9305199       
    10:Phi g1 c2010 a9 t201   0.8265616       0.1041336       0.5343770       0.9519001       
    11:Phi g1 c2010 a10 t20   0.7830985       0.2121928       0.2378092       0.9766233       
    12:Phi g1 c2010 a11 t20   0.7861036       0.1932891       0.2785828       0.9722046       
    13:Phi g1 c2010 a12 t20   0.7674487       0.3158280       0.0932558       0.9906449       
    14:Phi g1 c2010 a13 t20   0.8518670       0.2223146       0.1539812       0.9945265       
    15:p g1 c2010 a1 t2011    0.6310578E-07   0.1298412E-04  0.4578597E-182   1.0000000       
    16:p g1 c2010 a2 t2012    0.5710047E-07   10.456349      0.3176319E-315   1.0000000       
    17:p g1 c2010 a3 t2013    0.5710047E-07   7.0794718      0.3176319E-315   1.0000000       
    18:p g1 c2010 a4 t2014    0.1674328E-18   0.8434447E-11  -0.1653152E-10   0.1653152E-10   
    19:p g1 c2010 a5 t2015    0.4983690       0.0997569       0.3124636       0.6847264       
    20:p g1 c2010 a6 t2016    0.7437042E-21   0.8259615E-10  -0.1618885E-09   0.1618885E-09   
    21:p g1 c2010 a7 t2017    0.0412617       0.0307098       0.0093107       0.1646356       
    22:p g1 c2010 a8 t2018    0.0189853       0.0195059       0.0024785       0.1309926       
    23:p g1 c2010 a9 t2019    0.8291860E-20   0.0000000       0.8291860E-20   0.8291860E-20   
    24:p g1 c2010 a10 t2020   0.1529107       0.0749012       0.0549228       0.3592626       
    25:p g1 c2010 a11 t2021   0.0752493       0.0473668       0.0209825       0.2360295       
    26:p g1 c2010 a12 t2022   0.1046438E-08   0.2544495E-05  -0.4986164E-05   0.4988257E-05   
    27:p g1 c2010 a13 t2023   0.0650424       0.0623153       0.0092493       0.3414126       
    28:p g1 c2010 a14 t2024   0.1611718E-11   0.1485929E-07  -0.2912259E-07   0.2912582E-07   

 To compute parameter estimates, CPU Time was 0.001 secs and System Time was 0.015 secs.

 Attempted ordering of parameters by estimatibility:
   3  7 12  1 13 15  9  2 10 14 16  4  5  8  6 11
 Beta number 11 is a singular value.

 For procedure estimate CPU Time was 0.641 secs and System Time was 0.328 secs.

Program  MARK  - Survival Rate Estimation with Capture-Recapture Data
 gfortran(dble/PIM2) Vers. 11.1 Nov 2024  16-Sep-2025 05:43:44    Page  007
 - - - - - - - - - - - - - - - - - - - - - - - - - - - - - - - - - - - - - -
 


 INPUT --- proc stop;

 For this job, CPU Time in mins was 0.011 and System Time in mins was 0.006.

     Time Start = 05:43:43.768   Time End = 05:43:44.123

 Wall Clock Time in mins for this job was 0.005.

 Maximum of 19 words used.


          E X E C U T I O N   S U C C E S S F U L
