
 Program  MARK  - Survival Rate Estimation with Capture-Recapture Data
 gfortran(dble/PIM2) Vers. 11.1 Nov 2024  16-Sep-2025 05:44:07    Page  001
  
 - - - - - - - - - - - - - - - - - - - - - - - - - - - - - - - - - - - - - -
 
 Welcome to MARK localuser on machine DEP79421 in subdirectory 
 "C:\Users\localuser\Desktop\GitHub\LHI_SBSH_CMR_adult_survival" running file "data/rmark_outputs/covariate_models/linear_covariate_model_temp_may_jun_jul.inp".
 This version was compiled by GCC version 14.2.0 using the options: 
  -cpp -iprefix C:/tdm-gcc-64/mingw64-14-2/bin/../lib/gcc/
  x86_64-w64-mingw32/14.2.0/ -D_MT -D_REENTRANT -U_REENTRANT -D
  dbleprecision -m64 -march=x86-64 -mtune=generic -mthreads -O3 -std=f2023
  -fimplicit-none -ffpe-summary=invalid,zero,overflow,underflow
  -funroll-loops -fno-unsafe-math-optimizations -frounding-math
  -fsignaling-nans -fall-intrinsics -fopenmp

 This problem will use 19 of 20 possible threads.
 Static thread allocation is used.
 INPUT --- proc title ;

 For procedure title CPU Time was 0.001 secs and System Time was 0.001 secs.
 INPUT --- proc chmatrix occasions= 15 groups= 1 etype= Live Nodes= 
 INPUT --- 101 ICMeans NoHist hist= 26  ;
 INPUT ---    time interval 1 1 1 1 1 1 1 1 1 1 1 1 1 1 ;
 INPUT ---    glabel(1)=Group 1;

      Number of unique encounter histories read was 26.

      Number of individual covariates read was 0.
      Time interval lengths are all equal to 1.

      Data type number is 1
      Data type is Live Recaptures (CJS)

 For procedure chmatrix CPU Time was 0.001 secs and System Time was 0.001 secs.

Program  MARK  - Survival Rate Estimation with Capture-Recapture Data
 gfortran(dble/PIM2) Vers. 11.1 Nov 2024  16-Sep-2025 05:44:07    Page  002
 - - - - - - - - - - - - - - - - - - - - - - - - - - - - - - - - - - - - - -
 


 INPUT --- proc estimate link=Logit NOLOOP varest=2ndPart    ;
 INPUT --- model={ model_temp_may_jun_jul };
 INPUT ---    group=1 Phi    rows=14 cols=14 Triang ;
 INPUT ---        1 2 3 4 5 6 7 8 9 10 11 12 13 14 ;
 INPUT ---        2 3 4 5 6 7 8 9 10 11 12 13 14 ;
 INPUT ---        3 4 5 6 7 8 9 10 11 12 13 14 ;
 INPUT ---        4 5 6 7 8 9 10 11 12 13 14 ;
 INPUT ---        5 6 7 8 9 10 11 12 13 14 ;
 INPUT ---        6 7 8 9 10 11 12 13 14 ;
 INPUT ---        7 8 9 10 11 12 13 14 ;
 INPUT ---        8 9 10 11 12 13 14 ;
 INPUT ---        9 10 11 12 13 14 ;
 INPUT ---        10 11 12 13 14 ;
 INPUT ---        11 12 13 14 ;
 INPUT ---        12 13 14 ;
 INPUT ---        13 14 ;
 INPUT ---        14 ;
 INPUT ---    group=1 p    rows=14 cols=14 Triang ;
 INPUT ---        15 16 17 18 19 20 21 22 23 24 25 26 27 28 ;
 INPUT ---        16 17 18 19 20 21 22 23 24 25 26 27 28 ;
 INPUT ---        17 18 19 20 21 22 23 24 25 26 27 28 ;
 INPUT ---        18 19 20 21 22 23 24 25 26 27 28 ;
 INPUT ---        19 20 21 22 23 24 25 26 27 28 ;
 INPUT ---        20 21 22 23 24 25 26 27 28 ;
 INPUT ---        21 22 23 24 25 26 27 28 ;
 INPUT ---        22 23 24 25 26 27 28 ;
 INPUT ---        23 24 25 26 27 28 ;
 INPUT ---        24 25 26 27 28 ;
 INPUT ---        25 26 27 28 ;
 INPUT ---        26 27 28 ;
 INPUT ---        27 28 ;
 INPUT ---        28 ;
 INPUT ---    design matrix constraints=28 covariates=16;
 INPUT ---        1 1.25260014559879 0 0 0 0 0 0 0 0 0 0 0 0 0 0;
 INPUT ---        1 -0.644027920258278 0 0 0 0 0 0 0 0 0 0 0 0 0 0;
 INPUT ---        1 -0.82544850890616 0 0 0 0 0 0 0 0 0 0 0 0 0 0;
 INPUT ---        1 -0.530416043483538 0 0 0 0 0 0 0 0 0 0 0 0 0 0;
 INPUT ---        1 0.588469988455848 0 0 0 0 0 0 0 0 0 0 0 0 0 0;
 INPUT ---        1 -0.85980334664501 0 0 0 0 0 0 0 0 0 0 0 0 0 0;
 INPUT ---        1 -1.03007668354891 0 0 0 0 0 0 0 0 0 0 0 0 0 0;
 INPUT ---        1 0.357540710419925 0 0 0 0 0 0 0 0 0 0 0 0 0 0;
 INPUT ---        1 -1.52311652346594 0 0 0 0 0 0 0 0 0 0 0 0 0 0;
 INPUT ---        1 1.33286849257449 0 0 0 0 0 0 0 0 0 0 0 0 0 0;
 INPUT ---        1 -0.877529581465353 0 0 0 0 0 0 0 0 0 0 0 0 0 0;

Program  MARK  - Survival Rate Estimation with Capture-Recapture Data
 gfortran(dble/PIM2) Vers. 11.1 Nov 2024  16-Sep-2025 05:44:07    Page  003
 - - - - - - - - - - - - - - - - - - - - - - - - - - - - - - - - - - - - - -
 
 INPUT ---        1 -0.131191767532102 0 0 0 0 0 0 0 0 0 0 0 0 0 0;
 INPUT ---        1 1.02386125412364 0 0 0 0 0 0 0 0 0 0 0 0 0 0;
 INPUT ---        1 1.67663919846711 0 0 0 0 0 0 0 0 0 0 0 0 0 0;
 INPUT ---        0 0 1 0 0 0 0 0 0 0 0 0 0 0 0 0;
 INPUT ---        0 0 1 1 0 0 0 0 0 0 0 0 0 0 0 0;
 INPUT ---        0 0 1 0 1 0 0 0 0 0 0 0 0 0 0 0;
 INPUT ---        0 0 1 0 0 1 0 0 0 0 0 0 0 0 0 0;
 INPUT ---        0 0 1 0 0 0 1 0 0 0 0 0 0 0 0 0;
 INPUT ---        0 0 1 0 0 0 0 1 0 0 0 0 0 0 0 0;
 INPUT ---        0 0 1 0 0 0 0 0 1 0 0 0 0 0 0 0;
 INPUT ---        0 0 1 0 0 0 0 0 0 1 0 0 0 0 0 0;
 INPUT ---        0 0 1 0 0 0 0 0 0 0 1 0 0 0 0 0;
 INPUT ---        0 0 1 0 0 0 0 0 0 0 0 1 0 0 0 0;
 INPUT ---        0 0 1 0 0 0 0 0 0 0 0 0 1 0 0 0;
 INPUT ---        0 0 1 0 0 0 0 0 0 0 0 0 0 1 0 0;
 INPUT ---        0 0 1 0 0 0 0 0 0 0 0 0 0 0 1 0;
 INPUT ---        0 0 1 0 0 0 0 0 0 0 0 0 0 0 0 1;
 INPUT ---       blabel(1)=Phi:(Intercept);
 INPUT ---       blabel(2)=Phi:temp_may_jun_jul;
 INPUT ---       blabel(3)=p:(Intercept);
 INPUT ---       blabel(4)=p:factor(time)2012;
 INPUT ---       blabel(5)=p:factor(time)2013;
 INPUT ---       blabel(6)=p:factor(time)2014;
 INPUT ---       blabel(7)=p:factor(time)2015;
 INPUT ---       blabel(8)=p:factor(time)2016;
 INPUT ---       blabel(9)=p:factor(time)2017;
 INPUT ---       blabel(10)=p:factor(time)2018;
 INPUT ---       blabel(11)=p:factor(time)2019;
 INPUT ---       blabel(12)=p:factor(time)2020;
 INPUT ---       blabel(13)=p:factor(time)2021;
 INPUT ---       blabel(14)=p:factor(time)2022;
 INPUT ---       blabel(15)=p:factor(time)2023;
 INPUT ---       blabel(16)=p:factor(time)2024;
 INPUT ---       rlabel(1)=Phi g1 c2010 a0 t2010;
 INPUT ---       rlabel(2)=Phi g1 c2010 a1 t2011;
 INPUT ---       rlabel(3)=Phi g1 c2010 a2 t2012;
 INPUT ---       rlabel(4)=Phi g1 c2010 a3 t2013;
 INPUT ---       rlabel(5)=Phi g1 c2010 a4 t2014;
 INPUT ---       rlabel(6)=Phi g1 c2010 a5 t2015;
 INPUT ---       rlabel(7)=Phi g1 c2010 a6 t2016;
 INPUT ---       rlabel(8)=Phi g1 c2010 a7 t2017;
 INPUT ---       rlabel(9)=Phi g1 c2010 a8 t2018;
 INPUT ---       rlabel(10)=Phi g1 c2010 a9 t2019;
 INPUT ---       rlabel(11)=Phi g1 c2010 a10 t2020;
 INPUT ---       rlabel(12)=Phi g1 c2010 a11 t2021;
 INPUT ---       rlabel(13)=Phi g1 c2010 a12 t2022;

Program  MARK  - Survival Rate Estimation with Capture-Recapture Data
 gfortran(dble/PIM2) Vers. 11.1 Nov 2024  16-Sep-2025 05:44:07    Page  004
 - - - - - - - - - - - - - - - - - - - - - - - - - - - - - - - - - - - - - -
 
 INPUT ---       rlabel(14)=Phi g1 c2010 a13 t2023;
 INPUT ---       rlabel(15)=p g1 c2010 a1 t2011;
 INPUT ---       rlabel(16)=p g1 c2010 a2 t2012;
 INPUT ---       rlabel(17)=p g1 c2010 a3 t2013;
 INPUT ---       rlabel(18)=p g1 c2010 a4 t2014;
 INPUT ---       rlabel(19)=p g1 c2010 a5 t2015;
 INPUT ---       rlabel(20)=p g1 c2010 a6 t2016;
 INPUT ---       rlabel(21)=p g1 c2010 a7 t2017;
 INPUT ---       rlabel(22)=p g1 c2010 a8 t2018;
 INPUT ---       rlabel(23)=p g1 c2010 a9 t2019;
 INPUT ---       rlabel(24)=p g1 c2010 a10 t2020;
 INPUT ---       rlabel(25)=p g1 c2010 a11 t2021;
 INPUT ---       rlabel(26)=p g1 c2010 a12 t2022;
 INPUT ---       rlabel(27)=p g1 c2010 a13 t2023;
 INPUT ---       rlabel(28)=p g1 c2010 a14 t2024;
   Model is { model_temp_may_jun_jul }

 Link Function Used is LOGIT        

 Variance Estimation Procedure Used is 2ndPart 
 -2logL(saturated) = 199.66386     
 Effective Sample Size = 237

 Number of function evaluations was 70 for 16 parameters.
 For numerical optimization, CPU Time was 0.391 secs and System Time was 0.250 secs.
 -2logL { model_temp_may_jun_jul } = 239.68616     
 Penalty { model_temp_may_jun_jul } = 0.0000000     
 Gradient { model_temp_may_jun_jul }:
 -1.22386E-03 -6.43650E-04 -2.27073E-03   0.0000       0.0000    
   0.0000     -5.64811E-04   0.0000     -5.96417E-04  2.13748E-04
   0.0000     -9.49674E-04  5.05673E-04  5.85326E-07 -8.79939E-04
   0.0000    
 Maximum ABS(G) { model_temp_may_jun_jul } =  2.27073E-03
 To compute VC matrix, CPU Time was 0.125 secs and System Time was 0.078 secs.
 S Vector { model_temp_may_jun_jul }:
   41.39133      12.36640      4.529633      3.335898      2.808148    
   1.386421     0.9764265     0.3452825E-01 0.5059791E-05 0.4242094E-06
  0.6568005E-07 0.6568005E-07 0.2713993E-09 0.2094340E-09 0.1399750E-09
  0.3945590E-10
 To invert VC matrix, CPU Time was 0.001 secs and System Time was 0.001 secs.
 Ratio Threshold = 50.00 Max Gap (8/9) = 6824. Next Max Gap (12/13) = 242.0
 Gap Method for Num. of Estimated Parameters { model_temp_may_jun_jul } = 8          
 Threshold { model_temp_may_jun_jul } = 0.0045415               
 Numerical Threshold Method for Num. of Estimated Parameters { model_temp_may_jun_jul } = 8          
 Number of Estimated Parameters { model_temp_may_jun_jul } = 8          
 DEVIANCE { model_temp_may_jun_jul } = 40.022300               
 DEVIANCE Degrees of Freedom { model_temp_may_jun_jul } = 7          
 c-hat { model_temp_may_jun_jul } = 5.7174715               

Program  MARK  - Survival Rate Estimation with Capture-Recapture Data
 gfortran(dble/PIM2) Vers. 11.1 Nov 2024  16-Sep-2025 05:44:07    Page  005
 - - - - - - - - - - - - - - - - - - - - - - - - - - - - - - - - - - - - - -
 
 AIC { model_temp_may_jun_jul } = 255.68616               
 AICc { model_temp_may_jun_jul } = 256.31774               
 BIC { model_temp_may_jun_jul } = 283.43064               
 Pearson Chisquare { model_temp_may_jun_jul } = 55.752280               
 Possible Encounter Histories { model_temp_may_jun_jul } = 4062          
 Pearson Chisquare df { model_temp_may_jun_jul } = 4044          
 Pearson chat { model_temp_may_jun_jul } = 0.0137864               
 Sum(Observed/Expected) { model_temp_may_jun_jul } = 72.813920               
 s-bar { model_temp_may_jun_jul } = -0.9844980              
 Fletcher chat { model_temp_may_jun_jul } = 0.8893343               


               LOGIT Link Function Parameters of { model_temp_may_jun_jul }
                                                              95% Confidence Interval
    Parameter                  Beta         Standard Error     Lower           Upper
 -------------------------  --------------  --------------  --------------  --------------
    1:Phi:(Intercept)        3.2016190       2.9097516      -2.5014941       8.9047322    
    2:Phi:temp_may_jun_jul  -3.1982250       2.6781076      -8.4473159       2.0508660    
    3:p:(Intercept)         -16.511745       168.50356      -346.77873       313.75524    
    4:p:factor(time)2012    -0.1000000       3901.9640      -7647.9497       7647.7497    
    5:p:factor(time)2013    -0.1000000       3901.9641      -7647.9497       7647.7497    
    6:p:factor(time)2014    -18.479862       69099.732      -135453.96       135417.00    
    7:p:factor(time)2015     16.360994       168.50390      -313.90666       346.62864    
    8:p:factor(time)2016    -43.880061       159200.35      -312076.57       311988.81    
    9:p:factor(time)2017     12.949721       168.50512      -317.32032       343.21976    
   10:p:factor(time)2018     12.153040       168.50677      -318.12024       342.42632    
   11:p:factor(time)2019    -16.112169       60700.970      -118990.02       118957.79    
   12:p:factor(time)2020     15.700050       168.50523      -314.57021       345.97031    
   13:p:factor(time)2021     14.366740       168.50477      -315.90262       344.63610    
   14:p:factor(time)2022    -2.2586078       1534.9947      -3010.8482       3006.3310    
   15:p:factor(time)2023     14.431090       168.50520      -315.83910       344.70128    
   16:p:factor(time)2024    -22.827809       84522.959      -165687.83       165642.17    


                  Real Function Parameters of { model_temp_may_jun_jul }
                                                               95% Confidence Interval
     Parameter                Estimate       Standard Error     Lower           Upper
 --------------------------  --------------  --------------  --------------  --------------
     1:Phi g1 c2010 a0 t201   0.3090684       0.1537272       0.0983720       0.6471396       
     2:Phi g1 c2010 a1 t201   0.9948386       0.0237059       0.0221523       0.9999994       
     3:Phi g1 c2010 a2 t201   0.9971042       0.0147251       0.0154604       0.9999999       
     4:Phi g1 c2010 a3 t201   0.9925938       0.0317178       0.0276914       0.9999984       
     5:Phi g1 c2010 a4 t201   0.7891084       0.2311586       0.1973476       0.9827421       
     6:Phi g1 c2010 a5 t201   0.9974047       0.0134378       0.0144371       0.9999999       
     7:Phi g1 c2010 a6 t201   0.9984929       0.0084951       0.0102680       1.0000000       
     8:Phi g1 c2010 a7 t201   0.8867659       0.1983641       0.1401728       0.9973488       
     9:Phi g1 c2010 a8 t201   0.9996882       0.0021696       0.0037942       1.0000000       

Program  MARK  - Survival Rate Estimation with Capture-Recapture Data
 gfortran(dble/PIM2) Vers. 11.1 Nov 2024  16-Sep-2025 05:44:07    Page  006
 - - - - - - - - - - - - - - - - - - - - - - - - - - - - - - - - - - - - - -
 
    10:Phi g1 c2010 a9 t201   0.2570813       0.1682693       0.0579748       0.6605250       
    11:Phi g1 c2010 a10 t20   0.9975474       0.0128164       0.0139354       0.9999999       
    12:Phi g1 c2010 a11 t20   0.9739464       0.0826191       0.0594986       0.9999547       
    13:Phi g1 c2010 a12 t20   0.4817782       0.1344457       0.2444610       0.7276112       
    14:Phi g1 c2010 a13 t20   0.1033402       0.1585198       0.0040149       0.7671736       
    15:p g1 c2010 a1 t2011    0.6745903E-07   0.1136709E-04  0.2488338E-150   1.0000000       
    16:p g1 c2010 a2 t2012    0.6103946E-07   0.2383957E-03  0.3395433E-315   1.0000000       
    17:p g1 c2010 a3 t2013    0.6103946E-07   0.2383957E-03  0.3395433E-315   1.0000000       
    18:p g1 c2010 a4 t2014    0.6358255E-15   0.4393550E-10  -0.8611295E-10   0.8611422E-10   
    19:p g1 c2010 a5 t2015    0.4623834       0.1540319       0.2033908       0.7434033       
    20:p g1 c2010 a6 t2016    0.5917959E-26   0.9421416E-21  -0.1846592E-20   0.1846604E-20   
    21:p g1 c2010 a7 t2017    0.0275980       0.0201990       0.0064496       0.1103876       
    22:p g1 c2010 a8 t2018    0.0126333       0.0135622       0.0015166       0.0972939       
    23:p g1 c2010 a9 t2019    0.6786005E-14   0.4119187E-09  -0.8073538E-09   0.8073674E-09   
    24:p g1 c2010 a10 t2020   0.3075293       0.1792098       0.0786299       0.6979846       
    25:p g1 c2010 a11 t2021   0.1047989       0.0640817       0.0297768       0.3086977       
    26:p g1 c2010 a12 t2022   0.7049191E-08   0.1080039E-04  -0.2116171E-04   0.2117581E-04   
    27:p g1 c2010 a13 t2023   0.1109913       0.0839455       0.0230194       0.3981492       
    28:p g1 c2010 a14 t2024   0.8223347E-17   0.6950630E-12  -0.1362315E-11   0.1362332E-11   

 To compute parameter estimates, CPU Time was 0.001 secs and System Time was 0.001 secs.

 Attempted ordering of parameters by estimatibility:
   3  1  7 12 13  9 15  2 10 14  4  5 11  6 16  8
 Beta number 8 is a singular value.

 For procedure estimate CPU Time was 0.547 secs and System Time was 0.359 secs.

Program  MARK  - Survival Rate Estimation with Capture-Recapture Data
 gfortran(dble/PIM2) Vers. 11.1 Nov 2024  16-Sep-2025 05:44:07    Page  007
 - - - - - - - - - - - - - - - - - - - - - - - - - - - - - - - - - - - - - -
 


 INPUT --- proc stop;

 For this job, CPU Time in mins was 0.009 and System Time in mins was 0.006.

     Time Start = 05:44:07.578   Time End = 05:44:07.966

 Wall Clock Time in mins for this job was 0.006.

 Maximum of 19 words used.


          E X E C U T I O N   S U C C E S S F U L
