
 Program  MARK  - Survival Rate Estimation with Capture-Recapture Data
 gfortran(dble/PIM2) Vers. 11.1 Nov 2024  16-Sep-2025 05:44:10    Page  001
  
 - - - - - - - - - - - - - - - - - - - - - - - - - - - - - - - - - - - - - -
 
 Welcome to MARK localuser on machine DEP79421 in subdirectory 
 "C:\Users\localuser\Desktop\GitHub\LHI_SBSH_CMR_adult_survival" running file "data/rmark_outputs/covariate_models/linear_covariate_model_temp_sep_oct_nov.inp".
 This version was compiled by GCC version 14.2.0 using the options: 
  -cpp -iprefix C:/tdm-gcc-64/mingw64-14-2/bin/../lib/gcc/
  x86_64-w64-mingw32/14.2.0/ -D_MT -D_REENTRANT -U_REENTRANT -D
  dbleprecision -m64 -march=x86-64 -mtune=generic -mthreads -O3 -std=f2023
  -fimplicit-none -ffpe-summary=invalid,zero,overflow,underflow
  -funroll-loops -fno-unsafe-math-optimizations -frounding-math
  -fsignaling-nans -fall-intrinsics -fopenmp

 This problem will use 19 of 20 possible threads.
 Static thread allocation is used.
 INPUT --- proc title ;

 For procedure title CPU Time was 0.001 secs and System Time was 0.001 secs.
 INPUT --- proc chmatrix occasions= 15 groups= 1 etype= Live Nodes= 
 INPUT --- 101 ICMeans NoHist hist= 26  ;
 INPUT ---    time interval 1 1 1 1 1 1 1 1 1 1 1 1 1 1 ;
 INPUT ---    glabel(1)=Group 1;

      Number of unique encounter histories read was 26.

      Number of individual covariates read was 0.
      Time interval lengths are all equal to 1.

      Data type number is 1
      Data type is Live Recaptures (CJS)

 For procedure chmatrix CPU Time was 0.001 secs and System Time was 0.001 secs.

Program  MARK  - Survival Rate Estimation with Capture-Recapture Data
 gfortran(dble/PIM2) Vers. 11.1 Nov 2024  16-Sep-2025 05:44:10    Page  002
 - - - - - - - - - - - - - - - - - - - - - - - - - - - - - - - - - - - - - -
 


 INPUT --- proc estimate link=Logit NOLOOP varest=2ndPart    ;
 INPUT --- model={ model_temp_sep_oct_nov };
 INPUT ---    group=1 Phi    rows=14 cols=14 Triang ;
 INPUT ---        1 2 3 4 5 6 7 8 9 10 11 12 13 14 ;
 INPUT ---        2 3 4 5 6 7 8 9 10 11 12 13 14 ;
 INPUT ---        3 4 5 6 7 8 9 10 11 12 13 14 ;
 INPUT ---        4 5 6 7 8 9 10 11 12 13 14 ;
 INPUT ---        5 6 7 8 9 10 11 12 13 14 ;
 INPUT ---        6 7 8 9 10 11 12 13 14 ;
 INPUT ---        7 8 9 10 11 12 13 14 ;
 INPUT ---        8 9 10 11 12 13 14 ;
 INPUT ---        9 10 11 12 13 14 ;
 INPUT ---        10 11 12 13 14 ;
 INPUT ---        11 12 13 14 ;
 INPUT ---        12 13 14 ;
 INPUT ---        13 14 ;
 INPUT ---        14 ;
 INPUT ---    group=1 p    rows=14 cols=14 Triang ;
 INPUT ---        15 16 17 18 19 20 21 22 23 24 25 26 27 28 ;
 INPUT ---        16 17 18 19 20 21 22 23 24 25 26 27 28 ;
 INPUT ---        17 18 19 20 21 22 23 24 25 26 27 28 ;
 INPUT ---        18 19 20 21 22 23 24 25 26 27 28 ;
 INPUT ---        19 20 21 22 23 24 25 26 27 28 ;
 INPUT ---        20 21 22 23 24 25 26 27 28 ;
 INPUT ---        21 22 23 24 25 26 27 28 ;
 INPUT ---        22 23 24 25 26 27 28 ;
 INPUT ---        23 24 25 26 27 28 ;
 INPUT ---        24 25 26 27 28 ;
 INPUT ---        25 26 27 28 ;
 INPUT ---        26 27 28 ;
 INPUT ---        27 28 ;
 INPUT ---        28 ;
 INPUT ---    design matrix constraints=28 covariates=16;
 INPUT ---        1 -0.548043518282265 0 0 0 0 0 0 0 0 0 0 0 0 0 0;
 INPUT ---        1 -0.246939889053211 0 0 0 0 0 0 0 0 0 0 0 0 0 0;
 INPUT ---        1 -1.15557713587089 0 0 0 0 0 0 0 0 0 0 0 0 0 0;
 INPUT ---        1 0.703940050117018 0 0 0 0 0 0 0 0 0 0 0 0 0 0;
 INPUT ---        1 0.103229116102187 0 0 0 0 0 0 0 0 0 0 0 0 0 0;
 INPUT ---        1 1.81328792680314 0 0 0 0 0 0 0 0 0 0 0 0 0 0;
 INPUT ---        1 1.30514043681384 0 0 0 0 0 0 0 0 0 0 0 0 0 0;
 INPUT ---        1 -0.426790580476139 0 0 0 0 0 0 0 0 0 0 0 0 0 0;
 INPUT ---        1 -2.08596189264136 0 0 0 0 0 0 0 0 0 0 0 0 0 0;
 INPUT ---        1 0.00369073151546147 0 0 0 0 0 0 0 0 0 0 0 0 0 0;
 INPUT ---        1 -0.501419742275802 0 0 0 0 0 0 0 0 0 0 0 0 0 0;

Program  MARK  - Survival Rate Estimation with Capture-Recapture Data
 gfortran(dble/PIM2) Vers. 11.1 Nov 2024  16-Sep-2025 05:44:10    Page  003
 - - - - - - - - - - - - - - - - - - - - - - - - - - - - - - - - - - - - - -
 
 INPUT ---        1 0.00350812922811006 0 0 0 0 0 0 0 0 0 0 0 0 0 0;
 INPUT ---        1 -0.709578354443314 0 0 0 0 0 0 0 0 0 0 0 0 0 0;
 INPUT ---        1 0.849021934763164 0 0 0 0 0 0 0 0 0 0 0 0 0 0;
 INPUT ---        0 0 1 0 0 0 0 0 0 0 0 0 0 0 0 0;
 INPUT ---        0 0 1 1 0 0 0 0 0 0 0 0 0 0 0 0;
 INPUT ---        0 0 1 0 1 0 0 0 0 0 0 0 0 0 0 0;
 INPUT ---        0 0 1 0 0 1 0 0 0 0 0 0 0 0 0 0;
 INPUT ---        0 0 1 0 0 0 1 0 0 0 0 0 0 0 0 0;
 INPUT ---        0 0 1 0 0 0 0 1 0 0 0 0 0 0 0 0;
 INPUT ---        0 0 1 0 0 0 0 0 1 0 0 0 0 0 0 0;
 INPUT ---        0 0 1 0 0 0 0 0 0 1 0 0 0 0 0 0;
 INPUT ---        0 0 1 0 0 0 0 0 0 0 1 0 0 0 0 0;
 INPUT ---        0 0 1 0 0 0 0 0 0 0 0 1 0 0 0 0;
 INPUT ---        0 0 1 0 0 0 0 0 0 0 0 0 1 0 0 0;
 INPUT ---        0 0 1 0 0 0 0 0 0 0 0 0 0 1 0 0;
 INPUT ---        0 0 1 0 0 0 0 0 0 0 0 0 0 0 1 0;
 INPUT ---        0 0 1 0 0 0 0 0 0 0 0 0 0 0 0 1;
 INPUT ---       blabel(1)=Phi:(Intercept);
 INPUT ---       blabel(2)=Phi:temp_sep_oct_nov;
 INPUT ---       blabel(3)=p:(Intercept);
 INPUT ---       blabel(4)=p:factor(time)2012;
 INPUT ---       blabel(5)=p:factor(time)2013;
 INPUT ---       blabel(6)=p:factor(time)2014;
 INPUT ---       blabel(7)=p:factor(time)2015;
 INPUT ---       blabel(8)=p:factor(time)2016;
 INPUT ---       blabel(9)=p:factor(time)2017;
 INPUT ---       blabel(10)=p:factor(time)2018;
 INPUT ---       blabel(11)=p:factor(time)2019;
 INPUT ---       blabel(12)=p:factor(time)2020;
 INPUT ---       blabel(13)=p:factor(time)2021;
 INPUT ---       blabel(14)=p:factor(time)2022;
 INPUT ---       blabel(15)=p:factor(time)2023;
 INPUT ---       blabel(16)=p:factor(time)2024;
 INPUT ---       rlabel(1)=Phi g1 c2010 a0 t2010;
 INPUT ---       rlabel(2)=Phi g1 c2010 a1 t2011;
 INPUT ---       rlabel(3)=Phi g1 c2010 a2 t2012;
 INPUT ---       rlabel(4)=Phi g1 c2010 a3 t2013;
 INPUT ---       rlabel(5)=Phi g1 c2010 a4 t2014;
 INPUT ---       rlabel(6)=Phi g1 c2010 a5 t2015;
 INPUT ---       rlabel(7)=Phi g1 c2010 a6 t2016;
 INPUT ---       rlabel(8)=Phi g1 c2010 a7 t2017;
 INPUT ---       rlabel(9)=Phi g1 c2010 a8 t2018;
 INPUT ---       rlabel(10)=Phi g1 c2010 a9 t2019;
 INPUT ---       rlabel(11)=Phi g1 c2010 a10 t2020;
 INPUT ---       rlabel(12)=Phi g1 c2010 a11 t2021;
 INPUT ---       rlabel(13)=Phi g1 c2010 a12 t2022;

Program  MARK  - Survival Rate Estimation with Capture-Recapture Data
 gfortran(dble/PIM2) Vers. 11.1 Nov 2024  16-Sep-2025 05:44:10    Page  004
 - - - - - - - - - - - - - - - - - - - - - - - - - - - - - - - - - - - - - -
 
 INPUT ---       rlabel(14)=Phi g1 c2010 a13 t2023;
 INPUT ---       rlabel(15)=p g1 c2010 a1 t2011;
 INPUT ---       rlabel(16)=p g1 c2010 a2 t2012;
 INPUT ---       rlabel(17)=p g1 c2010 a3 t2013;
 INPUT ---       rlabel(18)=p g1 c2010 a4 t2014;
 INPUT ---       rlabel(19)=p g1 c2010 a5 t2015;
 INPUT ---       rlabel(20)=p g1 c2010 a6 t2016;
 INPUT ---       rlabel(21)=p g1 c2010 a7 t2017;
 INPUT ---       rlabel(22)=p g1 c2010 a8 t2018;
 INPUT ---       rlabel(23)=p g1 c2010 a9 t2019;
 INPUT ---       rlabel(24)=p g1 c2010 a10 t2020;
 INPUT ---       rlabel(25)=p g1 c2010 a11 t2021;
 INPUT ---       rlabel(26)=p g1 c2010 a12 t2022;
 INPUT ---       rlabel(27)=p g1 c2010 a13 t2023;
 INPUT ---       rlabel(28)=p g1 c2010 a14 t2024;
   Model is { model_temp_sep_oct_nov }

 Link Function Used is LOGIT        

 Variance Estimation Procedure Used is 2ndPart 
 -2logL(saturated) = 199.66386     
 Effective Sample Size = 237

 Number of function evaluations was 61 for 16 parameters.
 For numerical optimization, CPU Time was 0.438 secs and System Time was 0.312 secs.
 -2logL { model_temp_sep_oct_nov } = 239.13422     
 Penalty { model_temp_sep_oct_nov } = 0.0000000     
 Gradient { model_temp_sep_oct_nov }:
  9.57807E-05 -6.50376E-05 -1.08935E-04   0.0000       0.0000    
   0.0000     -4.67946E-05   0.0000     -9.41650E-06  4.86814E-07
   0.0000     -2.82613E-05 -1.28122E-05  9.59077E-07 -1.26755E-05
   0.0000    
 Maximum ABS(G) { model_temp_sep_oct_nov } =  1.08935E-04
 To compute VC matrix, CPU Time was 0.250 secs and System Time was 0.094 secs.
 S Vector { model_temp_sep_oct_nov }:
   44.70054      15.55807      4.373819      3.307085      2.864896    
   1.437996      1.058952     0.2308606     0.9815577E-05 0.4847763E-06
  0.4597603E-06 0.4597603E-06 0.2420565E-08 0.3642646E-09 0.3105298E-09
  0.1552303E-09
 To invert VC matrix, CPU Time was 0.001 secs and System Time was 0.001 secs.
 Ratio Threshold = 50.00 Max Gap (8/9) = 2.3520E+4 Next Max Gap (12/13) = 189.9
 Gap Method for Num. of Estimated Parameters { model_temp_sep_oct_nov } = 8          
 Threshold { model_temp_sep_oct_nov } = 0.2178693E-03           
 Numerical Threshold Method for Num. of Estimated Parameters { model_temp_sep_oct_nov } = 8          
 Number of Estimated Parameters { model_temp_sep_oct_nov } = 8          
 DEVIANCE { model_temp_sep_oct_nov } = 39.470364               
 DEVIANCE Degrees of Freedom { model_temp_sep_oct_nov } = 7          
 c-hat { model_temp_sep_oct_nov } = 5.6386234               

Program  MARK  - Survival Rate Estimation with Capture-Recapture Data
 gfortran(dble/PIM2) Vers. 11.1 Nov 2024  16-Sep-2025 05:44:11    Page  005
 - - - - - - - - - - - - - - - - - - - - - - - - - - - - - - - - - - - - - -
 
 AIC { model_temp_sep_oct_nov } = 255.13422               
 AICc { model_temp_sep_oct_nov } = 255.76580               
 BIC { model_temp_sep_oct_nov } = 282.87870               
 Pearson Chisquare { model_temp_sep_oct_nov } = 59.003395               
 Possible Encounter Histories { model_temp_sep_oct_nov } = 4062          
 Pearson Chisquare df { model_temp_sep_oct_nov } = 4044          
 Pearson chat { model_temp_sep_oct_nov } = 0.0145904               
 Sum(Observed/Expected) { model_temp_sep_oct_nov } = 76.993622               
 s-bar { model_temp_sep_oct_nov } = -0.9834665              
 Fletcher chat { model_temp_sep_oct_nov } = 0.8824738               


               LOGIT Link Function Parameters of { model_temp_sep_oct_nov }
                                                              95% Confidence Interval
    Parameter                  Beta         Standard Error     Lower           Upper
 -------------------------  --------------  --------------  --------------  --------------
    1:Phi:(Intercept)        1.6883493       0.9327225      -0.1397868       3.5164854    
    2:Phi:temp_sep_oct_nov   1.0811709       0.8580781      -0.6006621       2.7630040    
    3:p:(Intercept)         -22.777369       121.15882      -260.24865       214.69391    
    4:p:factor(time)2012    -0.1000000       0.0000000      -0.1000000      -0.1000000    
    5:p:factor(time)2013    -0.1000000       0.0000000      -0.1000000      -0.1000000    
    6:p:factor(time)2014    -41.325960       0.0000000      -41.325960      -41.325960    
    7:p:factor(time)2015     22.559268       121.15916      -214.91268       260.03122    
    8:p:factor(time)2016    -38.079584       0.0000000      -38.079584      -38.079584    
    9:p:factor(time)2017     19.255389       121.16125      -218.22067       256.73145    
   10:p:factor(time)2018     18.590128       121.16344      -218.89023       256.07048    
   11:p:factor(time)2019    -14.160032       0.0000000      -14.160032      -14.160032    
   12:p:factor(time)2020     21.879014       121.16094      -215.59643       259.35445    
   13:p:factor(time)2021     20.883849       121.16063      -216.59099       258.35869    
   14:p:factor(time)2022     4.9662032       1435.9420      -2809.4802       2819.4126    
   15:p:factor(time)2023     20.517932       121.16083      -216.95731       257.99317    
   16:p:factor(time)2024    -58.864616       0.0000000      -58.864616      -58.864616    


                  Real Function Parameters of { model_temp_sep_oct_nov }
                                                               95% Confidence Interval
     Parameter                Estimate       Standard Error     Lower           Upper
 --------------------------  --------------  --------------  --------------  --------------
     1:Phi g1 c2010 a0 t201   0.7494762       0.1053456       0.4990355       0.8998446       
     2:Phi g1 c2010 a1 t201   0.8055523       0.1177462       0.4870064       0.9475846       
     3:Phi g1 c2010 a2 t201   0.6080143       0.1108340       0.3840240       0.7942030       
     4:Phi g1 c2010 a3 t201   0.9205197       0.1093049       0.3825391       0.9954025       
     5:Phi g1 c2010 a4 t201   0.8581438       0.1231880       0.4542612       0.9777602       
     6:Phi g1 c2010 a5 t201   0.9746382       0.0598349       0.2505562       0.9997737       
     7:Phi g1 c2010 a6 t201   0.9568692       0.0822617       0.3084653       0.9990945       
     8:Phi g1 c2010 a7 t201   0.7732783       0.1108146       0.4970125       0.9217079       
     9:Phi g1 c2010 a8 t201   0.3619450       0.2442859       0.0665961       0.8185163       

Program  MARK  - Survival Rate Estimation with Capture-Recapture Data
 gfortran(dble/PIM2) Vers. 11.1 Nov 2024  16-Sep-2025 05:44:11    Page  006
 - - - - - - - - - - - - - - - - - - - - - - - - - - - - - - - - - - - - - -
 
    10:Phi g1 c2010 a9 t201   0.8445316       0.1228327       0.4647357       0.9714178       
    11:Phi g1 c2010 a10 t20   0.7588214       0.1074648       0.4988280       0.9086404       
    12:Phi g1 c2010 a11 t20   0.8445057       0.1228312       0.4647542       0.9714047       
    13:Phi g1 c2010 a12 t20   0.7152812       0.0988395       0.4924821       0.8667382       
    14:Phi g1 c2010 a13 t20   0.9312651       0.1032812       0.3644303       0.9968861       
    15:p g1 c2010 a1 t2011    0.1282078E-09   0.1553351E-07  -0.3031746E-07   0.3057388E-07   
    16:p g1 c2010 a2 t2012    0.1160072E-09   0.0000000       0.1160072E-09   0.1160072E-09   
    17:p g1 c2010 a3 t2013    0.1160072E-09   0.0000000       0.1160072E-09   0.1160072E-09   
    18:p g1 c2010 a4 t2014    0.1446365E-27   0.0000000       0.1446365E-27   0.1446365E-27   
    19:p g1 c2010 a5 t2015    0.4456899       0.1152502       0.2437092       0.6673555       
    20:p g1 c2010 a6 t2016    0.3716732E-26   0.0000000       0.3716732E-26   0.3716732E-26   
    21:p g1 c2010 a7 t2017    0.0286933       0.0215718       0.0064382       0.1186882       
    22:p g1 c2010 a8 t2018    0.0149609       0.0158081       0.0018519       0.1105838       
    23:p g1 c2010 a9 t2019    0.9084287E-16   0.0000000       0.9084287E-16   0.9084287E-16   
    24:p g1 c2010 a10 t2020   0.2893886       0.1683301       0.0756674       0.6695198       
    25:p g1 c2010 a11 t2021   0.1308437       0.0850827       0.0335725       0.3948097       
    26:p g1 c2010 a12 t2022   0.1839539E-07   0.2630770E-04  0.1023278E-315   1.0000000       
    27:p g1 c2010 a13 t2023   0.0945386       0.0663797       0.0223281       0.3231036       
    28:p g1 c2010 a14 t2024   0.3494110E-35   0.0000000       0.3494110E-35   0.3494110E-35   

 To compute parameter estimates, CPU Time was 0.001 secs and System Time was 0.001 secs.

 Attempted ordering of parameters by estimatibility:
   3  1  7 12 13  9 15  2 10 14  4  5 11  8  6 16
 Beta number 16 is a singular value.

 For procedure estimate CPU Time was 0.703 secs and System Time was 0.406 secs.

Program  MARK  - Survival Rate Estimation with Capture-Recapture Data
 gfortran(dble/PIM2) Vers. 11.1 Nov 2024  16-Sep-2025 05:44:11    Page  007
 - - - - - - - - - - - - - - - - - - - - - - - - - - - - - - - - - - - - - -
 


 INPUT --- proc stop;

 For this job, CPU Time in mins was 0.012 and System Time in mins was 0.008.

     Time Start = 05:44:10.943   Time End = 05:44:11.403

 Wall Clock Time in mins for this job was 0.007.

 Maximum of 19 words used.


          E X E C U T I O N   S U C C E S S F U L
