
 Program  MARK  - Survival Rate Estimation with Capture-Recapture Data
 gfortran(dble/PIM2) Vers. 11.1 Nov 2024  16-Sep-2025 05:44:00    Page  001
  
 - - - - - - - - - - - - - - - - - - - - - - - - - - - - - - - - - - - - - -
 
 Welcome to MARK localuser on machine DEP79421 in subdirectory 
 "C:\Users\localuser\Desktop\GitHub\LHI_SBSH_CMR_adult_survival" running file "data/rmark_outputs/covariate_models/linear_covariate_model_AAO_sep_oct_nov.inp".
 This version was compiled by GCC version 14.2.0 using the options: 
  -cpp -iprefix C:/tdm-gcc-64/mingw64-14-2/bin/../lib/gcc/
  x86_64-w64-mingw32/14.2.0/ -D_MT -D_REENTRANT -U_REENTRANT -D
  dbleprecision -m64 -march=x86-64 -mtune=generic -mthreads -O3 -std=f2023
  -fimplicit-none -ffpe-summary=invalid,zero,overflow,underflow
  -funroll-loops -fno-unsafe-math-optimizations -frounding-math
  -fsignaling-nans -fall-intrinsics -fopenmp

 This problem will use 19 of 20 possible threads.
 Static thread allocation is used.
 INPUT --- proc title ;

 For procedure title CPU Time was 0.001 secs and System Time was 0.001 secs.
 INPUT --- proc chmatrix occasions= 15 groups= 1 etype= Live Nodes= 
 INPUT --- 101 ICMeans NoHist hist= 26  ;
 INPUT ---    time interval 1 1 1 1 1 1 1 1 1 1 1 1 1 1 ;
 INPUT ---    glabel(1)=Group 1;

      Number of unique encounter histories read was 26.

      Number of individual covariates read was 0.
      Time interval lengths are all equal to 1.

      Data type number is 1
      Data type is Live Recaptures (CJS)

 For procedure chmatrix CPU Time was 0.001 secs and System Time was 0.001 secs.

Program  MARK  - Survival Rate Estimation with Capture-Recapture Data
 gfortran(dble/PIM2) Vers. 11.1 Nov 2024  16-Sep-2025 05:44:00    Page  002
 - - - - - - - - - - - - - - - - - - - - - - - - - - - - - - - - - - - - - -
 


 INPUT --- proc estimate link=Logit NOLOOP varest=2ndPart    ;
 INPUT --- model={ model_AAO_sep_oct_nov };
 INPUT ---    group=1 Phi    rows=14 cols=14 Triang ;
 INPUT ---        1 2 3 4 5 6 7 8 9 10 11 12 13 14 ;
 INPUT ---        2 3 4 5 6 7 8 9 10 11 12 13 14 ;
 INPUT ---        3 4 5 6 7 8 9 10 11 12 13 14 ;
 INPUT ---        4 5 6 7 8 9 10 11 12 13 14 ;
 INPUT ---        5 6 7 8 9 10 11 12 13 14 ;
 INPUT ---        6 7 8 9 10 11 12 13 14 ;
 INPUT ---        7 8 9 10 11 12 13 14 ;
 INPUT ---        8 9 10 11 12 13 14 ;
 INPUT ---        9 10 11 12 13 14 ;
 INPUT ---        10 11 12 13 14 ;
 INPUT ---        11 12 13 14 ;
 INPUT ---        12 13 14 ;
 INPUT ---        13 14 ;
 INPUT ---        14 ;
 INPUT ---    group=1 p    rows=14 cols=14 Triang ;
 INPUT ---        15 16 17 18 19 20 21 22 23 24 25 26 27 28 ;
 INPUT ---        16 17 18 19 20 21 22 23 24 25 26 27 28 ;
 INPUT ---        17 18 19 20 21 22 23 24 25 26 27 28 ;
 INPUT ---        18 19 20 21 22 23 24 25 26 27 28 ;
 INPUT ---        19 20 21 22 23 24 25 26 27 28 ;
 INPUT ---        20 21 22 23 24 25 26 27 28 ;
 INPUT ---        21 22 23 24 25 26 27 28 ;
 INPUT ---        22 23 24 25 26 27 28 ;
 INPUT ---        23 24 25 26 27 28 ;
 INPUT ---        24 25 26 27 28 ;
 INPUT ---        25 26 27 28 ;
 INPUT ---        26 27 28 ;
 INPUT ---        27 28 ;
 INPUT ---        28 ;
 INPUT ---    design matrix constraints=28 covariates=16;
 INPUT ---        1 1.24940673704577 0 0 0 0 0 0 0 0 0 0 0 0 0 0;
 INPUT ---        1 -1.13488358772789 0 0 0 0 0 0 0 0 0 0 0 0 0 0;
 INPUT ---        1 -1.04611944463956 0 0 0 0 0 0 0 0 0 0 0 0 0 0;
 INPUT ---        1 -1.20940749395713 0 0 0 0 0 0 0 0 0 0 0 0 0 0;
 INPUT ---        1 -1.09073885346471 0 0 0 0 0 0 0 0 0 0 0 0 0 0;
 INPUT ---        1 0.21176814458007 0 0 0 0 0 0 0 0 0 0 0 0 0 0;
 INPUT ---        1 0.0128795031147772 0 0 0 0 0 0 0 0 0 0 0 0 0 0;
 INPUT ---        1 0.416827555350969 0 0 0 0 0 0 0 0 0 0 0 0 0 0;
 INPUT ---        1 1.11934590706608 0 0 0 0 0 0 0 0 0 0 0 0 0 0;
 INPUT ---        1 -1.33994299849879 0 0 0 0 0 0 0 0 0 0 0 0 0 0;
 INPUT ---        1 0.783276317191556 0 0 0 0 0 0 0 0 0 0 0 0 0 0;

Program  MARK  - Survival Rate Estimation with Capture-Recapture Data
 gfortran(dble/PIM2) Vers. 11.1 Nov 2024  16-Sep-2025 05:44:00    Page  003
 - - - - - - - - - - - - - - - - - - - - - - - - - - - - - - - - - - - - - -
 
 INPUT ---        1 1.18152827468411 0 0 0 0 0 0 0 0 0 0 0 0 0 0;
 INPUT ---        1 1.37234744859592 0 0 0 0 0 0 0 0 0 0 0 0 0 0;
 INPUT ---        1 -0.493123579944894 0 0 0 0 0 0 0 0 0 0 0 0 0 0;
 INPUT ---        0 0 1 0 0 0 0 0 0 0 0 0 0 0 0 0;
 INPUT ---        0 0 1 1 0 0 0 0 0 0 0 0 0 0 0 0;
 INPUT ---        0 0 1 0 1 0 0 0 0 0 0 0 0 0 0 0;
 INPUT ---        0 0 1 0 0 1 0 0 0 0 0 0 0 0 0 0;
 INPUT ---        0 0 1 0 0 0 1 0 0 0 0 0 0 0 0 0;
 INPUT ---        0 0 1 0 0 0 0 1 0 0 0 0 0 0 0 0;
 INPUT ---        0 0 1 0 0 0 0 0 1 0 0 0 0 0 0 0;
 INPUT ---        0 0 1 0 0 0 0 0 0 1 0 0 0 0 0 0;
 INPUT ---        0 0 1 0 0 0 0 0 0 0 1 0 0 0 0 0;
 INPUT ---        0 0 1 0 0 0 0 0 0 0 0 1 0 0 0 0;
 INPUT ---        0 0 1 0 0 0 0 0 0 0 0 0 1 0 0 0;
 INPUT ---        0 0 1 0 0 0 0 0 0 0 0 0 0 1 0 0;
 INPUT ---        0 0 1 0 0 0 0 0 0 0 0 0 0 0 1 0;
 INPUT ---        0 0 1 0 0 0 0 0 0 0 0 0 0 0 0 1;
 INPUT ---       blabel(1)=Phi:(Intercept);
 INPUT ---       blabel(2)=Phi:AAO_sep_oct_nov;
 INPUT ---       blabel(3)=p:(Intercept);
 INPUT ---       blabel(4)=p:factor(time)2012;
 INPUT ---       blabel(5)=p:factor(time)2013;
 INPUT ---       blabel(6)=p:factor(time)2014;
 INPUT ---       blabel(7)=p:factor(time)2015;
 INPUT ---       blabel(8)=p:factor(time)2016;
 INPUT ---       blabel(9)=p:factor(time)2017;
 INPUT ---       blabel(10)=p:factor(time)2018;
 INPUT ---       blabel(11)=p:factor(time)2019;
 INPUT ---       blabel(12)=p:factor(time)2020;
 INPUT ---       blabel(13)=p:factor(time)2021;
 INPUT ---       blabel(14)=p:factor(time)2022;
 INPUT ---       blabel(15)=p:factor(time)2023;
 INPUT ---       blabel(16)=p:factor(time)2024;
 INPUT ---       rlabel(1)=Phi g1 c2010 a0 t2010;
 INPUT ---       rlabel(2)=Phi g1 c2010 a1 t2011;
 INPUT ---       rlabel(3)=Phi g1 c2010 a2 t2012;
 INPUT ---       rlabel(4)=Phi g1 c2010 a3 t2013;
 INPUT ---       rlabel(5)=Phi g1 c2010 a4 t2014;
 INPUT ---       rlabel(6)=Phi g1 c2010 a5 t2015;
 INPUT ---       rlabel(7)=Phi g1 c2010 a6 t2016;
 INPUT ---       rlabel(8)=Phi g1 c2010 a7 t2017;
 INPUT ---       rlabel(9)=Phi g1 c2010 a8 t2018;
 INPUT ---       rlabel(10)=Phi g1 c2010 a9 t2019;
 INPUT ---       rlabel(11)=Phi g1 c2010 a10 t2020;
 INPUT ---       rlabel(12)=Phi g1 c2010 a11 t2021;
 INPUT ---       rlabel(13)=Phi g1 c2010 a12 t2022;

Program  MARK  - Survival Rate Estimation with Capture-Recapture Data
 gfortran(dble/PIM2) Vers. 11.1 Nov 2024  16-Sep-2025 05:44:00    Page  004
 - - - - - - - - - - - - - - - - - - - - - - - - - - - - - - - - - - - - - -
 
 INPUT ---       rlabel(14)=Phi g1 c2010 a13 t2023;
 INPUT ---       rlabel(15)=p g1 c2010 a1 t2011;
 INPUT ---       rlabel(16)=p g1 c2010 a2 t2012;
 INPUT ---       rlabel(17)=p g1 c2010 a3 t2013;
 INPUT ---       rlabel(18)=p g1 c2010 a4 t2014;
 INPUT ---       rlabel(19)=p g1 c2010 a5 t2015;
 INPUT ---       rlabel(20)=p g1 c2010 a6 t2016;
 INPUT ---       rlabel(21)=p g1 c2010 a7 t2017;
 INPUT ---       rlabel(22)=p g1 c2010 a8 t2018;
 INPUT ---       rlabel(23)=p g1 c2010 a9 t2019;
 INPUT ---       rlabel(24)=p g1 c2010 a10 t2020;
 INPUT ---       rlabel(25)=p g1 c2010 a11 t2021;
 INPUT ---       rlabel(26)=p g1 c2010 a12 t2022;
 INPUT ---       rlabel(27)=p g1 c2010 a13 t2023;
 INPUT ---       rlabel(28)=p g1 c2010 a14 t2024;
   Model is { model_AAO_sep_oct_nov }

 Link Function Used is LOGIT        

 Variance Estimation Procedure Used is 2ndPart 
 -2logL(saturated) = 199.66386     
 Effective Sample Size = 237

 Number of function evaluations was 62 for 16 parameters.
 For numerical optimization, CPU Time was 0.531 secs and System Time was 0.281 secs.
 -2logL { model_AAO_sep_oct_nov } = 239.77976     
 Penalty { model_AAO_sep_oct_nov } = 0.0000000     
 Gradient { model_AAO_sep_oct_nov }:
 -5.54584E-04 -4.74340E-04 -4.38722E-04   0.0000       0.0000    
   0.0000      3.44470E-05   0.0000     -3.83502E-05 -1.03279E-05
   0.0000     -2.02068E-04  3.74426E-05   0.0000     -2.59771E-04
   0.0000    
 Maximum ABS(G) { model_AAO_sep_oct_nov } =  5.54584E-04
 To compute VC matrix, CPU Time was 0.141 secs and System Time was 0.109 secs.
 S Vector { model_AAO_sep_oct_nov }:
   47.00438      19.14516      5.507882      3.321735      2.450303    
   1.374304      1.112613     0.1642901     0.3159671E-05 0.6568005E-07
  0.6568005E-07 0.4380872E-07 0.5021632E-08 0.3120141E-08 0.3420204E-09
  0.1679150E-09
 To invert VC matrix, CPU Time was 0.001 secs and System Time was 0.001 secs.
 Ratio Threshold = 50.00 Max Gap (8/9) = 5.1996E+4 Next Max Gap (9/10) = 48.11
 Gap Method for Num. of Estimated Parameters { model_AAO_sep_oct_nov } = 8          
 Threshold { model_AAO_sep_oct_nov } = 0.0011092               
 Numerical Threshold Method for Num. of Estimated Parameters { model_AAO_sep_oct_nov } = 8          
 Number of Estimated Parameters { model_AAO_sep_oct_nov } = 8          
 DEVIANCE { model_AAO_sep_oct_nov } = 40.115900               
 DEVIANCE Degrees of Freedom { model_AAO_sep_oct_nov } = 7          
 c-hat { model_AAO_sep_oct_nov } = 5.7308428               

Program  MARK  - Survival Rate Estimation with Capture-Recapture Data
 gfortran(dble/PIM2) Vers. 11.1 Nov 2024  16-Sep-2025 05:44:00    Page  005
 - - - - - - - - - - - - - - - - - - - - - - - - - - - - - - - - - - - - - -
 
 AIC { model_AAO_sep_oct_nov } = 255.77976               
 AICc { model_AAO_sep_oct_nov } = 256.41134               
 BIC { model_AAO_sep_oct_nov } = 283.52424               
 Pearson Chisquare { model_AAO_sep_oct_nov } = 73.070708               
 Possible Encounter Histories { model_AAO_sep_oct_nov } = 4062          
 Pearson Chisquare df { model_AAO_sep_oct_nov } = 4044          
 Pearson chat { model_AAO_sep_oct_nov } = 0.0180689               
 Sum(Observed/Expected) { model_AAO_sep_oct_nov } = 91.393131               
 s-bar { model_AAO_sep_oct_nov } = -0.9799129              
 Fletcher chat { model_AAO_sep_oct_nov } = 0.8995263               


               LOGIT Link Function Parameters of { model_AAO_sep_oct_nov }
                                                              95% Confidence Interval
    Parameter                  Beta         Standard Error     Lower           Upper
 -------------------------  --------------  --------------  --------------  --------------
    1:Phi:(Intercept)        1.5553048       0.8346113      -0.0805333       3.1911429    
    2:Phi:AAO_sep_oct_nov   -1.2050563       1.3970116      -3.9431992       1.5330865    
    3:p:(Intercept)         -12.937457       212.67692      -429.78422       403.90931    
    4:p:factor(time)2012    -0.1000000       3901.9641      -7647.9497       7647.7497    
    5:p:factor(time)2013    -0.1000000       3901.9641      -7647.9497       7647.7497    
    6:p:factor(time)2014    -20.557501       54072.195      -106002.06       105960.95    
    7:p:factor(time)2015     12.519349       212.67707      -404.32772       429.36642    
    8:p:factor(time)2016    -20.755280       77171.201      -151276.31       151234.80    
    9:p:factor(time)2017     9.6850713       212.67839      -407.16458       426.53473    
   10:p:factor(time)2018     9.0002435       212.67956      -407.85169       425.85218    
   11:p:factor(time)2019    -11.578914       13817.539      -27093.957       27070.799    
   12:p:factor(time)2020     11.529048       212.67758      -405.31902       428.37711    
   13:p:factor(time)2021     10.864768       212.67823      -405.98457       427.71411    
   14:p:factor(time)2022    -7.7391457       4833.1102      -9480.6354       9465.1571    
   15:p:factor(time)2023     11.361597       212.68258      -405.49627       428.21947    
   16:p:factor(time)2024    -18.259121       0.0000000      -18.259121      -18.259121    


                  Real Function Parameters of { model_AAO_sep_oct_nov }
                                                               95% Confidence Interval
     Parameter                Estimate       Standard Error     Lower           Upper
 --------------------------  --------------  --------------  --------------  --------------
     1:Phi g1 c2010 a0 t201   0.5124223       0.2846465       0.1012595       0.9074346       
     2:Phi g1 c2010 a1 t201   0.9489671       0.1128627       0.1618027       0.9994420       
     3:Phi g1 c2010 a2 t201   0.9435310       0.1176961       0.1803904       0.9992123       
     4:Phi g1 c2010 a3 t201   0.9531450       0.1086435       0.1473691       0.9995825       
     5:Phi g1 c2010 a4 t201   0.9463284       0.1152975       0.1708557       0.9993376       
     6:Phi g1 c2010 a5 t201   0.7858539       0.1023182       0.5270833       0.9235639       
     7:Phi g1 c2010 a6 t201   0.8234334       0.1191579       0.4833632       0.9587564       
     8:Phi g1 c2010 a7 t201   0.7413514       0.0899212       0.5334151       0.8778417       
     9:Phi g1 c2010 a8 t201   0.5514250       0.2412508       0.1537877       0.8926459       

Program  MARK  - Survival Rate Estimation with Capture-Recapture Data
 gfortran(dble/PIM2) Vers. 11.1 Nov 2024  16-Sep-2025 05:44:00    Page  006
 - - - - - - - - - - - - - - - - - - - - - - - - - - - - - - - - - - - - - -
 
    10:Phi g1 c2010 a9 t201   0.9596900       0.1010486       0.1245895       0.9997490       
    11:Phi g1 c2010 a10 t20   0.6482630       0.1370094       0.3620924       0.8568193       
    12:Phi g1 c2010 a11 t20   0.5328269       0.2621124       0.1264895       0.8998315       
    13:Phi g1 c2010 a12 t20   0.4754071       0.3238715       0.0663746       0.9203315       
    14:Phi g1 c2010 a13 t20   0.8956264       0.1366283       0.3284609       0.9934012       
    15:p g1 c2010 a1 t2011    0.2406206E-05   0.5117433E-03  0.2223747E-186   1.0000000       
    16:p g1 c2010 a2 t2012    0.2177226E-05   0.0085080      0.1211125E-313   1.0000000       
    17:p g1 c2010 a3 t2013    0.2177226E-05   0.0085080      0.1211125E-313   1.0000000       
    18:p g1 c2010 a4 t2014    0.2840041E-14   0.1535684E-09  -0.3009913E-09   0.3009970E-09   
    19:p g1 c2010 a5 t2015    0.3969697       0.0986761       0.2268765       0.5962389       
    20:p g1 c2010 a6 t2016    0.2330399E-14   0.1798404E-09  -0.3524848E-09   0.3524895E-09   
    21:p g1 c2010 a7 t2017    0.0372413       0.0293428       0.0077182       0.1613326       
    22:p g1 c2010 a8 t2018    0.0191294       0.0202744       0.0023405       0.1395077       
    23:p g1 c2010 a9 t2019    0.2252556E-10   0.3112532E-06  -0.6100339E-06   0.6100789E-06   
    24:p g1 c2010 a10 t2020   0.1964852       0.0979561       0.0675786       0.4520667       
    25:p g1 c2010 a11 t2021   0.1117798       0.0787615       0.0258935       0.3733555       
    26:p g1 c2010 a12 t2022   0.1047769E-08   0.5064744E-05  -0.9925850E-05   0.9927946E-05   
    27:p g1 c2010 a13 t2023   0.1713827       0.2203136       0.0097898       0.8122749       
    28:p g1 c2010 a14 t2024   0.2828124E-13   0.0000000       0.2828124E-13   0.2828124E-13   

 To compute parameter estimates, CPU Time was 0.001 secs and System Time was 0.016 secs.

 Attempted ordering of parameters by estimatibility:
   3  1 12  7 13  9 15  2 10  5  4 14 11 16  6  8
 Beta number 8 is a singular value.

 For procedure estimate CPU Time was 0.688 secs and System Time was 0.422 secs.

Program  MARK  - Survival Rate Estimation with Capture-Recapture Data
 gfortran(dble/PIM2) Vers. 11.1 Nov 2024  16-Sep-2025 05:44:00    Page  007
 - - - - - - - - - - - - - - - - - - - - - - - - - - - - - - - - - - - - - -
 


 INPUT --- proc stop;

 For this job, CPU Time in mins was 0.012 and System Time in mins was 0.008.

     Time Start = 05:43:59.978   Time End = 05:44:00.439

 Wall Clock Time in mins for this job was 0.007.

 Maximum of 19 words used.


          E X E C U T I O N   S U C C E S S F U L
