
 Program  MARK  - Survival Rate Estimation with Capture-Recapture Data
 gfortran(dble/PIM2) Vers. 11.1 Nov 2024  16-Sep-2025 05:44:03    Page  001
  
 - - - - - - - - - - - - - - - - - - - - - - - - - - - - - - - - - - - - - -
 
 Welcome to MARK localuser on machine DEP79421 in subdirectory 
 "C:\Users\localuser\Desktop\GitHub\LHI_SBSH_CMR_adult_survival" running file "data/rmark_outputs/covariate_models/linear_covariate_model_AAO_prev_yr_sep_oct_nov.inp".
 This version was compiled by GCC version 14.2.0 using the options: 
  -cpp -iprefix C:/tdm-gcc-64/mingw64-14-2/bin/../lib/gcc/
  x86_64-w64-mingw32/14.2.0/ -D_MT -D_REENTRANT -U_REENTRANT -D
  dbleprecision -m64 -march=x86-64 -mtune=generic -mthreads -O3 -std=f2023
  -fimplicit-none -ffpe-summary=invalid,zero,overflow,underflow
  -funroll-loops -fno-unsafe-math-optimizations -frounding-math
  -fsignaling-nans -fall-intrinsics -fopenmp

 This problem will use 19 of 20 possible threads.
 Static thread allocation is used.
 INPUT --- proc title ;

 For procedure title CPU Time was 0.001 secs and System Time was 0.001 secs.
 INPUT --- proc chmatrix occasions= 15 groups= 1 etype= Live Nodes= 
 INPUT --- 101 ICMeans NoHist hist= 26  ;
 INPUT ---    time interval 1 1 1 1 1 1 1 1 1 1 1 1 1 1 ;
 INPUT ---    glabel(1)=Group 1;

      Number of unique encounter histories read was 26.

      Number of individual covariates read was 0.
      Time interval lengths are all equal to 1.

      Data type number is 1
      Data type is Live Recaptures (CJS)

 For procedure chmatrix CPU Time was 0.001 secs and System Time was 0.001 secs.

Program  MARK  - Survival Rate Estimation with Capture-Recapture Data
 gfortran(dble/PIM2) Vers. 11.1 Nov 2024  16-Sep-2025 05:44:03    Page  002
 - - - - - - - - - - - - - - - - - - - - - - - - - - - - - - - - - - - - - -
 


 INPUT --- proc estimate link=Logit NOLOOP varest=2ndPart    ;
 INPUT --- model={ model_AAO_prev_yr_sep_oct_nov };
 INPUT ---    group=1 Phi    rows=14 cols=14 Triang ;
 INPUT ---        1 2 3 4 5 6 7 8 9 10 11 12 13 14 ;
 INPUT ---        2 3 4 5 6 7 8 9 10 11 12 13 14 ;
 INPUT ---        3 4 5 6 7 8 9 10 11 12 13 14 ;
 INPUT ---        4 5 6 7 8 9 10 11 12 13 14 ;
 INPUT ---        5 6 7 8 9 10 11 12 13 14 ;
 INPUT ---        6 7 8 9 10 11 12 13 14 ;
 INPUT ---        7 8 9 10 11 12 13 14 ;
 INPUT ---        8 9 10 11 12 13 14 ;
 INPUT ---        9 10 11 12 13 14 ;
 INPUT ---        10 11 12 13 14 ;
 INPUT ---        11 12 13 14 ;
 INPUT ---        12 13 14 ;
 INPUT ---        13 14 ;
 INPUT ---        14 ;
 INPUT ---    group=1 p    rows=14 cols=14 Triang ;
 INPUT ---        15 16 17 18 19 20 21 22 23 24 25 26 27 28 ;
 INPUT ---        16 17 18 19 20 21 22 23 24 25 26 27 28 ;
 INPUT ---        17 18 19 20 21 22 23 24 25 26 27 28 ;
 INPUT ---        18 19 20 21 22 23 24 25 26 27 28 ;
 INPUT ---        19 20 21 22 23 24 25 26 27 28 ;
 INPUT ---        20 21 22 23 24 25 26 27 28 ;
 INPUT ---        21 22 23 24 25 26 27 28 ;
 INPUT ---        22 23 24 25 26 27 28 ;
 INPUT ---        23 24 25 26 27 28 ;
 INPUT ---        24 25 26 27 28 ;
 INPUT ---        25 26 27 28 ;
 INPUT ---        26 27 28 ;
 INPUT ---        27 28 ;
 INPUT ---        28 ;
 INPUT ---    design matrix constraints=28 covariates=16;
 INPUT ---        1 -1.04849458490008 0 0 0 0 0 0 0 0 0 0 0 0 0 0;
 INPUT ---        1 1.26836953251345 0 0 0 0 0 0 0 0 0 0 0 0 0 0;
 INPUT ---        1 -1.01351447959796 0 0 0 0 0 0 0 0 0 0 0 0 0 0;
 INPUT ---        1 -0.928562795292795 0 0 0 0 0 0 0 0 0 0 0 0 0 0;
 INPUT ---        1 -1.08483755144775 0 0 0 0 0 0 0 0 0 0 0 0 0 0;
 INPUT ---        1 -0.9712657809863 0 0 0 0 0 0 0 0 0 0 0 0 0 0;
 INPUT ---        1 0.275297971598549 0 0 0 0 0 0 0 0 0 0 0 0 0 0;
 INPUT ---        1 0.0849516843051629 0 0 0 0 0 0 0 0 0 0 0 0 0 0;
 INPUT ---        1 0.47154999095593 0 0 0 0 0 0 0 0 0 0 0 0 0 0;
 INPUT ---        1 1.1438948720877 0 0 0 0 0 0 0 0 0 0 0 0 0 0;
 INPUT ---        1 -1.20976649895534 0 0 0 0 0 0 0 0 0 0 0 0 0 0;

Program  MARK  - Survival Rate Estimation with Capture-Recapture Data
 gfortran(dble/PIM2) Vers. 11.1 Nov 2024  16-Sep-2025 05:44:03    Page  003
 - - - - - - - - - - - - - - - - - - - - - - - - - - - - - - - - - - - - - -
 
 INPUT ---        1 0.82225961814088 0 0 0 0 0 0 0 0 0 0 0 0 0 0;
 INPUT ---        1 1.2034064798095 0 0 0 0 0 0 0 0 0 0 0 0 0 0;
 INPUT ---        1 1.38602988671151 0 0 0 0 0 0 0 0 0 0 0 0 0 0;
 INPUT ---        0 0 1 0 0 0 0 0 0 0 0 0 0 0 0 0;
 INPUT ---        0 0 1 1 0 0 0 0 0 0 0 0 0 0 0 0;
 INPUT ---        0 0 1 0 1 0 0 0 0 0 0 0 0 0 0 0;
 INPUT ---        0 0 1 0 0 1 0 0 0 0 0 0 0 0 0 0;
 INPUT ---        0 0 1 0 0 0 1 0 0 0 0 0 0 0 0 0;
 INPUT ---        0 0 1 0 0 0 0 1 0 0 0 0 0 0 0 0;
 INPUT ---        0 0 1 0 0 0 0 0 1 0 0 0 0 0 0 0;
 INPUT ---        0 0 1 0 0 0 0 0 0 1 0 0 0 0 0 0;
 INPUT ---        0 0 1 0 0 0 0 0 0 0 1 0 0 0 0 0;
 INPUT ---        0 0 1 0 0 0 0 0 0 0 0 1 0 0 0 0;
 INPUT ---        0 0 1 0 0 0 0 0 0 0 0 0 1 0 0 0;
 INPUT ---        0 0 1 0 0 0 0 0 0 0 0 0 0 1 0 0;
 INPUT ---        0 0 1 0 0 0 0 0 0 0 0 0 0 0 1 0;
 INPUT ---        0 0 1 0 0 0 0 0 0 0 0 0 0 0 0 1;
 INPUT ---       blabel(1)=Phi:(Intercept);
 INPUT ---       blabel(2)=Phi:AAO_prev_yr_sep_oct_nov;
 INPUT ---       blabel(3)=p:(Intercept);
 INPUT ---       blabel(4)=p:factor(time)2012;
 INPUT ---       blabel(5)=p:factor(time)2013;
 INPUT ---       blabel(6)=p:factor(time)2014;
 INPUT ---       blabel(7)=p:factor(time)2015;
 INPUT ---       blabel(8)=p:factor(time)2016;
 INPUT ---       blabel(9)=p:factor(time)2017;
 INPUT ---       blabel(10)=p:factor(time)2018;
 INPUT ---       blabel(11)=p:factor(time)2019;
 INPUT ---       blabel(12)=p:factor(time)2020;
 INPUT ---       blabel(13)=p:factor(time)2021;
 INPUT ---       blabel(14)=p:factor(time)2022;
 INPUT ---       blabel(15)=p:factor(time)2023;
 INPUT ---       blabel(16)=p:factor(time)2024;
 INPUT ---       rlabel(1)=Phi g1 c2010 a0 t2010;
 INPUT ---       rlabel(2)=Phi g1 c2010 a1 t2011;
 INPUT ---       rlabel(3)=Phi g1 c2010 a2 t2012;
 INPUT ---       rlabel(4)=Phi g1 c2010 a3 t2013;
 INPUT ---       rlabel(5)=Phi g1 c2010 a4 t2014;
 INPUT ---       rlabel(6)=Phi g1 c2010 a5 t2015;
 INPUT ---       rlabel(7)=Phi g1 c2010 a6 t2016;
 INPUT ---       rlabel(8)=Phi g1 c2010 a7 t2017;
 INPUT ---       rlabel(9)=Phi g1 c2010 a8 t2018;
 INPUT ---       rlabel(10)=Phi g1 c2010 a9 t2019;
 INPUT ---       rlabel(11)=Phi g1 c2010 a10 t2020;
 INPUT ---       rlabel(12)=Phi g1 c2010 a11 t2021;
 INPUT ---       rlabel(13)=Phi g1 c2010 a12 t2022;

Program  MARK  - Survival Rate Estimation with Capture-Recapture Data
 gfortran(dble/PIM2) Vers. 11.1 Nov 2024  16-Sep-2025 05:44:03    Page  004
 - - - - - - - - - - - - - - - - - - - - - - - - - - - - - - - - - - - - - -
 
 INPUT ---       rlabel(14)=Phi g1 c2010 a13 t2023;
 INPUT ---       rlabel(15)=p g1 c2010 a1 t2011;
 INPUT ---       rlabel(16)=p g1 c2010 a2 t2012;
 INPUT ---       rlabel(17)=p g1 c2010 a3 t2013;
 INPUT ---       rlabel(18)=p g1 c2010 a4 t2014;
 INPUT ---       rlabel(19)=p g1 c2010 a5 t2015;
 INPUT ---       rlabel(20)=p g1 c2010 a6 t2016;
 INPUT ---       rlabel(21)=p g1 c2010 a7 t2017;
 INPUT ---       rlabel(22)=p g1 c2010 a8 t2018;
 INPUT ---       rlabel(23)=p g1 c2010 a9 t2019;
 INPUT ---       rlabel(24)=p g1 c2010 a10 t2020;
 INPUT ---       rlabel(25)=p g1 c2010 a11 t2021;
 INPUT ---       rlabel(26)=p g1 c2010 a12 t2022;
 INPUT ---       rlabel(27)=p g1 c2010 a13 t2023;
 INPUT ---       rlabel(28)=p g1 c2010 a14 t2024;
   Model is { model_AAO_prev_yr_sep_oct_nov }

 Link Function Used is LOGIT        

 Variance Estimation Procedure Used is 2ndPart 
 -2logL(saturated) = 199.66386     
 Effective Sample Size = 237

 Number of function evaluations was 62 for 16 parameters.
 For numerical optimization, CPU Time was 0.500 secs and System Time was 0.250 secs.
 -2logL { model_AAO_prev_yr_sep_oct_nov } = 238.52863     
 Penalty { model_AAO_prev_yr_sep_oct_nov } = 0.0000000     
 Gradient { model_AAO_prev_yr_sep_oct_nov }:
 -7.79318E-07  6.62924E-07 -2.52137E-06   0.0000       0.0000    
   0.0000     -1.95655E-06   0.0000     -2.16879E-07 -4.73505E-07
   0.0000      5.09669E-07   0.0000       0.0000     -1.81928E-07
   0.0000    
 Maximum ABS(G) { model_AAO_prev_yr_sep_oct_nov } =  2.52137E-06
 To compute VC matrix, CPU Time was 0.094 secs and System Time was 0.109 secs.
 S Vector { model_AAO_prev_yr_sep_oct_nov }:
   46.79908      20.34095      4.459337      3.306756      2.529882    
   1.472920      1.116132     0.2801646     0.2476972E-05 0.4597603E-06
  0.4597603E-06 0.3054401E-07 0.1231195E-07 0.8439431E-08 0.5154631E-08
  0.1772902E-08
 To invert VC matrix, CPU Time was 0.001 secs and System Time was 0.001 secs.
 Ratio Threshold = 50.00 Max Gap (8/9) = 1.1311E+5 Next Max Gap (11/12) = 15.05
 Gap Method for Num. of Estimated Parameters { model_AAO_prev_yr_sep_oct_nov } = 8          
 Threshold { model_AAO_prev_yr_sep_oct_nov } = 0.5042739E-05           
 Numerical Threshold Method for Num. of Estimated Parameters { model_AAO_prev_yr_sep_oct_nov } = 8          
 Number of Estimated Parameters { model_AAO_prev_yr_sep_oct_nov } = 8          
 DEVIANCE { model_AAO_prev_yr_sep_oct_nov } = 38.864773               
 DEVIANCE Degrees of Freedom { model_AAO_prev_yr_sep_oct_nov } = 7          
 c-hat { model_AAO_prev_yr_sep_oct_nov } = 5.5521105               

Program  MARK  - Survival Rate Estimation with Capture-Recapture Data
 gfortran(dble/PIM2) Vers. 11.1 Nov 2024  16-Sep-2025 05:44:04    Page  005
 - - - - - - - - - - - - - - - - - - - - - - - - - - - - - - - - - - - - - -
 
 AIC { model_AAO_prev_yr_sep_oct_nov } = 254.52863               
 AICc { model_AAO_prev_yr_sep_oct_nov } = 255.16021               
 BIC { model_AAO_prev_yr_sep_oct_nov } = 282.27311               
 Pearson Chisquare { model_AAO_prev_yr_sep_oct_nov } = 60.182489               
 Possible Encounter Histories { model_AAO_prev_yr_sep_oct_nov } = 4062          
 Pearson Chisquare df { model_AAO_prev_yr_sep_oct_nov } = 4044          
 Pearson chat { model_AAO_prev_yr_sep_oct_nov } = 0.0148819               
 Sum(Observed/Expected) { model_AAO_prev_yr_sep_oct_nov } = 78.770798               
 s-bar { model_AAO_prev_yr_sep_oct_nov } = -0.9830279              
 Fletcher chat { model_AAO_prev_yr_sep_oct_nov } = 0.8768481               


           LOGIT Link Function Parameters of { model_AAO_prev_yr_sep_oct_nov }
                                                              95% Confidence Interval
    Parameter                  Beta         Standard Error     Lower           Upper
 -------------------------  --------------  --------------  --------------  --------------
    1:Phi:(Intercept)        1.4474601       0.6847152       0.1054182       2.7895019    
    2:Phi:AAO_prev_yr_sep_  -1.3543546       1.1202652      -3.5500745       0.8413653    
    3:p:(Intercept)         -11.103572       240.34226      -482.17442       459.96727    
    4:p:factor(time)2012    -0.1000000       1474.8038      -2890.7155       2890.5155    
    5:p:factor(time)2013    -0.1000000       1474.8038      -2890.7155       2890.5155    
    6:p:factor(time)2014    -14.467474       0.0000000      -14.467474      -14.467474    
    7:p:factor(time)2015     10.698226       240.34238      -460.37285       481.76930    
    8:p:factor(time)2016    -16.713633       23749.674      -46566.076       46532.649    
    9:p:factor(time)2017     7.7945298       240.34349      -463.27873       478.86779    
   10:p:factor(time)2018     7.0563043       240.34459      -464.01909       478.13170    
   11:p:factor(time)2019    -14.628213       10793.439      -21169.769       21140.513    
   12:p:factor(time)2020     10.226974       240.34317      -460.84565       481.29959    
   13:p:factor(time)2021     8.9658777       240.34300      -462.10642       480.03817    
   14:p:factor(time)2022    -9.8292674       5751.6200      -11283.005       11263.346    
   15:p:factor(time)2023     9.4840859       240.34464      -461.59141       480.55959    
   16:p:factor(time)2024    -10.690690       8926.0930      -17505.833       17484.452    


              Real Function Parameters of { model_AAO_prev_yr_sep_oct_nov }
                                                               95% Confidence Interval
     Parameter                Estimate       Standard Error     Lower           Upper
 --------------------------  --------------  --------------  --------------  --------------
     1:Phi g1 c2010 a0 t201   0.9462159       0.0904094       0.3510376       0.9982554       
     2:Phi g1 c2010 a1 t201   0.4328182       0.2336788       0.1056385       0.8313693       
     3:Phi g1 c2010 a2 t201   0.9437533       0.0922770       0.3573110       0.9980291       
     4:Phi g1 c2010 a3 t201   0.9373248       0.0966899       0.3726563       0.9973511       
     5:Phi g1 c2010 a4 t201   0.9486665       0.0884466       0.3445535       0.9984632       
     6:Phi g1 c2010 a5 t201   0.9406377       0.0944965       0.3649252       0.9977167       
     7:Phi g1 c2010 a6 t201   0.7454724       0.0891273       0.5384108       0.8802997       
     8:Phi g1 c2010 a7 t201   0.7912382       0.1007402       0.5342065       0.9260659       
     9:Phi g1 c2010 a8 t201   0.6918568       0.0852373       0.5062931       0.8309612       

Program  MARK  - Survival Rate Estimation with Capture-Recapture Data
 gfortran(dble/PIM2) Vers. 11.1 Nov 2024  16-Sep-2025 05:44:04    Page  006
 - - - - - - - - - - - - - - - - - - - - - - - - - - - - - - - - - - - - - -
 
    10:Phi g1 c2010 a9 t201   0.4745771       0.2063027       0.1514357       0.8205129       
    11:Phi g1 c2010 a10 t20   0.9563079       0.0816022       0.3225763       0.9990070       
    12:Phi g1 c2010 a11 t20   0.5826907       0.1313887       0.3262436       0.8010520       
    13:Phi g1 c2010 a12 t20   0.4545312       0.2197536       0.1279046       0.8256140       
    14:Phi g1 c2010 a13 t20   0.3941942       0.2562396       0.0735899       0.8420257       
    15:p g1 c2010 a1 t2011    0.1505821E-04   0.0036191      0.3929263E-209   1.0000000       
    16:p g1 c2010 a2 t2012    0.1362525E-04   0.0203594      0.7579400E-313   1.0000000       
    17:p g1 c2010 a3 t2013    0.1362525E-04   0.0203594      0.7579400E-313   1.0000000       
    18:p g1 c2010 a4 t2014    0.7845775E-11   0.0000000       0.7845775E-11   0.7845775E-11   
    19:p g1 c2010 a5 t2015    0.4000284       0.0894459       0.2430916       0.5805692       
    20:p g1 c2010 a6 t2016    0.8301204E-12   0.1971485E-07  -0.3864029E-07   0.3864195E-07   
    21:p g1 c2010 a7 t2017    0.0352623       0.0266263       0.0078208       0.1449258       
    22:p g1 c2010 a8 t2018    0.0171701       0.0180645       0.0021388       0.1246463       
    23:p g1 c2010 a9 t2019    0.6680790E-11   0.7214372E-07  -0.1413950E-06   0.1414084E-06   
    24:p g1 c2010 a10 t2020   0.2938832       0.1613843       0.0831054       0.6564889       
    25:p g1 c2010 a11 t2021   0.1054867       0.0626630       0.0310893       0.3023611       
    26:p g1 c2010 a12 t2022   0.8109298E-09   0.4661401E-05  -0.9135534E-05   0.9137156E-05   
    27:p g1 c2010 a13 t2023   0.1652757       0.1541018       0.0216933       0.6387277       
    28:p g1 c2010 a14 t2024   0.3426669E-09   0.3058987E-05  -0.5995271E-05   0.5995957E-05   

 To compute parameter estimates, CPU Time was 0.016 secs and System Time was 0.001 secs.

 Attempted ordering of parameters by estimatibility:
   3  1  7 12 13  9 15  2 10  4  5 14 16 11  6  8
 Beta number 8 is a singular value.

 For procedure estimate CPU Time was 0.609 secs and System Time was 0.375 secs.

Program  MARK  - Survival Rate Estimation with Capture-Recapture Data
 gfortran(dble/PIM2) Vers. 11.1 Nov 2024  16-Sep-2025 05:44:04    Page  007
 - - - - - - - - - - - - - - - - - - - - - - - - - - - - - - - - - - - - - -
 


 INPUT --- proc stop;

 For this job, CPU Time in mins was 0.011 and System Time in mins was 0.007.

     Time Start = 05:44:03.825   Time End = 05:44:04.229

 Wall Clock Time in mins for this job was 0.006.

 Maximum of 19 words used.


          E X E C U T I O N   S U C C E S S F U L
