
 Program  MARK  - Survival Rate Estimation with Capture-Recapture Data
 gfortran(dble/PIM2) Vers. 11.1 Nov 2024  16-Sep-2025 05:44:09    Page  001
  
 - - - - - - - - - - - - - - - - - - - - - - - - - - - - - - - - - - - - - -
 
 Welcome to MARK localuser on machine DEP79421 in subdirectory 
 "C:\Users\localuser\Desktop\GitHub\LHI_SBSH_CMR_adult_survival" running file "data/rmark_outputs/covariate_models/quadratic_covariate_model_temp_may_jun_jul.inp".
 This version was compiled by GCC version 14.2.0 using the options: 
  -cpp -iprefix C:/tdm-gcc-64/mingw64-14-2/bin/../lib/gcc/
  x86_64-w64-mingw32/14.2.0/ -D_MT -D_REENTRANT -U_REENTRANT -D
  dbleprecision -m64 -march=x86-64 -mtune=generic -mthreads -O3 -std=f2023
  -fimplicit-none -ffpe-summary=invalid,zero,overflow,underflow
  -funroll-loops -fno-unsafe-math-optimizations -frounding-math
  -fsignaling-nans -fall-intrinsics -fopenmp

 This problem will use 19 of 20 possible threads.
 Static thread allocation is used.
 INPUT --- proc title ;

 For procedure title CPU Time was 0.001 secs and System Time was 0.001 secs.
 INPUT --- proc chmatrix occasions= 15 groups= 1 etype= Live Nodes= 
 INPUT --- 101 ICMeans NoHist hist= 26  ;
 INPUT ---    time interval 1 1 1 1 1 1 1 1 1 1 1 1 1 1 ;
 INPUT ---    glabel(1)=Group 1;

      Number of unique encounter histories read was 26.

      Number of individual covariates read was 0.
      Time interval lengths are all equal to 1.

      Data type number is 1
      Data type is Live Recaptures (CJS)

 For procedure chmatrix CPU Time was 0.001 secs and System Time was 0.001 secs.

Program  MARK  - Survival Rate Estimation with Capture-Recapture Data
 gfortran(dble/PIM2) Vers. 11.1 Nov 2024  16-Sep-2025 05:44:09    Page  002
 - - - - - - - - - - - - - - - - - - - - - - - - - - - - - - - - - - - - - -
 


 INPUT --- proc estimate link=Logit NOLOOP varest=2ndPart    ;
 INPUT --- model={ model_temp_may_jun_jul };
 INPUT ---    group=1 Phi    rows=14 cols=14 Triang ;
 INPUT ---        1 2 3 4 5 6 7 8 9 10 11 12 13 14 ;
 INPUT ---        2 3 4 5 6 7 8 9 10 11 12 13 14 ;
 INPUT ---        3 4 5 6 7 8 9 10 11 12 13 14 ;
 INPUT ---        4 5 6 7 8 9 10 11 12 13 14 ;
 INPUT ---        5 6 7 8 9 10 11 12 13 14 ;
 INPUT ---        6 7 8 9 10 11 12 13 14 ;
 INPUT ---        7 8 9 10 11 12 13 14 ;
 INPUT ---        8 9 10 11 12 13 14 ;
 INPUT ---        9 10 11 12 13 14 ;
 INPUT ---        10 11 12 13 14 ;
 INPUT ---        11 12 13 14 ;
 INPUT ---        12 13 14 ;
 INPUT ---        13 14 ;
 INPUT ---        14 ;
 INPUT ---    group=1 p    rows=14 cols=14 Triang ;
 INPUT ---        15 16 17 18 19 20 21 22 23 24 25 26 27 28 ;
 INPUT ---        16 17 18 19 20 21 22 23 24 25 26 27 28 ;
 INPUT ---        17 18 19 20 21 22 23 24 25 26 27 28 ;
 INPUT ---        18 19 20 21 22 23 24 25 26 27 28 ;
 INPUT ---        19 20 21 22 23 24 25 26 27 28 ;
 INPUT ---        20 21 22 23 24 25 26 27 28 ;
 INPUT ---        21 22 23 24 25 26 27 28 ;
 INPUT ---        22 23 24 25 26 27 28 ;
 INPUT ---        23 24 25 26 27 28 ;
 INPUT ---        24 25 26 27 28 ;
 INPUT ---        25 26 27 28 ;
 INPUT ---        26 27 28 ;
 INPUT ---        27 28 ;
 INPUT ---        28 ;
 INPUT ---    design matrix constraints=28 covariates=17;
 INPUT ---        1 1.25260014559879 1.56900712475412 0 0 0 0 0 0 0 0 0 0 0 
 INPUT ---       0 0 0;
 INPUT ---        1 -0.644027920258278 0.414771962072203 0 0 0 0 0 0 0 0 0 0 
 INPUT ---       0 0 0 0;
 INPUT ---        1 -0.82544850890616 0.681365240855403 0 0 0 0 0 0 0 0 0 0 
 INPUT ---       0 0 0 0;
 INPUT ---        1 -0.530416043483538 0.28134117918473 0 0 0 0 0 0 0 0 0 0 
 INPUT ---       0 0 0 0;
 INPUT ---        1 0.588469988455848 0.346296927313226 0 0 0 0 0 0 0 0 0 0 
 INPUT ---       0 0 0 0;
 INPUT ---        1 -0.85980334664501 0.739261794901959 0 0 0 0 0 0 0 0 0 0 

Program  MARK  - Survival Rate Estimation with Capture-Recapture Data
 gfortran(dble/PIM2) Vers. 11.1 Nov 2024  16-Sep-2025 05:44:09    Page  003
 - - - - - - - - - - - - - - - - - - - - - - - - - - - - - - - - - - - - - -
 
 INPUT ---       0 0 0 0;
 INPUT ---        1 -1.03007668354891 1.06105797399113 0 0 0 0 0 0 0 0 0 0 0 
 INPUT ---       0 0 0;
 INPUT ---        1 0.357540710419925 0.127835359607585 0 0 0 0 0 0 0 0 0 0 
 INPUT ---       0 0 0 0;
 INPUT ---        1 -1.52311652346594 2.31988394405499 0 0 0 0 0 0 0 0 0 0 0 
 INPUT ---       0 0 0;
 INPUT ---        1 1.33286849257449 1.77653841849779 0 0 0 0 0 0 0 0 0 0 0 
 INPUT ---       0 0 0;
 INPUT ---        1 -0.877529581465353 0.770058166346757 0 0 0 0 0 0 0 0 0 0 
 INPUT ---       0 0 0 0;
 INPUT ---        1 -0.131191767532102 0.0172112798681971 0 0 0 0 0 0 0 0 0 
 INPUT ---       0 0 0 0 0;
 INPUT ---        1 1.02386125412364 1.04829186769563 0 0 0 0 0 0 0 0 0 0 0 
 INPUT ---       0 0 0;
 INPUT ---        1 1.67663919846711 2.81111900183644 0 0 0 0 0 0 0 0 0 0 0 
 INPUT ---       0 0 0;
 INPUT ---        0 0 0 1 0 0 0 0 0 0 0 0 0 0 0 0 0;
 INPUT ---        0 0 0 1 1 0 0 0 0 0 0 0 0 0 0 0 0;
 INPUT ---        0 0 0 1 0 1 0 0 0 0 0 0 0 0 0 0 0;
 INPUT ---        0 0 0 1 0 0 1 0 0 0 0 0 0 0 0 0 0;
 INPUT ---        0 0 0 1 0 0 0 1 0 0 0 0 0 0 0 0 0;
 INPUT ---        0 0 0 1 0 0 0 0 1 0 0 0 0 0 0 0 0;
 INPUT ---        0 0 0 1 0 0 0 0 0 1 0 0 0 0 0 0 0;
 INPUT ---        0 0 0 1 0 0 0 0 0 0 1 0 0 0 0 0 0;
 INPUT ---        0 0 0 1 0 0 0 0 0 0 0 1 0 0 0 0 0;
 INPUT ---        0 0 0 1 0 0 0 0 0 0 0 0 1 0 0 0 0;
 INPUT ---        0 0 0 1 0 0 0 0 0 0 0 0 0 1 0 0 0;
 INPUT ---        0 0 0 1 0 0 0 0 0 0 0 0 0 0 1 0 0;
 INPUT ---        0 0 0 1 0 0 0 0 0 0 0 0 0 0 0 1 0;
 INPUT ---        0 0 0 1 0 0 0 0 0 0 0 0 0 0 0 0 1;
 INPUT ---       blabel(1)=Phi:(Intercept);
 INPUT ---       blabel(2)=Phi:temp_may_jun_jul;
 INPUT ---       blabel(3)=Phi:temp_may_jun_jul2;
 INPUT ---       blabel(4)=p:(Intercept);
 INPUT ---       blabel(5)=p:factor(time)2012;
 INPUT ---       blabel(6)=p:factor(time)2013;
 INPUT ---       blabel(7)=p:factor(time)2014;
 INPUT ---       blabel(8)=p:factor(time)2015;
 INPUT ---       blabel(9)=p:factor(time)2016;
 INPUT ---       blabel(10)=p:factor(time)2017;
 INPUT ---       blabel(11)=p:factor(time)2018;
 INPUT ---       blabel(12)=p:factor(time)2019;
 INPUT ---       blabel(13)=p:factor(time)2020;
 INPUT ---       blabel(14)=p:factor(time)2021;
 INPUT ---       blabel(15)=p:factor(time)2022;

Program  MARK  - Survival Rate Estimation with Capture-Recapture Data
 gfortran(dble/PIM2) Vers. 11.1 Nov 2024  16-Sep-2025 05:44:09    Page  004
 - - - - - - - - - - - - - - - - - - - - - - - - - - - - - - - - - - - - - -
 
 INPUT ---       blabel(16)=p:factor(time)2023;
 INPUT ---       blabel(17)=p:factor(time)2024;
 INPUT ---       rlabel(1)=Phi g1 c2010 a0 t2010;
 INPUT ---       rlabel(2)=Phi g1 c2010 a1 t2011;
 INPUT ---       rlabel(3)=Phi g1 c2010 a2 t2012;
 INPUT ---       rlabel(4)=Phi g1 c2010 a3 t2013;
 INPUT ---       rlabel(5)=Phi g1 c2010 a4 t2014;
 INPUT ---       rlabel(6)=Phi g1 c2010 a5 t2015;
 INPUT ---       rlabel(7)=Phi g1 c2010 a6 t2016;
 INPUT ---       rlabel(8)=Phi g1 c2010 a7 t2017;
 INPUT ---       rlabel(9)=Phi g1 c2010 a8 t2018;
 INPUT ---       rlabel(10)=Phi g1 c2010 a9 t2019;
 INPUT ---       rlabel(11)=Phi g1 c2010 a10 t2020;
 INPUT ---       rlabel(12)=Phi g1 c2010 a11 t2021;
 INPUT ---       rlabel(13)=Phi g1 c2010 a12 t2022;
 INPUT ---       rlabel(14)=Phi g1 c2010 a13 t2023;
 INPUT ---       rlabel(15)=p g1 c2010 a1 t2011;
 INPUT ---       rlabel(16)=p g1 c2010 a2 t2012;
 INPUT ---       rlabel(17)=p g1 c2010 a3 t2013;
 INPUT ---       rlabel(18)=p g1 c2010 a4 t2014;
 INPUT ---       rlabel(19)=p g1 c2010 a5 t2015;
 INPUT ---       rlabel(20)=p g1 c2010 a6 t2016;
 INPUT ---       rlabel(21)=p g1 c2010 a7 t2017;
 INPUT ---       rlabel(22)=p g1 c2010 a8 t2018;
 INPUT ---       rlabel(23)=p g1 c2010 a9 t2019;
 INPUT ---       rlabel(24)=p g1 c2010 a10 t2020;
 INPUT ---       rlabel(25)=p g1 c2010 a11 t2021;
 INPUT ---       rlabel(26)=p g1 c2010 a12 t2022;
 INPUT ---       rlabel(27)=p g1 c2010 a13 t2023;
 INPUT ---       rlabel(28)=p g1 c2010 a14 t2024;
   Model is { model_temp_may_jun_jul }

 Link Function Used is LOGIT        

 Variance Estimation Procedure Used is 2ndPart 
 -2logL(saturated) = 199.66386     
 Effective Sample Size = 237

 Number of function evaluations was 114 for 17 parameters.
 For numerical optimization, CPU Time was 0.844 secs and System Time was 0.438 secs.
 -2logL { model_temp_may_jun_jul } = 238.92420     
 Penalty { model_temp_may_jun_jul } = 0.0000000     
 Gradient { model_temp_may_jun_jul }:
  2.67773E-06   0.0000      4.15578E-06  4.60567E-06   0.0000    
   0.0000       0.0000      4.60829E-06   0.0000     -4.87297E-06
  3.30162E-07   0.0000     -6.39905E-06 -3.73542E-06   0.0000    
  1.46267E-05   0.0000    
 Maximum ABS(G) { model_temp_may_jun_jul } =  1.46267E-05

Program  MARK  - Survival Rate Estimation with Capture-Recapture Data
 gfortran(dble/PIM2) Vers. 11.1 Nov 2024  16-Sep-2025 05:44:09    Page  005
 - - - - - - - - - - - - - - - - - - - - - - - - - - - - - - - - - - - - - -
 
 To compute VC matrix, CPU Time was 0.094 secs and System Time was 0.109 secs.
 S Vector { model_temp_may_jun_jul }:
   47.67163      20.62346      4.443464      3.347514      2.431606    
   1.740202      1.064144     0.9687500E-01 0.6217017E-02 0.3632042E-05
  0.2627202E-06 0.2627202E-06 0.1343029E-07 0.6502943E-08 0.5014252E-08
  0.2556647E-09 0.1273179E-09
 To invert VC matrix, CPU Time was 0.001 secs and System Time was 0.001 secs.
 Ratio Threshold = 50.00 Max Gap (9/10) = 1712. Next Max Gap (15/16) = 19.61
 Gap Method for Num. of Estimated Parameters { model_temp_may_jun_jul } = 9          
 Threshold { model_temp_may_jun_jul } = 0.2925349E-04           
 Numerical Threshold Method for Num. of Estimated Parameters { model_temp_may_jun_jul } = 9          
 Number of Estimated Parameters { model_temp_may_jun_jul } = 9          
 DEVIANCE { model_temp_may_jun_jul } = 39.260340               
 DEVIANCE Degrees of Freedom { model_temp_may_jun_jul } = 6          
 c-hat { model_temp_may_jun_jul } = 6.5433900               
 AIC { model_temp_may_jun_jul } = 256.92420               
 AICc { model_temp_may_jun_jul } = 257.71715               
 BIC { model_temp_may_jun_jul } = 288.13674               
 Pearson Chisquare { model_temp_may_jun_jul } = 60.204187               
 Possible Encounter Histories { model_temp_may_jun_jul } = 4062          
 Pearson Chisquare df { model_temp_may_jun_jul } = 4043          
 Pearson chat { model_temp_may_jun_jul } = 0.0148910               
 Sum(Observed/Expected) { model_temp_may_jun_jul } = 78.701201               
 s-bar { model_temp_may_jun_jul } = -0.9830451              
 Fletcher chat { model_temp_may_jun_jul } = 0.8782700               


               LOGIT Link Function Parameters of { model_temp_may_jun_jul }
                                                              95% Confidence Interval
    Parameter                  Beta         Standard Error     Lower           Upper
 -------------------------  --------------  --------------  --------------  --------------
    1:Phi:(Intercept)        3.2738033       3.6133013      -3.8082673       10.355874    
    2:Phi:temp_may_jun_jul   0.9637944       6.3558805      -11.493732       13.421321    
    3:Phi:temp_may_jun_jul  -1.1136724       2.3556269      -5.7307012       3.5033564    
    4:p:(Intercept)         -14.736946       198.30932      -403.42322       373.94933    
    5:p:factor(time)2012    -0.1000000       1950.9820      -3824.0249       3823.8249    
    6:p:factor(time)2013    -0.1000000       1950.9820      -3824.0249       3823.8249    
    7:p:factor(time)2014    -12.401427       0.0000000      -12.401427      -12.401427    
    8:p:factor(time)2015     14.314104       198.30946      -374.37245       403.00066    
    9:p:factor(time)2016    -8.2776394       17285.450      -33887.760       33871.205    
   10:p:factor(time)2017     11.525248       198.31141      -377.16512       400.21562    
   11:p:factor(time)2018     10.554026       198.31225      -378.13798       399.24604    
   12:p:factor(time)2019    -12.523362       58413.549      -114503.08       114478.04    
   13:p:factor(time)2020     13.903378       198.31057      -374.78534       402.59209    
   14:p:factor(time)2021     12.786523       198.31050      -375.90206       401.47511    
   15:p:factor(time)2022    -8.9343928       0.0000000      -8.9343928      -8.9343928    

Program  MARK  - Survival Rate Estimation with Capture-Recapture Data
 gfortran(dble/PIM2) Vers. 11.1 Nov 2024  16-Sep-2025 05:44:09    Page  006
 - - - - - - - - - - - - - - - - - - - - - - - - - - - - - - - - - - - - - -
 
   16:p:factor(time)2023     12.040143       198.31063      -376.64870       400.72898    
   17:p:factor(time)2024    -48.968318       88624.810      -173753.60       173655.66    


                  Real Function Parameters of { model_temp_may_jun_jul }
                                                               95% Confidence Interval
     Parameter                Estimate       Standard Error     Lower           Upper
 --------------------------  --------------  --------------  --------------  --------------
     1:Phi g1 c2010 a0 t201   0.9389857       0.8299240       0.7186416E-11   1.0000000       
     2:Phi g1 c2010 a1 t201   0.8994540       0.1191933       0.4032204       0.9916276       
     3:Phi g1 c2010 a2 t201   0.8480545       0.1590366       0.3318991       0.9843028       
     4:Phi g1 c2010 a3 t201   0.9205080       0.1098382       0.3792250       0.9954650       
     5:Phi g1 c2010 a4 t201   0.9693890       0.2308627       0.7553929E-05   1.0000000       
     6:Phi g1 c2010 a5 t201   0.8350479       0.1709347       0.3077913       0.9829454       
     7:Phi g1 c2010 a6 t201   0.7501383       0.2499982       0.1802095       0.9761918       
     8:Phi g1 c2010 a7 t201   0.9699981       0.1728971       0.2833492E-03   0.9999997       
     9:Phi g1 c2010 a8 t201   0.3148032       0.3816671       0.0141217       0.9364518       
    10:Phi g1 c2010 a9 t201   0.9295589       1.0108500       0.9540859E-12   1.0000000       
    11:Phi g1 c2010 a10 t20   0.8278481       0.1776470       0.2946916       0.9822526       
    12:Phi g1 c2010 a11 t20   0.9580408       0.1176477       0.0686211       0.9998587       
    13:Phi g1 c2010 a12 t20   0.9566089       0.4956302       0.1511334E-08   1.0000000       
    14:Phi g1 c2010 a13 t20   0.8530936       2.4886070       0.7263312E-16   1.0000000       
    15:p g1 c2010 a1 t2011    0.3979474E-06   0.7891665E-04  0.6244826E-175   1.0000000       
    16:p g1 c2010 a2 t2012    0.3600777E-06   0.7061247E-03  0.2003000E-314   1.0000000       
    17:p g1 c2010 a3 t2013    0.3600777E-06   0.7061247E-03  0.2003000E-314   1.0000000       
    18:p g1 c2010 a4 t2014    0.1636645E-11   0.0000000       0.1636645E-11   0.1636645E-11   
    19:p g1 c2010 a5 t2015    0.3958369       0.1253743       0.1899445       0.6467278       
    20:p g1 c2010 a6 t2016    0.1011330E-09   0.1748353E-05  -0.3426671E-05   0.3426874E-05   
    21:p g1 c2010 a7 t2017    0.0387279       0.0320837       0.0073853       0.1790879       
    22:p g1 c2010 a8 t2018    0.0150247       0.0158152       0.0018745       0.1102365       
    23:p g1 c2010 a9 t2019    0.1448767E-11   0.8462921E-07  -0.1658718E-06   0.1658747E-06   
    24:p g1 c2010 a10 t2020   0.3028913       0.1750122       0.0788459       0.6880455       
    25:p g1 c2010 a11 t2021   0.1245073       0.0787816       0.0333436       0.3696153       
    26:p g1 c2010 a12 t2022   0.5244068E-10   0.0000000       0.5244068E-10   0.5244068E-10   
    27:p g1 c2010 a13 t2023   0.0631623       0.0514435       0.0121190       0.2703551       
    28:p g1 c2010 a14 t2024   0.2153553E-27   0.1908587E-22  -0.3740808E-22   0.3740851E-22   

 To compute parameter estimates, CPU Time was 0.001 secs and System Time was 0.001 secs.

 Attempted ordering of parameters by estimatibility:
   4  1  8 13 16 14 10  3  2 11  6  5 15  7  9 12 17
 Beta number 17 is a singular value.

 For procedure estimate CPU Time was 0.953 secs and System Time was 0.547 secs.

Program  MARK  - Survival Rate Estimation with Capture-Recapture Data
 gfortran(dble/PIM2) Vers. 11.1 Nov 2024  16-Sep-2025 05:44:09    Page  007
 - - - - - - - - - - - - - - - - - - - - - - - - - - - - - - - - - - - - - -
 


 INPUT --- proc stop;

 For this job, CPU Time in mins was 0.017 and System Time in mins was 0.010.

     Time Start = 05:44:09.257   Time End = 05:44:09.848

 Wall Clock Time in mins for this job was 0.009.

 Maximum of 19 words used.


          E X E C U T I O N   S U C C E S S F U L
