
 Program  MARK  - Survival Rate Estimation with Capture-Recapture Data
 gfortran(dble/PIM2) Vers. 11.1 Nov 2024  16-Sep-2025 05:43:45    Page  001
  
 - - - - - - - - - - - - - - - - - - - - - - - - - - - - - - - - - - - - - -
 
 Welcome to MARK localuser on machine DEP79421 in subdirectory 
 "C:\Users\localuser\Desktop\GitHub\LHI_SBSH_CMR_adult_survival" running file "data/rmark_outputs/covariate_models/quadratic_covariate_model_enso_cy_pc.inp".
 This version was compiled by GCC version 14.2.0 using the options: 
  -cpp -iprefix C:/tdm-gcc-64/mingw64-14-2/bin/../lib/gcc/
  x86_64-w64-mingw32/14.2.0/ -D_MT -D_REENTRANT -U_REENTRANT -D
  dbleprecision -m64 -march=x86-64 -mtune=generic -mthreads -O3 -std=f2023
  -fimplicit-none -ffpe-summary=invalid,zero,overflow,underflow
  -funroll-loops -fno-unsafe-math-optimizations -frounding-math
  -fsignaling-nans -fall-intrinsics -fopenmp

 This problem will use 19 of 20 possible threads.
 Static thread allocation is used.
 INPUT --- proc title ;

 For procedure title CPU Time was 0.001 secs and System Time was 0.001 secs.
 INPUT --- proc chmatrix occasions= 15 groups= 1 etype= Live Nodes= 
 INPUT --- 101 ICMeans NoHist hist= 26  ;
 INPUT ---    time interval 1 1 1 1 1 1 1 1 1 1 1 1 1 1 ;
 INPUT ---    glabel(1)=Group 1;

      Number of unique encounter histories read was 26.

      Number of individual covariates read was 0.
      Time interval lengths are all equal to 1.

      Data type number is 1
      Data type is Live Recaptures (CJS)

 For procedure chmatrix CPU Time was 0.001 secs and System Time was 0.001 secs.

Program  MARK  - Survival Rate Estimation with Capture-Recapture Data
 gfortran(dble/PIM2) Vers. 11.1 Nov 2024  16-Sep-2025 05:43:45    Page  002
 - - - - - - - - - - - - - - - - - - - - - - - - - - - - - - - - - - - - - -
 


 INPUT --- proc estimate link=Logit NOLOOP varest=2ndPart    ;
 INPUT --- model={ model_enso_cy_pc };
 INPUT ---    group=1 Phi    rows=14 cols=14 Triang ;
 INPUT ---        1 2 3 4 5 6 7 8 9 10 11 12 13 14 ;
 INPUT ---        2 3 4 5 6 7 8 9 10 11 12 13 14 ;
 INPUT ---        3 4 5 6 7 8 9 10 11 12 13 14 ;
 INPUT ---        4 5 6 7 8 9 10 11 12 13 14 ;
 INPUT ---        5 6 7 8 9 10 11 12 13 14 ;
 INPUT ---        6 7 8 9 10 11 12 13 14 ;
 INPUT ---        7 8 9 10 11 12 13 14 ;
 INPUT ---        8 9 10 11 12 13 14 ;
 INPUT ---        9 10 11 12 13 14 ;
 INPUT ---        10 11 12 13 14 ;
 INPUT ---        11 12 13 14 ;
 INPUT ---        12 13 14 ;
 INPUT ---        13 14 ;
 INPUT ---        14 ;
 INPUT ---    group=1 p    rows=14 cols=14 Triang ;
 INPUT ---        15 16 17 18 19 20 21 22 23 24 25 26 27 28 ;
 INPUT ---        16 17 18 19 20 21 22 23 24 25 26 27 28 ;
 INPUT ---        17 18 19 20 21 22 23 24 25 26 27 28 ;
 INPUT ---        18 19 20 21 22 23 24 25 26 27 28 ;
 INPUT ---        19 20 21 22 23 24 25 26 27 28 ;
 INPUT ---        20 21 22 23 24 25 26 27 28 ;
 INPUT ---        21 22 23 24 25 26 27 28 ;
 INPUT ---        22 23 24 25 26 27 28 ;
 INPUT ---        23 24 25 26 27 28 ;
 INPUT ---        24 25 26 27 28 ;
 INPUT ---        25 26 27 28 ;
 INPUT ---        26 27 28 ;
 INPUT ---        27 28 ;
 INPUT ---        28 ;
 INPUT ---    design matrix constraints=28 covariates=17;
 INPUT ---        1 -1.34463269839036 1.80803709358053 0 0 0 0 0 0 0 0 0 0 0 
 INPUT ---       0 0 0;
 INPUT ---        1 -0.789460116044397 0.623247274824832 0 0 0 0 0 0 0 0 0 0 
 INPUT ---       0 0 0 0;
 INPUT ---        1 0.181535648046081 0.0329551915115107 0 0 0 0 0 0 0 0 0 0 
 INPUT ---       0 0 0 0;
 INPUT ---        1 -0.420235069171011 0.176597513361164 0 0 0 0 0 0 0 0 0 0 
 INPUT ---       0 0 0 0;
 INPUT ---        1 0.459344441225041 0.210997315684345 0 0 0 0 0 0 0 0 0 0 
 INPUT ---       0 0 0 0;
 INPUT ---        1 2.2637665848524 5.12463915069429 0 0 0 0 0 0 0 0 0 0 0 0 

Program  MARK  - Survival Rate Estimation with Capture-Recapture Data
 gfortran(dble/PIM2) Vers. 11.1 Nov 2024  16-Sep-2025 05:43:45    Page  003
 - - - - - - - - - - - - - - - - - - - - - - - - - - - - - - - - - - - - - -
 
 INPUT ---       0 0;
 INPUT ---        1 -0.372746926275958 0.138940271048174 0 0 0 0 0 0 0 0 0 0 
 INPUT ---       0 0 0 0;
 INPUT ---        1 -0.00174186335473153 3.03408794655657e-06 0 0 0 0 0 0 0 
 INPUT ---       0 0 0 0 0 0 0;
 INPUT ---        1 0.412301302341948 0.169992363912866 0 0 0 0 0 0 0 0 0 0 
 INPUT ---       0 0 0 0;
 INPUT ---        1 0.645291976697614 0.416401735190314 0 0 0 0 0 0 0 0 0 0 
 INPUT ---       0 0 0 0;
 INPUT ---        1 -0.789015112032437 0.622544847015559 0 0 0 0 0 0 0 0 0 0 
 INPUT ---       0 0 0 0;
 INPUT ---        1 -0.69715385432605 0.486023496601668 0 0 0 0 0 0 0 0 0 0 
 INPUT ---       0 0 0 0;
 INPUT ---        1 -1.25321644469593 1.57055145725631 0 0 0 0 0 0 0 0 0 0 0 
 INPUT ---       0 0 0;
 INPUT ---        1 1.61584273677613 2.61094774999218 0 0 0 0 0 0 0 0 0 0 0 
 INPUT ---       0 0 0;
 INPUT ---        0 0 0 1 0 0 0 0 0 0 0 0 0 0 0 0 0;
 INPUT ---        0 0 0 1 1 0 0 0 0 0 0 0 0 0 0 0 0;
 INPUT ---        0 0 0 1 0 1 0 0 0 0 0 0 0 0 0 0 0;
 INPUT ---        0 0 0 1 0 0 1 0 0 0 0 0 0 0 0 0 0;
 INPUT ---        0 0 0 1 0 0 0 1 0 0 0 0 0 0 0 0 0;
 INPUT ---        0 0 0 1 0 0 0 0 1 0 0 0 0 0 0 0 0;
 INPUT ---        0 0 0 1 0 0 0 0 0 1 0 0 0 0 0 0 0;
 INPUT ---        0 0 0 1 0 0 0 0 0 0 1 0 0 0 0 0 0;
 INPUT ---        0 0 0 1 0 0 0 0 0 0 0 1 0 0 0 0 0;
 INPUT ---        0 0 0 1 0 0 0 0 0 0 0 0 1 0 0 0 0;
 INPUT ---        0 0 0 1 0 0 0 0 0 0 0 0 0 1 0 0 0;
 INPUT ---        0 0 0 1 0 0 0 0 0 0 0 0 0 0 1 0 0;
 INPUT ---        0 0 0 1 0 0 0 0 0 0 0 0 0 0 0 1 0;
 INPUT ---        0 0 0 1 0 0 0 0 0 0 0 0 0 0 0 0 1;
 INPUT ---       blabel(1)=Phi:(Intercept);
 INPUT ---       blabel(2)=Phi:enso_cy_pc;
 INPUT ---       blabel(3)=Phi:enso_cy_pc2;
 INPUT ---       blabel(4)=p:(Intercept);
 INPUT ---       blabel(5)=p:factor(time)2012;
 INPUT ---       blabel(6)=p:factor(time)2013;
 INPUT ---       blabel(7)=p:factor(time)2014;
 INPUT ---       blabel(8)=p:factor(time)2015;
 INPUT ---       blabel(9)=p:factor(time)2016;
 INPUT ---       blabel(10)=p:factor(time)2017;
 INPUT ---       blabel(11)=p:factor(time)2018;
 INPUT ---       blabel(12)=p:factor(time)2019;
 INPUT ---       blabel(13)=p:factor(time)2020;
 INPUT ---       blabel(14)=p:factor(time)2021;
 INPUT ---       blabel(15)=p:factor(time)2022;

Program  MARK  - Survival Rate Estimation with Capture-Recapture Data
 gfortran(dble/PIM2) Vers. 11.1 Nov 2024  16-Sep-2025 05:43:45    Page  004
 - - - - - - - - - - - - - - - - - - - - - - - - - - - - - - - - - - - - - -
 
 INPUT ---       blabel(16)=p:factor(time)2023;
 INPUT ---       blabel(17)=p:factor(time)2024;
 INPUT ---       rlabel(1)=Phi g1 c2010 a0 t2010;
 INPUT ---       rlabel(2)=Phi g1 c2010 a1 t2011;
 INPUT ---       rlabel(3)=Phi g1 c2010 a2 t2012;
 INPUT ---       rlabel(4)=Phi g1 c2010 a3 t2013;
 INPUT ---       rlabel(5)=Phi g1 c2010 a4 t2014;
 INPUT ---       rlabel(6)=Phi g1 c2010 a5 t2015;
 INPUT ---       rlabel(7)=Phi g1 c2010 a6 t2016;
 INPUT ---       rlabel(8)=Phi g1 c2010 a7 t2017;
 INPUT ---       rlabel(9)=Phi g1 c2010 a8 t2018;
 INPUT ---       rlabel(10)=Phi g1 c2010 a9 t2019;
 INPUT ---       rlabel(11)=Phi g1 c2010 a10 t2020;
 INPUT ---       rlabel(12)=Phi g1 c2010 a11 t2021;
 INPUT ---       rlabel(13)=Phi g1 c2010 a12 t2022;
 INPUT ---       rlabel(14)=Phi g1 c2010 a13 t2023;
 INPUT ---       rlabel(15)=p g1 c2010 a1 t2011;
 INPUT ---       rlabel(16)=p g1 c2010 a2 t2012;
 INPUT ---       rlabel(17)=p g1 c2010 a3 t2013;
 INPUT ---       rlabel(18)=p g1 c2010 a4 t2014;
 INPUT ---       rlabel(19)=p g1 c2010 a5 t2015;
 INPUT ---       rlabel(20)=p g1 c2010 a6 t2016;
 INPUT ---       rlabel(21)=p g1 c2010 a7 t2017;
 INPUT ---       rlabel(22)=p g1 c2010 a8 t2018;
 INPUT ---       rlabel(23)=p g1 c2010 a9 t2019;
 INPUT ---       rlabel(24)=p g1 c2010 a10 t2020;
 INPUT ---       rlabel(25)=p g1 c2010 a11 t2021;
 INPUT ---       rlabel(26)=p g1 c2010 a12 t2022;
 INPUT ---       rlabel(27)=p g1 c2010 a13 t2023;
 INPUT ---       rlabel(28)=p g1 c2010 a14 t2024;
   Model is { model_enso_cy_pc }

 Link Function Used is LOGIT        

 Variance Estimation Procedure Used is 2ndPart 
 -2logL(saturated) = 199.66386     
 Effective Sample Size = 237

 Number of function evaluations was 46 for 17 parameters.
 For numerical optimization, CPU Time was 0.234 secs and System Time was 0.172 secs.
 -2logL { model_enso_cy_pc } = 240.36575     
 Penalty { model_enso_cy_pc } = 0.0000000     
 Gradient { model_enso_cy_pc }:
  5.71983E-06   0.0000      1.09812E-07  5.30645E-06   0.0000    
   0.0000       0.0000      2.49491E-06   0.0000      4.24414E-07
  1.44133E-07   0.0000      1.86426E-06  5.35386E-07   0.0000    
   0.0000       0.0000    
 Maximum ABS(G) { model_enso_cy_pc } =  5.71983E-06

Program  MARK  - Survival Rate Estimation with Capture-Recapture Data
 gfortran(dble/PIM2) Vers. 11.1 Nov 2024  16-Sep-2025 05:43:45    Page  005
 - - - - - - - - - - - - - - - - - - - - - - - - - - - - - - - - - - - - - -
 
 To compute VC matrix, CPU Time was 0.156 secs and System Time was 0.093 secs.
 S Vector { model_enso_cy_pc }:
   38.74719      9.223337      4.844182      3.414714      2.784099    
   1.992423      1.056254     0.1444554E-01 0.1546608E-03 0.3302510E-05
  0.3940803E-06 0.3940803E-06 0.6836112E-08 0.3539472E-08 0.8807613E-09
  0.7515749E-09 0.6775930E-09
 To invert VC matrix, CPU Time was 0.001 secs and System Time was 0.001 secs.
 Ratio Threshold = 50.00 Max Gap (8/9) = 93.40 Next Max Gap (7/8) = 73.12
 Gap Method for Num. of Estimated Parameters { model_enso_cy_pc } = 7          
 Threshold { model_enso_cy_pc } = 0.1143966E-04           
 Numerical Threshold Method for Num. of Estimated Parameters { model_enso_cy_pc } = 9          
 Number of Estimated Parameters { model_enso_cy_pc } = 9          

   * *  WARNING  * *   Number of parameters estimated from gap method (=7) and threshold method (=9) differ.  Inspect full output. 
 Ratios of S Vector { model_enso_cy_pc }:
   1/2    4.200994       2/3    1.904003       3/4    1.418620       4/5    1.226506       5/6    1.397343    
   6/7    1.886310       7/8    73.11975       8/9    93.40139       9/10    46.83130       10/11    8.380297    
   11/12    1.000000       12/13    57.64684       13/14    1.931393       14/15    4.018650       15/16    1.171888    
   16/17    1.109183    
 DEVIANCE { model_enso_cy_pc } = 40.701892               
 DEVIANCE Degrees of Freedom { model_enso_cy_pc } = 6          
 c-hat { model_enso_cy_pc } = 6.7836486               
 AIC { model_enso_cy_pc } = 258.36575               
 AICc { model_enso_cy_pc } = 259.15870               
 BIC { model_enso_cy_pc } = 289.57829               
 Pearson Chisquare { model_enso_cy_pc } = 77.032593               
 Possible Encounter Histories { model_enso_cy_pc } = 4062          
 Pearson Chisquare df { model_enso_cy_pc } = 4043          
 Pearson chat { model_enso_cy_pc } = 0.0190533               
 Sum(Observed/Expected) { model_enso_cy_pc } = 94.716978               
 s-bar { model_enso_cy_pc } = -0.9790926              
 Fletcher chat { model_enso_cy_pc } = 0.9113176               


                  LOGIT Link Function Parameters of { model_enso_cy_pc }
                                                              95% Confidence Interval
    Parameter                  Beta         Standard Error     Lower           Upper
 -------------------------  --------------  --------------  --------------  --------------
    1:Phi:(Intercept)       -0.3877425E-03   1.3300612      -2.6073078       2.6065323    
    2:Phi:enso_cy_pc        -1.7512748       5.4659858      -12.464607       8.9620576    
    3:Phi:enso_cy_pc2        9.9729577       15.586079      -20.575758       40.521673    
    4:p:(Intercept)         -15.893668       208.01193      -423.59706       391.80972    
    5:p:factor(time)2012    -0.1000000       1592.9702      -3122.3216       3122.1216    
    6:p:factor(time)2013    -0.1000000       1592.9702      -3122.3216       3122.1216    
    7:p:factor(time)2014    -25.527761       38416.302      -75321.481       75270.425    
    8:p:factor(time)2015     15.818888       208.01185      -391.88435       423.52212    

Program  MARK  - Survival Rate Estimation with Capture-Recapture Data
 gfortran(dble/PIM2) Vers. 11.1 Nov 2024  16-Sep-2025 05:43:45    Page  006
 - - - - - - - - - - - - - - - - - - - - - - - - - - - - - - - - - - - - - -
 
    9:p:factor(time)2016    -24.188303       36476.560      -71518.247       71469.870    
   10:p:factor(time)2017     12.482237       208.01346      -395.22415       420.18862    
   11:p:factor(time)2018     12.233280       208.01539      -395.47688       419.94345    
   12:p:factor(time)2019    -22.267833       33695.421      -66065.294       66020.758    
   13:p:factor(time)2020     14.346704       208.01236      -393.35754       422.05095    
   14:p:factor(time)2021     13.250260       208.01264      -394.45452       420.95504    
   15:p:factor(time)2022    -12.911712       16097.471      -31563.955       31538.132    
   16:p:factor(time)2023     12.660271       208.01279      -395.04480       420.36534    
   17:p:factor(time)2024    -12.788417       13026.180      -25544.102       25518.525    


                     Real Function Parameters of { model_enso_cy_pc }
                                                               95% Confidence Interval
     Parameter                Estimate       Standard Error     Lower           Upper
 --------------------------  --------------  --------------  --------------  --------------
     1:Phi g1 c2010 a0 t201   1.0000000       0.4606122E-07   0.9999999       1.0000001       
     2:Phi g1 c2010 a1 t201   0.9994987       0.0061066       0.8422690E-07   1.0000000       
     3:Phi g1 c2010 a2 t201   0.5025885       0.3778744       0.0496298       0.9513379       
     4:Phi g1 c2010 a3 t201   0.9239143       0.2692170       0.0066300       0.9999547       
     5:Phi g1 c2010 a4 t201   0.7857409       0.2429391       0.1781517       0.9841374       
     6:Phi g1 c2010 a5 t201   1.0000000       0.0000000       1.0000000       1.0000000       
     7:Phi g1 c2010 a6 t201   0.8847335       0.3148440       0.0177566       0.9996932       
     8:Phi g1 c2010 a7 t201   0.5006732       0.3314069       0.0694259       0.9309213       
     9:Phi g1 c2010 a8 t201   0.7256944       0.2532753       0.1793279       0.9697247       
    10:Phi g1 c2010 a9 t201   0.9535708       0.1512037       0.0248062       0.9999397       
    11:Phi g1 c2010 a10 t20   0.9994948       0.0061479       0.8568080E-07   1.0000000       
    12:Phi g1 c2010 a11 t20   0.9976887       0.0223369       0.2454056E-05   1.0000000       
    13:Phi g1 c2010 a12 t20   1.0000000       0.5059140E-06   0.1728526E-16   1.0000000       
    14:Phi g1 c2010 a13 t20   1.0000000       0.2788140E-08   1.0000000       1.0000000       
    15:p g1 c2010 a1 t2011    0.1251606E-06   0.2603488E-04  0.1081773E-183   1.0000000       
    16:p g1 c2010 a2 t2012    0.1132500E-06   0.1819353E-03  0.6299738E-315   1.0000000       
    17:p g1 c2010 a3 t2013    0.1132500E-06   0.1819353E-03  0.6299738E-315   1.0000000       
    18:p g1 c2010 a4 t2014    0.1025420E-17   0.3939344E-13  -0.7721011E-13   0.7721216E-13   
    19:p g1 c2010 a5 t2015    0.4813136       0.1567446       0.2132616       0.7605716       
    20:p g1 c2010 a6 t2016    0.3914000E-17   0.1427716E-12  -0.2798284E-12   0.2798362E-12   
    21:p g1 c2010 a7 t2017    0.0319401       0.0263770       0.0061602       0.1493888       
    22:p g1 c2010 a8 t2018    0.0250775       0.0276640       0.0027921       0.1911413       
    23:p g1 c2010 a9 t2019    0.2670981E-16   0.9000153E-12  -0.1764003E-11   0.1764057E-11   
    24:p g1 c2010 a10 t2020   0.1755252       0.0972695       0.0539438       0.4428584       
    25:p g1 c2010 a11 t2021   0.0663965       0.0413679       0.0188646       0.2082683       
    26:p g1 c2010 a12 t2022   0.3090168E-12   0.4973825E-08  -0.9748388E-08   0.9749006E-08   
    27:p g1 c2010 a13 t2023   0.0379281       0.0242200       0.0106199       0.1264805       
    28:p g1 c2010 a14 t2024   0.3495654E-12   0.4553359E-08  -0.8924234E-08   0.8924933E-08   

Program  MARK  - Survival Rate Estimation with Capture-Recapture Data
 gfortran(dble/PIM2) Vers. 11.1 Nov 2024  16-Sep-2025 05:43:45    Page  007
 - - - - - - - - - - - - - - - - - - - - - - - - - - - - - - - - - - - - - -
 

 To compute parameter estimates, CPU Time was 0.001 secs and System Time was 0.001 secs.

 Attempted ordering of parameters by estimatibility:
   4  8 13  1 14 16 10  2  3 11  5  6 17 15 12  9  7
 Beta number 7 is a singular value.

 For procedure estimate CPU Time was 0.406 secs and System Time was 0.297 secs.
 INPUT --- proc stop;

 For this job, CPU Time in mins was 0.007 and System Time in mins was 0.005.

     Time Start = 05:43:45.407   Time End = 05:43:45.718

 Wall Clock Time in mins for this job was 0.005.

 Maximum of 19 words used.


          E X E C U T I O N   S U C C E S S F U L
