
 Program  MARK  - Survival Rate Estimation with Capture-Recapture Data
 gfortran(dble/PIM2) Vers. 11.1 Nov 2024  16-Sep-2025 05:44:05    Page  001
  
 - - - - - - - - - - - - - - - - - - - - - - - - - - - - - - - - - - - - - -
 
 Welcome to MARK localuser on machine DEP79421 in subdirectory 
 "C:\Users\localuser\Desktop\GitHub\LHI_SBSH_CMR_adult_survival" running file "data/rmark_outputs/covariate_models/quadratic_covariate_model_AAO_prev_yr_sep_oct_nov.inp".
 This version was compiled by GCC version 14.2.0 using the options: 
  -cpp -iprefix C:/tdm-gcc-64/mingw64-14-2/bin/../lib/gcc/
  x86_64-w64-mingw32/14.2.0/ -D_MT -D_REENTRANT -U_REENTRANT -D
  dbleprecision -m64 -march=x86-64 -mtune=generic -mthreads -O3 -std=f2023
  -fimplicit-none -ffpe-summary=invalid,zero,overflow,underflow
  -funroll-loops -fno-unsafe-math-optimizations -frounding-math
  -fsignaling-nans -fall-intrinsics -fopenmp

 This problem will use 19 of 20 possible threads.
 Static thread allocation is used.
 INPUT --- proc title ;

 For procedure title CPU Time was 0.001 secs and System Time was 0.001 secs.
 INPUT --- proc chmatrix occasions= 15 groups= 1 etype= Live Nodes= 
 INPUT --- 101 ICMeans NoHist hist= 26  ;
 INPUT ---    time interval 1 1 1 1 1 1 1 1 1 1 1 1 1 1 ;
 INPUT ---    glabel(1)=Group 1;

      Number of unique encounter histories read was 26.

      Number of individual covariates read was 0.
      Time interval lengths are all equal to 1.

      Data type number is 1
      Data type is Live Recaptures (CJS)

 For procedure chmatrix CPU Time was 0.001 secs and System Time was 0.001 secs.

Program  MARK  - Survival Rate Estimation with Capture-Recapture Data
 gfortran(dble/PIM2) Vers. 11.1 Nov 2024  16-Sep-2025 05:44:05    Page  002
 - - - - - - - - - - - - - - - - - - - - - - - - - - - - - - - - - - - - - -
 


 INPUT --- proc estimate link=Logit NOLOOP varest=2ndPart    ;
 INPUT --- model={ model_AAO_prev_yr_sep_oct_nov };
 INPUT ---    group=1 Phi    rows=14 cols=14 Triang ;
 INPUT ---        1 2 3 4 5 6 7 8 9 10 11 12 13 14 ;
 INPUT ---        2 3 4 5 6 7 8 9 10 11 12 13 14 ;
 INPUT ---        3 4 5 6 7 8 9 10 11 12 13 14 ;
 INPUT ---        4 5 6 7 8 9 10 11 12 13 14 ;
 INPUT ---        5 6 7 8 9 10 11 12 13 14 ;
 INPUT ---        6 7 8 9 10 11 12 13 14 ;
 INPUT ---        7 8 9 10 11 12 13 14 ;
 INPUT ---        8 9 10 11 12 13 14 ;
 INPUT ---        9 10 11 12 13 14 ;
 INPUT ---        10 11 12 13 14 ;
 INPUT ---        11 12 13 14 ;
 INPUT ---        12 13 14 ;
 INPUT ---        13 14 ;
 INPUT ---        14 ;
 INPUT ---    group=1 p    rows=14 cols=14 Triang ;
 INPUT ---        15 16 17 18 19 20 21 22 23 24 25 26 27 28 ;
 INPUT ---        16 17 18 19 20 21 22 23 24 25 26 27 28 ;
 INPUT ---        17 18 19 20 21 22 23 24 25 26 27 28 ;
 INPUT ---        18 19 20 21 22 23 24 25 26 27 28 ;
 INPUT ---        19 20 21 22 23 24 25 26 27 28 ;
 INPUT ---        20 21 22 23 24 25 26 27 28 ;
 INPUT ---        21 22 23 24 25 26 27 28 ;
 INPUT ---        22 23 24 25 26 27 28 ;
 INPUT ---        23 24 25 26 27 28 ;
 INPUT ---        24 25 26 27 28 ;
 INPUT ---        25 26 27 28 ;
 INPUT ---        26 27 28 ;
 INPUT ---        27 28 ;
 INPUT ---        28 ;
 INPUT ---    design matrix constraints=28 covariates=17;
 INPUT ---        1 -1.04849458490008 1.0993408945648 0 0 0 0 0 0 0 0 0 0 0 
 INPUT ---       0 0 0;
 INPUT ---        1 1.26836953251345 1.60876127100838 0 0 0 0 0 0 0 0 0 0 0 
 INPUT ---       0 0 0;
 INPUT ---        1 -1.01351447959796 1.02721160035472 0 0 0 0 0 0 0 0 0 0 0 
 INPUT ---       0 0 0;
 INPUT ---        1 -0.928562795292795 0.86222886480197 0 0 0 0 0 0 0 0 0 0 
 INPUT ---       0 0 0 0;
 INPUT ---        1 -1.08483755144775 1.17687251303114 0 0 0 0 0 0 0 0 0 0 0 
 INPUT ---       0 0 0;
 INPUT ---        1 -0.9712657809863 0.943357217314927 0 0 0 0 0 0 0 0 0 0 0 

Program  MARK  - Survival Rate Estimation with Capture-Recapture Data
 gfortran(dble/PIM2) Vers. 11.1 Nov 2024  16-Sep-2025 05:44:05    Page  003
 - - - - - - - - - - - - - - - - - - - - - - - - - - - - - - - - - - - - - -
 
 INPUT ---       0 0 0;
 INPUT ---        1 0.275297971598549 0.0757889731662755 0 0 0 0 0 0 0 0 0 0 
 INPUT ---       0 0 0 0;
 INPUT ---        1 0.0849516843051629 0.00721678866628405 0 0 0 0 0 0 0 0 0 
 INPUT ---       0 0 0 0 0;
 INPUT ---        1 0.47154999095593 0.222359393970538 0 0 0 0 0 0 0 0 0 0 0 
 INPUT ---       0 0 0;
 INPUT ---        1 1.1438948720877 1.30849547838854 0 0 0 0 0 0 0 0 0 0 0 0 
 INPUT ---       0 0;
 INPUT ---        1 -1.20976649895534 1.46353498199466 0 0 0 0 0 0 0 0 0 0 0 
 INPUT ---       0 0 0;
 INPUT ---        1 0.82225961814088 0.676110879625187 0 0 0 0 0 0 0 0 0 0 0 
 INPUT ---       0 0 0;
 INPUT ---        1 1.2034064798095 1.44818715564749 0 0 0 0 0 0 0 0 0 0 0 0 
 INPUT ---       0 0;
 INPUT ---        1 1.38602988671151 1.92107884685751 0 0 0 0 0 0 0 0 0 0 0 
 INPUT ---       0 0 0;
 INPUT ---        0 0 0 1 0 0 0 0 0 0 0 0 0 0 0 0 0;
 INPUT ---        0 0 0 1 1 0 0 0 0 0 0 0 0 0 0 0 0;
 INPUT ---        0 0 0 1 0 1 0 0 0 0 0 0 0 0 0 0 0;
 INPUT ---        0 0 0 1 0 0 1 0 0 0 0 0 0 0 0 0 0;
 INPUT ---        0 0 0 1 0 0 0 1 0 0 0 0 0 0 0 0 0;
 INPUT ---        0 0 0 1 0 0 0 0 1 0 0 0 0 0 0 0 0;
 INPUT ---        0 0 0 1 0 0 0 0 0 1 0 0 0 0 0 0 0;
 INPUT ---        0 0 0 1 0 0 0 0 0 0 1 0 0 0 0 0 0;
 INPUT ---        0 0 0 1 0 0 0 0 0 0 0 1 0 0 0 0 0;
 INPUT ---        0 0 0 1 0 0 0 0 0 0 0 0 1 0 0 0 0;
 INPUT ---        0 0 0 1 0 0 0 0 0 0 0 0 0 1 0 0 0;
 INPUT ---        0 0 0 1 0 0 0 0 0 0 0 0 0 0 1 0 0;
 INPUT ---        0 0 0 1 0 0 0 0 0 0 0 0 0 0 0 1 0;
 INPUT ---        0 0 0 1 0 0 0 0 0 0 0 0 0 0 0 0 1;
 INPUT ---       blabel(1)=Phi:(Intercept);
 INPUT ---       blabel(2)=Phi:AAO_prev_yr_sep_oct_nov;
 INPUT ---       blabel(3)=Phi:AAO_prev_yr_sep_oct_nov2;
 INPUT ---       blabel(4)=p:(Intercept);
 INPUT ---       blabel(5)=p:factor(time)2012;
 INPUT ---       blabel(6)=p:factor(time)2013;
 INPUT ---       blabel(7)=p:factor(time)2014;
 INPUT ---       blabel(8)=p:factor(time)2015;
 INPUT ---       blabel(9)=p:factor(time)2016;
 INPUT ---       blabel(10)=p:factor(time)2017;
 INPUT ---       blabel(11)=p:factor(time)2018;
 INPUT ---       blabel(12)=p:factor(time)2019;
 INPUT ---       blabel(13)=p:factor(time)2020;
 INPUT ---       blabel(14)=p:factor(time)2021;
 INPUT ---       blabel(15)=p:factor(time)2022;

Program  MARK  - Survival Rate Estimation with Capture-Recapture Data
 gfortran(dble/PIM2) Vers. 11.1 Nov 2024  16-Sep-2025 05:44:05    Page  004
 - - - - - - - - - - - - - - - - - - - - - - - - - - - - - - - - - - - - - -
 
 INPUT ---       blabel(16)=p:factor(time)2023;
 INPUT ---       blabel(17)=p:factor(time)2024;
 INPUT ---       rlabel(1)=Phi g1 c2010 a0 t2010;
 INPUT ---       rlabel(2)=Phi g1 c2010 a1 t2011;
 INPUT ---       rlabel(3)=Phi g1 c2010 a2 t2012;
 INPUT ---       rlabel(4)=Phi g1 c2010 a3 t2013;
 INPUT ---       rlabel(5)=Phi g1 c2010 a4 t2014;
 INPUT ---       rlabel(6)=Phi g1 c2010 a5 t2015;
 INPUT ---       rlabel(7)=Phi g1 c2010 a6 t2016;
 INPUT ---       rlabel(8)=Phi g1 c2010 a7 t2017;
 INPUT ---       rlabel(9)=Phi g1 c2010 a8 t2018;
 INPUT ---       rlabel(10)=Phi g1 c2010 a9 t2019;
 INPUT ---       rlabel(11)=Phi g1 c2010 a10 t2020;
 INPUT ---       rlabel(12)=Phi g1 c2010 a11 t2021;
 INPUT ---       rlabel(13)=Phi g1 c2010 a12 t2022;
 INPUT ---       rlabel(14)=Phi g1 c2010 a13 t2023;
 INPUT ---       rlabel(15)=p g1 c2010 a1 t2011;
 INPUT ---       rlabel(16)=p g1 c2010 a2 t2012;
 INPUT ---       rlabel(17)=p g1 c2010 a3 t2013;
 INPUT ---       rlabel(18)=p g1 c2010 a4 t2014;
 INPUT ---       rlabel(19)=p g1 c2010 a5 t2015;
 INPUT ---       rlabel(20)=p g1 c2010 a6 t2016;
 INPUT ---       rlabel(21)=p g1 c2010 a7 t2017;
 INPUT ---       rlabel(22)=p g1 c2010 a8 t2018;
 INPUT ---       rlabel(23)=p g1 c2010 a9 t2019;
 INPUT ---       rlabel(24)=p g1 c2010 a10 t2020;
 INPUT ---       rlabel(25)=p g1 c2010 a11 t2021;
 INPUT ---       rlabel(26)=p g1 c2010 a12 t2022;
 INPUT ---       rlabel(27)=p g1 c2010 a13 t2023;
 INPUT ---       rlabel(28)=p g1 c2010 a14 t2024;
   Model is { model_AAO_prev_yr_sep_oct_nov }

 Link Function Used is LOGIT        

 Variance Estimation Procedure Used is 2ndPart 
 -2logL(saturated) = 199.66386     
 Effective Sample Size = 237

 Number of function evaluations was 65 for 17 parameters.
 For numerical optimization, CPU Time was 0.453 secs and System Time was 0.234 secs.
 -2logL { model_AAO_prev_yr_sep_oct_nov } = 238.41143     
 Penalty { model_AAO_prev_yr_sep_oct_nov } = 0.0000000     
 Gradient { model_AAO_prev_yr_sep_oct_nov }:
  9.09117E-07 -5.68523E-07  6.97081E-07  2.32554E-06   0.0000    
   0.0000       0.0000      1.45359E-06   0.0000      4.30434E-07
  2.66159E-07   0.0000      6.22479E-07   0.0000       0.0000    
 -4.06261E-07   0.0000    
 Maximum ABS(G) { model_AAO_prev_yr_sep_oct_nov } =  2.32554E-06

Program  MARK  - Survival Rate Estimation with Capture-Recapture Data
 gfortran(dble/PIM2) Vers. 11.1 Nov 2024  16-Sep-2025 05:44:06    Page  005
 - - - - - - - - - - - - - - - - - - - - - - - - - - - - - - - - - - - - - -
 
 To compute VC matrix, CPU Time was 0.141 secs and System Time was 0.110 secs.
 S Vector { model_AAO_prev_yr_sep_oct_nov }:
   48.20178      21.78431      4.541571      3.287779      2.595604    
   1.529766      1.132333     0.1538583     0.2012136E-01 0.9100544E-05
  0.1970401E-06 0.1970401E-06 0.7382314E-09 0.6301573E-09 0.3421869E-09
  0.1081186E-09 0.8356702E-10
 To invert VC matrix, CPU Time was 0.001 secs and System Time was 0.001 secs.
 Ratio Threshold = 50.00 Max Gap (9/10) = 2211. Next Max Gap (12/13) = 266.9
 Gap Method for Num. of Estimated Parameters { model_AAO_prev_yr_sep_oct_nov } = 9          
 Threshold { model_AAO_prev_yr_sep_oct_nov } = 0.4651087E-05           
 Numerical Threshold Method for Num. of Estimated Parameters { model_AAO_prev_yr_sep_oct_nov } = 10          
 Number of Estimated Parameters { model_AAO_prev_yr_sep_oct_nov } = 10          

   * *  WARNING  * *   Number of parameters estimated from gap method (=9) and threshold method (=10) differ.  Inspect full output. 
 Ratios of S Vector { model_AAO_prev_yr_sep_oct_nov }:
   1/2    2.212683       2/3    4.796647       3/4    1.381349       4/5    1.266672       5/6    1.696733    
   6/7    1.350985       7/8    7.359586       8/9    7.646518       9/10    2211.006       10/11    46.18624    
   11/12    1.000000       12/13    266.9084       13/14    1.171503       14/15    1.841559       15/16    3.164920    
   16/17    1.293796    
 DEVIANCE { model_AAO_prev_yr_sep_oct_nov } = 38.747578               
 DEVIANCE Degrees of Freedom { model_AAO_prev_yr_sep_oct_nov } = 5          
 c-hat { model_AAO_prev_yr_sep_oct_nov } = 7.7495155               
 AIC { model_AAO_prev_yr_sep_oct_nov } = 258.41143               
 AICc { model_AAO_prev_yr_sep_oct_nov } = 259.38489               
 BIC { model_AAO_prev_yr_sep_oct_nov } = 293.09204               
 Pearson Chisquare { model_AAO_prev_yr_sep_oct_nov } = 61.663990               
 Possible Encounter Histories { model_AAO_prev_yr_sep_oct_nov } = 4062          
 Pearson Chisquare df { model_AAO_prev_yr_sep_oct_nov } = 4042          
 Pearson chat { model_AAO_prev_yr_sep_oct_nov } = 0.0152558               
 Sum(Observed/Expected) { model_AAO_prev_yr_sep_oct_nov } = 80.453912               
 s-bar { model_AAO_prev_yr_sep_oct_nov } = -0.9826126              
 Fletcher chat { model_AAO_prev_yr_sep_oct_nov } = 0.8774041               


           LOGIT Link Function Parameters of { model_AAO_prev_yr_sep_oct_nov }
                                                              95% Confidence Interval
    Parameter                  Beta         Standard Error     Lower           Upper
 -------------------------  --------------  --------------  --------------  --------------
    1:Phi:(Intercept)        1.0980244       1.0863762      -1.0312730       3.2273219    
    2:Phi:AAO_prev_yr_sep_  -1.6990412       2.7402245      -7.0698813       3.6717989    
    3:Phi:AAO_prev_yr_sep_   0.9037594       3.2536114      -5.4733191       7.2808380    
    4:p:(Intercept)         -24.425370       125.29006      -269.99389       221.14315    
    5:p:factor(time)2012    -0.1000000       0.0000000      -0.1000000      -0.1000000    
    6:p:factor(time)2013    -0.1000000       0.0000000      -0.1000000      -0.1000000    
    7:p:factor(time)2014    -25.396015       0.0000000      -25.396015      -25.396015    
    8:p:factor(time)2015     23.931189       125.29019      -221.63758       269.49996    

Program  MARK  - Survival Rate Estimation with Capture-Recapture Data
 gfortran(dble/PIM2) Vers. 11.1 Nov 2024  16-Sep-2025 05:44:06    Page  006
 - - - - - - - - - - - - - - - - - - - - - - - - - - - - - - - - - - - - - -
 
    9:p:factor(time)2016    -45.959099       0.0000000      -45.959099      -45.959099    
   10:p:factor(time)2017     21.156089       125.29268      -224.41757       266.72974    
   11:p:factor(time)2018     20.498573       125.29551      -225.08064       266.07778    
   12:p:factor(time)2019    -52.413691       0.0000000      -52.413691      -52.413691    
   13:p:factor(time)2020     23.512934       125.29166      -222.05872       269.08459    
   14:p:factor(time)2021     22.229117       125.29144      -223.34211       267.80034    
   15:p:factor(time)2022    -16.971064       0.0000000      -16.971064      -16.971064    
   16:p:factor(time)2023     22.474449       125.29638      -223.10646       268.05536    
   17:p:factor(time)2024    -18.451162       0.0000000      -18.451162      -18.451162    


              Real Function Parameters of { model_AAO_prev_yr_sep_oct_nov }
                                                               95% Confidence Interval
     Parameter                Estimate       Standard Error     Lower           Upper
 --------------------------  --------------  --------------  --------------  --------------
     1:Phi g1 c2010 a0 t201   0.9796278       0.1183527       0.4303686E-03   0.9999998       
     2:Phi g1 c2010 a1 t201   0.5979536       0.5761202       0.0133855       0.9939039       
     3:Phi g1 c2010 a2 t201   0.9769862       0.1265374       0.6871920E-03   0.9999996       
     4:Phi g1 c2010 a3 t201   0.9693781       0.1463072       0.0020143       0.9999980       
     5:Phi g1 c2010 a4 t201   0.9820987       0.1099425       0.2606390E-03   0.9999999       
     6:Phi g1 c2010 a5 t201   0.9734240       0.1364332       0.0011860       0.9999991       
     7:Phi g1 c2010 a6 t201   0.6679165       0.2310437       0.2070383       0.9393703       
     8:Phi g1 c2010 a7 t201   0.7231639       0.2145900       0.2421932       0.9552599       
     9:Phi g1 c2010 a8 t201   0.6219424       0.2158578       0.2139045       0.9086408       
    10:Phi g1 c2010 a9 t201   0.5834774       0.4167689       0.0463493       0.9758311       
    11:Phi g1 c2010 a10 t20   0.9887509       0.0826800       0.4134368E-04   1.0000000       
    12:Phi g1 c2010 a11 t20   0.5773765       0.1659450       0.2648486       0.8382065       
    13:Phi g1 c2010 a12 t20   0.5895729       0.4901805       0.0263845       0.9870374       
    14:Phi g1 c2010 a13 t20   0.6175815       0.7430462       0.0033776       0.9987022       
    15:p g1 c2010 a1 t2011    0.2467156E-10   0.3091102E-08  -0.6033888E-08   0.6083231E-08   
    16:p g1 c2010 a2 t2012    0.2232375E-10   0.0000000       0.2232375E-10   0.2232375E-10   
    17:p g1 c2010 a3 t2013    0.2232375E-10   0.0000000       0.2232375E-10   0.2232375E-10   
    18:p g1 c2010 a4 t2014    0.2305936E-21   0.0000000       0.2305936E-21   0.2305936E-21   
    19:p g1 c2010 a5 t2015    0.3789092       0.0991090       0.2108836       0.5820627       
    20:p g1 c2010 a6 t2016    0.2706536E-30   0.0000000       0.2706536E-30   0.2706536E-30   
    21:p g1 c2010 a7 t2017    0.0366402       0.0277245       0.0080920       0.1506125       
    22:p g1 c2010 a8 t2018    0.0193258       0.0214418       0.0021412       0.1532492       
    23:p g1 c2010 a9 t2019    0.4258141E-33   0.0000000       0.4258141E-33   0.4258141E-33   
    24:p g1 c2010 a10 t2020   0.2865017       0.1599252       0.0797443       0.6504356       
    25:p g1 c2010 a11 t2021   0.1000875       0.0612392       0.0285018       0.2965805       
    26:p g1 c2010 a12 t2022   0.1051374E-17   0.0000000       0.1051374E-17   0.1051374E-17   
    27:p g1 c2010 a13 t2023   0.1244530       0.1515429       0.0092229       0.6845929       
    28:p g1 c2010 a14 t2024   0.2393089E-18   0.0000000       0.2393089E-18   0.2393089E-18   

Program  MARK  - Survival Rate Estimation with Capture-Recapture Data
 gfortran(dble/PIM2) Vers. 11.1 Nov 2024  16-Sep-2025 05:44:06    Page  007
 - - - - - - - - - - - - - - - - - - - - - - - - - - - - - - - - - - - - - -
 

 To compute parameter estimates, CPU Time was 0.001 secs and System Time was 0.001 secs.

 Attempted ordering of parameters by estimatibility:
   4  1 14  8 13 16 10  2  3 11  5  6 15 17  7  9 12
 Beta number 12 is a singular value.

 For procedure estimate CPU Time was 0.609 secs and System Time was 0.344 secs.
 INPUT --- proc stop;

 For this job, CPU Time in mins was 0.011 and System Time in mins was 0.006.

     Time Start = 05:44:05.908   Time End = 05:44:06.286

 Wall Clock Time in mins for this job was 0.006.

 Maximum of 19 words used.


          E X E C U T I O N   S U C C E S S F U L
