
 Program  MARK  - Survival Rate Estimation with Capture-Recapture Data
 gfortran(dble/PIM2) Vers. 11.1 Nov 2024  16-Sep-2025 05:44:17    Page  001
  
 - - - - - - - - - - - - - - - - - - - - - - - - - - - - - - - - - - - - - -
 
 Welcome to MARK localuser on machine DEP79421 in subdirectory 
 "C:\Users\localuser\Desktop\GitHub\LHI_SBSH_CMR_adult_survival" running file "data/rmark_outputs/covariate_models/quadratic_covariate_model_temp_prev_may_jun_jul.inp".
 This version was compiled by GCC version 14.2.0 using the options: 
  -cpp -iprefix C:/tdm-gcc-64/mingw64-14-2/bin/../lib/gcc/
  x86_64-w64-mingw32/14.2.0/ -D_MT -D_REENTRANT -U_REENTRANT -D
  dbleprecision -m64 -march=x86-64 -mtune=generic -mthreads -O3 -std=f2023
  -fimplicit-none -ffpe-summary=invalid,zero,overflow,underflow
  -funroll-loops -fno-unsafe-math-optimizations -frounding-math
  -fsignaling-nans -fall-intrinsics -fopenmp

 This problem will use 19 of 20 possible threads.
 Static thread allocation is used.
 INPUT --- proc title ;

 For procedure title CPU Time was 0.001 secs and System Time was 0.001 secs.
 INPUT --- proc chmatrix occasions= 15 groups= 1 etype= Live Nodes= 
 INPUT --- 101 ICMeans NoHist hist= 26  ;
 INPUT ---    time interval 1 1 1 1 1 1 1 1 1 1 1 1 1 1 ;
 INPUT ---    glabel(1)=Group 1;

      Number of unique encounter histories read was 26.

      Number of individual covariates read was 0.
      Time interval lengths are all equal to 1.

      Data type number is 1
      Data type is Live Recaptures (CJS)

 For procedure chmatrix CPU Time was 0.001 secs and System Time was 0.001 secs.

Program  MARK  - Survival Rate Estimation with Capture-Recapture Data
 gfortran(dble/PIM2) Vers. 11.1 Nov 2024  16-Sep-2025 05:44:17    Page  002
 - - - - - - - - - - - - - - - - - - - - - - - - - - - - - - - - - - - - - -
 


 INPUT --- proc estimate link=Logit NOLOOP varest=2ndPart    ;
 INPUT --- model={ model_temp_prev_may_jun_jul };
 INPUT ---    group=1 Phi    rows=14 cols=14 Triang ;
 INPUT ---        1 2 3 4 5 6 7 8 9 10 11 12 13 14 ;
 INPUT ---        2 3 4 5 6 7 8 9 10 11 12 13 14 ;
 INPUT ---        3 4 5 6 7 8 9 10 11 12 13 14 ;
 INPUT ---        4 5 6 7 8 9 10 11 12 13 14 ;
 INPUT ---        5 6 7 8 9 10 11 12 13 14 ;
 INPUT ---        6 7 8 9 10 11 12 13 14 ;
 INPUT ---        7 8 9 10 11 12 13 14 ;
 INPUT ---        8 9 10 11 12 13 14 ;
 INPUT ---        9 10 11 12 13 14 ;
 INPUT ---        10 11 12 13 14 ;
 INPUT ---        11 12 13 14 ;
 INPUT ---        12 13 14 ;
 INPUT ---        13 14 ;
 INPUT ---        14 ;
 INPUT ---    group=1 p    rows=14 cols=14 Triang ;
 INPUT ---        15 16 17 18 19 20 21 22 23 24 25 26 27 28 ;
 INPUT ---        16 17 18 19 20 21 22 23 24 25 26 27 28 ;
 INPUT ---        17 18 19 20 21 22 23 24 25 26 27 28 ;
 INPUT ---        18 19 20 21 22 23 24 25 26 27 28 ;
 INPUT ---        19 20 21 22 23 24 25 26 27 28 ;
 INPUT ---        20 21 22 23 24 25 26 27 28 ;
 INPUT ---        21 22 23 24 25 26 27 28 ;
 INPUT ---        22 23 24 25 26 27 28 ;
 INPUT ---        23 24 25 26 27 28 ;
 INPUT ---        24 25 26 27 28 ;
 INPUT ---        25 26 27 28 ;
 INPUT ---        26 27 28 ;
 INPUT ---        27 28 ;
 INPUT ---        28 ;
 INPUT ---    design matrix constraints=28 covariates=17;
 INPUT ---        1 -0.682830673042854 0.466257728048157 0 0 0 0 0 0 0 0 0 0 
 INPUT ---       0 0 0 0;
 INPUT ---        1 1.29383809062708 1.67401700475752 0 0 0 0 0 0 0 0 0 0 0 
 INPUT ---       0 0 0;
 INPUT ---        1 -0.57121201829816 0.326283169848258 0 0 0 0 0 0 0 0 0 0 
 INPUT ---       0 0 0 0;
 INPUT ---        1 -0.749612040268789 0.561918210915937 0 0 0 0 0 0 0 0 0 0 
 INPUT ---       0 0 0 0;
 INPUT ---        1 -0.459491725338044 0.211132645654133 0 0 0 0 0 0 0 0 0 0 
 INPUT ---       0 0 0 0;
 INPUT ---        1 0.640765385325601 0.410580279031466 0 0 0 0 0 0 0 0 0 0 

Program  MARK  - Survival Rate Estimation with Capture-Recapture Data
 gfortran(dble/PIM2) Vers. 11.1 Nov 2024  16-Sep-2025 05:44:17    Page  003
 - - - - - - - - - - - - - - - - - - - - - - - - - - - - - - - - - - - - - -
 
 INPUT ---       0 0 0 0;
 INPUT ---        1 -0.783394886268169 0.613707547831118 0 0 0 0 0 0 0 0 0 0 
 INPUT ---       0 0 0 0;
 INPUT ---        1 -0.95083325294455 0.904083874905114 0 0 0 0 0 0 0 0 0 0 
 INPUT ---       0 0 0 0;
 INPUT ---        1 0.413680970142544 0.171131945058076 0 0 0 0 0 0 0 0 0 0 
 INPUT ---       0 0 0 0;
 INPUT ---        1 -1.43566421358216 2.06113173416049 0 0 0 0 0 0 0 0 0 0 0 
 INPUT ---       0 0 0;
 INPUT ---        1 1.37277000773051 1.88449749412442 0 0 0 0 0 0 0 0 0 0 0 
 INPUT ---       0 0 0;
 INPUT ---        1 -0.800825987693727 0.641322262565634 0 0 0 0 0 0 0 0 0 0 
 INPUT ---       0 0 0 0;
 INPUT ---        1 -0.0669143440619966 0.00447752944124727 0 0 0 0 0 0 0 0 
 INPUT ---       0 0 0 0 0 0;
 INPUT ---        1 1.06890759310837 1.14256344260473 0 0 0 0 0 0 0 0 0 0 0 
 INPUT ---       0 0 0;
 INPUT ---        0 0 0 1 0 0 0 0 0 0 0 0 0 0 0 0 0;
 INPUT ---        0 0 0 1 1 0 0 0 0 0 0 0 0 0 0 0 0;
 INPUT ---        0 0 0 1 0 1 0 0 0 0 0 0 0 0 0 0 0;
 INPUT ---        0 0 0 1 0 0 1 0 0 0 0 0 0 0 0 0 0;
 INPUT ---        0 0 0 1 0 0 0 1 0 0 0 0 0 0 0 0 0;
 INPUT ---        0 0 0 1 0 0 0 0 1 0 0 0 0 0 0 0 0;
 INPUT ---        0 0 0 1 0 0 0 0 0 1 0 0 0 0 0 0 0;
 INPUT ---        0 0 0 1 0 0 0 0 0 0 1 0 0 0 0 0 0;
 INPUT ---        0 0 0 1 0 0 0 0 0 0 0 1 0 0 0 0 0;
 INPUT ---        0 0 0 1 0 0 0 0 0 0 0 0 1 0 0 0 0;
 INPUT ---        0 0 0 1 0 0 0 0 0 0 0 0 0 1 0 0 0;
 INPUT ---        0 0 0 1 0 0 0 0 0 0 0 0 0 0 1 0 0;
 INPUT ---        0 0 0 1 0 0 0 0 0 0 0 0 0 0 0 1 0;
 INPUT ---        0 0 0 1 0 0 0 0 0 0 0 0 0 0 0 0 1;
 INPUT ---       blabel(1)=Phi:(Intercept);
 INPUT ---       blabel(2)=Phi:temp_prev_may_jun_jul;
 INPUT ---       blabel(3)=Phi:temp_prev_may_jun_jul2;
 INPUT ---       blabel(4)=p:(Intercept);
 INPUT ---       blabel(5)=p:factor(time)2012;
 INPUT ---       blabel(6)=p:factor(time)2013;
 INPUT ---       blabel(7)=p:factor(time)2014;
 INPUT ---       blabel(8)=p:factor(time)2015;
 INPUT ---       blabel(9)=p:factor(time)2016;
 INPUT ---       blabel(10)=p:factor(time)2017;
 INPUT ---       blabel(11)=p:factor(time)2018;
 INPUT ---       blabel(12)=p:factor(time)2019;
 INPUT ---       blabel(13)=p:factor(time)2020;
 INPUT ---       blabel(14)=p:factor(time)2021;
 INPUT ---       blabel(15)=p:factor(time)2022;

Program  MARK  - Survival Rate Estimation with Capture-Recapture Data
 gfortran(dble/PIM2) Vers. 11.1 Nov 2024  16-Sep-2025 05:44:17    Page  004
 - - - - - - - - - - - - - - - - - - - - - - - - - - - - - - - - - - - - - -
 
 INPUT ---       blabel(16)=p:factor(time)2023;
 INPUT ---       blabel(17)=p:factor(time)2024;
 INPUT ---       rlabel(1)=Phi g1 c2010 a0 t2010;
 INPUT ---       rlabel(2)=Phi g1 c2010 a1 t2011;
 INPUT ---       rlabel(3)=Phi g1 c2010 a2 t2012;
 INPUT ---       rlabel(4)=Phi g1 c2010 a3 t2013;
 INPUT ---       rlabel(5)=Phi g1 c2010 a4 t2014;
 INPUT ---       rlabel(6)=Phi g1 c2010 a5 t2015;
 INPUT ---       rlabel(7)=Phi g1 c2010 a6 t2016;
 INPUT ---       rlabel(8)=Phi g1 c2010 a7 t2017;
 INPUT ---       rlabel(9)=Phi g1 c2010 a8 t2018;
 INPUT ---       rlabel(10)=Phi g1 c2010 a9 t2019;
 INPUT ---       rlabel(11)=Phi g1 c2010 a10 t2020;
 INPUT ---       rlabel(12)=Phi g1 c2010 a11 t2021;
 INPUT ---       rlabel(13)=Phi g1 c2010 a12 t2022;
 INPUT ---       rlabel(14)=Phi g1 c2010 a13 t2023;
 INPUT ---       rlabel(15)=p g1 c2010 a1 t2011;
 INPUT ---       rlabel(16)=p g1 c2010 a2 t2012;
 INPUT ---       rlabel(17)=p g1 c2010 a3 t2013;
 INPUT ---       rlabel(18)=p g1 c2010 a4 t2014;
 INPUT ---       rlabel(19)=p g1 c2010 a5 t2015;
 INPUT ---       rlabel(20)=p g1 c2010 a6 t2016;
 INPUT ---       rlabel(21)=p g1 c2010 a7 t2017;
 INPUT ---       rlabel(22)=p g1 c2010 a8 t2018;
 INPUT ---       rlabel(23)=p g1 c2010 a9 t2019;
 INPUT ---       rlabel(24)=p g1 c2010 a10 t2020;
 INPUT ---       rlabel(25)=p g1 c2010 a11 t2021;
 INPUT ---       rlabel(26)=p g1 c2010 a12 t2022;
 INPUT ---       rlabel(27)=p g1 c2010 a13 t2023;
 INPUT ---       rlabel(28)=p g1 c2010 a14 t2024;
   Model is { model_temp_prev_may_jun_jul }

 Link Function Used is LOGIT        

 Variance Estimation Procedure Used is 2ndPart 
 -2logL(saturated) = 199.66386     
 Effective Sample Size = 237

 Number of function evaluations was 36 for 17 parameters.
 For numerical optimization, CPU Time was 0.234 secs and System Time was 0.125 secs.
 -2logL { model_temp_prev_may_jun_jul } = 238.12557     
 Penalty { model_temp_prev_may_jun_jul } = 0.0000000     
 Gradient { model_temp_prev_may_jun_jul }:
 -1.74951E-04  1.49387E-04 -1.33131E-04 -1.51021E-04   0.0000    
   0.0000       0.0000      2.49904E-05   0.0000      2.14099E-06
 -1.94216E-05   0.0000     -6.38747E-05 -6.61522E-05   0.0000    
 -2.85077E-05   0.0000    
 Maximum ABS(G) { model_temp_prev_may_jun_jul } =  1.74951E-04

Program  MARK  - Survival Rate Estimation with Capture-Recapture Data
 gfortran(dble/PIM2) Vers. 11.1 Nov 2024  16-Sep-2025 05:44:17    Page  005
 - - - - - - - - - - - - - - - - - - - - - - - - - - - - - - - - - - - - - -
 
 To compute VC matrix, CPU Time was 0.188 secs and System Time was 0.110 secs.
 S Vector { model_temp_prev_may_jun_jul }:
   51.72496      21.57662      4.681286      3.363797      2.691941    
   1.708865      1.106053     0.1375573     0.1961585E-03 0.5624923E-05
  0.4597603E-06 0.4597603E-06 0.1043439E-08 0.1005309E-08 0.9701544E-09
  0.7571751E-09 0.5920023E-09
 To invert VC matrix, CPU Time was 0.001 secs and System Time was 0.001 secs.
 Ratio Threshold = 50.00 Max Gap (8/9) = 701.3 Next Max Gap (12/13) = 440.6
 Gap Method for Num. of Estimated Parameters { model_temp_prev_may_jun_jul } = 8          
 Threshold { model_temp_prev_may_jun_jul } = 0.3499021E-03           
 Numerical Threshold Method for Num. of Estimated Parameters { model_temp_prev_may_jun_jul } = 8          
 Number of Estimated Parameters { model_temp_prev_may_jun_jul } = 8          
 DEVIANCE { model_temp_prev_may_jun_jul } = 38.461709               
 DEVIANCE Degrees of Freedom { model_temp_prev_may_jun_jul } = 7          
 c-hat { model_temp_prev_may_jun_jul } = 5.4945298               
 AIC { model_temp_prev_may_jun_jul } = 254.12557               
 AICc { model_temp_prev_may_jun_jul } = 254.75714               
 BIC { model_temp_prev_may_jun_jul } = 281.87005               
 Pearson Chisquare { model_temp_prev_may_jun_jul } = 59.591187               
 Possible Encounter Histories { model_temp_prev_may_jun_jul } = 4062          
 Pearson Chisquare df { model_temp_prev_may_jun_jul } = 4044          
 Pearson chat { model_temp_prev_may_jun_jul } = 0.0147357               
 Sum(Observed/Expected) { model_temp_prev_may_jun_jul } = 78.817530               
 s-bar { model_temp_prev_may_jun_jul } = -0.9830164              
 Fletcher chat { model_temp_prev_may_jun_jul } = 0.8676434               


            LOGIT Link Function Parameters of { model_temp_prev_may_jun_jul }
                                                              95% Confidence Interval
    Parameter                  Beta         Standard Error     Lower           Upper
 -------------------------  --------------  --------------  --------------  --------------
    1:Phi:(Intercept)        12.082621       21.001797      -29.080902       53.246145    
    2:Phi:temp_prev_may_ju   18.922103       40.039842      -59.555989       97.400195    
    3:Phi:temp_prev_may_ju   7.0010383       17.887649      -28.058754       42.060831    
    4:p:(Intercept)         -19.396940       159.36472      -331.75179       292.95791    
    5:p:factor(time)2012    -0.1000000       0.0000000      -0.1000000      -0.1000000    
    6:p:factor(time)2013    -0.1000000       0.0000000      -0.1000000      -0.1000000    
    7:p:factor(time)2014    -22.946277       0.0000000      -22.946277      -22.946277    
    8:p:factor(time)2015     18.996682       159.36480      -293.35834       331.35171    
    9:p:factor(time)2016    -26.105678       0.0000000      -26.105678      -26.105678    
   10:p:factor(time)2017     15.926537       159.36665      -296.43211       328.28518    
   11:p:factor(time)2018     15.498878       159.36896      -296.86429       327.86205    
   12:p:factor(time)2019    -22.523861       0.0000000      -22.523861      -22.523861    
   13:p:factor(time)2020     18.588680       159.36622      -293.76912       330.94648    
   14:p:factor(time)2021     17.251119       159.36592      -295.10608       329.60832    
   15:p:factor(time)2022    -29.654676       0.0000000      -29.654676      -29.654676    

Program  MARK  - Survival Rate Estimation with Capture-Recapture Data
 gfortran(dble/PIM2) Vers. 11.1 Nov 2024  16-Sep-2025 05:44:17    Page  006
 - - - - - - - - - - - - - - - - - - - - - - - - - - - - - - - - - - - - - -
 
   16:p:factor(time)2023     16.663308       159.36599      -295.69404       329.02066    
   17:p:factor(time)2024    -22.090054       0.0000000      -22.090054      -22.090054    


               Real Function Parameters of { model_temp_prev_may_jun_jul }
                                                               95% Confidence Interval
     Parameter                Estimate       Standard Error     Lower           Upper
 --------------------------  --------------  --------------  --------------  --------------
     1:Phi g1 c2010 a0 t201   0.9188123       0.1647696       0.1297733       0.9988370       
     2:Phi g1 c2010 a1 t201   1.0000000       0.0000000       1.0000000       1.0000000       
     3:Phi g1 c2010 a2 t201   0.9723048       0.1099865       0.0115770       0.9999905       
     4:Phi g1 c2010 a3 t201   0.8620469       0.1635546       0.2966688       0.9893132       
     5:Phi g1 c2010 a4 t201   0.9923564       0.0489672       0.4149600E-03   1.0000000       
     6:Phi g1 c2010 a5 t201   1.0000000       0.9342560E-10   1.0000000       1.0000000       
     7:Phi g1 c2010 a6 t201   0.8257402       0.1546031       0.3658304       0.9749524       
     8:Phi g1 c2010 a7 t201   0.6035748       0.2848951       0.1286064       0.9401446       
     9:Phi g1 c2010 a8 t201   1.0000000       0.2761238E-07   0.9999999       1.0000001       
    10:Phi g1 c2010 a9 t201   0.3422908       0.2058320       0.0797969       0.7574786       
    11:Phi g1 c2010 a10 t20   1.0000000       0.0000000       1.0000000       1.0000000       
    12:Phi g1 c2010 a11 t20   0.8052179       0.1511371       0.3847403       0.9647002       
    13:Phi g1 c2010 a12 t20   0.9999806       0.3580140E-03   0.1096473E-10   1.0000000       
    14:Phi g1 c2010 a13 t20   1.0000000       0.0000000       1.0000000       1.0000000       
    15:p g1 c2010 a1 t2011    0.3767176E-08   0.6003550E-06  -0.1172929E-05   0.1180463E-05   
    16:p g1 c2010 a2 t2012    0.3408682E-08   0.0000000       0.3408682E-08   0.3408682E-08   
    17:p g1 c2010 a3 t2013    0.3408682E-08   0.0000000       0.3408682E-08   0.3408682E-08   
    18:p g1 c2010 a4 t2014    0.4079196E-18   0.0000000       0.4079196E-18   0.4079196E-18   
    19:p g1 c2010 a5 t2015    0.4012504       0.0879251       0.2464624       0.5786062       
    20:p g1 c2010 a6 t2016    0.1731666E-19   0.0000000       0.1731666E-19   0.1731666E-19   
    21:p g1 c2010 a7 t2017    0.0301662       0.0227176       0.0067439       0.1247224       
    22:p g1 c2010 a8 t2018    0.0198780       0.0220077       0.0022111       0.1565576       
    23:p g1 c2010 a9 t2019    0.6223397E-18   0.0000000       0.6223397E-18   0.6223397E-18   
    24:p g1 c2010 a10 t2020   0.3082613       0.1758735       0.0812985       0.6917499       
    25:p g1 c2010 a11 t2021   0.1047224       0.0636225       0.0300065       0.3066630       
    26:p g1 c2010 a12 t2022   0.4979135E-21   0.0000000       0.4979135E-21   0.4979135E-21   
    27:p g1 c2010 a13 t2023   0.0610177       0.0377776       0.0175331       0.1913456       
    28:p g1 c2010 a14 t2024   0.9603452E-18   0.0000000       0.9603452E-18   0.9603452E-18   

 To compute parameter estimates, CPU Time was 0.001 secs and System Time was 0.001 secs.

 Attempted ordering of parameters by estimatibility:
   4  1  8 14 16 13 10  3  2 11  6  5 17 12  7  9 15
 Beta number 15 is a singular value.

 For procedure estimate CPU Time was 0.422 secs and System Time was 0.250 secs.

Program  MARK  - Survival Rate Estimation with Capture-Recapture Data
 gfortran(dble/PIM2) Vers. 11.1 Nov 2024  16-Sep-2025 05:44:17    Page  007
 - - - - - - - - - - - - - - - - - - - - - - - - - - - - - - - - - - - - - -
 


 INPUT --- proc stop;

 For this job, CPU Time in mins was 0.008 and System Time in mins was 0.005.

     Time Start = 05:44:17.284   Time End = 05:44:17.566

 Wall Clock Time in mins for this job was 0.004.

 Maximum of 19 words used.


          E X E C U T I O N   S U C C E S S F U L
