
 Program  MARK  - Survival Rate Estimation with Capture-Recapture Data
 gfortran(dble/PIM2) Vers. 11.1 Nov 2024  16-Sep-2025 05:44:02    Page  001
  
 - - - - - - - - - - - - - - - - - - - - - - - - - - - - - - - - - - - - - -
 
 Welcome to MARK localuser on machine DEP79421 in subdirectory 
 "C:\Users\localuser\Desktop\GitHub\LHI_SBSH_CMR_adult_survival" running file "data/rmark_outputs/covariate_models/quadratic_covariate_model_AAO_sep_oct_nov.inp".
 This version was compiled by GCC version 14.2.0 using the options: 
  -cpp -iprefix C:/tdm-gcc-64/mingw64-14-2/bin/../lib/gcc/
  x86_64-w64-mingw32/14.2.0/ -D_MT -D_REENTRANT -U_REENTRANT -D
  dbleprecision -m64 -march=x86-64 -mtune=generic -mthreads -O3 -std=f2023
  -fimplicit-none -ffpe-summary=invalid,zero,overflow,underflow
  -funroll-loops -fno-unsafe-math-optimizations -frounding-math
  -fsignaling-nans -fall-intrinsics -fopenmp

 This problem will use 19 of 20 possible threads.
 Static thread allocation is used.
 INPUT --- proc title ;

 For procedure title CPU Time was 0.001 secs and System Time was 0.001 secs.
 INPUT --- proc chmatrix occasions= 15 groups= 1 etype= Live Nodes= 
 INPUT --- 101 ICMeans NoHist hist= 26  ;
 INPUT ---    time interval 1 1 1 1 1 1 1 1 1 1 1 1 1 1 ;
 INPUT ---    glabel(1)=Group 1;

      Number of unique encounter histories read was 26.

      Number of individual covariates read was 0.
      Time interval lengths are all equal to 1.

      Data type number is 1
      Data type is Live Recaptures (CJS)

 For procedure chmatrix CPU Time was 0.001 secs and System Time was 0.001 secs.

Program  MARK  - Survival Rate Estimation with Capture-Recapture Data
 gfortran(dble/PIM2) Vers. 11.1 Nov 2024  16-Sep-2025 05:44:02    Page  002
 - - - - - - - - - - - - - - - - - - - - - - - - - - - - - - - - - - - - - -
 


 INPUT --- proc estimate link=Logit NOLOOP varest=2ndPart    ;
 INPUT --- model={ model_AAO_sep_oct_nov };
 INPUT ---    group=1 Phi    rows=14 cols=14 Triang ;
 INPUT ---        1 2 3 4 5 6 7 8 9 10 11 12 13 14 ;
 INPUT ---        2 3 4 5 6 7 8 9 10 11 12 13 14 ;
 INPUT ---        3 4 5 6 7 8 9 10 11 12 13 14 ;
 INPUT ---        4 5 6 7 8 9 10 11 12 13 14 ;
 INPUT ---        5 6 7 8 9 10 11 12 13 14 ;
 INPUT ---        6 7 8 9 10 11 12 13 14 ;
 INPUT ---        7 8 9 10 11 12 13 14 ;
 INPUT ---        8 9 10 11 12 13 14 ;
 INPUT ---        9 10 11 12 13 14 ;
 INPUT ---        10 11 12 13 14 ;
 INPUT ---        11 12 13 14 ;
 INPUT ---        12 13 14 ;
 INPUT ---        13 14 ;
 INPUT ---        14 ;
 INPUT ---    group=1 p    rows=14 cols=14 Triang ;
 INPUT ---        15 16 17 18 19 20 21 22 23 24 25 26 27 28 ;
 INPUT ---        16 17 18 19 20 21 22 23 24 25 26 27 28 ;
 INPUT ---        17 18 19 20 21 22 23 24 25 26 27 28 ;
 INPUT ---        18 19 20 21 22 23 24 25 26 27 28 ;
 INPUT ---        19 20 21 22 23 24 25 26 27 28 ;
 INPUT ---        20 21 22 23 24 25 26 27 28 ;
 INPUT ---        21 22 23 24 25 26 27 28 ;
 INPUT ---        22 23 24 25 26 27 28 ;
 INPUT ---        23 24 25 26 27 28 ;
 INPUT ---        24 25 26 27 28 ;
 INPUT ---        25 26 27 28 ;
 INPUT ---        26 27 28 ;
 INPUT ---        27 28 ;
 INPUT ---        28 ;
 INPUT ---    design matrix constraints=28 covariates=17;
 INPUT ---        1 1.24940673704577 1.56101719457537 0 0 0 0 0 0 0 0 0 0 0 
 INPUT ---       0 0 0;
 INPUT ---        1 -1.13488358772789 1.28796075769413 0 0 0 0 0 0 0 0 0 0 0 
 INPUT ---       0 0 0;
 INPUT ---        1 -1.04611944463956 1.09436589245299 0 0 0 0 0 0 0 0 0 0 0 
 INPUT ---       0 0 0;
 INPUT ---        1 -1.20940749395713 1.46266648643966 0 0 0 0 0 0 0 0 0 0 0 
 INPUT ---       0 0 0;
 INPUT ---        1 -1.09073885346471 1.18971124645751 0 0 0 0 0 0 0 0 0 0 0 
 INPUT ---       0 0 0;
 INPUT ---        1 0.21176814458007 0.0448457470588854 0 0 0 0 0 0 0 0 0 0 

Program  MARK  - Survival Rate Estimation with Capture-Recapture Data
 gfortran(dble/PIM2) Vers. 11.1 Nov 2024  16-Sep-2025 05:44:02    Page  003
 - - - - - - - - - - - - - - - - - - - - - - - - - - - - - - - - - - - - - -
 
 INPUT ---       0 0 0 0;
 INPUT ---        1 0.0128795031147772 0.000165881600483555 0 0 0 0 0 0 0 0 
 INPUT ---       0 0 0 0 0 0;
 INPUT ---        1 0.416827555350969 0.173745210899865 0 0 0 0 0 0 0 0 0 0 
 INPUT ---       0 0 0 0;
 INPUT ---        1 1.11934590706608 1.25293525966559 0 0 0 0 0 0 0 0 0 0 0 
 INPUT ---       0 0 0;
 INPUT ---        1 -1.33994299849879 1.79544723922593 0 0 0 0 0 0 0 0 0 0 0 
 INPUT ---       0 0 0;
 INPUT ---        1 0.783276317191556 0.613521789073167 0 0 0 0 0 0 0 0 0 0 
 INPUT ---       0 0 0 0;
 INPUT ---        1 1.18152827468411 1.39600906387801 0 0 0 0 0 0 0 0 0 0 0 
 INPUT ---       0 0 0;
 INPUT ---        1 1.37234744859592 1.88333751966773 0 0 0 0 0 0 0 0 0 0 0 
 INPUT ---       0 0 0;
 INPUT ---        1 -0.493123579944894 0.243170865097668 0 0 0 0 0 0 0 0 0 0 
 INPUT ---       0 0 0 0;
 INPUT ---        0 0 0 1 0 0 0 0 0 0 0 0 0 0 0 0 0;
 INPUT ---        0 0 0 1 1 0 0 0 0 0 0 0 0 0 0 0 0;
 INPUT ---        0 0 0 1 0 1 0 0 0 0 0 0 0 0 0 0 0;
 INPUT ---        0 0 0 1 0 0 1 0 0 0 0 0 0 0 0 0 0;
 INPUT ---        0 0 0 1 0 0 0 1 0 0 0 0 0 0 0 0 0;
 INPUT ---        0 0 0 1 0 0 0 0 1 0 0 0 0 0 0 0 0;
 INPUT ---        0 0 0 1 0 0 0 0 0 1 0 0 0 0 0 0 0;
 INPUT ---        0 0 0 1 0 0 0 0 0 0 1 0 0 0 0 0 0;
 INPUT ---        0 0 0 1 0 0 0 0 0 0 0 1 0 0 0 0 0;
 INPUT ---        0 0 0 1 0 0 0 0 0 0 0 0 1 0 0 0 0;
 INPUT ---        0 0 0 1 0 0 0 0 0 0 0 0 0 1 0 0 0;
 INPUT ---        0 0 0 1 0 0 0 0 0 0 0 0 0 0 1 0 0;
 INPUT ---        0 0 0 1 0 0 0 0 0 0 0 0 0 0 0 1 0;
 INPUT ---        0 0 0 1 0 0 0 0 0 0 0 0 0 0 0 0 1;
 INPUT ---       blabel(1)=Phi:(Intercept);
 INPUT ---       blabel(2)=Phi:AAO_sep_oct_nov;
 INPUT ---       blabel(3)=Phi:AAO_sep_oct_nov2;
 INPUT ---       blabel(4)=p:(Intercept);
 INPUT ---       blabel(5)=p:factor(time)2012;
 INPUT ---       blabel(6)=p:factor(time)2013;
 INPUT ---       blabel(7)=p:factor(time)2014;
 INPUT ---       blabel(8)=p:factor(time)2015;
 INPUT ---       blabel(9)=p:factor(time)2016;
 INPUT ---       blabel(10)=p:factor(time)2017;
 INPUT ---       blabel(11)=p:factor(time)2018;
 INPUT ---       blabel(12)=p:factor(time)2019;
 INPUT ---       blabel(13)=p:factor(time)2020;
 INPUT ---       blabel(14)=p:factor(time)2021;
 INPUT ---       blabel(15)=p:factor(time)2022;

Program  MARK  - Survival Rate Estimation with Capture-Recapture Data
 gfortran(dble/PIM2) Vers. 11.1 Nov 2024  16-Sep-2025 05:44:02    Page  004
 - - - - - - - - - - - - - - - - - - - - - - - - - - - - - - - - - - - - - -
 
 INPUT ---       blabel(16)=p:factor(time)2023;
 INPUT ---       blabel(17)=p:factor(time)2024;
 INPUT ---       rlabel(1)=Phi g1 c2010 a0 t2010;
 INPUT ---       rlabel(2)=Phi g1 c2010 a1 t2011;
 INPUT ---       rlabel(3)=Phi g1 c2010 a2 t2012;
 INPUT ---       rlabel(4)=Phi g1 c2010 a3 t2013;
 INPUT ---       rlabel(5)=Phi g1 c2010 a4 t2014;
 INPUT ---       rlabel(6)=Phi g1 c2010 a5 t2015;
 INPUT ---       rlabel(7)=Phi g1 c2010 a6 t2016;
 INPUT ---       rlabel(8)=Phi g1 c2010 a7 t2017;
 INPUT ---       rlabel(9)=Phi g1 c2010 a8 t2018;
 INPUT ---       rlabel(10)=Phi g1 c2010 a9 t2019;
 INPUT ---       rlabel(11)=Phi g1 c2010 a10 t2020;
 INPUT ---       rlabel(12)=Phi g1 c2010 a11 t2021;
 INPUT ---       rlabel(13)=Phi g1 c2010 a12 t2022;
 INPUT ---       rlabel(14)=Phi g1 c2010 a13 t2023;
 INPUT ---       rlabel(15)=p g1 c2010 a1 t2011;
 INPUT ---       rlabel(16)=p g1 c2010 a2 t2012;
 INPUT ---       rlabel(17)=p g1 c2010 a3 t2013;
 INPUT ---       rlabel(18)=p g1 c2010 a4 t2014;
 INPUT ---       rlabel(19)=p g1 c2010 a5 t2015;
 INPUT ---       rlabel(20)=p g1 c2010 a6 t2016;
 INPUT ---       rlabel(21)=p g1 c2010 a7 t2017;
 INPUT ---       rlabel(22)=p g1 c2010 a8 t2018;
 INPUT ---       rlabel(23)=p g1 c2010 a9 t2019;
 INPUT ---       rlabel(24)=p g1 c2010 a10 t2020;
 INPUT ---       rlabel(25)=p g1 c2010 a11 t2021;
 INPUT ---       rlabel(26)=p g1 c2010 a12 t2022;
 INPUT ---       rlabel(27)=p g1 c2010 a13 t2023;
 INPUT ---       rlabel(28)=p g1 c2010 a14 t2024;
   Model is { model_AAO_sep_oct_nov }

 Link Function Used is LOGIT        

 Variance Estimation Procedure Used is 2ndPart 
 -2logL(saturated) = 199.66386     
 Effective Sample Size = 237

 Number of function evaluations was 86 for 17 parameters.
 For numerical optimization, CPU Time was 0.672 secs and System Time was 0.454 secs.
 -2logL { model_AAO_sep_oct_nov } = 239.50310     
 Penalty { model_AAO_sep_oct_nov } = 0.0000000     
 Gradient { model_AAO_sep_oct_nov }:
  2.30983E-06  6.61503E-06  2.57201E-06 -1.51853E-06   0.0000    
   0.0000       0.0000     -1.55921E-07   0.0000     -2.13733E-07
  2.37881E-07   0.0000     -1.62344E-06   0.0000       0.0000    
   0.0000       0.0000    
 Maximum ABS(G) { model_AAO_sep_oct_nov } =  6.61503E-06

Program  MARK  - Survival Rate Estimation with Capture-Recapture Data
 gfortran(dble/PIM2) Vers. 11.1 Nov 2024  16-Sep-2025 05:44:02    Page  005
 - - - - - - - - - - - - - - - - - - - - - - - - - - - - - - - - - - - - - -
 
 To compute VC matrix, CPU Time was 0.219 secs and System Time was 0.109 secs.
 S Vector { model_AAO_sep_oct_nov }:
   47.25107      20.38097      8.482640      4.408986      3.042117    
   1.509178      1.029622     0.5235297E-02 0.2760105E-05 0.1313601E-06
  0.1313601E-06 0.1562232E-07 0.5954162E-08 0.4768568E-08 0.1145377E-08
  0.7391903E-10 0.4414430E-10
 To invert VC matrix, CPU Time was 0.001 secs and System Time was 0.001 secs.
 Ratio Threshold = 50.00 Max Gap (8/9) = 1897. Next Max Gap (7/8) = 196.7
 Gap Method for Num. of Estimated Parameters { model_AAO_sep_oct_nov } = 7          
 Threshold { model_AAO_sep_oct_nov } = 0.1323005E-04           
 Numerical Threshold Method for Num. of Estimated Parameters { model_AAO_sep_oct_nov } = 8          
 Number of Estimated Parameters { model_AAO_sep_oct_nov } = 8          

   * *  WARNING  * *   Number of parameters estimated from gap method (=7) and threshold method (=8) differ.  Inspect full output. 
 Ratios of S Vector { model_AAO_sep_oct_nov }:
   1/2    2.318392       2/3    2.402668       3/4    1.923944       4/5    1.449315       5/6    2.015744    
   6/7    1.465759       7/8    196.6693       8/9    1896.775       9/10    21.01175       10/11    1.000000    
   11/12    8.408487       12/13    2.623765       13/14    1.248627       14/15    4.163317       15/16    15.49502    
   16/17    1.674486    
 DEVIANCE { model_AAO_sep_oct_nov } = 39.839241               
 DEVIANCE Degrees of Freedom { model_AAO_sep_oct_nov } = 7          
 c-hat { model_AAO_sep_oct_nov } = 5.6913201               
 AIC { model_AAO_sep_oct_nov } = 255.50310               
 AICc { model_AAO_sep_oct_nov } = 256.13468               
 BIC { model_AAO_sep_oct_nov } = 283.24758               
 Pearson Chisquare { model_AAO_sep_oct_nov } = 56.728452               
 Possible Encounter Histories { model_AAO_sep_oct_nov } = 4062          
 Pearson Chisquare df { model_AAO_sep_oct_nov } = 4044          
 Pearson chat { model_AAO_sep_oct_nov } = 0.0140278               
 Sum(Observed/Expected) { model_AAO_sep_oct_nov } = 74.718947               
 s-bar { model_AAO_sep_oct_nov } = -0.9840279              
 Fletcher chat { model_AAO_sep_oct_nov } = 0.8782695               


               LOGIT Link Function Parameters of { model_AAO_sep_oct_nov }
                                                              95% Confidence Interval
    Parameter                  Beta         Standard Error     Lower           Upper
 -------------------------  --------------  --------------  --------------  --------------
    1:Phi:(Intercept)        13.037795       9.3929057      -5.3723003       31.447891    
    2:Phi:AAO_sep_oct_nov   -0.3218416       0.5135098      -1.3283208       0.6846376    
    3:Phi:AAO_sep_oct_nov2  -8.1317133       5.3717910      -18.660424       2.3969973    
    4:p:(Intercept)         -11.560478       246.01069      -493.74143       470.62048    
    5:p:factor(time)2012    -0.1000000       2759.1052      -5407.9464       5407.7464    
    6:p:factor(time)2013    -0.1000000       2759.1052      -5407.9464       5407.7464    
    7:p:factor(time)2014    -12.794607       0.0000000      -12.794607      -12.794607    
    8:p:factor(time)2015     11.232830       246.01078      -470.94830       493.41396    

Program  MARK  - Survival Rate Estimation with Capture-Recapture Data
 gfortran(dble/PIM2) Vers. 11.1 Nov 2024  16-Sep-2025 05:44:02    Page  006
 - - - - - - - - - - - - - - - - - - - - - - - - - - - - - - - - - - - - - -
 
    9:p:factor(time)2016    -11.109957       0.0000000      -11.109957      -11.109957    
   10:p:factor(time)2017     7.9239883       246.01181      -474.25917       490.10714    
   11:p:factor(time)2018     7.0180802       246.01284      -475.16709       489.20325    
   12:p:factor(time)2019    -10.748229       7868.3171      -15432.650       15411.154    
   13:p:factor(time)2020     10.748800       246.01173      -471.43421       492.93181    
   14:p:factor(time)2021     9.4130980       246.01147      -472.76940       491.59559    
   15:p:factor(time)2022    -11.835480       0.0000000      -11.835480      -11.835480    
   16:p:factor(time)2023     45.370982       116311.29      -227924.76       228015.51    
   17:p:factor(time)2024    -59.004953       150509.07      -295056.79       294938.78    


                  Real Function Parameters of { model_AAO_sep_oct_nov }
                                                               95% Confidence Interval
     Parameter                Estimate       Standard Error     Lower           Upper
 --------------------------  --------------  --------------  --------------  --------------
     1:Phi g1 c2010 a0 t201   0.4854891       0.3849565       0.0439960       0.9508530       
     2:Phi g1 c2010 a1 t201   0.9492962       0.1028880       0.2209843       0.9991914       
     3:Phi g1 c2010 a2 t201   0.9887426       0.0353977       0.1470679       0.9999776       
     4:Phi g1 c2010 a3 t201   0.8224519       0.1812910       0.2889871       0.9814107       
     5:Phi g1 c2010 a4 t201   0.9762109       0.0618558       0.1815214       0.9998683       
     6:Phi g1 c2010 a5 t201   0.9999966       0.3096107E-04   0.0041477       1.0000000       
     7:Phi g1 c2010 a6 t201   0.9999978       0.2056419E-04   0.0045639       1.0000000       
     8:Phi g1 c2010 a7 t201   0.9999898       0.8801722E-04   0.0045714       1.0000000       
     9:Phi g1 c2010 a8 t201   0.9233694       0.2190043       0.0271893       0.9998075       
    10:Phi g1 c2010 a9 t201   0.2439734       0.1769455       0.0469193       0.6790119       
    11:Phi g1 c2010 a10 t20   0.9995891       0.0026220       0.0088783       1.0000000       
    12:Phi g1 c2010 a11 t20   0.7867734       0.3967492       0.0345646       0.9973773       
    13:Phi g1 c2010 a12 t20   0.0618821       0.0357756       0.0193312       0.1808242       
    14:Phi g1 c2010 a13 t20   0.9999866       0.1061792E-03   0.0134641       1.0000000       
    15:p g1 c2010 a1 t2011    0.9535517E-05   0.0023458      0.3722373E-214   1.0000000       
    16:p g1 c2010 a2 t2012    0.8628101E-05   0.0239001      0.4799582E-313   1.0000000       
    17:p g1 c2010 a3 t2013    0.8628101E-05   0.0239001      0.4799582E-313   1.0000000       
    18:p g1 c2010 a4 t2014    0.2646800E-10   0.0000000       0.2646800E-10   0.2646800E-10   
    19:p g1 c2010 a5 t2015    0.4188132       0.1000073       0.2436197       0.6171908       
    20:p g1 c2010 a6 t2016    0.1426775E-09   0.0000000       0.1426775E-09   0.1426775E-09   
    21:p g1 c2010 a7 t2017    0.0256684       0.0182038       0.0062860       0.0988687       
    22:p g1 c2010 a8 t2018    0.0105357       0.0105363       0.0014665       0.0716636       
    23:p g1 c2010 a9 t2019    0.2048574E-09   0.1610101E-05  -0.3155593E-05   0.3156003E-05   
    24:p g1 c2010 a10 t2020   0.3075332       0.1810241       0.0774307       0.7014945       
    25:p g1 c2010 a11 t2021   0.1045764       0.0645153       0.0293760       0.3106682       
    26:p g1 c2010 a12 t2022   0.6906605E-10   0.0000000       0.6906605E-10   0.6906605E-10   
    27:p g1 c2010 a13 t2023   1.0000000       0.2324372E-09   1.0000000       1.0000000       
    28:p g1 c2010 a14 t2024   0.2258516E-30   0.3399276E-25  -0.6662558E-25   0.6662603E-25   

Program  MARK  - Survival Rate Estimation with Capture-Recapture Data
 gfortran(dble/PIM2) Vers. 11.1 Nov 2024  16-Sep-2025 05:44:02    Page  007
 - - - - - - - - - - - - - - - - - - - - - - - - - - - - - - - - - - - - - -
 

 To compute parameter estimates, CPU Time was 0.001 secs and System Time was 0.016 secs.

 Attempted ordering of parameters by estimatibility:
   4  1  2  8 14 10 13  3 11  6  5 12  9  7 15 16 17
 Beta number 17 is a singular value.

 For procedure estimate CPU Time was 0.906 secs and System Time was 0.594 secs.
 INPUT --- proc stop;

 For this job, CPU Time in mins was 0.016 and System Time in mins was 0.010.

     Time Start = 05:44:02.036   Time End = 05:44:02.658

 Wall Clock Time in mins for this job was 0.010.

 Maximum of 19 words used.


          E X E C U T I O N   S U C C E S S F U L
