
 Program  MARK  - Survival Rate Estimation with Capture-Recapture Data
 gfortran(dble/PIM2) Vers. 11.1 Nov 2024  16-Sep-2025 05:43:49    Page  001
  
 - - - - - - - - - - - - - - - - - - - - - - - - - - - - - - - - - - - - - -
 
 Welcome to MARK localuser on machine DEP79421 in subdirectory 
 "C:\Users\localuser\Desktop\GitHub\LHI_SBSH_CMR_adult_survival" running file "data/rmark_outputs/covariate_models/quadratic_covariate_model_enso_py_pc.inp".
 This version was compiled by GCC version 14.2.0 using the options: 
  -cpp -iprefix C:/tdm-gcc-64/mingw64-14-2/bin/../lib/gcc/
  x86_64-w64-mingw32/14.2.0/ -D_MT -D_REENTRANT -U_REENTRANT -D
  dbleprecision -m64 -march=x86-64 -mtune=generic -mthreads -O3 -std=f2023
  -fimplicit-none -ffpe-summary=invalid,zero,overflow,underflow
  -funroll-loops -fno-unsafe-math-optimizations -frounding-math
  -fsignaling-nans -fall-intrinsics -fopenmp

 This problem will use 19 of 20 possible threads.
 Static thread allocation is used.
 INPUT --- proc title ;

 For procedure title CPU Time was 0.001 secs and System Time was 0.001 secs.
 INPUT --- proc chmatrix occasions= 15 groups= 1 etype= Live Nodes= 
 INPUT --- 101 ICMeans NoHist hist= 26  ;
 INPUT ---    time interval 1 1 1 1 1 1 1 1 1 1 1 1 1 1 ;
 INPUT ---    glabel(1)=Group 1;

      Number of unique encounter histories read was 26.

      Number of individual covariates read was 0.
      Time interval lengths are all equal to 1.

      Data type number is 1
      Data type is Live Recaptures (CJS)

 For procedure chmatrix CPU Time was 0.001 secs and System Time was 0.016 secs.

Program  MARK  - Survival Rate Estimation with Capture-Recapture Data
 gfortran(dble/PIM2) Vers. 11.1 Nov 2024  16-Sep-2025 05:43:49    Page  002
 - - - - - - - - - - - - - - - - - - - - - - - - - - - - - - - - - - - - - -
 


 INPUT --- proc estimate link=Logit NOLOOP varest=2ndPart    ;
 INPUT --- model={ model_enso_py_pc };
 INPUT ---    group=1 Phi    rows=14 cols=14 Triang ;
 INPUT ---        1 2 3 4 5 6 7 8 9 10 11 12 13 14 ;
 INPUT ---        2 3 4 5 6 7 8 9 10 11 12 13 14 ;
 INPUT ---        3 4 5 6 7 8 9 10 11 12 13 14 ;
 INPUT ---        4 5 6 7 8 9 10 11 12 13 14 ;
 INPUT ---        5 6 7 8 9 10 11 12 13 14 ;
 INPUT ---        6 7 8 9 10 11 12 13 14 ;
 INPUT ---        7 8 9 10 11 12 13 14 ;
 INPUT ---        8 9 10 11 12 13 14 ;
 INPUT ---        9 10 11 12 13 14 ;
 INPUT ---        10 11 12 13 14 ;
 INPUT ---        11 12 13 14 ;
 INPUT ---        12 13 14 ;
 INPUT ---        13 14 ;
 INPUT ---        14 ;
 INPUT ---    group=1 p    rows=14 cols=14 Triang ;
 INPUT ---        15 16 17 18 19 20 21 22 23 24 25 26 27 28 ;
 INPUT ---        16 17 18 19 20 21 22 23 24 25 26 27 28 ;
 INPUT ---        17 18 19 20 21 22 23 24 25 26 27 28 ;
 INPUT ---        18 19 20 21 22 23 24 25 26 27 28 ;
 INPUT ---        19 20 21 22 23 24 25 26 27 28 ;
 INPUT ---        20 21 22 23 24 25 26 27 28 ;
 INPUT ---        21 22 23 24 25 26 27 28 ;
 INPUT ---        22 23 24 25 26 27 28 ;
 INPUT ---        23 24 25 26 27 28 ;
 INPUT ---        24 25 26 27 28 ;
 INPUT ---        25 26 27 28 ;
 INPUT ---        26 27 28 ;
 INPUT ---        27 28 ;
 INPUT ---        28 ;
 INPUT ---    design matrix constraints=28 covariates=17;
 INPUT ---        1 -0.719987970576933 0.51838267777549 0 0 0 0 0 0 0 0 0 0 
 INPUT ---       0 0 0 0;
 INPUT ---        1 1.36249610870068 1.85639564622451 0 0 0 0 0 0 0 0 0 0 0 
 INPUT ---       0 0 0;
 INPUT ---        1 0.818253652614078 0.66953904001628 0 0 0 0 0 0 0 0 0 0 0 
 INPUT ---       0 0 0;
 INPUT ---        1 -0.131021754658838 0.0171667001938808 0 0 0 0 0 0 0 0 0 
 INPUT ---       0 0 0 0 0;
 INPUT ---        1 0.460463573962171 0.212026702946015 0 0 0 0 0 0 0 0 0 0 
 INPUT ---       0 0 0 0;
 INPUT ---        1 -0.404402539053599 0.163541413592998 0 0 0 0 0 0 0 0 0 0 

Program  MARK  - Survival Rate Estimation with Capture-Recapture Data
 gfortran(dble/PIM2) Vers. 11.1 Nov 2024  16-Sep-2025 05:43:49    Page  003
 - - - - - - - - - - - - - - - - - - - - - - - - - - - - - - - - - - - - - -
 
 INPUT ---       0 0 0 0;
 INPUT ---        1 -2.1738202995108 4.72549469456521 0 0 0 0 0 0 0 0 0 0 0 
 INPUT ---       0 0 0;
 INPUT ---        1 0.408182476021938 0.1666129337314 0 0 0 0 0 0 0 0 0 0 0 
 INPUT ---       0 0 0;
 INPUT ---        1 0.0403159465583709 0.00162537554689742 0 0 0 0 0 0 0 0 0 
 INPUT ---       0 0 0 0 0;
 INPUT ---        1 -0.354640553816281 0.125769922411118 0 0 0 0 0 0 0 0 0 0 
 INPUT ---       0 0 0 0;
 INPUT ---        1 -0.590854916488297 0.349109532338392 0 0 0 0 0 0 0 0 0 0 
 INPUT ---       0 0 0 0;
 INPUT ---        1 0.815734539911163 0.665422839604077 0 0 0 0 0 0 0 0 0 0 
 INPUT ---       0 0 0 0;
 INPUT ---        1 0.728806132951101 0.531158379427138 0 0 0 0 0 0 0 0 0 0 
 INPUT ---       0 0 0 0;
 INPUT ---        1 1.27808681444354 1.63350590525443 0 0 0 0 0 0 0 0 0 0 0 
 INPUT ---       0 0 0;
 INPUT ---        0 0 0 1 0 0 0 0 0 0 0 0 0 0 0 0 0;
 INPUT ---        0 0 0 1 1 0 0 0 0 0 0 0 0 0 0 0 0;
 INPUT ---        0 0 0 1 0 1 0 0 0 0 0 0 0 0 0 0 0;
 INPUT ---        0 0 0 1 0 0 1 0 0 0 0 0 0 0 0 0 0;
 INPUT ---        0 0 0 1 0 0 0 1 0 0 0 0 0 0 0 0 0;
 INPUT ---        0 0 0 1 0 0 0 0 1 0 0 0 0 0 0 0 0;
 INPUT ---        0 0 0 1 0 0 0 0 0 1 0 0 0 0 0 0 0;
 INPUT ---        0 0 0 1 0 0 0 0 0 0 1 0 0 0 0 0 0;
 INPUT ---        0 0 0 1 0 0 0 0 0 0 0 1 0 0 0 0 0;
 INPUT ---        0 0 0 1 0 0 0 0 0 0 0 0 1 0 0 0 0;
 INPUT ---        0 0 0 1 0 0 0 0 0 0 0 0 0 1 0 0 0;
 INPUT ---        0 0 0 1 0 0 0 0 0 0 0 0 0 0 1 0 0;
 INPUT ---        0 0 0 1 0 0 0 0 0 0 0 0 0 0 0 1 0;
 INPUT ---        0 0 0 1 0 0 0 0 0 0 0 0 0 0 0 0 1;
 INPUT ---       blabel(1)=Phi:(Intercept);
 INPUT ---       blabel(2)=Phi:enso_py_pc;
 INPUT ---       blabel(3)=Phi:enso_py_pc2;
 INPUT ---       blabel(4)=p:(Intercept);
 INPUT ---       blabel(5)=p:factor(time)2012;
 INPUT ---       blabel(6)=p:factor(time)2013;
 INPUT ---       blabel(7)=p:factor(time)2014;
 INPUT ---       blabel(8)=p:factor(time)2015;
 INPUT ---       blabel(9)=p:factor(time)2016;
 INPUT ---       blabel(10)=p:factor(time)2017;
 INPUT ---       blabel(11)=p:factor(time)2018;
 INPUT ---       blabel(12)=p:factor(time)2019;
 INPUT ---       blabel(13)=p:factor(time)2020;
 INPUT ---       blabel(14)=p:factor(time)2021;
 INPUT ---       blabel(15)=p:factor(time)2022;

Program  MARK  - Survival Rate Estimation with Capture-Recapture Data
 gfortran(dble/PIM2) Vers. 11.1 Nov 2024  16-Sep-2025 05:43:49    Page  004
 - - - - - - - - - - - - - - - - - - - - - - - - - - - - - - - - - - - - - -
 
 INPUT ---       blabel(16)=p:factor(time)2023;
 INPUT ---       blabel(17)=p:factor(time)2024;
 INPUT ---       rlabel(1)=Phi g1 c2010 a0 t2010;
 INPUT ---       rlabel(2)=Phi g1 c2010 a1 t2011;
 INPUT ---       rlabel(3)=Phi g1 c2010 a2 t2012;
 INPUT ---       rlabel(4)=Phi g1 c2010 a3 t2013;
 INPUT ---       rlabel(5)=Phi g1 c2010 a4 t2014;
 INPUT ---       rlabel(6)=Phi g1 c2010 a5 t2015;
 INPUT ---       rlabel(7)=Phi g1 c2010 a6 t2016;
 INPUT ---       rlabel(8)=Phi g1 c2010 a7 t2017;
 INPUT ---       rlabel(9)=Phi g1 c2010 a8 t2018;
 INPUT ---       rlabel(10)=Phi g1 c2010 a9 t2019;
 INPUT ---       rlabel(11)=Phi g1 c2010 a10 t2020;
 INPUT ---       rlabel(12)=Phi g1 c2010 a11 t2021;
 INPUT ---       rlabel(13)=Phi g1 c2010 a12 t2022;
 INPUT ---       rlabel(14)=Phi g1 c2010 a13 t2023;
 INPUT ---       rlabel(15)=p g1 c2010 a1 t2011;
 INPUT ---       rlabel(16)=p g1 c2010 a2 t2012;
 INPUT ---       rlabel(17)=p g1 c2010 a3 t2013;
 INPUT ---       rlabel(18)=p g1 c2010 a4 t2014;
 INPUT ---       rlabel(19)=p g1 c2010 a5 t2015;
 INPUT ---       rlabel(20)=p g1 c2010 a6 t2016;
 INPUT ---       rlabel(21)=p g1 c2010 a7 t2017;
 INPUT ---       rlabel(22)=p g1 c2010 a8 t2018;
 INPUT ---       rlabel(23)=p g1 c2010 a9 t2019;
 INPUT ---       rlabel(24)=p g1 c2010 a10 t2020;
 INPUT ---       rlabel(25)=p g1 c2010 a11 t2021;
 INPUT ---       rlabel(26)=p g1 c2010 a12 t2022;
 INPUT ---       rlabel(27)=p g1 c2010 a13 t2023;
 INPUT ---       rlabel(28)=p g1 c2010 a14 t2024;
   Model is { model_enso_py_pc }

 Link Function Used is LOGIT        

 Variance Estimation Procedure Used is 2ndPart 
 -2logL(saturated) = 199.66386     
 Effective Sample Size = 237

 Number of function evaluations was 56 for 17 parameters.
 For numerical optimization, CPU Time was 0.375 secs and System Time was 0.203 secs.
 -2logL { model_enso_py_pc } = 240.65374     
 Penalty { model_enso_py_pc } = 0.0000000     
 Gradient { model_enso_py_pc }:
  1.47445E-06 -8.38433E-07   0.0000      5.20586E-07   0.0000    
   0.0000       0.0000     -6.13324E-07   0.0000     -1.00358E-07
  1.05793E-07   0.0000       0.0000      5.81877E-07   0.0000    
  1.00111E-07   0.0000    
 Maximum ABS(G) { model_enso_py_pc } =  1.47445E-06

Program  MARK  - Survival Rate Estimation with Capture-Recapture Data
 gfortran(dble/PIM2) Vers. 11.1 Nov 2024  16-Sep-2025 05:43:49    Page  005
 - - - - - - - - - - - - - - - - - - - - - - - - - - - - - - - - - - - - - -
 
 To compute VC matrix, CPU Time was 0.266 secs and System Time was 0.109 secs.
 S Vector { model_enso_py_pc }:
   42.85532      12.09835      5.359167      3.170952      2.344081    
   2.215515      1.098324     0.1903957     0.5790750E-02 0.6384024E-05
  0.5147765E-06 0.1970401E-06 0.1970401E-06 0.4118436E-07 0.1496071E-08
  0.4087283E-09 0.2427383E-10
 To invert VC matrix, CPU Time was 0.001 secs and System Time was 0.001 secs.
 Ratio Threshold = 50.00 Max Gap (9/10) = 907.1 Next Max Gap (8/9) = 32.88
 Gap Method for Num. of Estimated Parameters { model_enso_py_pc } = 9          
 Threshold { model_enso_py_pc } = 0.2948896E-05           
 Numerical Threshold Method for Num. of Estimated Parameters { model_enso_py_pc } = 10          
 Number of Estimated Parameters { model_enso_py_pc } = 10          

   * *  WARNING  * *   Number of parameters estimated from gap method (=9) and threshold method (=10) differ.  Inspect full output. 
 Ratios of S Vector { model_enso_py_pc }:
   1/2    3.542246       2/3    2.257505       3/4    1.690081       4/5    1.352748       5/6    1.058030    
   6/7    2.017178       7/8    5.768638       8/9    32.87928       9/10    907.0690       10/11    12.40155    
   11/12    2.612546       12/13    1.000000       13/14    4.784344       14/15    27.52835       15/16    3.660307    
   16/17    16.83823    
 DEVIANCE { model_enso_py_pc } = 40.989880               
 DEVIANCE Degrees of Freedom { model_enso_py_pc } = 5          
 c-hat { model_enso_py_pc } = 8.1979759               
 AIC { model_enso_py_pc } = 260.65374               
 AICc { model_enso_py_pc } = 261.62719               
 BIC { model_enso_py_pc } = 295.33434               
 Pearson Chisquare { model_enso_py_pc } = 85.241736               
 Possible Encounter Histories { model_enso_py_pc } = 4062          
 Pearson Chisquare df { model_enso_py_pc } = 4042          
 Pearson chat { model_enso_py_pc } = 0.0210890               
 Sum(Observed/Expected) { model_enso_py_pc } = 103.11233               
 s-bar { model_enso_py_pc } = -0.9770206              
 Fletcher chat { model_enso_py_pc } = 0.9177369               


                  LOGIT Link Function Parameters of { model_enso_py_pc }
                                                              95% Confidence Interval
    Parameter                  Beta         Standard Error     Lower           Upper
 -------------------------  --------------  --------------  --------------  --------------
    1:Phi:(Intercept)        1.5872040       0.9649289      -0.3040566       3.4784646    
    2:Phi:enso_py_pc         1.6329742       4.3124575      -6.8194426       10.085391    
    3:Phi:enso_py_pc2        0.6196868       1.9903080      -3.2813169       4.5206905    
    4:p:(Intercept)         -20.983094       149.55768      -314.11616       272.14997    
    5:p:factor(time)2012    -0.1000000       0.0000000      -0.1000000      -0.1000000    
    6:p:factor(time)2013    -0.1000000       0.0000000      -0.1000000      -0.1000000    
    7:p:factor(time)2014    -23.151976       0.0000000      -23.151976      -23.151976    
    8:p:factor(time)2015     20.768987       149.55767      -272.36405       313.90202    

Program  MARK  - Survival Rate Estimation with Capture-Recapture Data
 gfortran(dble/PIM2) Vers. 11.1 Nov 2024  16-Sep-2025 05:43:49    Page  006
 - - - - - - - - - - - - - - - - - - - - - - - - - - - - - - - - - - - - - -
 
    9:p:factor(time)2016    -9.8629566       0.0000000      -9.8629566      -9.8629566    
   10:p:factor(time)2017     18.005447       149.56072      -275.13356       311.14446    
   11:p:factor(time)2018     17.029042       149.56159      -276.11167       310.16976    
   12:p:factor(time)2019    -3.8430335       0.0000000      -3.8430335      -3.8430335    
   13:p:factor(time)2020     19.357853       149.55851      -273.77683       312.49253    
   14:p:factor(time)2021     18.667537       149.56088      -274.47179       311.80686    
   15:p:factor(time)2022     1.0795358       0.0000000       1.0795358       1.0795358    
   16:p:factor(time)2023     18.052367       149.55929      -275.08384       311.18858    
   17:p:factor(time)2024    -98.106225       0.0000000      -98.106225      -98.106225    


                     Real Function Parameters of { model_enso_py_pc }
                                                               95% Confidence Interval
     Parameter                Estimate       Standard Error     Lower           Upper
 --------------------------  --------------  --------------  --------------  --------------
     1:Phi g1 c2010 a0 t201   0.6754012       0.3981241       0.0559039       0.9865074       
     2:Phi g1 c2010 a1 t201   0.9930532       0.0678482       0.6071485E-06   1.0000000       
     3:Phi g1 c2010 a2 t201   0.9657195       0.1737981       0.9563771E-03   0.9999988       
     4:Phi g1 c2010 a3 t201   0.7996145       0.1389935       0.4215711       0.9562321       
     5:Phi g1 c2010 a4 t201   0.9220491       0.2091626       0.0379320       0.9997183       
     6:Phi g1 c2010 a5 t201   0.7365609       0.2492244       0.1840325       0.9719578       
     7:Phi g1 c2010 a6 t201   0.7242692       0.4387506       0.0342108       0.9948923       
     8:Phi g1 c2010 a7 t201   0.9134893       0.2068281       0.0588174       0.9994398       
     9:Phi g1 c2010 a8 t201   0.8394371       0.1419761       0.3987769       0.9763084       
    10:Phi g1 c2010 a9 t201   0.7476321       0.2239774       0.2243201       0.9680995       
    11:Phi g1 c2010 a10 t20   0.6981896       0.3426486       0.0871913       0.9824639       
    12:Phi g1 c2010 a11 t20   0.9654982       0.1742671       0.9848875E-03   0.9999987       
    13:Phi g1 c2010 a12 t20   0.9571591       0.1891487       0.0026395       0.9999947       
    14:Phi g1 c2010 a13 t20   0.9908658       0.0818680       0.2166492E-05   1.0000000       
    15:p g1 c2010 a1 t2011    0.7711843E-09   0.1153365E-06  -0.2252884E-06   0.2268308E-06   
    16:p g1 c2010 a2 t2012    0.6977964E-09   0.0000000       0.6977964E-09   0.6977964E-09   
    17:p g1 c2010 a3 t2013    0.6977964E-09   0.0000000       0.6977964E-09   0.6977964E-09   
    18:p g1 c2010 a4 t2014    0.6798027E-19   0.0000000       0.6798027E-19   0.6798027E-19   
    19:p g1 c2010 a5 t2015    0.4466768       0.1290035       0.2249360       0.6918783       
    20:p g1 c2010 a6 t2016    0.4015416E-13   0.0000000       0.4015416E-13   0.4015416E-13   
    21:p g1 c2010 a7 t2017    0.0484460       0.0406538       0.0089587       0.2228455       
    22:p g1 c2010 a8 t2018    0.0188160       0.0197991       0.0023383       0.1356264       
    23:p g1 c2010 a9 t2019    0.1652532E-10   0.0000000       0.1652532E-10   0.1652532E-10   
    24:p g1 c2010 a10 t2020   0.1644834       0.0818112       0.0577565       0.3873528       
    25:p g1 c2010 a11 t2021   0.0898428       0.0770748       0.0153225       0.3850610       
    26:p g1 c2010 a12 t2022   0.2269837E-08   0.0000000       0.2269837E-08   0.2269837E-08   
    27:p g1 c2010 a13 t2023   0.0506554       0.0354264       0.0124364       0.1843967       
    28:p g1 c2010 a14 t2024   0.1906189E-51   0.0000000       0.1906189E-51   0.1906189E-51   

Program  MARK  - Survival Rate Estimation with Capture-Recapture Data
 gfortran(dble/PIM2) Vers. 11.1 Nov 2024  16-Sep-2025 05:43:49    Page  007
 - - - - - - - - - - - - - - - - - - - - - - - - - - - - - - - - - - - - - -
 

 To compute parameter estimates, CPU Time was 0.016 secs and System Time was 0.016 secs.

 Attempted ordering of parameters by estimatibility:
   4  8 13  1 14 16 10  2  3 11 15  5  6 12  9  7 17
 Beta number 17 is a singular value.

 For procedure estimate CPU Time was 0.656 secs and System Time was 0.328 secs.
 INPUT --- proc stop;

 For this job, CPU Time in mins was 0.011 and System Time in mins was 0.007.

     Time Start = 05:43:49.520   Time End = 05:43:49.901

 Wall Clock Time in mins for this job was 0.006.

 Maximum of 19 words used.


          E X E C U T I O N   S U C C E S S F U L
