
 Program  MARK  - Survival Rate Estimation with Capture-Recapture Data
 gfortran(dble/PIM2) Vers. 11.1 Nov 2024  16-Sep-2025 05:43:57    Page  001
  
 - - - - - - - - - - - - - - - - - - - - - - - - - - - - - - - - - - - - - -
 
 Welcome to MARK localuser on machine DEP79421 in subdirectory 
 "C:\Users\localuser\Desktop\GitHub\LHI_SBSH_CMR_adult_survival" running file "data/rmark_outputs/covariate_models/quadratic_covariate_model_aao_mjj_pc.inp".
 This version was compiled by GCC version 14.2.0 using the options: 
  -cpp -iprefix C:/tdm-gcc-64/mingw64-14-2/bin/../lib/gcc/
  x86_64-w64-mingw32/14.2.0/ -D_MT -D_REENTRANT -U_REENTRANT -D
  dbleprecision -m64 -march=x86-64 -mtune=generic -mthreads -O3 -std=f2023
  -fimplicit-none -ffpe-summary=invalid,zero,overflow,underflow
  -funroll-loops -fno-unsafe-math-optimizations -frounding-math
  -fsignaling-nans -fall-intrinsics -fopenmp

 This problem will use 19 of 20 possible threads.
 Static thread allocation is used.
 INPUT --- proc title ;

 For procedure title CPU Time was 0.001 secs and System Time was 0.001 secs.
 INPUT --- proc chmatrix occasions= 15 groups= 1 etype= Live Nodes= 
 INPUT --- 101 ICMeans NoHist hist= 26  ;
 INPUT ---    time interval 1 1 1 1 1 1 1 1 1 1 1 1 1 1 ;
 INPUT ---    glabel(1)=Group 1;

      Number of unique encounter histories read was 26.

      Number of individual covariates read was 0.
      Time interval lengths are all equal to 1.

      Data type number is 1
      Data type is Live Recaptures (CJS)

 For procedure chmatrix CPU Time was 0.001 secs and System Time was 0.001 secs.

Program  MARK  - Survival Rate Estimation with Capture-Recapture Data
 gfortran(dble/PIM2) Vers. 11.1 Nov 2024  16-Sep-2025 05:43:57    Page  002
 - - - - - - - - - - - - - - - - - - - - - - - - - - - - - - - - - - - - - -
 


 INPUT --- proc estimate link=Logit NOLOOP varest=2ndPart    ;
 INPUT --- model={ model_aao_mjj_pc };
 INPUT ---    group=1 Phi    rows=14 cols=14 Triang ;
 INPUT ---        1 2 3 4 5 6 7 8 9 10 11 12 13 14 ;
 INPUT ---        2 3 4 5 6 7 8 9 10 11 12 13 14 ;
 INPUT ---        3 4 5 6 7 8 9 10 11 12 13 14 ;
 INPUT ---        4 5 6 7 8 9 10 11 12 13 14 ;
 INPUT ---        5 6 7 8 9 10 11 12 13 14 ;
 INPUT ---        6 7 8 9 10 11 12 13 14 ;
 INPUT ---        7 8 9 10 11 12 13 14 ;
 INPUT ---        8 9 10 11 12 13 14 ;
 INPUT ---        9 10 11 12 13 14 ;
 INPUT ---        10 11 12 13 14 ;
 INPUT ---        11 12 13 14 ;
 INPUT ---        12 13 14 ;
 INPUT ---        13 14 ;
 INPUT ---        14 ;
 INPUT ---    group=1 p    rows=14 cols=14 Triang ;
 INPUT ---        15 16 17 18 19 20 21 22 23 24 25 26 27 28 ;
 INPUT ---        16 17 18 19 20 21 22 23 24 25 26 27 28 ;
 INPUT ---        17 18 19 20 21 22 23 24 25 26 27 28 ;
 INPUT ---        18 19 20 21 22 23 24 25 26 27 28 ;
 INPUT ---        19 20 21 22 23 24 25 26 27 28 ;
 INPUT ---        20 21 22 23 24 25 26 27 28 ;
 INPUT ---        21 22 23 24 25 26 27 28 ;
 INPUT ---        22 23 24 25 26 27 28 ;
 INPUT ---        23 24 25 26 27 28 ;
 INPUT ---        24 25 26 27 28 ;
 INPUT ---        25 26 27 28 ;
 INPUT ---        26 27 28 ;
 INPUT ---        27 28 ;
 INPUT ---        28 ;
 INPUT ---    design matrix constraints=28 covariates=17;
 INPUT ---        1 -2.80312824763952 7.85752797271459 0 0 0 0 0 0 0 0 0 0 0 
 INPUT ---       0 0 0;
 INPUT ---        1 2.02435863553121 4.09802788524979 0 0 0 0 0 0 0 0 0 0 0 
 INPUT ---       0 0 0;
 INPUT ---        1 -0.428658135583438 0.183747797201869 0 0 0 0 0 0 0 0 0 0 
 INPUT ---       0 0 0 0;
 INPUT ---        1 0.116876467934828 0.0136601087569209 0 0 0 0 0 0 0 0 0 0 
 INPUT ---       0 0 0 0;
 INPUT ---        1 0.20529792166889 0.0421472366415655 0 0 0 0 0 0 0 0 0 0 
 INPUT ---       0 0 0 0;
 INPUT ---        1 -0.74695618667354 0.557943544809876 0 0 0 0 0 0 0 0 0 0 

Program  MARK  - Survival Rate Estimation with Capture-Recapture Data
 gfortran(dble/PIM2) Vers. 11.1 Nov 2024  16-Sep-2025 05:43:57    Page  003
 - - - - - - - - - - - - - - - - - - - - - - - - - - - - - - - - - - - - - -
 
 INPUT ---       0 0 0 0;
 INPUT ---        1 -0.0952943382730143 0.00908101090689168 0 0 0 0 0 0 0 0 
 INPUT ---       0 0 0 0 0 0;
 INPUT ---        1 0.214115773070992 0.0458455642777888 0 0 0 0 0 0 0 0 0 0 
 INPUT ---       0 0 0 0;
 INPUT ---        1 0.770722411811135 0.594013036067973 0 0 0 0 0 0 0 0 0 0 
 INPUT ---       0 0 0 0;
 INPUT ---        1 -0.334692455373169 0.112019039683721 0 0 0 0 0 0 0 0 0 0 
 INPUT ---       0 0 0 0;
 INPUT ---        1 0.155934908688491 0.024315695747688 0 0 0 0 0 0 0 0 0 0 
 INPUT ---       0 0 0 0;
 INPUT ---        1 0.0796392222545949 0.00634240572131676 0 0 0 0 0 0 0 0 0 
 INPUT ---       0 0 0 0 0;
 INPUT ---        1 0.574183475714033 0.329686663783047 0 0 0 0 0 0 0 0 0 0 
 INPUT ---       0 0 0 0;
 INPUT ---        1 -0.0781395907900142 0.00610579564883087 0 0 0 0 0 0 0 0 
 INPUT ---       0 0 0 0 0 0;
 INPUT ---        0 0 0 1 0 0 0 0 0 0 0 0 0 0 0 0 0;
 INPUT ---        0 0 0 1 1 0 0 0 0 0 0 0 0 0 0 0 0;
 INPUT ---        0 0 0 1 0 1 0 0 0 0 0 0 0 0 0 0 0;
 INPUT ---        0 0 0 1 0 0 1 0 0 0 0 0 0 0 0 0 0;
 INPUT ---        0 0 0 1 0 0 0 1 0 0 0 0 0 0 0 0 0;
 INPUT ---        0 0 0 1 0 0 0 0 1 0 0 0 0 0 0 0 0;
 INPUT ---        0 0 0 1 0 0 0 0 0 1 0 0 0 0 0 0 0;
 INPUT ---        0 0 0 1 0 0 0 0 0 0 1 0 0 0 0 0 0;
 INPUT ---        0 0 0 1 0 0 0 0 0 0 0 1 0 0 0 0 0;
 INPUT ---        0 0 0 1 0 0 0 0 0 0 0 0 1 0 0 0 0;
 INPUT ---        0 0 0 1 0 0 0 0 0 0 0 0 0 1 0 0 0;
 INPUT ---        0 0 0 1 0 0 0 0 0 0 0 0 0 0 1 0 0;
 INPUT ---        0 0 0 1 0 0 0 0 0 0 0 0 0 0 0 1 0;
 INPUT ---        0 0 0 1 0 0 0 0 0 0 0 0 0 0 0 0 1;
 INPUT ---       blabel(1)=Phi:(Intercept);
 INPUT ---       blabel(2)=Phi:aao_mjj_pc;
 INPUT ---       blabel(3)=Phi:aao_mjj_pc2;
 INPUT ---       blabel(4)=p:(Intercept);
 INPUT ---       blabel(5)=p:factor(time)2012;
 INPUT ---       blabel(6)=p:factor(time)2013;
 INPUT ---       blabel(7)=p:factor(time)2014;
 INPUT ---       blabel(8)=p:factor(time)2015;
 INPUT ---       blabel(9)=p:factor(time)2016;
 INPUT ---       blabel(10)=p:factor(time)2017;
 INPUT ---       blabel(11)=p:factor(time)2018;
 INPUT ---       blabel(12)=p:factor(time)2019;
 INPUT ---       blabel(13)=p:factor(time)2020;
 INPUT ---       blabel(14)=p:factor(time)2021;
 INPUT ---       blabel(15)=p:factor(time)2022;

Program  MARK  - Survival Rate Estimation with Capture-Recapture Data
 gfortran(dble/PIM2) Vers. 11.1 Nov 2024  16-Sep-2025 05:43:57    Page  004
 - - - - - - - - - - - - - - - - - - - - - - - - - - - - - - - - - - - - - -
 
 INPUT ---       blabel(16)=p:factor(time)2023;
 INPUT ---       blabel(17)=p:factor(time)2024;
 INPUT ---       rlabel(1)=Phi g1 c2010 a0 t2010;
 INPUT ---       rlabel(2)=Phi g1 c2010 a1 t2011;
 INPUT ---       rlabel(3)=Phi g1 c2010 a2 t2012;
 INPUT ---       rlabel(4)=Phi g1 c2010 a3 t2013;
 INPUT ---       rlabel(5)=Phi g1 c2010 a4 t2014;
 INPUT ---       rlabel(6)=Phi g1 c2010 a5 t2015;
 INPUT ---       rlabel(7)=Phi g1 c2010 a6 t2016;
 INPUT ---       rlabel(8)=Phi g1 c2010 a7 t2017;
 INPUT ---       rlabel(9)=Phi g1 c2010 a8 t2018;
 INPUT ---       rlabel(10)=Phi g1 c2010 a9 t2019;
 INPUT ---       rlabel(11)=Phi g1 c2010 a10 t2020;
 INPUT ---       rlabel(12)=Phi g1 c2010 a11 t2021;
 INPUT ---       rlabel(13)=Phi g1 c2010 a12 t2022;
 INPUT ---       rlabel(14)=Phi g1 c2010 a13 t2023;
 INPUT ---       rlabel(15)=p g1 c2010 a1 t2011;
 INPUT ---       rlabel(16)=p g1 c2010 a2 t2012;
 INPUT ---       rlabel(17)=p g1 c2010 a3 t2013;
 INPUT ---       rlabel(18)=p g1 c2010 a4 t2014;
 INPUT ---       rlabel(19)=p g1 c2010 a5 t2015;
 INPUT ---       rlabel(20)=p g1 c2010 a6 t2016;
 INPUT ---       rlabel(21)=p g1 c2010 a7 t2017;
 INPUT ---       rlabel(22)=p g1 c2010 a8 t2018;
 INPUT ---       rlabel(23)=p g1 c2010 a9 t2019;
 INPUT ---       rlabel(24)=p g1 c2010 a10 t2020;
 INPUT ---       rlabel(25)=p g1 c2010 a11 t2021;
 INPUT ---       rlabel(26)=p g1 c2010 a12 t2022;
 INPUT ---       rlabel(27)=p g1 c2010 a13 t2023;
 INPUT ---       rlabel(28)=p g1 c2010 a14 t2024;
   Model is { model_aao_mjj_pc }

 Link Function Used is LOGIT        

 Variance Estimation Procedure Used is 2ndPart 
 -2logL(saturated) = 199.66386     
 Effective Sample Size = 237

 Number of function evaluations was 70 for 17 parameters.
 For numerical optimization, CPU Time was 0.453 secs and System Time was 0.297 secs.
 -2logL { model_aao_mjj_pc } = 239.08174     
 Penalty { model_aao_mjj_pc } = 0.0000000     
 Gradient { model_aao_mjj_pc }:
 -7.80381E-06 -1.16640E-06 -3.97670E-07 -4.03737E-06   0.0000    
   0.0000       0.0000     -2.27147E-07   0.0000     -7.02019E-07
  5.96881E-07   0.0000     -3.89033E-06  2.16380E-06   0.0000    
 -2.18266E-06   0.0000    
 Maximum ABS(G) { model_aao_mjj_pc } =  7.80381E-06

Program  MARK  - Survival Rate Estimation with Capture-Recapture Data
 gfortran(dble/PIM2) Vers. 11.1 Nov 2024  16-Sep-2025 05:43:58    Page  005
 - - - - - - - - - - - - - - - - - - - - - - - - - - - - - - - - - - - - - -
 
 To compute VC matrix, CPU Time was 0.219 secs and System Time was 0.109 secs.
 S Vector { model_aao_mjj_pc }:
   40.56790      12.36478      4.401042      3.047790      2.836642    
   1.485067      1.037863     0.2575504E-01 0.5299042E-03 0.4928191E-05
  0.1313601E-06 0.1313601E-06 0.3572609E-07 0.2681677E-07 0.2557570E-08
  0.2847403E-09 0.4663639E-10
 To invert VC matrix, CPU Time was 0.001 secs and System Time was 0.001 secs.
 Ratio Threshold = 50.00 Max Gap (9/10) = 107.5 Next Max Gap (8/9) = 48.60
 Gap Method for Num. of Estimated Parameters { model_aao_mjj_pc } = 9          
 Threshold { model_aao_mjj_pc } = 0.1560763E-04           
 Numerical Threshold Method for Num. of Estimated Parameters { model_aao_mjj_pc } = 9          
 Number of Estimated Parameters { model_aao_mjj_pc } = 9          
 DEVIANCE { model_aao_mjj_pc } = 39.417885               
 DEVIANCE Degrees of Freedom { model_aao_mjj_pc } = 6          
 c-hat { model_aao_mjj_pc } = 6.5696475               
 AIC { model_aao_mjj_pc } = 257.08174               
 AICc { model_aao_mjj_pc } = 257.87469               
 BIC { model_aao_mjj_pc } = 288.29428               
 Pearson Chisquare { model_aao_mjj_pc } = 58.178060               
 Possible Encounter Histories { model_aao_mjj_pc } = 4062          
 Pearson Chisquare df { model_aao_mjj_pc } = 4043          
 Pearson chat { model_aao_mjj_pc } = 0.0143898               
 Sum(Observed/Expected) { model_aao_mjj_pc } = 76.137718               
 s-bar { model_aao_mjj_pc } = -0.9836778              
 Fletcher chat { model_aao_mjj_pc } = 0.8816084               


                  LOGIT Link Function Parameters of { model_aao_mjj_pc }
                                                              95% Confidence Interval
    Parameter                  Beta         Standard Error     Lower           Upper
 -------------------------  --------------  --------------  --------------  --------------
    1:Phi:(Intercept)        2.4217731       1.2814804      -0.0899285       4.9334748    
    2:Phi:aao_mjj_pc        -1.9767113       3.7503104      -9.3273199       5.3738973    
    3:Phi:aao_mjj_pc2       -2.9247790       5.4192160      -13.546443       7.6968846    
    4:p:(Intercept)         -16.007258       171.81438      -352.76345       320.74894    
    5:p:factor(time)2012    -0.1000000       0.0000000      -0.1000000      -0.1000000    
    6:p:factor(time)2013    -0.1000000       0.0000000      -0.1000000      -0.1000000    
    7:p:factor(time)2014    -5.4402121       6106.5006      -11974.182       11963.301    
    8:p:factor(time)2015     15.793983       171.81458      -320.96261       352.55057    
    9:p:factor(time)2016    -11.539205       0.0000000      -11.539205      -11.539205    
   10:p:factor(time)2017     12.584731       171.81663      -324.17588       349.34534    
   11:p:factor(time)2018     11.782105       171.81777      -324.98073       348.54494    
   12:p:factor(time)2019    -22.626530       0.0000000      -22.626530      -22.626530    
   13:p:factor(time)2020     15.179206       171.81595      -321.58006       351.93847    
   14:p:factor(time)2021     13.985192       171.81546      -322.77312       350.74351    
   15:p:factor(time)2022    -3.2077679       4704.6842      -9224.3890       9217.9735    

Program  MARK  - Survival Rate Estimation with Capture-Recapture Data
 gfortran(dble/PIM2) Vers. 11.1 Nov 2024  16-Sep-2025 05:43:58    Page  006
 - - - - - - - - - - - - - - - - - - - - - - - - - - - - - - - - - - - - - -
 
   16:p:factor(time)2023     13.855725       171.81626      -322.90415       350.61560    
   17:p:factor(time)2024    -57.379713       0.0000000      -57.379713      -57.379713    


                     Real Function Parameters of { model_aao_mjj_pc }
                                                               95% Confidence Interval
     Parameter                Estimate       Standard Error     Lower           Upper
 --------------------------  --------------  --------------  --------------  --------------
     1:Phi g1 c2010 a0 t201   0.3002096E-06   0.1523746E-04   0.1874920E-49   1.0000000       
     2:Phi g1 c2010 a1 t201   0.1283876E-05   0.2021051E-04   0.5114751E-19   1.0000000       
     3:Phi g1 c2010 a2 t201   0.9388706       0.1395443       0.1156938       0.9994457       
     4:Phi g1 c2010 a3 t201   0.8957425       0.1237578       0.3901676       0.9914071       
     5:Phi g1 c2010 a4 t201   0.8690616       0.1524200       0.3246196       0.9892069       
     6:Phi g1 c2010 a5 t201   0.9060582       0.4418444       0.3676497E-03   0.9999960       
     7:Phi g1 c2010 a6 t201   0.9297975       0.0839391       0.5157763       0.9939645       
     8:Phi g1 c2010 a7 t201   0.8658136       0.1555474       0.3187126       0.9888882       
     9:Phi g1 c2010 a8 t201   0.3017287       0.1982348       0.0639705       0.7320535       
    10:Phi g1 c2010 a9 t201   0.9402363       0.1067876       0.2750675       0.9984693       
    11:Phi g1 c2010 a10 t20   0.8851791       0.1357400       0.3600299       0.9906229       
    12:Phi g1 c2010 a11 t20   0.9042876       0.1135098       0.4195351       0.9919682       
    13:Phi g1 c2010 a12 t20   0.5799377       0.2294986       0.1788810       0.8974293       
    14:Phi g1 c2010 a13 t20   0.9281341       0.0853070       0.5129086       0.9937263       
    15:p g1 c2010 a1 t2011    0.1117213E-06   0.1919533E-04  0.6262959E-153   1.0000000       
    16:p g1 c2010 a2 t2012    0.1010896E-06   0.0000000       0.1010896E-06   0.1010896E-06   
    17:p g1 c2010 a3 t2013    0.1010896E-06   0.0000000       0.1010896E-06   0.1010896E-06   
    18:p g1 c2010 a4 t2014    0.4847101E-09   0.2959606E-05  -0.5800343E-05   0.5801313E-05   
    19:p g1 c2010 a5 t2015    0.4468825       0.1300094       0.2237086       0.6937338       
    20:p g1 c2010 a6 t2016    0.1088236E-11   0.0000000       0.1088236E-11   0.1088236E-11   
    21:p g1 c2010 a7 t2017    0.0315988       0.0258268       0.0062013       0.1457563       
    22:p g1 c2010 a8 t2018    0.0144124       0.0152970       0.0017684       0.1077033       
    23:p g1 c2010 a9 t2019    0.1665555E-16   0.0000000       0.1665555E-16   0.1665555E-16   
    24:p g1 c2010 a10 t2020   0.3040570       0.1754039       0.0792393       0.6892517       
    25:p g1 c2010 a11 t2021   0.1169056       0.0723829       0.0324124       0.3434706       
    26:p g1 c2010 a12 t2022   0.4518771E-08   0.2116914E-04  -0.4148699E-04   0.4149602E-04   
    27:p g1 c2010 a13 t2023   0.1041881       0.0878275       0.0180585       0.4238111       
    28:p g1 c2010 a14 t2024   0.1344137E-31   0.0000000       0.1344137E-31   0.1344137E-31   

 To compute parameter estimates, CPU Time was 0.001 secs and System Time was 0.001 secs.

 Attempted ordering of parameters by estimatibility:
   4  1  8 13 14 10 16  2  3 11  6  5 15  7  9 12 17
 Beta number 17 is a singular value.

 For procedure estimate CPU Time was 0.672 secs and System Time was 0.406 secs.

Program  MARK  - Survival Rate Estimation with Capture-Recapture Data
 gfortran(dble/PIM2) Vers. 11.1 Nov 2024  16-Sep-2025 05:43:58    Page  007
 - - - - - - - - - - - - - - - - - - - - - - - - - - - - - - - - - - - - - -
 


 INPUT --- proc stop;

 For this job, CPU Time in mins was 0.012 and System Time in mins was 0.008.

     Time Start = 05:43:57.767   Time End = 05:43:58.221

 Wall Clock Time in mins for this job was 0.007.

 Maximum of 19 words used.


          E X E C U T I O N   S U C C E S S F U L
