
 Program  MARK  - Survival Rate Estimation with Capture-Recapture Data
 gfortran(dble/PIM2) Vers. 11.1 Nov 2024  16-Sep-2025 05:44:12    Page  001
  
 - - - - - - - - - - - - - - - - - - - - - - - - - - - - - - - - - - - - - -
 
 Welcome to MARK localuser on machine DEP79421 in subdirectory 
 "C:\Users\localuser\Desktop\GitHub\LHI_SBSH_CMR_adult_survival" running file "data/rmark_outputs/covariate_models/quadratic_covariate_model_temp_sep_oct_nov.inp".
 This version was compiled by GCC version 14.2.0 using the options: 
  -cpp -iprefix C:/tdm-gcc-64/mingw64-14-2/bin/../lib/gcc/
  x86_64-w64-mingw32/14.2.0/ -D_MT -D_REENTRANT -U_REENTRANT -D
  dbleprecision -m64 -march=x86-64 -mtune=generic -mthreads -O3 -std=f2023
  -fimplicit-none -ffpe-summary=invalid,zero,overflow,underflow
  -funroll-loops -fno-unsafe-math-optimizations -frounding-math
  -fsignaling-nans -fall-intrinsics -fopenmp

 This problem will use 19 of 20 possible threads.
 Static thread allocation is used.
 INPUT --- proc title ;

 For procedure title CPU Time was 0.001 secs and System Time was 0.001 secs.
 INPUT --- proc chmatrix occasions= 15 groups= 1 etype= Live Nodes= 
 INPUT --- 101 ICMeans NoHist hist= 26  ;
 INPUT ---    time interval 1 1 1 1 1 1 1 1 1 1 1 1 1 1 ;
 INPUT ---    glabel(1)=Group 1;

      Number of unique encounter histories read was 26.

      Number of individual covariates read was 0.
      Time interval lengths are all equal to 1.

      Data type number is 1
      Data type is Live Recaptures (CJS)

 For procedure chmatrix CPU Time was 0.001 secs and System Time was 0.001 secs.

Program  MARK  - Survival Rate Estimation with Capture-Recapture Data
 gfortran(dble/PIM2) Vers. 11.1 Nov 2024  16-Sep-2025 05:44:12    Page  002
 - - - - - - - - - - - - - - - - - - - - - - - - - - - - - - - - - - - - - -
 


 INPUT --- proc estimate link=Logit NOLOOP varest=2ndPart    ;
 INPUT --- model={ model_temp_sep_oct_nov };
 INPUT ---    group=1 Phi    rows=14 cols=14 Triang ;
 INPUT ---        1 2 3 4 5 6 7 8 9 10 11 12 13 14 ;
 INPUT ---        2 3 4 5 6 7 8 9 10 11 12 13 14 ;
 INPUT ---        3 4 5 6 7 8 9 10 11 12 13 14 ;
 INPUT ---        4 5 6 7 8 9 10 11 12 13 14 ;
 INPUT ---        5 6 7 8 9 10 11 12 13 14 ;
 INPUT ---        6 7 8 9 10 11 12 13 14 ;
 INPUT ---        7 8 9 10 11 12 13 14 ;
 INPUT ---        8 9 10 11 12 13 14 ;
 INPUT ---        9 10 11 12 13 14 ;
 INPUT ---        10 11 12 13 14 ;
 INPUT ---        11 12 13 14 ;
 INPUT ---        12 13 14 ;
 INPUT ---        13 14 ;
 INPUT ---        14 ;
 INPUT ---    group=1 p    rows=14 cols=14 Triang ;
 INPUT ---        15 16 17 18 19 20 21 22 23 24 25 26 27 28 ;
 INPUT ---        16 17 18 19 20 21 22 23 24 25 26 27 28 ;
 INPUT ---        17 18 19 20 21 22 23 24 25 26 27 28 ;
 INPUT ---        18 19 20 21 22 23 24 25 26 27 28 ;
 INPUT ---        19 20 21 22 23 24 25 26 27 28 ;
 INPUT ---        20 21 22 23 24 25 26 27 28 ;
 INPUT ---        21 22 23 24 25 26 27 28 ;
 INPUT ---        22 23 24 25 26 27 28 ;
 INPUT ---        23 24 25 26 27 28 ;
 INPUT ---        24 25 26 27 28 ;
 INPUT ---        25 26 27 28 ;
 INPUT ---        26 27 28 ;
 INPUT ---        27 28 ;
 INPUT ---        28 ;
 INPUT ---    design matrix constraints=28 covariates=17;
 INPUT ---        1 -0.548043518282265 0.300351697931203 0 0 0 0 0 0 0 0 0 0 
 INPUT ---       0 0 0 0;
 INPUT ---        1 -0.246939889053211 0.0609793088056122 0 0 0 0 0 0 0 0 0 
 INPUT ---       0 0 0 0 0;
 INPUT ---        1 -1.15557713587089 1.33535851694757 0 0 0 0 0 0 0 0 0 0 0 
 INPUT ---       0 0 0;
 INPUT ---        1 0.703940050117018 0.49553159415875 0 0 0 0 0 0 0 0 0 0 0 
 INPUT ---       0 0 0;
 INPUT ---        1 0.103229116102187 0.0106562504112389 0 0 0 0 0 0 0 0 0 0 
 INPUT ---       0 0 0 0;
 INPUT ---        1 1.81328792680314 3.28801310549003 0 0 0 0 0 0 0 0 0 0 0 

Program  MARK  - Survival Rate Estimation with Capture-Recapture Data
 gfortran(dble/PIM2) Vers. 11.1 Nov 2024  16-Sep-2025 05:44:12    Page  003
 - - - - - - - - - - - - - - - - - - - - - - - - - - - - - - - - - - - - - -
 
 INPUT ---       0 0 0;
 INPUT ---        1 1.30514043681384 1.70339155980663 0 0 0 0 0 0 0 0 0 0 0 
 INPUT ---       0 0 0;
 INPUT ---        1 -0.426790580476139 0.182150199583159 0 0 0 0 0 0 0 0 0 0 
 INPUT ---       0 0 0 0;
 INPUT ---        1 -2.08596189264136 4.35123701755194 0 0 0 0 0 0 0 0 0 0 0 
 INPUT ---       0 0 0;
 INPUT ---        1 0.00369073151546147 1.36214991192205e-05 0 0 0 0 0 0 0 0 
 INPUT ---       0 0 0 0 0 0;
 INPUT ---        1 -0.501419742275802 0.251421757943932 0 0 0 0 0 0 0 0 0 0 
 INPUT ---       0 0 0 0;
 INPUT ---        1 0.00350812922811006 1.23069706811201e-05 0 0 0 0 0 0 0 0 
 INPUT ---       0 0 0 0 0 0;
 INPUT ---        1 -0.709578354443314 0.503501441094482 0 0 0 0 0 0 0 0 0 0 
 INPUT ---       0 0 0 0;
 INPUT ---        1 0.849021934763164 0.720838245708986 0 0 0 0 0 0 0 0 0 0 
 INPUT ---       0 0 0 0;
 INPUT ---        0 0 0 1 0 0 0 0 0 0 0 0 0 0 0 0 0;
 INPUT ---        0 0 0 1 1 0 0 0 0 0 0 0 0 0 0 0 0;
 INPUT ---        0 0 0 1 0 1 0 0 0 0 0 0 0 0 0 0 0;
 INPUT ---        0 0 0 1 0 0 1 0 0 0 0 0 0 0 0 0 0;
 INPUT ---        0 0 0 1 0 0 0 1 0 0 0 0 0 0 0 0 0;
 INPUT ---        0 0 0 1 0 0 0 0 1 0 0 0 0 0 0 0 0;
 INPUT ---        0 0 0 1 0 0 0 0 0 1 0 0 0 0 0 0 0;
 INPUT ---        0 0 0 1 0 0 0 0 0 0 1 0 0 0 0 0 0;
 INPUT ---        0 0 0 1 0 0 0 0 0 0 0 1 0 0 0 0 0;
 INPUT ---        0 0 0 1 0 0 0 0 0 0 0 0 1 0 0 0 0;
 INPUT ---        0 0 0 1 0 0 0 0 0 0 0 0 0 1 0 0 0;
 INPUT ---        0 0 0 1 0 0 0 0 0 0 0 0 0 0 1 0 0;
 INPUT ---        0 0 0 1 0 0 0 0 0 0 0 0 0 0 0 1 0;
 INPUT ---        0 0 0 1 0 0 0 0 0 0 0 0 0 0 0 0 1;
 INPUT ---       blabel(1)=Phi:(Intercept);
 INPUT ---       blabel(2)=Phi:temp_sep_oct_nov;
 INPUT ---       blabel(3)=Phi:temp_sep_oct_nov2;
 INPUT ---       blabel(4)=p:(Intercept);
 INPUT ---       blabel(5)=p:factor(time)2012;
 INPUT ---       blabel(6)=p:factor(time)2013;
 INPUT ---       blabel(7)=p:factor(time)2014;
 INPUT ---       blabel(8)=p:factor(time)2015;
 INPUT ---       blabel(9)=p:factor(time)2016;
 INPUT ---       blabel(10)=p:factor(time)2017;
 INPUT ---       blabel(11)=p:factor(time)2018;
 INPUT ---       blabel(12)=p:factor(time)2019;
 INPUT ---       blabel(13)=p:factor(time)2020;
 INPUT ---       blabel(14)=p:factor(time)2021;
 INPUT ---       blabel(15)=p:factor(time)2022;

Program  MARK  - Survival Rate Estimation with Capture-Recapture Data
 gfortran(dble/PIM2) Vers. 11.1 Nov 2024  16-Sep-2025 05:44:12    Page  004
 - - - - - - - - - - - - - - - - - - - - - - - - - - - - - - - - - - - - - -
 
 INPUT ---       blabel(16)=p:factor(time)2023;
 INPUT ---       blabel(17)=p:factor(time)2024;
 INPUT ---       rlabel(1)=Phi g1 c2010 a0 t2010;
 INPUT ---       rlabel(2)=Phi g1 c2010 a1 t2011;
 INPUT ---       rlabel(3)=Phi g1 c2010 a2 t2012;
 INPUT ---       rlabel(4)=Phi g1 c2010 a3 t2013;
 INPUT ---       rlabel(5)=Phi g1 c2010 a4 t2014;
 INPUT ---       rlabel(6)=Phi g1 c2010 a5 t2015;
 INPUT ---       rlabel(7)=Phi g1 c2010 a6 t2016;
 INPUT ---       rlabel(8)=Phi g1 c2010 a7 t2017;
 INPUT ---       rlabel(9)=Phi g1 c2010 a8 t2018;
 INPUT ---       rlabel(10)=Phi g1 c2010 a9 t2019;
 INPUT ---       rlabel(11)=Phi g1 c2010 a10 t2020;
 INPUT ---       rlabel(12)=Phi g1 c2010 a11 t2021;
 INPUT ---       rlabel(13)=Phi g1 c2010 a12 t2022;
 INPUT ---       rlabel(14)=Phi g1 c2010 a13 t2023;
 INPUT ---       rlabel(15)=p g1 c2010 a1 t2011;
 INPUT ---       rlabel(16)=p g1 c2010 a2 t2012;
 INPUT ---       rlabel(17)=p g1 c2010 a3 t2013;
 INPUT ---       rlabel(18)=p g1 c2010 a4 t2014;
 INPUT ---       rlabel(19)=p g1 c2010 a5 t2015;
 INPUT ---       rlabel(20)=p g1 c2010 a6 t2016;
 INPUT ---       rlabel(21)=p g1 c2010 a7 t2017;
 INPUT ---       rlabel(22)=p g1 c2010 a8 t2018;
 INPUT ---       rlabel(23)=p g1 c2010 a9 t2019;
 INPUT ---       rlabel(24)=p g1 c2010 a10 t2020;
 INPUT ---       rlabel(25)=p g1 c2010 a11 t2021;
 INPUT ---       rlabel(26)=p g1 c2010 a12 t2022;
 INPUT ---       rlabel(27)=p g1 c2010 a13 t2023;
 INPUT ---       rlabel(28)=p g1 c2010 a14 t2024;
   Model is { model_temp_sep_oct_nov }

 Link Function Used is LOGIT        

 Variance Estimation Procedure Used is 2ndPart 
 -2logL(saturated) = 199.66386     
 Effective Sample Size = 237

 Number of function evaluations was 75 for 17 parameters.
 For numerical optimization, CPU Time was 0.391 secs and System Time was 0.265 secs.
 -2logL { model_temp_sep_oct_nov } = 238.99733     
 Penalty { model_temp_sep_oct_nov } = 0.0000000     
 Gradient { model_temp_sep_oct_nov }:
 -3.49874E-04  5.93514E-05 -1.31129E-04 -1.81035E-04   0.0000    
   0.0000       0.0000     -4.89570E-05   0.0000      7.96977E-05
  3.99006E-05   0.0000     -1.17874E-04 -7.11266E-05  6.40153E-07
 -6.28368E-05   0.0000    
 Maximum ABS(G) { model_temp_sep_oct_nov } =  3.49874E-04

Program  MARK  - Survival Rate Estimation with Capture-Recapture Data
 gfortran(dble/PIM2) Vers. 11.1 Nov 2024  16-Sep-2025 05:44:13    Page  005
 - - - - - - - - - - - - - - - - - - - - - - - - - - - - - - - - - - - - - -
 
 To compute VC matrix, CPU Time was 0.109 secs and System Time was 0.094 secs.
 S Vector { model_temp_sep_oct_nov }:
   47.31602      18.61353      4.491277      3.319663      2.748454    
   1.739852      1.133319     0.4763800     0.4956747E-01 0.7542858E-05
  0.3284002E-06 0.3284002E-06 0.1683280E-06 0.5598131E-09 0.3464186E-09
  0.3024926E-09 0.2429239E-09
 To invert VC matrix, CPU Time was 0.001 secs and System Time was 0.001 secs.
 Ratio Threshold = 50.00 Max Gap (9/10) = 6571. Next Max Gap (13/14) = 300.7
 Gap Method for Num. of Estimated Parameters { model_temp_sep_oct_nov } = 9          
 Threshold { model_temp_sep_oct_nov } = 0.6997482E-03           
 Numerical Threshold Method for Num. of Estimated Parameters { model_temp_sep_oct_nov } = 9          
 Number of Estimated Parameters { model_temp_sep_oct_nov } = 9          
 DEVIANCE { model_temp_sep_oct_nov } = 39.333475               
 DEVIANCE Degrees of Freedom { model_temp_sep_oct_nov } = 6          
 c-hat { model_temp_sep_oct_nov } = 6.5555792               
 AIC { model_temp_sep_oct_nov } = 256.99733               
 AICc { model_temp_sep_oct_nov } = 257.79028               
 BIC { model_temp_sep_oct_nov } = 288.20987               
 Pearson Chisquare { model_temp_sep_oct_nov } = 58.973382               
 Possible Encounter Histories { model_temp_sep_oct_nov } = 4062          
 Pearson Chisquare df { model_temp_sep_oct_nov } = 4043          
 Pearson chat { model_temp_sep_oct_nov } = 0.0145865               
 Sum(Observed/Expected) { model_temp_sep_oct_nov } = 77.163072               
 s-bar { model_temp_sep_oct_nov } = -0.9834247              
 Fletcher chat { model_temp_sep_oct_nov } = 0.8800172               


               LOGIT Link Function Parameters of { model_temp_sep_oct_nov }
                                                              95% Confidence Interval
    Parameter                  Beta         Standard Error     Lower           Upper
 -------------------------  --------------  --------------  --------------  --------------
    1:Phi:(Intercept)        2.1400803       1.8059934      -1.3996669       5.6798275    
    2:Phi:temp_sep_oct_nov   0.5374075       0.9476098      -1.3199077       2.3947227    
    3:Phi:temp_sep_oct_nov  -0.3986384       0.8666608      -2.0972935       1.3000168    
    4:p:(Intercept)         -20.482539       138.33874      -291.62648       250.66140    
    5:p:factor(time)2012    -0.1000000       0.0000000      -0.1000000      -0.1000000    
    6:p:factor(time)2013    -0.1000000       0.0000000      -0.1000000      -0.1000000    
    7:p:factor(time)2014    -25.642373       0.0000000      -25.642373      -25.642373    
    8:p:factor(time)2015     20.194049       138.33902      -250.95044       291.33854    
    9:p:factor(time)2016    -35.244078       0.0000000      -35.244078      -35.244078    
   10:p:factor(time)2017     17.116734       138.34176      -254.03312       288.26659    
   11:p:factor(time)2018     16.304487       138.34294      -254.84768       287.45665    
   12:p:factor(time)2019    -39.444487       0.0000000      -39.444487      -39.444487    
   13:p:factor(time)2020     19.647259       138.34069      -251.50050       290.79502    
   14:p:factor(time)2021     18.495412       138.34023      -252.65144       289.64226    
   15:p:factor(time)2022     1.9795222       2437.0873      -4774.7118       4778.6708    

Program  MARK  - Survival Rate Estimation with Capture-Recapture Data
 gfortran(dble/PIM2) Vers. 11.1 Nov 2024  16-Sep-2025 05:44:13    Page  006
 - - - - - - - - - - - - - - - - - - - - - - - - - - - - - - - - - - - - - -
 
   16:p:factor(time)2023     17.971266       138.34114      -253.17737       289.11990    
   17:p:factor(time)2024    -32.868334       0.0000000      -32.868334      -32.868334    


                  Real Function Parameters of { model_temp_sep_oct_nov }
                                                               95% Confidence Interval
     Parameter                Estimate       Standard Error     Lower           Upper
 --------------------------  --------------  --------------  --------------  --------------
     1:Phi g1 c2010 a0 t201   0.8488777       0.2436522       0.1195363       0.9957156       
     2:Phi g1 c2010 a1 t201   0.8790074       0.2022905       0.1486823       0.9967019       
     3:Phi g1 c2010 a2 t201   0.7284434       0.2934987       0.1277123       0.9800587       
     4:Phi g1 c2010 a3 t201   0.9105888       0.0989493       0.4846986       0.9910127       
     5:Phi g1 c2010 a4 t201   0.8994663       0.1575015       0.2274899       0.9963346       
     6:Phi g1 c2010 a5 t201   0.8586141       0.3605826       0.0176716       0.9995124       
     7:Phi g1 c2010 a6 t201   0.8968251       0.1388191       0.3147336       0.9939580       
     8:Phi g1 c2010 a7 t201   0.8627248       0.2270033       0.1280020       0.9962972       
     9:Phi g1 c2010 a8 t201   0.3283844       0.2212392       0.0640653       0.7774107       
    10:Phi g1 c2010 a9 t201   0.8949243       0.1696320       0.1988271       0.9965904       
    11:Phi g1 c2010 a10 t20   0.8545058       0.2372943       0.1223276       0.9959756       
    12:Phi g1 c2010 a11 t20   0.8949151       0.1696547       0.1987795       0.9965908       
    13:Phi g1 c2010 a12 t20   0.8260709       0.2645840       0.1139185       0.9943329       
    14:Phi g1 c2010 a13 t20   0.9096195       0.0928715       0.5236979       0.9892616       
    15:p g1 c2010 a1 t2011    0.1272173E-08   0.1759909E-06  -0.3436699E-06   0.3462143E-06   
    16:p g1 c2010 a2 t2012    0.1151110E-08   0.0000000       0.1151110E-08   0.1151110E-08   
    17:p g1 c2010 a3 t2013    0.1151110E-08   0.0000000       0.1151110E-08   0.1151110E-08   
    18:p g1 c2010 a4 t2014    0.9294054E-20   0.0000000       0.9294054E-20   0.9294054E-20   
    19:p g1 c2010 a5 t2015    0.4283735       0.1184345       0.2250509       0.6591458       
    20:p g1 c2010 a6 t2016    0.6284022E-24   0.0000000       0.6284022E-24   0.6284022E-24   
    21:p g1 c2010 a7 t2017    0.0333814       0.0282523       0.0061696       0.1611526       
    22:p g1 c2010 a8 t2018    0.0150969       0.0159964       0.0018575       0.1121021       
    23:p g1 c2010 a9 t2019    0.9419402E-26   0.0000000       0.9419402E-26   0.9419402E-26   
    24:p g1 c2010 a10 t2020   0.3025299       0.1745703       0.0789399       0.6870318       
    25:p g1 c2010 a11 t2021   0.1205612       0.0787054       0.0310061       0.3700091       
    26:p g1 c2010 a12 t2022   0.9209623E-08   0.2235240E-04  -0.4380150E-04   0.4381992E-04   
    27:p g1 c2010 a13 t2023   0.0750717       0.0636251       0.0132915       0.3284292       
    28:p g1 c2010 a14 t2024   0.6760989E-23   0.0000000       0.6760989E-23   0.6760989E-23   

 To compute parameter estimates, CPU Time was 0.016 secs and System Time was 0.016 secs.

 Attempted ordering of parameters by estimatibility:
   4  1  8 13 14 16 10  2  3 11  5  6 15  7 17  9 12
 Beta number 12 is a singular value.

 For procedure estimate CPU Time was 0.516 secs and System Time was 0.375 secs.

Program  MARK  - Survival Rate Estimation with Capture-Recapture Data
 gfortran(dble/PIM2) Vers. 11.1 Nov 2024  16-Sep-2025 05:44:13    Page  007
 - - - - - - - - - - - - - - - - - - - - - - - - - - - - - - - - - - - - - -
 


 INPUT --- proc stop;

 For this job, CPU Time in mins was 0.009 and System Time in mins was 0.007.

     Time Start = 05:44:12.856   Time End = 05:44:13.284

 Wall Clock Time in mins for this job was 0.006.

 Maximum of 19 words used.


          E X E C U T I O N   S U C C E S S F U L
