
 Program  MARK  - Survival Rate Estimation with Capture-Recapture Data
 gfortran(dble/PIM2) Vers. 11.1 Nov 2024  29-Apr-2026 11:45:20    Page  001
  
 - - - - - - - - - - - - - - - - - - - - - - - - - - - - - - - - - - - - - -
 
 Welcome to MARK localuser on machine DEP79421 in subdirectory 
 "C:\Users\localuser\Desktop\GitHub\LHI_SBSH_CMR_adult_survival" running file "data/rmark_outputs/covariate_models/2026-04-29/linear_covariate_model_AO_jun_jul_aug.inp".
 This version was compiled by GCC version 14.2.0 using the options: 
  -cpp -iprefix C:/tdm-gcc-64/mingw64-14-2/bin/../lib/gcc/
  x86_64-w64-mingw32/14.2.0/ -D_MT -D_REENTRANT -U_REENTRANT -D
  dbleprecision -m64 -march=x86-64 -mtune=generic -mthreads -O3 -std=f2023
  -fimplicit-none -ffpe-summary=invalid,zero,overflow,underflow
  -funroll-loops -fno-unsafe-math-optimizations -frounding-math
  -fsignaling-nans -fall-intrinsics -fopenmp

 This problem will use 19 of 20 possible threads.
 Static thread allocation is used.
 INPUT --- proc title ;

 For procedure title CPU Time was 0.001 secs and System Time was 0.001 secs.
 INPUT --- proc chmatrix occasions= 12 groups= 1 etype= Live Nodes= 
 INPUT --- 101 ICMeans NoHist hist= 25  ;
 INPUT ---    time interval 1 1 1 1 1 1 1 1 1 1 1 ;
 INPUT ---    glabel(1)=Group 1;

      Number of unique encounter histories read was 25.

      Number of individual covariates read was 0.
      Time interval lengths are all equal to 1.

      Data type number is 1
      Data type is Live Recaptures (CJS)

 For procedure chmatrix CPU Time was 0.001 secs and System Time was 0.001 secs.

Program  MARK  - Survival Rate Estimation with Capture-Recapture Data
 gfortran(dble/PIM2) Vers. 11.1 Nov 2024  29-Apr-2026 11:45:20    Page  002
 - - - - - - - - - - - - - - - - - - - - - - - - - - - - - - - - - - - - - -
 


 INPUT --- proc estimate link=Logit NOLOOP varest=2ndPart    ;
 INPUT --- model={ model_AO_jun_jul_aug };
 INPUT ---    group=1 Phi    rows=11 cols=11 Triang ;
 INPUT ---        1 2 3 4 5 6 7 8 9 10 11 ;
 INPUT ---        2 3 4 5 6 7 8 9 10 11 ;
 INPUT ---        3 4 5 6 7 8 9 10 11 ;
 INPUT ---        4 5 6 7 8 9 10 11 ;
 INPUT ---        5 6 7 8 9 10 11 ;
 INPUT ---        6 7 8 9 10 11 ;
 INPUT ---        7 8 9 10 11 ;
 INPUT ---        8 9 10 11 ;
 INPUT ---        9 10 11 ;
 INPUT ---        10 11 ;
 INPUT ---        11 ;
 INPUT ---    group=1 p    rows=11 cols=11 Triang ;
 INPUT ---        12 13 14 15 16 17 18 19 20 21 22 ;
 INPUT ---        13 14 15 16 17 18 19 20 21 22 ;
 INPUT ---        14 15 16 17 18 19 20 21 22 ;
 INPUT ---        15 16 17 18 19 20 21 22 ;
 INPUT ---        16 17 18 19 20 21 22 ;
 INPUT ---        17 18 19 20 21 22 ;
 INPUT ---        18 19 20 21 22 ;
 INPUT ---        19 20 21 22 ;
 INPUT ---        20 21 22 ;
 INPUT ---        21 22 ;
 INPUT ---        22 ;
 INPUT ---    design matrix constraints=22 covariates=13;
 INPUT ---        1 0.444877325340624 0 0 0 0 0 0 0 0 0 0 0;
 INPUT ---        1 -1.00558000549824 0 0 0 0 0 0 0 0 0 0 0;
 INPUT ---        1 -1.00698821649905 0 0 0 0 0 0 0 0 0 0 0;
 INPUT ---        1 0.570208104413108 0 0 0 0 0 0 0 0 0 0 0;
 INPUT ---        1 0.792705442541788 0 0 0 0 0 0 0 0 0 0 0;
 INPUT ---        1 1.24474117380322 0 0 0 0 0 0 0 0 0 0 0;
 INPUT ---        1 -1.60054915334233 0 0 0 0 0 0 0 0 0 0 0;
 INPUT ---        1 -0.686620213813768 0 0 0 0 0 0 0 0 0 0 0;
 INPUT ---        1 0.849033882574365 0 0 0 0 0 0 0 0 0 0 0;
 INPUT ---        1 -0.196562785530347 0 0 0 0 0 0 0 0 0 0 0;
 INPUT ---        1 -0.776041612365484 0 0 0 0 0 0 0 0 0 0 0;
 INPUT ---        0 0 1 0 0 0 0 0 0 0 0 0 0;
 INPUT ---        0 0 1 1 0 0 0 0 0 0 0 0 0;
 INPUT ---        0 0 1 0 1 0 0 0 0 0 0 0 0;
 INPUT ---        0 0 1 0 0 1 0 0 0 0 0 0 0;
 INPUT ---        0 0 1 0 0 0 1 0 0 0 0 0 0;
 INPUT ---        0 0 1 0 0 0 0 1 0 0 0 0 0;

Program  MARK  - Survival Rate Estimation with Capture-Recapture Data
 gfortran(dble/PIM2) Vers. 11.1 Nov 2024  29-Apr-2026 11:45:20    Page  003
 - - - - - - - - - - - - - - - - - - - - - - - - - - - - - - - - - - - - - -
 
 INPUT ---        0 0 1 0 0 0 0 0 1 0 0 0 0;
 INPUT ---        0 0 1 0 0 0 0 0 0 1 0 0 0;
 INPUT ---        0 0 1 0 0 0 0 0 0 0 1 0 0;
 INPUT ---        0 0 1 0 0 0 0 0 0 0 0 1 0;
 INPUT ---        0 0 1 0 0 0 0 0 0 0 0 0 1;
 INPUT ---       blabel(1)=Phi:(Intercept);
 INPUT ---       blabel(2)=Phi:AO_jun_jul_aug;
 INPUT ---       blabel(3)=p:(Intercept);
 INPUT ---       blabel(4)=p:factor(time)2015;
 INPUT ---       blabel(5)=p:factor(time)2016;
 INPUT ---       blabel(6)=p:factor(time)2017;
 INPUT ---       blabel(7)=p:factor(time)2018;
 INPUT ---       blabel(8)=p:factor(time)2019;
 INPUT ---       blabel(9)=p:factor(time)2020;
 INPUT ---       blabel(10)=p:factor(time)2021;
 INPUT ---       blabel(11)=p:factor(time)2022;
 INPUT ---       blabel(12)=p:factor(time)2023;
 INPUT ---       blabel(13)=p:factor(time)2024;
 INPUT ---       rlabel(1)=Phi g1 c2013 a0 t2013;
 INPUT ---       rlabel(2)=Phi g1 c2013 a1 t2014;
 INPUT ---       rlabel(3)=Phi g1 c2013 a2 t2015;
 INPUT ---       rlabel(4)=Phi g1 c2013 a3 t2016;
 INPUT ---       rlabel(5)=Phi g1 c2013 a4 t2017;
 INPUT ---       rlabel(6)=Phi g1 c2013 a5 t2018;
 INPUT ---       rlabel(7)=Phi g1 c2013 a6 t2019;
 INPUT ---       rlabel(8)=Phi g1 c2013 a7 t2020;
 INPUT ---       rlabel(9)=Phi g1 c2013 a8 t2021;
 INPUT ---       rlabel(10)=Phi g1 c2013 a9 t2022;
 INPUT ---       rlabel(11)=Phi g1 c2013 a10 t2023;
 INPUT ---       rlabel(12)=p g1 c2013 a1 t2014;
 INPUT ---       rlabel(13)=p g1 c2013 a2 t2015;
 INPUT ---       rlabel(14)=p g1 c2013 a3 t2016;
 INPUT ---       rlabel(15)=p g1 c2013 a4 t2017;
 INPUT ---       rlabel(16)=p g1 c2013 a5 t2018;
 INPUT ---       rlabel(17)=p g1 c2013 a6 t2019;
 INPUT ---       rlabel(18)=p g1 c2013 a7 t2020;
 INPUT ---       rlabel(19)=p g1 c2013 a8 t2021;
 INPUT ---       rlabel(20)=p g1 c2013 a9 t2022;
 INPUT ---       rlabel(21)=p g1 c2013 a10 t2023;
 INPUT ---       rlabel(22)=p g1 c2013 a11 t2024;
   Model is { model_AO_jun_jul_aug }

 Link Function Used is LOGIT        

 Variance Estimation Procedure Used is 2ndPart 
 -2logL(saturated) = 198.85252     
 Effective Sample Size = 223

 Number of function evaluations was 48 for 13 parameters.
 For numerical optimization, CPU Time was 0.172 secs and System Time was 0.093 secs.

Program  MARK  - Survival Rate Estimation with Capture-Recapture Data
 gfortran(dble/PIM2) Vers. 11.1 Nov 2024  29-Apr-2026 11:45:20    Page  004
 - - - - - - - - - - - - - - - - - - - - - - - - - - - - - - - - - - - - - -
 
 -2logL { model_AO_jun_jul_aug } = 234.83338     
 Penalty { model_AO_jun_jul_aug } = 0.0000000     
 Gradient { model_AO_jun_jul_aug }:
  8.43216E-05  3.27115E-05 -2.54003E-04  5.97371E-05   0.0000    
 -1.14225E-04  5.60017E-05   0.0000     -1.55660E-04 -2.75250E-04
   0.0000      1.75502E-04   0.0000    
 Maximum ABS(G) { model_AO_jun_jul_aug } =  2.75250E-04
 To compute VC matrix, CPU Time was 0.062 secs and System Time was 0.047 secs.
 S Vector { model_AO_jun_jul_aug }:
   42.27181      18.72295      4.392124      3.308836      2.593696    
   1.645565      1.085387     0.5708092E-01 0.7097169E-05 0.1647337E-06
  0.1428419E-06 0.1169690E-06 0.2000446E-07
 To invert VC matrix, CPU Time was 0.001 secs and System Time was 0.001 secs.
 Ratio Threshold = 50.00 Max Gap (8/9) = 8043. Next Max Gap (9/10) = 43.08
 Gap Method for Num. of Estimated Parameters { model_AO_jun_jul_aug } = 8          
 Threshold { model_AO_jun_jul_aug } = 0.5504991E-03           
 Numerical Threshold Method for Num. of Estimated Parameters { model_AO_jun_jul_aug } = 8          
 Number of Estimated Parameters { model_AO_jun_jul_aug } = 8          
 DEVIANCE { model_AO_jun_jul_aug } = 35.980864               
 DEVIANCE Degrees of Freedom { model_AO_jun_jul_aug } = 7          
 c-hat { model_AO_jun_jul_aug } = 5.1401234               
 AIC { model_AO_jun_jul_aug } = 250.83338               
 AICc { model_AO_jun_jul_aug } = 251.50628               
 BIC { model_AO_jun_jul_aug } = 278.09076               
 Pearson Chisquare { model_AO_jun_jul_aug } = 50.075581               
 Possible Encounter Histories { model_AO_jun_jul_aug } = 4054          
 Pearson Chisquare df { model_AO_jun_jul_aug } = 4037          
 Pearson chat { model_AO_jun_jul_aug } = 0.0124042               
 Sum(Observed/Expected) { model_AO_jun_jul_aug } = 68.808707               
 s-bar { model_AO_jun_jul_aug } = -0.9852142              
 Fletcher chat { model_AO_jun_jul_aug } = 0.8389216               


                LOGIT Link Function Parameters of { model_AO_jun_jul_aug }
                                                              95% Confidence Interval
    Parameter                  Beta         Standard Error     Lower           Upper
 -------------------------  --------------  --------------  --------------  --------------
    1:Phi:(Intercept)        3.3656479       2.1791334      -0.9054537       7.6367495    
    2:Phi:AO_jun_jul_aug    -3.4189635       2.2132383      -7.7569106       0.9189836    
    3:p:(Intercept)         -21.857851       141.86336      -299.91003       256.19433    
    4:p:factor(time)2015     21.446119       141.86347      -256.60629       299.49853    
    5:p:factor(time)2016    -6.6641156       0.0000000      -6.6641156      -6.6641156    
    6:p:factor(time)2017     18.436588       141.86559      -259.61998       296.49316    
    7:p:factor(time)2018     17.936659       141.86761      -260.12386       295.99718    

Program  MARK  - Survival Rate Estimation with Capture-Recapture Data
 gfortran(dble/PIM2) Vers. 11.1 Nov 2024  29-Apr-2026 11:45:20    Page  005
 - - - - - - - - - - - - - - - - - - - - - - - - - - - - - - - - - - - - - -
 
    8:p:factor(time)2019     1.2562741       0.0000000       1.2562741       1.2562741    
    9:p:factor(time)2020     21.276441       141.86510      -256.77915       299.33204    
   10:p:factor(time)2021     20.065756       141.86482      -257.98930       298.12081    
   11:p:factor(time)2022     1.7910784       0.0000000       1.7910784       1.7910784    
   12:p:factor(time)2023     19.562151       141.86486      -258.49298       297.61728    
   13:p:factor(time)2024    -3.4002787       0.0000000      -3.4002787      -3.4002787    


                   Real Function Parameters of { model_AO_jun_jul_aug }
                                                               95% Confidence Interval
     Parameter                Estimate       Standard Error     Lower           Upper
 --------------------------  --------------  --------------  --------------  --------------
     1:Phi g1 c2013 a0 t201   0.8634952       0.1443192       0.3646691       0.9858587       
     2:Phi g1 c2013 a1 t201   0.9988916       0.0048564       0.1426860       0.9999998       
     3:Phi g1 c2013 a2 t201   0.9988969       0.0048366       0.1425309       0.9999998       
     4:Phi g1 c2013 a3 t201   0.8047306       0.1518421       0.3827715       0.9647722       
     5:Phi g1 c2013 a4 t201   0.6582301       0.1250691       0.3931114       0.8513319       
     6:Phi g1 c2013 a5 t201   0.2910940       0.1507471       0.0893271       0.6322138       
     7:Phi g1 c2013 a6 t201   0.9998549       0.8268340E-03   0.0885293       1.0000000       
     8:Phi g1 c2013 a7 t202   0.9967087       0.0120842       0.1814069       0.9999976       
     9:Phi g1 c2013 a8 t202   0.6136858       0.1131731       0.3839499       0.8019426       
    10:Phi g1 c2013 a9 t202   0.9826675       0.0444207       0.2546219       0.9998937       
    11:Phi g1 c2013 a10 t20   0.9975736       0.0093929       0.1698256       0.9999988       
    12:p g1 c2013 a1 t2014    0.3215553E-09   0.4561692E-07  -0.8908761E-07   0.8973072E-07   
    13:p g1 c2013 a2 t2015    0.3984969       0.0758209       0.2627511       0.5518761       
    14:p g1 c2013 a3 t2016    0.4102675E-12   0.0000000       0.4102675E-12   0.4102675E-12   
    15:p g1 c2013 a4 t2017    0.0316375       0.0235583       0.0071859       0.1285209       
    16:p g1 c2013 a5 t2018    0.0194324       0.0206923       0.0023532       0.1427353       
    17:p g1 c2013 a6 t2019    0.1129402E-08   0.0000000       0.1129402E-08   0.1129402E-08   
    18:p g1 c2013 a7 t2020    0.3586080       0.1863832       0.1025081       0.7324015       
    19:p g1 c2013 a8 t2021    0.1428160       0.0868042       0.0398536       0.4007560       
    20:p g1 c2013 a9 t2022    0.1928018E-08   0.0000000       0.1928018E-08   0.1928018E-08   
    21:p g1 c2013 a10 t2023   0.0914797       0.0559426       0.0262117       0.2736042       
    22:p g1 c2013 a11 t2024   0.1072836E-10   0.0000000       0.1072836E-10   0.1072836E-10   

 To compute parameter estimates, CPU Time was 0.001 secs and System Time was 0.032 secs.

 Attempted ordering of parameters by estimatibility:
   3  1  4 10 12  9  6  2  7  8 11 13  5
 Beta number 5 is a singular value.

 For procedure estimate CPU Time was 0.234 secs and System Time was 0.187 secs.

Program  MARK  - Survival Rate Estimation with Capture-Recapture Data
 gfortran(dble/PIM2) Vers. 11.1 Nov 2024  29-Apr-2026 11:45:20    Page  006
 - - - - - - - - - - - - - - - - - - - - - - - - - - - - - - - - - - - - - -
 


 INPUT --- proc stop;

 For this job, CPU Time in mins was 0.005 and System Time in mins was 0.004.

     Time Start = 11:45:20.264   Time End = 11:45:20.517

 Wall Clock Time in mins for this job was 0.003.

 Maximum of 19 words used.


          E X E C U T I O N   S U C C E S S F U L
