
 Program  MARK  - Survival Rate Estimation with Capture-Recapture Data
 gfortran(dble/PIM2) Vers. 11.1 Nov 2024  29-Apr-2026 11:45:21    Page  001
  
 - - - - - - - - - - - - - - - - - - - - - - - - - - - - - - - - - - - - - -
 
 Welcome to MARK localuser on machine DEP79421 in subdirectory 
 "C:\Users\localuser\Desktop\GitHub\LHI_SBSH_CMR_adult_survival" running file "data/rmark_outputs/covariate_models/2026-04-29/quadratic_covariate_model_AO_jun_jul_aug.inp".
 This version was compiled by GCC version 14.2.0 using the options: 
  -cpp -iprefix C:/tdm-gcc-64/mingw64-14-2/bin/../lib/gcc/
  x86_64-w64-mingw32/14.2.0/ -D_MT -D_REENTRANT -U_REENTRANT -D
  dbleprecision -m64 -march=x86-64 -mtune=generic -mthreads -O3 -std=f2023
  -fimplicit-none -ffpe-summary=invalid,zero,overflow,underflow
  -funroll-loops -fno-unsafe-math-optimizations -frounding-math
  -fsignaling-nans -fall-intrinsics -fopenmp

 This problem will use 19 of 20 possible threads.
 Static thread allocation is used.
 INPUT --- proc title ;

 For procedure title CPU Time was 0.001 secs and System Time was 0.001 secs.
 INPUT --- proc chmatrix occasions= 12 groups= 1 etype= Live Nodes= 
 INPUT --- 101 ICMeans NoHist hist= 25  ;
 INPUT ---    time interval 1 1 1 1 1 1 1 1 1 1 1 ;
 INPUT ---    glabel(1)=Group 1;

      Number of unique encounter histories read was 25.

      Number of individual covariates read was 0.
      Time interval lengths are all equal to 1.

      Data type number is 1
      Data type is Live Recaptures (CJS)

 For procedure chmatrix CPU Time was 0.001 secs and System Time was 0.001 secs.

Program  MARK  - Survival Rate Estimation with Capture-Recapture Data
 gfortran(dble/PIM2) Vers. 11.1 Nov 2024  29-Apr-2026 11:45:21    Page  002
 - - - - - - - - - - - - - - - - - - - - - - - - - - - - - - - - - - - - - -
 


 INPUT --- proc estimate link=Logit NOLOOP varest=2ndPart    ;
 INPUT --- model={ model_AO_jun_jul_aug };
 INPUT ---    group=1 Phi    rows=11 cols=11 Triang ;
 INPUT ---        1 2 3 4 5 6 7 8 9 10 11 ;
 INPUT ---        2 3 4 5 6 7 8 9 10 11 ;
 INPUT ---        3 4 5 6 7 8 9 10 11 ;
 INPUT ---        4 5 6 7 8 9 10 11 ;
 INPUT ---        5 6 7 8 9 10 11 ;
 INPUT ---        6 7 8 9 10 11 ;
 INPUT ---        7 8 9 10 11 ;
 INPUT ---        8 9 10 11 ;
 INPUT ---        9 10 11 ;
 INPUT ---        10 11 ;
 INPUT ---        11 ;
 INPUT ---    group=1 p    rows=11 cols=11 Triang ;
 INPUT ---        12 13 14 15 16 17 18 19 20 21 22 ;
 INPUT ---        13 14 15 16 17 18 19 20 21 22 ;
 INPUT ---        14 15 16 17 18 19 20 21 22 ;
 INPUT ---        15 16 17 18 19 20 21 22 ;
 INPUT ---        16 17 18 19 20 21 22 ;
 INPUT ---        17 18 19 20 21 22 ;
 INPUT ---        18 19 20 21 22 ;
 INPUT ---        19 20 21 22 ;
 INPUT ---        20 21 22 ;
 INPUT ---        21 22 ;
 INPUT ---        22 ;
 INPUT ---    design matrix constraints=22 covariates=14;
 INPUT ---        1 0.444877325340624 0.197915834602228 0 0 0 0 0 0 0 0 0 0 
 INPUT ---       0;
 INPUT ---        1 -1.00558000549824 1.01119114745783 0 0 0 0 0 0 0 0 0 0 0;
 INPUT ---        1 -1.00698821649905 1.01402526816794 0 0 0 0 0 0 0 0 0 0 0;
 INPUT ---        1 0.570208104413108 0.32513728233839 0 0 0 0 0 0 0 0 0 0 0;
 INPUT ---        1 0.792705442541788 0.628381918635372 0 0 0 0 0 0 0 0 0 0 
 INPUT ---       0;
 INPUT ---        1 1.24474117380322 1.54938058976101 0 0 0 0 0 0 0 0 0 0 0;
 INPUT ---        1 -1.60054915334233 2.56175759226485 0 0 0 0 0 0 0 0 0 0 0;
 INPUT ---        1 -0.686620213813768 0.471447318017664 0 0 0 0 0 0 0 0 0 0 
 INPUT ---       0;
 INPUT ---        1 0.849033882574365 0.7208585337593 0 0 0 0 0 0 0 0 0 0 0;
 INPUT ---        1 -0.196562785530347 0.0386369286554492 0 0 0 0 0 0 0 0 0 
 INPUT ---       0 0;
 INPUT ---        1 -0.776041612365484 0.60224058412282 0 0 0 0 0 0 0 0 0 0 
 INPUT ---       0;
 INPUT ---        0 0 0 1 0 0 0 0 0 0 0 0 0 0;

Program  MARK  - Survival Rate Estimation with Capture-Recapture Data
 gfortran(dble/PIM2) Vers. 11.1 Nov 2024  29-Apr-2026 11:45:21    Page  003
 - - - - - - - - - - - - - - - - - - - - - - - - - - - - - - - - - - - - - -
 
 INPUT ---        0 0 0 1 1 0 0 0 0 0 0 0 0 0;
 INPUT ---        0 0 0 1 0 1 0 0 0 0 0 0 0 0;
 INPUT ---        0 0 0 1 0 0 1 0 0 0 0 0 0 0;
 INPUT ---        0 0 0 1 0 0 0 1 0 0 0 0 0 0;
 INPUT ---        0 0 0 1 0 0 0 0 1 0 0 0 0 0;
 INPUT ---        0 0 0 1 0 0 0 0 0 1 0 0 0 0;
 INPUT ---        0 0 0 1 0 0 0 0 0 0 1 0 0 0;
 INPUT ---        0 0 0 1 0 0 0 0 0 0 0 1 0 0;
 INPUT ---        0 0 0 1 0 0 0 0 0 0 0 0 1 0;
 INPUT ---        0 0 0 1 0 0 0 0 0 0 0 0 0 1;
 INPUT ---       blabel(1)=Phi:(Intercept);
 INPUT ---       blabel(2)=Phi:AO_jun_jul_aug;
 INPUT ---       blabel(3)=Phi:AO_jun_jul_aug2;
 INPUT ---       blabel(4)=p:(Intercept);
 INPUT ---       blabel(5)=p:factor(time)2015;
 INPUT ---       blabel(6)=p:factor(time)2016;
 INPUT ---       blabel(7)=p:factor(time)2017;
 INPUT ---       blabel(8)=p:factor(time)2018;
 INPUT ---       blabel(9)=p:factor(time)2019;
 INPUT ---       blabel(10)=p:factor(time)2020;
 INPUT ---       blabel(11)=p:factor(time)2021;
 INPUT ---       blabel(12)=p:factor(time)2022;
 INPUT ---       blabel(13)=p:factor(time)2023;
 INPUT ---       blabel(14)=p:factor(time)2024;
 INPUT ---       rlabel(1)=Phi g1 c2013 a0 t2013;
 INPUT ---       rlabel(2)=Phi g1 c2013 a1 t2014;
 INPUT ---       rlabel(3)=Phi g1 c2013 a2 t2015;
 INPUT ---       rlabel(4)=Phi g1 c2013 a3 t2016;
 INPUT ---       rlabel(5)=Phi g1 c2013 a4 t2017;
 INPUT ---       rlabel(6)=Phi g1 c2013 a5 t2018;
 INPUT ---       rlabel(7)=Phi g1 c2013 a6 t2019;
 INPUT ---       rlabel(8)=Phi g1 c2013 a7 t2020;
 INPUT ---       rlabel(9)=Phi g1 c2013 a8 t2021;
 INPUT ---       rlabel(10)=Phi g1 c2013 a9 t2022;
 INPUT ---       rlabel(11)=Phi g1 c2013 a10 t2023;
 INPUT ---       rlabel(12)=p g1 c2013 a1 t2014;
 INPUT ---       rlabel(13)=p g1 c2013 a2 t2015;
 INPUT ---       rlabel(14)=p g1 c2013 a3 t2016;
 INPUT ---       rlabel(15)=p g1 c2013 a4 t2017;
 INPUT ---       rlabel(16)=p g1 c2013 a5 t2018;
 INPUT ---       rlabel(17)=p g1 c2013 a6 t2019;
 INPUT ---       rlabel(18)=p g1 c2013 a7 t2020;
 INPUT ---       rlabel(19)=p g1 c2013 a8 t2021;
 INPUT ---       rlabel(20)=p g1 c2013 a9 t2022;
 INPUT ---       rlabel(21)=p g1 c2013 a10 t2023;
 INPUT ---       rlabel(22)=p g1 c2013 a11 t2024;
   Model is { model_AO_jun_jul_aug }

Program  MARK  - Survival Rate Estimation with Capture-Recapture Data
 gfortran(dble/PIM2) Vers. 11.1 Nov 2024  29-Apr-2026 11:45:21    Page  004
 - - - - - - - - - - - - - - - - - - - - - - - - - - - - - - - - - - - - - -
 

 Link Function Used is LOGIT        

 Variance Estimation Procedure Used is 2ndPart 
 -2logL(saturated) = 198.85252     
 Effective Sample Size = 223

 Number of function evaluations was 55 for 14 parameters.
 For numerical optimization, CPU Time was 0.219 secs and System Time was 0.109 secs.
 -2logL { model_AO_jun_jul_aug } = 234.83053     
 Penalty { model_AO_jun_jul_aug } = 0.0000000     
 Gradient { model_AO_jun_jul_aug }:
  6.14232E-04  3.75043E-04  2.43800E-04  1.03178E-03  1.81130E-04
   0.0000      1.46737E-04  2.33793E-05   0.0000      3.95141E-04
  2.33225E-04   0.0000      5.14252E-05  1.31431E-06
 Maximum ABS(G) { model_AO_jun_jul_aug } =  1.03178E-03
 To compute VC matrix, CPU Time was 0.062 secs and System Time was 0.063 secs.
 S Vector { model_AO_jun_jul_aug }:
   44.10646      20.06047      4.396092      3.341820      2.598673    
   1.643634      1.093298     0.1115035     0.4042983E-02 0.1734442E-04
  0.6566426E-06 0.3861547E-07 0.6510602E-08 0.2919044E-08
 To invert VC matrix, CPU Time was 0.001 secs and System Time was 0.001 secs.
 Ratio Threshold = 50.00 Max Gap (9/10) = 233.1 Next Max Gap (8/9) = 27.58
 Gap Method for Num. of Estimated Parameters { model_AO_jun_jul_aug } = 9          
 Threshold { model_AO_jun_jul_aug } = 0.0020636               
 Numerical Threshold Method for Num. of Estimated Parameters { model_AO_jun_jul_aug } = 9          
 Number of Estimated Parameters { model_AO_jun_jul_aug } = 9          
 DEVIANCE { model_AO_jun_jul_aug } = 35.978014               
 DEVIANCE Degrees of Freedom { model_AO_jun_jul_aug } = 6          
 c-hat { model_AO_jun_jul_aug } = 5.9963357               
 AIC { model_AO_jun_jul_aug } = 252.83053               
 AICc { model_AO_jun_jul_aug } = 253.67560               
 BIC { model_AO_jun_jul_aug } = 283.49508               
 Pearson Chisquare { model_AO_jun_jul_aug } = 49.968471               
 Possible Encounter Histories { model_AO_jun_jul_aug } = 4054          
 Pearson Chisquare df { model_AO_jun_jul_aug } = 4036          
 Pearson chat { model_AO_jun_jul_aug } = 0.0123807               
 Sum(Observed/Expected) { model_AO_jun_jul_aug } = 68.692893               
 s-bar { model_AO_jun_jul_aug } = -0.9852428              
 Fletcher chat { model_AO_jun_jul_aug } = 0.8389591               

Program  MARK  - Survival Rate Estimation with Capture-Recapture Data
 gfortran(dble/PIM2) Vers. 11.1 Nov 2024  29-Apr-2026 11:45:22    Page  005
 - - - - - - - - - - - - - - - - - - - - - - - - - - - - - - - - - - - - - -
 
                LOGIT Link Function Parameters of { model_AO_jun_jul_aug }
                                                              95% Confidence Interval
    Parameter                  Beta         Standard Error     Lower           Upper
 -------------------------  --------------  --------------  --------------  --------------
    1:Phi:(Intercept)        3.2293614       3.0071276      -2.6646088       9.1233315    
    2:Phi:AO_jun_jul_aug    -3.0165790       7.1002249      -16.933020       10.899862    
    3:Phi:AO_jun_jul_aug2   -0.2448599       4.2371057      -8.5495873       8.0598675    
    4:p:(Intercept)         -34.748344       91.011633      -213.13115       143.63446    
    5:p:factor(time)2015     34.339519       91.011799      -144.04361       212.72265    
    6:p:factor(time)2016    -4.2178205       18508.862      -36281.588       36273.152    
    7:p:factor(time)2017     31.327044       91.015153      -147.06266       209.71675    
    8:p:factor(time)2018     30.817253       91.018588      -147.57918       209.21369    
    9:p:factor(time)2019     0.4345932       5088.8463      -9973.7044       9974.5736    
   10:p:factor(time)2020     34.174397       91.014362      -144.21376       212.56255    
   11:p:factor(time)2021     32.963863       91.013934      -145.42345       211.35118    
   12:p:factor(time)2022     8.2438101       0.0000000       8.2438101       8.2438101    
   13:p:factor(time)2023     32.454972       91.013982      -145.93244       210.84238    
   14:p:factor(time)2024     16.414664       1233.9250      -2402.0783       2434.9077    


                   Real Function Parameters of { model_AO_jun_jul_aug }
                                                               95% Confidence Interval
     Parameter                Estimate       Standard Error     Lower           Upper
 --------------------------  --------------  --------------  --------------  --------------
     1:Phi g1 c2013 a0 t201   0.8628176       0.1402170       0.3815474       0.9846439       
     2:Phi g1 c2013 a1 t201   0.9975645       0.0337724       0.6023431E-09   1.0000000       
     3:Phi g1 c2013 a2 t201   0.9975731       0.0337051       0.5796223E-09   1.0000000       
     4:Phi g1 c2013 a3 t201   0.8068500       0.1549661       0.3730160       0.9670303       
     5:Phi g1 c2013 a4 t201   0.6646837       0.1735454       0.3011304       0.9011791       
     6:Phi g1 c2013 a5 t201   0.2880487       0.1584380       0.0817251       0.6477984       
     7:Phi g1 c2013 a6 t201   0.9994073       0.0144908       0.2526410E-17   1.0000000       
     8:Phi g1 c2013 a7 t202   0.9944322       0.0525210       0.1504690E-05   1.0000000       
     9:Phi g1 c2013 a8 t202   0.6205007       0.1697816       0.2846538       0.8704385       
    10:Phi g1 c2013 a9 t202   0.9783920       0.0936172       0.0076418       0.9999962       
    11:Phi g1 c2013 a10 t20   0.9956050       0.0465356       0.2006142E-06   1.0000000       
    12:p g1 c2013 a1 t2014    0.8109349E-15   0.7380451E-13  -0.1438459E-12   0.1454678E-12   
    13:p g1 c2013 a2 t2015    0.3991939       0.0773958       0.2608958       0.5556849       
    14:p g1 c2013 a3 t2016    0.1194565E-16   0.2211031E-12  -0.4333501E-12   0.4333740E-12   
    15:p g1 c2013 a4 t2017    0.0316364       0.0235454       0.0071912       0.1284298       
    16:p g1 c2013 a5 t2018    0.0192446       0.0207716       0.0022645       0.1450377       
    17:p g1 c2013 a6 t2019    0.1252355E-14   0.6374060E-11  -0.1249191E-10   0.1249441E-10   
    18:p g1 c2013 a7 t2020    0.3603266       0.1890970       0.1013834       0.7377010       
    19:p g1 c2013 a8 t2021    0.1437507       0.0887943       0.0392252       0.4084104       
    20:p g1 c2013 a9 t2022    0.3084801E-11   0.0000000       0.3084801E-11   0.3084801E-11   
    21:p g1 c2013 a10 t2023   0.0916734       0.0562426       0.0261549       0.2749744       

Program  MARK  - Survival Rate Estimation with Capture-Recapture Data
 gfortran(dble/PIM2) Vers. 11.1 Nov 2024  29-Apr-2026 11:45:22    Page  006
 - - - - - - - - - - - - - - - - - - - - - - - - - - - - - - - - - - - - - -
 
    22:p g1 c2013 a11 t2024   0.1090897E-07   0.1342423E-04  -0.2630058E-04   0.2632240E-04   

 To compute parameter estimates, CPU Time was 0.001 secs and System Time was 0.031 secs.

 Attempted ordering of parameters by estimatibility:
   4  1  5 11 13 10  7  3  2  8 14  9 12  6
 Beta number 6 is a singular value.

 For procedure estimate CPU Time was 0.297 secs and System Time was 0.219 secs.
 INPUT --- proc stop;

 For this job, CPU Time in mins was 0.006 and System Time in mins was 0.005.

     Time Start = 11:45:21.879   Time End = 11:45:22.166

 Wall Clock Time in mins for this job was 0.004.

 Maximum of 19 words used.


          E X E C U T I O N   S U C C E S S F U L
