
 Program  MARK  - Survival Rate Estimation with Capture-Recapture Data
 gfortran(dble/PIM2) Vers. 11.1 Nov 2024  16-Sep-2025 05:41:36    Page  001
  
 - - - - - - - - - - - - - - - - - - - - - - - - - - - - - - - - - - - - - -
 
 Welcome to MARK localuser on machine DEP79421 in subdirectory 
 "C:\Users\localuser\Desktop\GitHub\LHI_SBSH_CMR_adult_survival" running file "data/rmark_outputs/reference_models/reference_model_4.inp".
 This version was compiled by GCC version 14.2.0 using the options: 
  -cpp -iprefix C:/tdm-gcc-64/mingw64-14-2/bin/../lib/gcc/
  x86_64-w64-mingw32/14.2.0/ -D_MT -D_REENTRANT -U_REENTRANT -D
  dbleprecision -m64 -march=x86-64 -mtune=generic -mthreads -O3 -std=f2023
  -fimplicit-none -ffpe-summary=invalid,zero,overflow,underflow
  -funroll-loops -fno-unsafe-math-optimizations -frounding-math
  -fsignaling-nans -fall-intrinsics -fopenmp

 This problem will use 19 of 20 possible threads.
 Static thread allocation is used.
 INPUT --- proc title ;

 For procedure title CPU Time was 0.001 secs and System Time was 0.001 secs.
 INPUT --- proc chmatrix occasions= 15 groups= 1 etype= Live Nodes= 
 INPUT --- 101 ICMeans NoHist hist= 26  ;
 INPUT ---    time interval 1 1 1 1 1 1 1 1 1 1 1 1 1 1 ;
 INPUT ---    glabel(1)=Group 1;

      Number of unique encounter histories read was 26.

      Number of individual covariates read was 0.
      Time interval lengths are all equal to 1.

      Data type number is 1
      Data type is Live Recaptures (CJS)

 For procedure chmatrix CPU Time was 0.001 secs and System Time was 0.001 secs.

Program  MARK  - Survival Rate Estimation with Capture-Recapture Data
 gfortran(dble/PIM2) Vers. 11.1 Nov 2024  16-Sep-2025 05:41:36    Page  002
 - - - - - - - - - - - - - - - - - - - - - - - - - - - - - - - - - - - - - -
 


 INPUT --- proc estimate link=Logit NOLOOP varest=2ndPart    ;
 INPUT --- model={ model4 };
 INPUT ---    group=1 Phi    rows=14 cols=14 Triang ;
 INPUT ---        1 2 3 4 5 6 7 8 9 10 11 12 13 14 ;
 INPUT ---        2 3 4 5 6 7 8 9 10 11 12 13 14 ;
 INPUT ---        3 4 5 6 7 8 9 10 11 12 13 14 ;
 INPUT ---        4 5 6 7 8 9 10 11 12 13 14 ;
 INPUT ---        5 6 7 8 9 10 11 12 13 14 ;
 INPUT ---        6 7 8 9 10 11 12 13 14 ;
 INPUT ---        7 8 9 10 11 12 13 14 ;
 INPUT ---        8 9 10 11 12 13 14 ;
 INPUT ---        9 10 11 12 13 14 ;
 INPUT ---        10 11 12 13 14 ;
 INPUT ---        11 12 13 14 ;
 INPUT ---        12 13 14 ;
 INPUT ---        13 14 ;
 INPUT ---        14 ;
 INPUT ---    group=1 p    rows=14 cols=14 Triang ;
 INPUT ---        15 15 15 15 15 15 15 15 15 15 15 15 15 15 ;
 INPUT ---        15 15 15 15 15 15 15 15 15 15 15 15 15 ;
 INPUT ---        15 15 15 15 15 15 15 15 15 15 15 15 ;
 INPUT ---        15 15 15 15 15 15 15 15 15 15 15 ;
 INPUT ---        15 15 15 15 15 15 15 15 15 15 ;
 INPUT ---        15 15 15 15 15 15 15 15 15 ;
 INPUT ---        15 15 15 15 15 15 15 15 ;
 INPUT ---        15 15 15 15 15 15 15 ;
 INPUT ---        15 15 15 15 15 15 ;
 INPUT ---        15 15 15 15 15 ;
 INPUT ---        15 15 15 15 ;
 INPUT ---        15 15 15 ;
 INPUT ---        15 15 ;
 INPUT ---        15 ;
 INPUT ---    design matrix constraints=15 covariates=4;
 INPUT ---        1 2010 4040100 0;
 INPUT ---        1 2011 4044121 0;
 INPUT ---        1 2012 4048144 0;
 INPUT ---        1 2013 4052169 0;
 INPUT ---        1 2014 4056196 0;
 INPUT ---        1 2015 4060225 0;
 INPUT ---        1 2016 4064256 0;
 INPUT ---        1 2017 4068289 0;
 INPUT ---        1 2018 4072324 0;
 INPUT ---        1 2019 4076361 0;
 INPUT ---        1 2020 4080400 0;

Program  MARK  - Survival Rate Estimation with Capture-Recapture Data
 gfortran(dble/PIM2) Vers. 11.1 Nov 2024  16-Sep-2025 05:41:36    Page  003
 - - - - - - - - - - - - - - - - - - - - - - - - - - - - - - - - - - - - - -
 
 INPUT ---        1 2021 4084441 0;
 INPUT ---        1 2022 4088484 0;
 INPUT ---        1 2023 4092529 0;
 INPUT ---        0 0 0 1;
 INPUT ---       blabel(1)=Phi:(Intercept);
 INPUT ---       blabel(2)=Phi:time;
 INPUT ---       blabel(3)=Phi:I(time^2);
 INPUT ---       blabel(4)=p:(Intercept);
 INPUT ---       rlabel(1)=Phi g1 c2010 a0 t2010;
 INPUT ---       rlabel(2)=Phi g1 c2010 a1 t2011;
 INPUT ---       rlabel(3)=Phi g1 c2010 a2 t2012;
 INPUT ---       rlabel(4)=Phi g1 c2010 a3 t2013;
 INPUT ---       rlabel(5)=Phi g1 c2010 a4 t2014;
 INPUT ---       rlabel(6)=Phi g1 c2010 a5 t2015;
 INPUT ---       rlabel(7)=Phi g1 c2010 a6 t2016;
 INPUT ---       rlabel(8)=Phi g1 c2010 a7 t2017;
 INPUT ---       rlabel(9)=Phi g1 c2010 a8 t2018;
 INPUT ---       rlabel(10)=Phi g1 c2010 a9 t2019;
 INPUT ---       rlabel(11)=Phi g1 c2010 a10 t2020;
 INPUT ---       rlabel(12)=Phi g1 c2010 a11 t2021;
 INPUT ---       rlabel(13)=Phi g1 c2010 a12 t2022;
 INPUT ---       rlabel(14)=Phi g1 c2010 a13 t2023;
 INPUT ---       rlabel(15)=p g1 c2010 a1 t2011;
   Model is { model4 }

 Link Function Used is LOGIT        

 Variance Estimation Procedure Used is 2ndPart 
 -2logL(saturated) = 199.66386     
 Effective Sample Size = 237

 Number of function evaluations was 20 for 4 parameters.
 For numerical optimization, CPU Time was 0.078 secs and System Time was 0.031 secs.
 -2logL { model4 } = 333.53667     
 Penalty { model4 } = 0.0000000     
 Gradient { model4 }:
  5.42694E-05 -4.65593E-05  5.33898E-05  1.06628E-04
 Maximum ABS(G) { model4 } =  1.06628E-04
 To compute VC matrix, CPU Time was 0.001 secs and System Time was 0.001 secs.
 S Vector { model4 }:
   94.57606      13.69373     0.4011671E-02 0.1319580E-02
 To invert VC matrix, CPU Time was 0.001 secs and System Time was 0.001 secs.
 Ratio Threshold = 50.00 Max Gap (2/3) = 3413. Next Max Gap (1/2) = 6.907
 Gap Method for Num. of Estimated Parameters { model4 } = 2          
 Threshold { model4 } = 0.2132551E-03           
 Numerical Threshold Method for Num. of Estimated Parameters { model4 } = 4          
 Number of Estimated Parameters { model4 } = 4          

Program  MARK  - Survival Rate Estimation with Capture-Recapture Data
 gfortran(dble/PIM2) Vers. 11.1 Nov 2024  16-Sep-2025 05:41:36    Page  004
 - - - - - - - - - - - - - - - - - - - - - - - - - - - - - - - - - - - - - -
 

   * *  WARNING  * *   Number of parameters estimated from gap method (=2) and threshold method (=4) differ.  Inspect full output. 
 Ratios of S Vector { model4 }:
   1/2    6.906523       2/3    3413.472       3/4    3.040113    
 DEVIANCE { model4 } = 133.87281               
 DEVIANCE Degrees of Freedom { model4 } = 11          
 c-hat { model4 } = 12.170256               
 AIC { model4 } = 341.53667               
 AICc { model4 } = 341.70908               
 BIC { model4 } = 355.40891               
 Pearson Chisquare { model4 } = 817.75037               
 Possible Encounter Histories { model4 } = 4062          
 Pearson Chisquare df { model4 } = 4048          
 Pearson chat { model4 } = 0.2020134               
 Sum(Observed/Expected) { model4 } = 754.91623               
 s-bar { model4 } = -0.8161609              
 Fletcher chat { model4 } = 1.0988597               


                       LOGIT Link Function Parameters of { model4 }
                                                              95% Confidence Interval
    Parameter                  Beta         Standard Error     Lower           Upper
 -------------------------  --------------  --------------  --------------  --------------
    1:Phi:(Intercept)        278.83207       15.789647       247.88436       309.77978    
    2:Phi:time              -0.3561904E-03   0.0111105      -0.0221328       0.0214204    
    3:Phi:I(time^2)         -0.6808877E-04   0.3883555E-05  -0.7570054E-04  -0.6047700E-04
    4:p:(Intercept)         -2.1840562       0.2420470      -2.6584684      -1.7096441    


                          Real Function Parameters of { model4 }
                                                               95% Confidence Interval
     Parameter                Estimate       Standard Error     Lower           Upper
 --------------------------  --------------  --------------  --------------  --------------
     1:Phi g1 c2010 a0 t201   0.9539413       0.0127000       0.9215902       0.9733309       
     2:Phi g1 c2010 a1 t201   0.9402819       0.0160434       0.8999388       0.9649920       
     3:Phi g1 c2010 a2 t201   0.9228893       0.0201231       0.8730326       0.9541957       
     4:Phi g1 c2010 a3 t201   0.9009526       0.0250061       0.8400528       0.9403123       
     5:Phi g1 c2010 a4 t201   0.8736147       0.0307040       0.8003137       0.9226102       
     6:Phi g1 c2010 a5 t201   0.8400524       0.0371345       0.7534186       0.9002771       
     7:Phi g1 c2010 a6 t201   0.7996000       0.0440802       0.6994379       0.8724692       
     8:Phi g1 c2010 a7 t201   0.7519124       0.0511572       0.6390685       0.8383974       
     9:Phi g1 c2010 a8 t201   0.6971459       0.0578162       0.5737145       0.7974552       
    10:Phi g1 c2010 a9 t201   0.6361084       0.0633954       0.5054286       0.7493804       
    11:Phi g1 c2010 a10 t20   0.5703174       0.0672335       0.4366916       0.6944258       
    12:Phi g1 c2010 a11 t20   0.5019108       0.0688208       0.3700692       0.6334872       
    13:Phi g1 c2010 a12 t20   0.4333992       0.0679362       0.3078400       0.5681348       
    14:Phi g1 c2010 a13 t20   0.3673108       0.0647107       0.2517050       0.5004993       

Program  MARK  - Survival Rate Estimation with Capture-Recapture Data
 gfortran(dble/PIM2) Vers. 11.1 Nov 2024  16-Sep-2025 05:41:36    Page  005
 - - - - - - - - - - - - - - - - - - - - - - - - - - - - - - - - - - - - - -
 
    15:p g1 c2010 a1 t2011    0.1011914       0.0220146       0.0654690       0.1532099       

 To compute parameter estimates, CPU Time was 0.001 secs and System Time was 0.001 secs.

 Attempted ordering of parameters by estimatibility:
  1 4 3 2
 Beta number 2 is a singular value.

 For procedure estimate CPU Time was 0.078 secs and System Time was 0.250 secs.
 INPUT --- proc stop;

 For this job, CPU Time in mins was 0.002 and System Time in mins was 0.005.

     Time Start = 05:41:36.649   Time End = 05:41:36.945

 Wall Clock Time in mins for this job was 0.004.

 Maximum of 19 words used.


          E X E C U T I O N   S U C C E S S F U L
