
 Program  MARK  - Survival Rate Estimation with Capture-Recapture Data
 gfortran(dble/PIM2) Vers. 11.1 Nov 2024  16-Sep-2025 05:41:30    Page  001
  
 - - - - - - - - - - - - - - - - - - - - - - - - - - - - - - - - - - - - - -
 
 Welcome to MARK localuser on machine DEP79421 in subdirectory 
 "C:\Users\localuser\Desktop\GitHub\LHI_SBSH_CMR_adult_survival" running file "data/rmark_outputs/reference_models/reference_model_1.inp".
 This version was compiled by GCC version 14.2.0 using the options: 
  -cpp -iprefix C:/tdm-gcc-64/mingw64-14-2/bin/../lib/gcc/
  x86_64-w64-mingw32/14.2.0/ -D_MT -D_REENTRANT -U_REENTRANT -D
  dbleprecision -m64 -march=x86-64 -mtune=generic -mthreads -O3 -std=f2023
  -fimplicit-none -ffpe-summary=invalid,zero,overflow,underflow
  -funroll-loops -fno-unsafe-math-optimizations -frounding-math
  -fsignaling-nans -fall-intrinsics -fopenmp

 This problem will use 19 of 20 possible threads.
 Static thread allocation is used.
 INPUT --- proc title ;

 For procedure title CPU Time was 0.001 secs and System Time was 0.001 secs.
 INPUT --- proc chmatrix occasions= 15 groups= 1 etype= Live Nodes= 
 INPUT --- 101 ICMeans NoHist hist= 26  ;
 INPUT ---    time interval 1 1 1 1 1 1 1 1 1 1 1 1 1 1 ;
 INPUT ---    glabel(1)=Group 1;

      Number of unique encounter histories read was 26.

      Number of individual covariates read was 0.
      Time interval lengths are all equal to 1.

      Data type number is 1
      Data type is Live Recaptures (CJS)

 For procedure chmatrix CPU Time was 0.001 secs and System Time was 0.001 secs.

Program  MARK  - Survival Rate Estimation with Capture-Recapture Data
 gfortran(dble/PIM2) Vers. 11.1 Nov 2024  16-Sep-2025 05:41:30    Page  002
 - - - - - - - - - - - - - - - - - - - - - - - - - - - - - - - - - - - - - -
 


 INPUT --- proc estimate link=Logit NOLOOP varest=2ndPart    ;
 INPUT --- model={ model1 };
 INPUT ---    group=1 Phi    rows=14 cols=14 Triang ;
 INPUT ---        1 2 3 4 5 6 7 8 9 10 11 12 13 14 ;
 INPUT ---        2 3 4 5 6 7 8 9 10 11 12 13 14 ;
 INPUT ---        3 4 5 6 7 8 9 10 11 12 13 14 ;
 INPUT ---        4 5 6 7 8 9 10 11 12 13 14 ;
 INPUT ---        5 6 7 8 9 10 11 12 13 14 ;
 INPUT ---        6 7 8 9 10 11 12 13 14 ;
 INPUT ---        7 8 9 10 11 12 13 14 ;
 INPUT ---        8 9 10 11 12 13 14 ;
 INPUT ---        9 10 11 12 13 14 ;
 INPUT ---        10 11 12 13 14 ;
 INPUT ---        11 12 13 14 ;
 INPUT ---        12 13 14 ;
 INPUT ---        13 14 ;
 INPUT ---        14 ;
 INPUT ---    group=1 p    rows=14 cols=14 Triang ;
 INPUT ---        15 15 15 15 15 15 15 15 15 15 15 15 15 15 ;
 INPUT ---        15 15 15 15 15 15 15 15 15 15 15 15 15 ;
 INPUT ---        15 15 15 15 15 15 15 15 15 15 15 15 ;
 INPUT ---        15 15 15 15 15 15 15 15 15 15 15 ;
 INPUT ---        15 15 15 15 15 15 15 15 15 15 ;
 INPUT ---        15 15 15 15 15 15 15 15 15 ;
 INPUT ---        15 15 15 15 15 15 15 15 ;
 INPUT ---        15 15 15 15 15 15 15 ;
 INPUT ---        15 15 15 15 15 15 ;
 INPUT ---        15 15 15 15 15 ;
 INPUT ---        15 15 15 15 ;
 INPUT ---        15 15 15 ;
 INPUT ---        15 15 ;
 INPUT ---        15 ;
 INPUT ---    design matrix constraints=15 covariates=15;
 INPUT ---        1 0 0 0 0 0 0 0 0 0 0 0 0 0 0;
 INPUT ---        1 1 0 0 0 0 0 0 0 0 0 0 0 0 0;
 INPUT ---        1 0 1 0 0 0 0 0 0 0 0 0 0 0 0;
 INPUT ---        1 0 0 1 0 0 0 0 0 0 0 0 0 0 0;
 INPUT ---        1 0 0 0 1 0 0 0 0 0 0 0 0 0 0;
 INPUT ---        1 0 0 0 0 1 0 0 0 0 0 0 0 0 0;
 INPUT ---        1 0 0 0 0 0 1 0 0 0 0 0 0 0 0;
 INPUT ---        1 0 0 0 0 0 0 1 0 0 0 0 0 0 0;
 INPUT ---        1 0 0 0 0 0 0 0 1 0 0 0 0 0 0;
 INPUT ---        1 0 0 0 0 0 0 0 0 1 0 0 0 0 0;
 INPUT ---        1 0 0 0 0 0 0 0 0 0 1 0 0 0 0;

Program  MARK  - Survival Rate Estimation with Capture-Recapture Data
 gfortran(dble/PIM2) Vers. 11.1 Nov 2024  16-Sep-2025 05:41:30    Page  003
 - - - - - - - - - - - - - - - - - - - - - - - - - - - - - - - - - - - - - -
 
 INPUT ---        1 0 0 0 0 0 0 0 0 0 0 1 0 0 0;
 INPUT ---        1 0 0 0 0 0 0 0 0 0 0 0 1 0 0;
 INPUT ---        1 0 0 0 0 0 0 0 0 0 0 0 0 1 0;
 INPUT ---        0 0 0 0 0 0 0 0 0 0 0 0 0 0 1;
 INPUT ---       blabel(1)=Phi:(Intercept);
 INPUT ---       blabel(2)=Phi:factor(time)2011;
 INPUT ---       blabel(3)=Phi:factor(time)2012;
 INPUT ---       blabel(4)=Phi:factor(time)2013;
 INPUT ---       blabel(5)=Phi:factor(time)2014;
 INPUT ---       blabel(6)=Phi:factor(time)2015;
 INPUT ---       blabel(7)=Phi:factor(time)2016;
 INPUT ---       blabel(8)=Phi:factor(time)2017;
 INPUT ---       blabel(9)=Phi:factor(time)2018;
 INPUT ---       blabel(10)=Phi:factor(time)2019;
 INPUT ---       blabel(11)=Phi:factor(time)2020;
 INPUT ---       blabel(12)=Phi:factor(time)2021;
 INPUT ---       blabel(13)=Phi:factor(time)2022;
 INPUT ---       blabel(14)=Phi:factor(time)2023;
 INPUT ---       blabel(15)=p:(Intercept);
 INPUT ---       rlabel(1)=Phi g1 c2010 a0 t2010;
 INPUT ---       rlabel(2)=Phi g1 c2010 a1 t2011;
 INPUT ---       rlabel(3)=Phi g1 c2010 a2 t2012;
 INPUT ---       rlabel(4)=Phi g1 c2010 a3 t2013;
 INPUT ---       rlabel(5)=Phi g1 c2010 a4 t2014;
 INPUT ---       rlabel(6)=Phi g1 c2010 a5 t2015;
 INPUT ---       rlabel(7)=Phi g1 c2010 a6 t2016;
 INPUT ---       rlabel(8)=Phi g1 c2010 a7 t2017;
 INPUT ---       rlabel(9)=Phi g1 c2010 a8 t2018;
 INPUT ---       rlabel(10)=Phi g1 c2010 a9 t2019;
 INPUT ---       rlabel(11)=Phi g1 c2010 a10 t2020;
 INPUT ---       rlabel(12)=Phi g1 c2010 a11 t2021;
 INPUT ---       rlabel(13)=Phi g1 c2010 a12 t2022;
 INPUT ---       rlabel(14)=Phi g1 c2010 a13 t2023;
 INPUT ---       rlabel(15)=p g1 c2010 a1 t2011;
   Model is { model1 }

 Link Function Used is LOGIT        

 Variance Estimation Procedure Used is 2ndPart 
 -2logL(saturated) = 199.66386     
 Effective Sample Size = 237

 Number of function evaluations was 76 for 15 parameters.
 For numerical optimization, CPU Time was 0.281 secs and System Time was 0.250 secs.
 -2logL { model1 } = 305.76751     
 Penalty { model1 } = 0.0000000     

Program  MARK  - Survival Rate Estimation with Capture-Recapture Data
 gfortran(dble/PIM2) Vers. 11.1 Nov 2024  16-Sep-2025 05:41:31    Page  004
 - - - - - - - - - - - - - - - - - - - - - - - - - - - - - - - - - - - - - -
 
 Gradient { model1 }:
 -7.49383E-05   0.0000       0.0000       0.0000     -2.25116E-07
 -6.07092E-05 -3.62472E-06 -1.39105E-05  1.10541E-04   0.0000    
 -6.89104E-06 -1.21702E-04  1.91582E-05   0.0000     -3.10903E-04
 Maximum ABS(G) { model1 } =  3.10903E-04
 To compute VC matrix, CPU Time was 0.219 secs and System Time was 0.078 secs.
 S Vector { model1 }:
   43.20164      12.05148      3.547470      1.367477      1.012965    
  0.2451260     0.3542932E-01 0.1633413E-02 0.5254404E-06 0.5254404E-06
  0.2446116E-06 0.1008632E-06 0.2336622E-07 0.5444356E-09 0.4143844E-09
 To invert VC matrix, CPU Time was 0.001 secs and System Time was 0.001 secs.
 Ratio Threshold = 50.00 Max Gap (8/9) = 3109. Next Max Gap (13/14) = 42.92
 Gap Method for Num. of Estimated Parameters { model1 } = 8          
 Threshold { model1 } = 0.6218059E-03           
 Numerical Threshold Method for Num. of Estimated Parameters { model1 } = 8          
 Number of Estimated Parameters { model1 } = 8          
 DEVIANCE { model1 } = 106.10365               
 DEVIANCE Degrees of Freedom { model1 } = 7          
 c-hat { model1 } = 15.157665               
 AIC { model1 } = 321.76751               
 AICc { model1 } = 322.39909               
 BIC { model1 } = 349.51199               
 Pearson Chisquare { model1 } = 635.03904               
 Possible Encounter Histories { model1 } = 4062          
 Pearson Chisquare df { model1 } = 4044          
 Pearson chat { model1 } = 0.1570324               
 Sum(Observed/Expected) { model1 } = 619.72600               
 s-bar { model1 } = -0.8495247              
 Fletcher chat { model1 } = 1.0435758               


                       LOGIT Link Function Parameters of { model1 }
                                                              95% Confidence Interval
    Parameter                  Beta         Standard Error     Lower           Upper
 -------------------------  --------------  --------------  --------------  --------------
    1:Phi:(Intercept)        2.9196480       592.46388      -1158.3096       1164.1489    
    2:Phi:factor(time)2011  -0.1000000       1379.5526      -2704.0232       2703.8232    
    3:Phi:factor(time)2012  -0.1000000       1379.5526      -2704.0232       2703.8232    
    4:Phi:factor(time)2013   16.380363       6025.7361      -11794.063       11826.823    
    5:Phi:factor(time)2014   15.945498       3034.4038      -5931.4861       5963.3771    
    6:Phi:factor(time)2015  -3.9640124       592.46477      -1165.1950       1157.2670    
    7:Phi:factor(time)2016   1.1048235       592.97872      -1161.1335       1163.3431    

Program  MARK  - Survival Rate Estimation with Capture-Recapture Data
 gfortran(dble/PIM2) Vers. 11.1 Nov 2024  16-Sep-2025 05:41:31    Page  005
 - - - - - - - - - - - - - - - - - - - - - - - - - - - - - - - - - - - - - -
 
    8:Phi:factor(time)2017  -2.5650202       592.46583      -1163.7981       1158.6680    
    9:Phi:factor(time)2018  -2.7615089       592.46394      -1163.9909       1158.4678    
   10:Phi:factor(time)2019   23.054992       0.0000000       23.054992       23.054992    
   11:Phi:factor(time)2020  -1.7678673       592.46656      -1163.0023       1159.4666    
   12:Phi:factor(time)2021  -4.1091577       592.46665      -1165.3438       1157.1255    
   13:Phi:factor(time)2022  -0.7920391       592.46154      -1162.0167       1160.4326    
   14:Phi:factor(time)2023  -38.169922       49124.517      -96322.225       96245.885    
   15:p:(Intercept)         -1.8220393       0.2278237      -2.2685737      -1.3755049    


                          Real Function Parameters of { model1 }
                                                               95% Confidence Interval
     Parameter                Estimate       Standard Error     Lower           Upper
 --------------------------  --------------  --------------  --------------  --------------
     1:Phi g1 c2010 a0 t201   0.9488092       28.776148      0.1031030E-306   1.0000000       
     2:Phi g1 c2010 a1 t201   0.9437284       79.731634      0.9329148E-307   1.0000000       
     3:Phi g1 c2010 a2 t201   0.9437284       79.731634      0.9329148E-307   1.0000000       
     4:Phi g1 c2010 a3 t201   1.0000000       0.2555627E-04   0.9999499       1.0000501       
     5:Phi g1 c2010 a4 t201   1.0000000       0.1908033E-04   0.9999626       1.0000374       
     6:Phi g1 c2010 a5 t201   0.2603087       0.1139664       0.0993507       0.5289004       
     7:Phi g1 c2010 a6 t201   0.9824410       0.4546384       0.2061518E-20   1.0000000       
     8:Phi g1 c2010 a7 t201   0.5877394       0.2482637       0.1606232       0.9139506       
     9:Phi g1 c2010 a8 t201   0.5394526       0.1818710       0.2181188       0.8310295       
    10:Phi g1 c2010 a9 t201   1.0000000       0.0000000       1.0000000       1.0000000       
    11:Phi g1 c2010 a10 t20   0.7598360       0.3660946       0.0583984       0.9938422       
    12:Phi g1 c2010 a11 t20   0.2333466       0.1934018       0.0352829       0.7169571       
    13:Phi g1 c2010 a12 t20   0.8935578       0.5412658       0.1201825E-03   0.9999983       
    14:Phi g1 c2010 a13 t20   0.4909085E-15   0.2411740E-10  -0.4726961E-10   0.4727059E-10   
    15:p g1 c2010 a1 t2011    0.1391894       0.0272968       0.0937593       0.2017319       

 To compute parameter estimates, CPU Time was 0.016 secs and System Time was 0.001 secs.

 Attempted ordering of parameters by estimatibility:
  15  1  6  9  8 11 12 13  7  3  2  5  4 10 14
 Beta number 14 is a singular value.

 For procedure estimate CPU Time was 0.516 secs and System Time was 1.297 secs.

Program  MARK  - Survival Rate Estimation with Capture-Recapture Data
 gfortran(dble/PIM2) Vers. 11.1 Nov 2024  16-Sep-2025 05:41:31    Page  006
 - - - - - - - - - - - - - - - - - - - - - - - - - - - - - - - - - - - - - -
 


 INPUT --- proc stop;

 For this job, CPU Time in mins was 0.009 and System Time in mins was 0.022.

     Time Start = 05:41:30.261   Time End = 05:41:31.604

 Wall Clock Time in mins for this job was 0.022.

 Maximum of 19 words used.


          E X E C U T I O N   S U C C E S S F U L
