
 Program  MARK  - Survival Rate Estimation with Capture-Recapture Data
 gfortran(dble/PIM2) Vers. 11.1 Nov 2024  16-Sep-2025 05:41:39    Page  001
  
 - - - - - - - - - - - - - - - - - - - - - - - - - - - - - - - - - - - - - -
 
 Welcome to MARK localuser on machine DEP79421 in subdirectory 
 "C:\Users\localuser\Desktop\GitHub\LHI_SBSH_CMR_adult_survival" running file "data/rmark_outputs/reference_models/reference_model_5.inp".
 This version was compiled by GCC version 14.2.0 using the options: 
  -cpp -iprefix C:/tdm-gcc-64/mingw64-14-2/bin/../lib/gcc/
  x86_64-w64-mingw32/14.2.0/ -D_MT -D_REENTRANT -U_REENTRANT -D
  dbleprecision -m64 -march=x86-64 -mtune=generic -mthreads -O3 -std=f2023
  -fimplicit-none -ffpe-summary=invalid,zero,overflow,underflow
  -funroll-loops -fno-unsafe-math-optimizations -frounding-math
  -fsignaling-nans -fall-intrinsics -fopenmp

 This problem will use 19 of 20 possible threads.
 Static thread allocation is used.
 INPUT --- proc title ;

 For procedure title CPU Time was 0.001 secs and System Time was 0.001 secs.
 INPUT --- proc chmatrix occasions= 15 groups= 1 etype= Live Nodes= 
 INPUT --- 101 ICMeans NoHist hist= 26  ;
 INPUT ---    time interval 1 1 1 1 1 1 1 1 1 1 1 1 1 1 ;
 INPUT ---    glabel(1)=Group 1;

      Number of unique encounter histories read was 26.

      Number of individual covariates read was 0.
      Time interval lengths are all equal to 1.

      Data type number is 1
      Data type is Live Recaptures (CJS)

 For procedure chmatrix CPU Time was 0.001 secs and System Time was 0.001 secs.

Program  MARK  - Survival Rate Estimation with Capture-Recapture Data
 gfortran(dble/PIM2) Vers. 11.1 Nov 2024  16-Sep-2025 05:41:39    Page  002
 - - - - - - - - - - - - - - - - - - - - - - - - - - - - - - - - - - - - - -
 


 INPUT --- proc estimate link=Logit NOLOOP varest=2ndPart    ;
 INPUT --- model={ model5 };
 INPUT ---    group=1 Phi    rows=14 cols=14 Triang ;
 INPUT ---        1 2 3 4 5 6 7 8 9 10 11 12 13 14 ;
 INPUT ---        2 3 4 5 6 7 8 9 10 11 12 13 14 ;
 INPUT ---        3 4 5 6 7 8 9 10 11 12 13 14 ;
 INPUT ---        4 5 6 7 8 9 10 11 12 13 14 ;
 INPUT ---        5 6 7 8 9 10 11 12 13 14 ;
 INPUT ---        6 7 8 9 10 11 12 13 14 ;
 INPUT ---        7 8 9 10 11 12 13 14 ;
 INPUT ---        8 9 10 11 12 13 14 ;
 INPUT ---        9 10 11 12 13 14 ;
 INPUT ---        10 11 12 13 14 ;
 INPUT ---        11 12 13 14 ;
 INPUT ---        12 13 14 ;
 INPUT ---        13 14 ;
 INPUT ---        14 ;
 INPUT ---    group=1 p    rows=14 cols=14 Triang ;
 INPUT ---        15 16 17 18 19 20 21 22 23 24 25 26 27 28 ;
 INPUT ---        16 17 18 19 20 21 22 23 24 25 26 27 28 ;
 INPUT ---        17 18 19 20 21 22 23 24 25 26 27 28 ;
 INPUT ---        18 19 20 21 22 23 24 25 26 27 28 ;
 INPUT ---        19 20 21 22 23 24 25 26 27 28 ;
 INPUT ---        20 21 22 23 24 25 26 27 28 ;
 INPUT ---        21 22 23 24 25 26 27 28 ;
 INPUT ---        22 23 24 25 26 27 28 ;
 INPUT ---        23 24 25 26 27 28 ;
 INPUT ---        24 25 26 27 28 ;
 INPUT ---        25 26 27 28 ;
 INPUT ---        26 27 28 ;
 INPUT ---        27 28 ;
 INPUT ---        28 ;
 INPUT ---    design matrix constraints=28 covariates=28;
 INPUT ---        1 0 0 0 0 0 0 0 0 0 0 0 0 0 0 0 0 0 0 0 0 0 0 0 0 0 0 0;
 INPUT ---        1 1 0 0 0 0 0 0 0 0 0 0 0 0 0 0 0 0 0 0 0 0 0 0 0 0 0 0;
 INPUT ---        1 0 1 0 0 0 0 0 0 0 0 0 0 0 0 0 0 0 0 0 0 0 0 0 0 0 0 0;
 INPUT ---        1 0 0 1 0 0 0 0 0 0 0 0 0 0 0 0 0 0 0 0 0 0 0 0 0 0 0 0;
 INPUT ---        1 0 0 0 1 0 0 0 0 0 0 0 0 0 0 0 0 0 0 0 0 0 0 0 0 0 0 0;
 INPUT ---        1 0 0 0 0 1 0 0 0 0 0 0 0 0 0 0 0 0 0 0 0 0 0 0 0 0 0 0;
 INPUT ---        1 0 0 0 0 0 1 0 0 0 0 0 0 0 0 0 0 0 0 0 0 0 0 0 0 0 0 0;
 INPUT ---        1 0 0 0 0 0 0 1 0 0 0 0 0 0 0 0 0 0 0 0 0 0 0 0 0 0 0 0;
 INPUT ---        1 0 0 0 0 0 0 0 1 0 0 0 0 0 0 0 0 0 0 0 0 0 0 0 0 0 0 0;
 INPUT ---        1 0 0 0 0 0 0 0 0 1 0 0 0 0 0 0 0 0 0 0 0 0 0 0 0 0 0 0;
 INPUT ---        1 0 0 0 0 0 0 0 0 0 1 0 0 0 0 0 0 0 0 0 0 0 0 0 0 0 0 0;

Program  MARK  - Survival Rate Estimation with Capture-Recapture Data
 gfortran(dble/PIM2) Vers. 11.1 Nov 2024  16-Sep-2025 05:41:39    Page  003
 - - - - - - - - - - - - - - - - - - - - - - - - - - - - - - - - - - - - - -
 
 INPUT ---        1 0 0 0 0 0 0 0 0 0 0 1 0 0 0 0 0 0 0 0 0 0 0 0 0 0 0 0;
 INPUT ---        1 0 0 0 0 0 0 0 0 0 0 0 1 0 0 0 0 0 0 0 0 0 0 0 0 0 0 0;
 INPUT ---        1 0 0 0 0 0 0 0 0 0 0 0 0 1 0 0 0 0 0 0 0 0 0 0 0 0 0 0;
 INPUT ---        0 0 0 0 0 0 0 0 0 0 0 0 0 0 1 0 0 0 0 0 0 0 0 0 0 0 0 0;
 INPUT ---        0 0 0 0 0 0 0 0 0 0 0 0 0 0 1 1 0 0 0 0 0 0 0 0 0 0 0 0;
 INPUT ---        0 0 0 0 0 0 0 0 0 0 0 0 0 0 1 0 1 0 0 0 0 0 0 0 0 0 0 0;
 INPUT ---        0 0 0 0 0 0 0 0 0 0 0 0 0 0 1 0 0 1 0 0 0 0 0 0 0 0 0 0;
 INPUT ---        0 0 0 0 0 0 0 0 0 0 0 0 0 0 1 0 0 0 1 0 0 0 0 0 0 0 0 0;
 INPUT ---        0 0 0 0 0 0 0 0 0 0 0 0 0 0 1 0 0 0 0 1 0 0 0 0 0 0 0 0;
 INPUT ---        0 0 0 0 0 0 0 0 0 0 0 0 0 0 1 0 0 0 0 0 1 0 0 0 0 0 0 0;
 INPUT ---        0 0 0 0 0 0 0 0 0 0 0 0 0 0 1 0 0 0 0 0 0 1 0 0 0 0 0 0;
 INPUT ---        0 0 0 0 0 0 0 0 0 0 0 0 0 0 1 0 0 0 0 0 0 0 1 0 0 0 0 0;
 INPUT ---        0 0 0 0 0 0 0 0 0 0 0 0 0 0 1 0 0 0 0 0 0 0 0 1 0 0 0 0;
 INPUT ---        0 0 0 0 0 0 0 0 0 0 0 0 0 0 1 0 0 0 0 0 0 0 0 0 1 0 0 0;
 INPUT ---        0 0 0 0 0 0 0 0 0 0 0 0 0 0 1 0 0 0 0 0 0 0 0 0 0 1 0 0;
 INPUT ---        0 0 0 0 0 0 0 0 0 0 0 0 0 0 1 0 0 0 0 0 0 0 0 0 0 0 1 0;
 INPUT ---        0 0 0 0 0 0 0 0 0 0 0 0 0 0 1 0 0 0 0 0 0 0 0 0 0 0 0 1;
 INPUT ---       blabel(1)=Phi:(Intercept);
 INPUT ---       blabel(2)=Phi:factor(time)2011;
 INPUT ---       blabel(3)=Phi:factor(time)2012;
 INPUT ---       blabel(4)=Phi:factor(time)2013;
 INPUT ---       blabel(5)=Phi:factor(time)2014;
 INPUT ---       blabel(6)=Phi:factor(time)2015;
 INPUT ---       blabel(7)=Phi:factor(time)2016;
 INPUT ---       blabel(8)=Phi:factor(time)2017;
 INPUT ---       blabel(9)=Phi:factor(time)2018;
 INPUT ---       blabel(10)=Phi:factor(time)2019;
 INPUT ---       blabel(11)=Phi:factor(time)2020;
 INPUT ---       blabel(12)=Phi:factor(time)2021;
 INPUT ---       blabel(13)=Phi:factor(time)2022;
 INPUT ---       blabel(14)=Phi:factor(time)2023;
 INPUT ---       blabel(15)=p:(Intercept);
 INPUT ---       blabel(16)=p:factor(time)2012;
 INPUT ---       blabel(17)=p:factor(time)2013;
 INPUT ---       blabel(18)=p:factor(time)2014;
 INPUT ---       blabel(19)=p:factor(time)2015;
 INPUT ---       blabel(20)=p:factor(time)2016;
 INPUT ---       blabel(21)=p:factor(time)2017;
 INPUT ---       blabel(22)=p:factor(time)2018;
 INPUT ---       blabel(23)=p:factor(time)2019;
 INPUT ---       blabel(24)=p:factor(time)2020;
 INPUT ---       blabel(25)=p:factor(time)2021;
 INPUT ---       blabel(26)=p:factor(time)2022;
 INPUT ---       blabel(27)=p:factor(time)2023;
 INPUT ---       blabel(28)=p:factor(time)2024;
 INPUT ---       rlabel(1)=Phi g1 c2010 a0 t2010;

Program  MARK  - Survival Rate Estimation with Capture-Recapture Data
 gfortran(dble/PIM2) Vers. 11.1 Nov 2024  16-Sep-2025 05:41:39    Page  004
 - - - - - - - - - - - - - - - - - - - - - - - - - - - - - - - - - - - - - -
 
 INPUT ---       rlabel(2)=Phi g1 c2010 a1 t2011;
 INPUT ---       rlabel(3)=Phi g1 c2010 a2 t2012;
 INPUT ---       rlabel(4)=Phi g1 c2010 a3 t2013;
 INPUT ---       rlabel(5)=Phi g1 c2010 a4 t2014;
 INPUT ---       rlabel(6)=Phi g1 c2010 a5 t2015;
 INPUT ---       rlabel(7)=Phi g1 c2010 a6 t2016;
 INPUT ---       rlabel(8)=Phi g1 c2010 a7 t2017;
 INPUT ---       rlabel(9)=Phi g1 c2010 a8 t2018;
 INPUT ---       rlabel(10)=Phi g1 c2010 a9 t2019;
 INPUT ---       rlabel(11)=Phi g1 c2010 a10 t2020;
 INPUT ---       rlabel(12)=Phi g1 c2010 a11 t2021;
 INPUT ---       rlabel(13)=Phi g1 c2010 a12 t2022;
 INPUT ---       rlabel(14)=Phi g1 c2010 a13 t2023;
 INPUT ---       rlabel(15)=p g1 c2010 a1 t2011;
 INPUT ---       rlabel(16)=p g1 c2010 a2 t2012;
 INPUT ---       rlabel(17)=p g1 c2010 a3 t2013;
 INPUT ---       rlabel(18)=p g1 c2010 a4 t2014;
 INPUT ---       rlabel(19)=p g1 c2010 a5 t2015;
 INPUT ---       rlabel(20)=p g1 c2010 a6 t2016;
 INPUT ---       rlabel(21)=p g1 c2010 a7 t2017;
 INPUT ---       rlabel(22)=p g1 c2010 a8 t2018;
 INPUT ---       rlabel(23)=p g1 c2010 a9 t2019;
 INPUT ---       rlabel(24)=p g1 c2010 a10 t2020;
 INPUT ---       rlabel(25)=p g1 c2010 a11 t2021;
 INPUT ---       rlabel(26)=p g1 c2010 a12 t2022;
 INPUT ---       rlabel(27)=p g1 c2010 a13 t2023;
 INPUT ---       rlabel(28)=p g1 c2010 a14 t2024;
   Model is { model5 }

 Link Function Used is LOGIT        

 Variance Estimation Procedure Used is 2ndPart 
 -2logL(saturated) = 199.66386     
 Effective Sample Size = 237

 Number of function evaluations was 75 for 28 parameters.
 For numerical optimization, CPU Time was 0.812 secs and System Time was 0.453 secs.
 -2logL { model5 } = 238.08306     
 Penalty { model5 } = 0.0000000     
 Gradient { model5 }:
 -1.09260E-03   0.0000       0.0000     -1.74949E-05 -2.65438E-06
   0.0000     -1.42193E-04 -1.65348E-04 -5.69958E-04 -1.66202E-04
   0.0000     -3.09131E-05   0.0000       0.0000     -5.45030E-04
   0.0000       0.0000       0.0000      1.62022E-04   0.0000    
 -4.87535E-05 -6.57881E-06   0.0000     -3.65155E-04 -1.79203E-04
   0.0000     -1.07363E-04   0.0000    
 Maximum ABS(G) { model5 } =  1.09260E-03
 To compute VC matrix, CPU Time was 0.406 secs and System Time was 0.469 secs.

Program  MARK  - Survival Rate Estimation with Capture-Recapture Data
 gfortran(dble/PIM2) Vers. 11.1 Nov 2024  16-Sep-2025 05:41:40    Page  005
 - - - - - - - - - - - - - - - - - - - - - - - - - - - - - - - - - - - - - -
 
 S Vector { model5 }:
   44.31773      19.08894      4.681838      3.315477      2.629031    
   1.989524      1.239872     0.4119080     0.2563935     0.7970872E-01
  0.3655298E-01 0.7848474E-04 0.3263933E-05 0.2560922E-05 0.1126573E-05
  0.4597603E-06 0.4597603E-06 0.4597603E-06 0.4597603E-06 0.2213374E-07
  0.1182860E-07 0.6303598E-08 0.5078863E-08 0.1681417E-08 0.1434810E-08
  0.1141072E-08 0.9607023E-09 0.3172091E-09
 To invert VC matrix, CPU Time was 0.001 secs and System Time was 0.001 secs.
 Ratio Threshold = 50.00 Max Gap (11/12) = 465.7 Next Max Gap (12/13) = 24.05
 Gap Method for Num. of Estimated Parameters { model5 } = 11          
 Threshold { model5 } = 0.0021852               
 Numerical Threshold Method for Num. of Estimated Parameters { model5 } = 11          
 Number of Estimated Parameters { model5 } = 11          
 DEVIANCE { model5 } = 38.419202               
 DEVIANCE Degrees of Freedom { model5 } = 4          
 c-hat { model5 } = 9.6048004               
 AIC { model5 } = 260.08306               
 AICc { model5 } = 261.25639               
 BIC { model5 } = 298.23172               
 Pearson Chisquare { model5 } = 60.186139               
 Possible Encounter Histories { model5 } = 4062          
 Pearson Chisquare df { model5 } = 4041          
 Pearson chat { model5 } = 0.0148939               
 Sum(Observed/Expected) { model5 } = 79.388923               
 s-bar { model5 } = -0.9828754              
 Fletcher chat { model5 } = 0.8697350               


                       LOGIT Link Function Parameters of { model5 }
                                                              95% Confidence Interval
    Parameter                  Beta         Standard Error     Lower           Upper
 -------------------------  --------------  --------------  --------------  --------------
    1:Phi:(Intercept)        12.391292       255.30317      -488.00293       512.78552    
    2:Phi:factor(time)2011  -0.1000000       0.0000000      -0.1000000      -0.1000000    
    3:Phi:factor(time)2012  -0.1000000       0.0000000      -0.1000000      -0.1000000    
    4:Phi:factor(time)2013  -10.556457       255.31208      -510.96814       489.85522    
    5:Phi:factor(time)2014   1.1557014       889.57681      -1742.4149       1744.7263    
    6:Phi:factor(time)2015   23.063790       0.0000000       23.063790       23.063790    
    7:Phi:factor(time)2016  -11.394317       255.31914      -511.81984       489.03120    
    8:Phi:factor(time)2017  -11.654321       255.31495      -512.07163       488.76299    
    9:Phi:factor(time)2018  -12.757338       255.37784      -513.29792       487.78324    
   10:Phi:factor(time)2019  -10.820351       285.45264      -570.30754       548.66684    
   11:Phi:factor(time)2020   7.2228166       0.0000000       7.2228166       7.2228166    
   12:Phi:factor(time)2021  -11.154973       255.36584      -511.67203       489.36209    
   13:Phi:factor(time)2022   7.4136840       0.0000000       7.4136840       7.4136840    
   14:Phi:factor(time)2023   40.877967       0.0000000       40.877967       40.877967    

Program  MARK  - Survival Rate Estimation with Capture-Recapture Data
 gfortran(dble/PIM2) Vers. 11.1 Nov 2024  16-Sep-2025 05:41:40    Page  006
 - - - - - - - - - - - - - - - - - - - - - - - - - - - - - - - - - - - - - -
 
   15:p:(Intercept)         -14.516923       209.13356      -424.41871       395.38486    
   16:p:factor(time)2012    -0.1000000       0.0000000      -0.1000000      -0.1000000    
   17:p:factor(time)2013    -0.1000000       0.0000000      -0.1000000      -0.1000000    
   18:p:factor(time)2014    -21.080144       0.0000000      -21.080144      -21.080144    
   19:p:factor(time)2015     14.103705       209.13360      -395.79816       424.00557    
   20:p:factor(time)2016    -19.479237       24383.169      -47810.492       47771.533    
   21:p:factor(time)2017     11.167029       209.13644      -398.74039       421.07445    
   22:p:factor(time)2018     10.596918       209.13686      -399.31134       420.50518    
   23:p:factor(time)2019    -17.843931       0.0000000      -17.843931      -17.843931    
   24:p:factor(time)2020     13.703859       209.13472      -396.20019       423.60791    
   25:p:factor(time)2021     12.368261       209.13445      -397.53527       422.27179    
   26:p:factor(time)2022    -16.886812       0.0000000      -16.886812      -16.886812    
   27:p:factor(time)2023     11.808884       209.13640      -398.09847       421.71624    
   28:p:factor(time)2024    -13.973777       0.0000000      -13.973777      -13.973777    


                          Real Function Parameters of { model5 }
                                                               95% Confidence Interval
     Parameter                Estimate       Standard Error     Lower           Upper
 --------------------------  --------------  --------------  --------------  --------------
     1:Phi g1 c2010 a0 t201   0.9999958       0.0010607      0.1156163E-211   1.0000000       
     2:Phi g1 c2010 a1 t201   0.9999954       0.0000000       0.9999954       0.9999954       
     3:Phi g1 c2010 a2 t201   0.9999954       0.0000000       0.9999954       0.9999954       
     4:Phi g1 c2010 a3 t201   0.8623367       0.2379105       0.1097601       0.9968677       
     5:Phi g1 c2010 a4 t201   0.9999987       0.0011179      0.4252743E-302   1.0000000       
     6:Phi g1 c2010 a5 t201   1.0000000       0.0000000       1.0000000       1.0000000       
     7:Phi g1 c2010 a6 t201   0.7304635       0.5528484       0.0109153       0.9984997       
     8:Phi g1 c2010 a7 t201   0.6763332       0.5348371       0.0170948       0.9960327       
     9:Phi g1 c2010 a8 t201   0.4094968       7.9524142       0.7029451E-28   1.0000000       
    10:Phi g1 c2010 a9 t201   0.8279178       16.071796       0.4548297E-95   1.0000000       
    11:Phi g1 c2010 a10 t20   1.0000000       0.0000000       1.0000000       1.0000000       
    12:Phi g1 c2010 a11 t20   0.7749227       0.9647855       0.6736173E-04   0.9999943       
    13:Phi g1 c2010 a12 t20   1.0000000       0.0000000       1.0000000       1.0000000       
    14:Phi g1 c2010 a13 t20   1.0000000       0.0000000       1.0000000       1.0000000       
    15:p g1 c2010 a1 t2011    0.4958841E-06   0.1037060E-03  0.4756605E-184   1.0000000       
    16:p g1 c2010 a2 t2012    0.4486945E-06   0.0000000       0.4486945E-06   0.4486945E-06   
    17:p g1 c2010 a3 t2013    0.4486945E-06   0.0000000       0.4486945E-06   0.4486945E-06   
    18:p g1 c2010 a4 t2014    0.3470486E-15   0.0000000       0.3470486E-15   0.3470486E-15   
    19:p g1 c2010 a5 t2015    0.3981406       0.0884086       0.2429905       0.5768649       
    20:p g1 c2010 a6 t2016    0.1720503E-14   0.4195411E-10  -0.8222833E-10   0.8223177E-10   
    21:p g1 c2010 a7 t2017    0.0338986       0.0345612       0.0044150       0.2173008       
    22:p g1 c2010 a8 t2018    0.0194550       0.0218760       0.0020918       0.1581083       
    23:p g1 c2010 a9 t2019    0.8827950E-14   0.0000000       0.8827950E-14   0.8827950E-14   
    24:p g1 c2010 a10 t2020   0.3072380       0.1817269       0.0768081       0.7027441       
    25:p g1 c2010 a11 t2021   0.1044563       0.0646933       0.0291945       0.3114863       
    26:p g1 c2010 a12 t2022   0.2298959E-13   0.0000000       0.2298959E-13   0.2298959E-13   
    27:p g1 c2010 a13 t2023   0.0625007       0.0605089       0.0087312       0.3353698       

Program  MARK  - Survival Rate Estimation with Capture-Recapture Data
 gfortran(dble/PIM2) Vers. 11.1 Nov 2024  16-Sep-2025 05:41:40    Page  007
 - - - - - - - - - - - - - - - - - - - - - - - - - - - - - - - - - - - - - -
 
    28:p g1 c2010 a14 t2024   0.4232978E-12   0.0000000       0.4232978E-12   0.4232978E-12   

 To compute parameter estimates, CPU Time was 0.016 secs and System Time was 0.001 secs.

 Attempted ordering of parameters by estimatibility:
  15  1 19 25 27 24 21  9  4  8  7 12 22 10  5 16 17  3  2 11 28 13 23 20 26
  18  6 14
 Beta number 14 is a singular value.

 For procedure estimate CPU Time was 1.234 secs and System Time was 1.032 secs.
 INPUT --- proc stop;

 For this job, CPU Time in mins was 0.021 and System Time in mins was 0.018.

     Time Start = 05:41:39.230   Time End = 05:41:40.290

 Wall Clock Time in mins for this job was 0.017.

 Maximum of 28 words used.


          E X E C U T I O N   S U C C E S S F U L
