
 Program  MARK  - Survival Rate Estimation with Capture-Recapture Data
 gfortran(dble/PIM2) Vers. 11.1 Nov 2024  16-Sep-2025 05:41:32    Page  001
  
 - - - - - - - - - - - - - - - - - - - - - - - - - - - - - - - - - - - - - -
 
 Welcome to MARK localuser on machine DEP79421 in subdirectory 
 "C:\Users\localuser\Desktop\GitHub\LHI_SBSH_CMR_adult_survival" running file "data/rmark_outputs/reference_models/reference_model_2.inp".
 This version was compiled by GCC version 14.2.0 using the options: 
  -cpp -iprefix C:/tdm-gcc-64/mingw64-14-2/bin/../lib/gcc/
  x86_64-w64-mingw32/14.2.0/ -D_MT -D_REENTRANT -U_REENTRANT -D
  dbleprecision -m64 -march=x86-64 -mtune=generic -mthreads -O3 -std=f2023
  -fimplicit-none -ffpe-summary=invalid,zero,overflow,underflow
  -funroll-loops -fno-unsafe-math-optimizations -frounding-math
  -fsignaling-nans -fall-intrinsics -fopenmp

 This problem will use 19 of 20 possible threads.
 Static thread allocation is used.
 INPUT --- proc title ;

 For procedure title CPU Time was 0.001 secs and System Time was 0.001 secs.
 INPUT --- proc chmatrix occasions= 15 groups= 1 etype= Live Nodes= 
 INPUT --- 101 ICMeans NoHist hist= 26  ;
 INPUT ---    time interval 1 1 1 1 1 1 1 1 1 1 1 1 1 1 ;
 INPUT ---    glabel(1)=Group 1;

      Number of unique encounter histories read was 26.

      Number of individual covariates read was 0.
      Time interval lengths are all equal to 1.

      Data type number is 1
      Data type is Live Recaptures (CJS)

 For procedure chmatrix CPU Time was 0.001 secs and System Time was 0.001 secs.

Program  MARK  - Survival Rate Estimation with Capture-Recapture Data
 gfortran(dble/PIM2) Vers. 11.1 Nov 2024  16-Sep-2025 05:41:32    Page  002
 - - - - - - - - - - - - - - - - - - - - - - - - - - - - - - - - - - - - - -
 


 INPUT --- proc estimate link=Logit NOLOOP varest=2ndPart    ;
 INPUT --- model={ model2 };
 INPUT ---    group=1 Phi    rows=14 cols=14 Triang ;
 INPUT ---        1 2 3 4 5 6 7 8 9 10 11 12 13 14 ;
 INPUT ---        2 3 4 5 6 7 8 9 10 11 12 13 14 ;
 INPUT ---        3 4 5 6 7 8 9 10 11 12 13 14 ;
 INPUT ---        4 5 6 7 8 9 10 11 12 13 14 ;
 INPUT ---        5 6 7 8 9 10 11 12 13 14 ;
 INPUT ---        6 7 8 9 10 11 12 13 14 ;
 INPUT ---        7 8 9 10 11 12 13 14 ;
 INPUT ---        8 9 10 11 12 13 14 ;
 INPUT ---        9 10 11 12 13 14 ;
 INPUT ---        10 11 12 13 14 ;
 INPUT ---        11 12 13 14 ;
 INPUT ---        12 13 14 ;
 INPUT ---        13 14 ;
 INPUT ---        14 ;
 INPUT ---    group=1 p    rows=14 cols=14 Triang ;
 INPUT ---        15 15 15 15 15 15 15 15 15 15 15 15 15 15 ;
 INPUT ---        15 15 15 15 15 15 15 15 15 15 15 15 15 ;
 INPUT ---        15 15 15 15 15 15 15 15 15 15 15 15 ;
 INPUT ---        15 15 15 15 15 15 15 15 15 15 15 ;
 INPUT ---        15 15 15 15 15 15 15 15 15 15 ;
 INPUT ---        15 15 15 15 15 15 15 15 15 ;
 INPUT ---        15 15 15 15 15 15 15 15 ;
 INPUT ---        15 15 15 15 15 15 15 ;
 INPUT ---        15 15 15 15 15 15 ;
 INPUT ---        15 15 15 15 15 ;
 INPUT ---        15 15 15 15 ;
 INPUT ---        15 15 15 ;
 INPUT ---        15 15 ;
 INPUT ---        15 ;
 INPUT ---    design matrix constraints=15 covariates=3;
 INPUT ---        1 2010 0;
 INPUT ---        1 2011 0;
 INPUT ---        1 2012 0;
 INPUT ---        1 2013 0;
 INPUT ---        1 2014 0;
 INPUT ---        1 2015 0;
 INPUT ---        1 2016 0;
 INPUT ---        1 2017 0;
 INPUT ---        1 2018 0;
 INPUT ---        1 2019 0;
 INPUT ---        1 2020 0;

Program  MARK  - Survival Rate Estimation with Capture-Recapture Data
 gfortran(dble/PIM2) Vers. 11.1 Nov 2024  16-Sep-2025 05:41:32    Page  003
 - - - - - - - - - - - - - - - - - - - - - - - - - - - - - - - - - - - - - -
 
 INPUT ---        1 2021 0;
 INPUT ---        1 2022 0;
 INPUT ---        1 2023 0;
 INPUT ---        0 0 1;
 INPUT ---       blabel(1)=Phi:(Intercept);
 INPUT ---       blabel(2)=Phi:time;
 INPUT ---       blabel(3)=p:(Intercept);
 INPUT ---       rlabel(1)=Phi g1 c2010 a0 t2010;
 INPUT ---       rlabel(2)=Phi g1 c2010 a1 t2011;
 INPUT ---       rlabel(3)=Phi g1 c2010 a2 t2012;
 INPUT ---       rlabel(4)=Phi g1 c2010 a3 t2013;
 INPUT ---       rlabel(5)=Phi g1 c2010 a4 t2014;
 INPUT ---       rlabel(6)=Phi g1 c2010 a5 t2015;
 INPUT ---       rlabel(7)=Phi g1 c2010 a6 t2016;
 INPUT ---       rlabel(8)=Phi g1 c2010 a7 t2017;
 INPUT ---       rlabel(9)=Phi g1 c2010 a8 t2018;
 INPUT ---       rlabel(10)=Phi g1 c2010 a9 t2019;
 INPUT ---       rlabel(11)=Phi g1 c2010 a10 t2020;
 INPUT ---       rlabel(12)=Phi g1 c2010 a11 t2021;
 INPUT ---       rlabel(13)=Phi g1 c2010 a12 t2022;
 INPUT ---       rlabel(14)=Phi g1 c2010 a13 t2023;
 INPUT ---       rlabel(15)=p g1 c2010 a1 t2011;
   Model is { model2 }

 Link Function Used is LOGIT        

 Variance Estimation Procedure Used is 2ndPart 
 -2logL(saturated) = 199.66386     
 Effective Sample Size = 237

 Number of function evaluations was 30 for 3 parameters.
 For numerical optimization, CPU Time was 0.047 secs and System Time was 0.047 secs.
 -2logL { model2 } = 333.53608     
 Penalty { model2 } = 0.0000000     
 Gradient { model2 }:
  1.56529E-04  1.56104E-04  7.18831E-05
 Maximum ABS(G) { model2 } =  1.56529E-04
 To compute VC matrix, CPU Time was 0.001 secs and System Time was 0.016 secs.
 S Vector { model2 }:
   70.93250      12.19502     0.1578382E-01
 To invert VC matrix, CPU Time was 0.001 secs and System Time was 0.001 secs.
 Ratio Threshold = 50.00 Max Gap (2/3) = 772.6 Next Max Gap (1/2) = 5.817
 Gap Method for Num. of Estimated Parameters { model2 } = 2          
 Threshold { model2 } = 0.3130590E-03           
 Numerical Threshold Method for Num. of Estimated Parameters { model2 } = 3          
 Number of Estimated Parameters { model2 } = 3          

   * *  WARNING  * *   Number of parameters estimated from gap method (=2) and threshold method (=3) differ.  Inspect full output. 

Program  MARK  - Survival Rate Estimation with Capture-Recapture Data
 gfortran(dble/PIM2) Vers. 11.1 Nov 2024  16-Sep-2025 05:41:32    Page  004
 - - - - - - - - - - - - - - - - - - - - - - - - - - - - - - - - - - - - - -
 
 Ratios of S Vector { model2 }:
   1/2    5.816515       2/3    772.6276    
 DEVIANCE { model2 } = 133.87223               
 DEVIANCE Degrees of Freedom { model2 } = 12          
 c-hat { model2 } = 11.156019               
 AIC { model2 } = 339.53608               
 AICc { model2 } = 339.63909               
 BIC { model2 } = 349.94026               
 Pearson Chisquare { model2 } = 817.93623               
 Possible Encounter Histories { model2 } = 4062          
 Pearson Chisquare df { model2 } = 4049          
 Pearson chat { model2 } = 0.2020094               
 Sum(Observed/Expected) { model2 } = 755.11306               
 s-bar { model2 } = -0.8161123              
 Fletcher chat { model2 } = 1.0985477               


                       LOGIT Link Function Parameters of { model2 }
                                                              95% Confidence Interval
    Parameter                  Beta         Standard Error     Lower           Upper
 -------------------------  --------------  --------------  --------------  --------------
    1:Phi:(Intercept)        556.06018       5.6240144       545.03711       567.08325    
    2:Phi:time              -0.2751372       0.0027859      -0.2805976      -0.2696768    
    3:p:(Intercept)         -2.1840855       0.2419217      -2.6582521      -1.7099189    


                          Real Function Parameters of { model2 }
                                                               95% Confidence Interval
     Parameter                Estimate       Standard Error     Lower           Upper
 --------------------------  --------------  --------------  --------------  --------------
     1:Phi g1 c2010 a0 t201   0.9541047       0.0120130       0.9239106       0.9726715       
     2:Phi g1 c2010 a1 t201   0.9404350       0.0153584       0.9021983       0.9643139       
     3:Phi g1 c2010 a2 t201   0.9230223       0.0194710       0.8751216       0.9535250       
     4:Phi g1 c2010 a3 t201   0.9010548       0.0244222       0.8418552       0.9396815       
     5:Phi g1 c2010 a4 t201   0.8736763       0.0302237       0.8017259       0.9220555       
     6:Phi g1 c2010 a5 t201   0.8400668       0.0367861       0.7543744       0.8998330       
     7:Phi g1 c2010 a6 t201   0.7995667       0.0438752       0.6999351       0.8721594       
     8:Phi g1 c2010 a7 t201   0.7518402       0.0510810       0.6391879       0.8382224       
     9:Phi g1 c2010 a8 t201   0.6970552       0.0578211       0.5736206       0.7973784       
    10:Phi g1 c2010 a9 t201   0.6360305       0.0634011       0.5053448       0.7493170       
    11:Phi g1 c2010 a10 t20   0.5702912       0.0671378       0.4368555       0.6942390       
    12:Phi g1 c2010 a11 t20   0.5019756       0.0685200       0.3706795       0.6329998       
    13:Phi g1 c2010 a12 t20   0.4335860       0.0673482       0.3090151       0.5671562       
    14:Phi g1 c2010 a13 t20   0.3676359       0.0637938       0.2534667       0.4988658       
    15:p g1 c2010 a1 t2011    0.1011887       0.0220027       0.0654822       0.1531742       

Program  MARK  - Survival Rate Estimation with Capture-Recapture Data
 gfortran(dble/PIM2) Vers. 11.1 Nov 2024  16-Sep-2025 05:41:32    Page  005
 - - - - - - - - - - - - - - - - - - - - - - - - - - - - - - - - - - - - - -
 

 To compute parameter estimates, CPU Time was 0.001 secs and System Time was 0.001 secs.

 Attempted ordering of parameters by estimatibility:
  3 1 2
 Beta number 2 is a singular value.

 For procedure estimate CPU Time was 0.047 secs and System Time was 0.141 secs.
 INPUT --- proc stop;

 For this job, CPU Time in mins was 0.001 and System Time in mins was 0.003.

     Time Start = 05:41:32.717   Time End = 05:41:32.893

 Wall Clock Time in mins for this job was 0.002.

 Maximum of 19 words used.


          E X E C U T I O N   S U C C E S S F U L
