
 Program  MARK  - Survival Rate Estimation with Capture-Recapture Data
 gfortran(dble/PIM2) Vers. 11.1 Nov 2024  16-Sep-2025 05:41:46    Page  001
  
 - - - - - - - - - - - - - - - - - - - - - - - - - - - - - - - - - - - - - -
 
 Welcome to MARK localuser on machine DEP79421 in subdirectory 
 "C:\Users\localuser\Desktop\GitHub\LHI_SBSH_CMR_adult_survival" running file "data/rmark_outputs/reference_models/reference_model_8.inp".
 This version was compiled by GCC version 14.2.0 using the options: 
  -cpp -iprefix C:/tdm-gcc-64/mingw64-14-2/bin/../lib/gcc/
  x86_64-w64-mingw32/14.2.0/ -D_MT -D_REENTRANT -U_REENTRANT -D
  dbleprecision -m64 -march=x86-64 -mtune=generic -mthreads -O3 -std=f2023
  -fimplicit-none -ffpe-summary=invalid,zero,overflow,underflow
  -funroll-loops -fno-unsafe-math-optimizations -frounding-math
  -fsignaling-nans -fall-intrinsics -fopenmp

 This problem will use 19 of 20 possible threads.
 Static thread allocation is used.
 INPUT --- proc title ;

 For procedure title CPU Time was 0.001 secs and System Time was 0.001 secs.
 INPUT --- proc chmatrix occasions= 15 groups= 1 etype= Live Nodes= 
 INPUT --- 101 ICMeans NoHist hist= 26  ;
 INPUT ---    time interval 1 1 1 1 1 1 1 1 1 1 1 1 1 1 ;
 INPUT ---    glabel(1)=Group 1;

      Number of unique encounter histories read was 26.

      Number of individual covariates read was 0.
      Time interval lengths are all equal to 1.

      Data type number is 1
      Data type is Live Recaptures (CJS)

 For procedure chmatrix CPU Time was 0.001 secs and System Time was 0.001 secs.

Program  MARK  - Survival Rate Estimation with Capture-Recapture Data
 gfortran(dble/PIM2) Vers. 11.1 Nov 2024  16-Sep-2025 05:41:46    Page  002
 - - - - - - - - - - - - - - - - - - - - - - - - - - - - - - - - - - - - - -
 


 INPUT --- proc estimate link=Logit NOLOOP varest=2ndPart    ;
 INPUT --- model={ model8 };
 INPUT ---    group=1 Phi    rows=14 cols=14 Triang ;
 INPUT ---        1 2 3 4 5 6 7 8 9 10 11 12 13 14 ;
 INPUT ---        2 3 4 5 6 7 8 9 10 11 12 13 14 ;
 INPUT ---        3 4 5 6 7 8 9 10 11 12 13 14 ;
 INPUT ---        4 5 6 7 8 9 10 11 12 13 14 ;
 INPUT ---        5 6 7 8 9 10 11 12 13 14 ;
 INPUT ---        6 7 8 9 10 11 12 13 14 ;
 INPUT ---        7 8 9 10 11 12 13 14 ;
 INPUT ---        8 9 10 11 12 13 14 ;
 INPUT ---        9 10 11 12 13 14 ;
 INPUT ---        10 11 12 13 14 ;
 INPUT ---        11 12 13 14 ;
 INPUT ---        12 13 14 ;
 INPUT ---        13 14 ;
 INPUT ---        14 ;
 INPUT ---    group=1 p    rows=14 cols=14 Triang ;
 INPUT ---        15 16 17 18 19 20 21 22 23 24 25 26 27 28 ;
 INPUT ---        16 17 18 19 20 21 22 23 24 25 26 27 28 ;
 INPUT ---        17 18 19 20 21 22 23 24 25 26 27 28 ;
 INPUT ---        18 19 20 21 22 23 24 25 26 27 28 ;
 INPUT ---        19 20 21 22 23 24 25 26 27 28 ;
 INPUT ---        20 21 22 23 24 25 26 27 28 ;
 INPUT ---        21 22 23 24 25 26 27 28 ;
 INPUT ---        22 23 24 25 26 27 28 ;
 INPUT ---        23 24 25 26 27 28 ;
 INPUT ---        24 25 26 27 28 ;
 INPUT ---        25 26 27 28 ;
 INPUT ---        26 27 28 ;
 INPUT ---        27 28 ;
 INPUT ---        28 ;
 INPUT ---    design matrix constraints=28 covariates=17;
 INPUT ---        1 2010 4040100 0 0 0 0 0 0 0 0 0 0 0 0 0 0;
 INPUT ---        1 2011 4044121 0 0 0 0 0 0 0 0 0 0 0 0 0 0;
 INPUT ---        1 2012 4048144 0 0 0 0 0 0 0 0 0 0 0 0 0 0;
 INPUT ---        1 2013 4052169 0 0 0 0 0 0 0 0 0 0 0 0 0 0;
 INPUT ---        1 2014 4056196 0 0 0 0 0 0 0 0 0 0 0 0 0 0;
 INPUT ---        1 2015 4060225 0 0 0 0 0 0 0 0 0 0 0 0 0 0;
 INPUT ---        1 2016 4064256 0 0 0 0 0 0 0 0 0 0 0 0 0 0;
 INPUT ---        1 2017 4068289 0 0 0 0 0 0 0 0 0 0 0 0 0 0;
 INPUT ---        1 2018 4072324 0 0 0 0 0 0 0 0 0 0 0 0 0 0;
 INPUT ---        1 2019 4076361 0 0 0 0 0 0 0 0 0 0 0 0 0 0;
 INPUT ---        1 2020 4080400 0 0 0 0 0 0 0 0 0 0 0 0 0 0;

Program  MARK  - Survival Rate Estimation with Capture-Recapture Data
 gfortran(dble/PIM2) Vers. 11.1 Nov 2024  16-Sep-2025 05:41:46    Page  003
 - - - - - - - - - - - - - - - - - - - - - - - - - - - - - - - - - - - - - -
 
 INPUT ---        1 2021 4084441 0 0 0 0 0 0 0 0 0 0 0 0 0 0;
 INPUT ---        1 2022 4088484 0 0 0 0 0 0 0 0 0 0 0 0 0 0;
 INPUT ---        1 2023 4092529 0 0 0 0 0 0 0 0 0 0 0 0 0 0;
 INPUT ---        0 0 0 1 0 0 0 0 0 0 0 0 0 0 0 0 0;
 INPUT ---        0 0 0 1 1 0 0 0 0 0 0 0 0 0 0 0 0;
 INPUT ---        0 0 0 1 0 1 0 0 0 0 0 0 0 0 0 0 0;
 INPUT ---        0 0 0 1 0 0 1 0 0 0 0 0 0 0 0 0 0;
 INPUT ---        0 0 0 1 0 0 0 1 0 0 0 0 0 0 0 0 0;
 INPUT ---        0 0 0 1 0 0 0 0 1 0 0 0 0 0 0 0 0;
 INPUT ---        0 0 0 1 0 0 0 0 0 1 0 0 0 0 0 0 0;
 INPUT ---        0 0 0 1 0 0 0 0 0 0 1 0 0 0 0 0 0;
 INPUT ---        0 0 0 1 0 0 0 0 0 0 0 1 0 0 0 0 0;
 INPUT ---        0 0 0 1 0 0 0 0 0 0 0 0 1 0 0 0 0;
 INPUT ---        0 0 0 1 0 0 0 0 0 0 0 0 0 1 0 0 0;
 INPUT ---        0 0 0 1 0 0 0 0 0 0 0 0 0 0 1 0 0;
 INPUT ---        0 0 0 1 0 0 0 0 0 0 0 0 0 0 0 1 0;
 INPUT ---        0 0 0 1 0 0 0 0 0 0 0 0 0 0 0 0 1;
 INPUT ---       blabel(1)=Phi:(Intercept);
 INPUT ---       blabel(2)=Phi:time;
 INPUT ---       blabel(3)=Phi:I(time^2);
 INPUT ---       blabel(4)=p:(Intercept);
 INPUT ---       blabel(5)=p:factor(time)2012;
 INPUT ---       blabel(6)=p:factor(time)2013;
 INPUT ---       blabel(7)=p:factor(time)2014;
 INPUT ---       blabel(8)=p:factor(time)2015;
 INPUT ---       blabel(9)=p:factor(time)2016;
 INPUT ---       blabel(10)=p:factor(time)2017;
 INPUT ---       blabel(11)=p:factor(time)2018;
 INPUT ---       blabel(12)=p:factor(time)2019;
 INPUT ---       blabel(13)=p:factor(time)2020;
 INPUT ---       blabel(14)=p:factor(time)2021;
 INPUT ---       blabel(15)=p:factor(time)2022;
 INPUT ---       blabel(16)=p:factor(time)2023;
 INPUT ---       blabel(17)=p:factor(time)2024;
 INPUT ---       rlabel(1)=Phi g1 c2010 a0 t2010;
 INPUT ---       rlabel(2)=Phi g1 c2010 a1 t2011;
 INPUT ---       rlabel(3)=Phi g1 c2010 a2 t2012;
 INPUT ---       rlabel(4)=Phi g1 c2010 a3 t2013;
 INPUT ---       rlabel(5)=Phi g1 c2010 a4 t2014;
 INPUT ---       rlabel(6)=Phi g1 c2010 a5 t2015;
 INPUT ---       rlabel(7)=Phi g1 c2010 a6 t2016;
 INPUT ---       rlabel(8)=Phi g1 c2010 a7 t2017;
 INPUT ---       rlabel(9)=Phi g1 c2010 a8 t2018;
 INPUT ---       rlabel(10)=Phi g1 c2010 a9 t2019;
 INPUT ---       rlabel(11)=Phi g1 c2010 a10 t2020;
 INPUT ---       rlabel(12)=Phi g1 c2010 a11 t2021;

Program  MARK  - Survival Rate Estimation with Capture-Recapture Data
 gfortran(dble/PIM2) Vers. 11.1 Nov 2024  16-Sep-2025 05:41:47    Page  004
 - - - - - - - - - - - - - - - - - - - - - - - - - - - - - - - - - - - - - -
 
 INPUT ---       rlabel(13)=Phi g1 c2010 a12 t2022;
 INPUT ---       rlabel(14)=Phi g1 c2010 a13 t2023;
 INPUT ---       rlabel(15)=p g1 c2010 a1 t2011;
 INPUT ---       rlabel(16)=p g1 c2010 a2 t2012;
 INPUT ---       rlabel(17)=p g1 c2010 a3 t2013;
 INPUT ---       rlabel(18)=p g1 c2010 a4 t2014;
 INPUT ---       rlabel(19)=p g1 c2010 a5 t2015;
 INPUT ---       rlabel(20)=p g1 c2010 a6 t2016;
 INPUT ---       rlabel(21)=p g1 c2010 a7 t2017;
 INPUT ---       rlabel(22)=p g1 c2010 a8 t2018;
 INPUT ---       rlabel(23)=p g1 c2010 a9 t2019;
 INPUT ---       rlabel(24)=p g1 c2010 a10 t2020;
 INPUT ---       rlabel(25)=p g1 c2010 a11 t2021;
 INPUT ---       rlabel(26)=p g1 c2010 a12 t2022;
 INPUT ---       rlabel(27)=p g1 c2010 a13 t2023;
 INPUT ---       rlabel(28)=p g1 c2010 a14 t2024;
   Model is { model8 }

 Link Function Used is LOGIT        

 Variance Estimation Procedure Used is 2ndPart 
 -2logL(saturated) = 199.66386     
 Effective Sample Size = 237

 Number of function evaluations was 36 for 17 parameters.
 For numerical optimization, CPU Time was 0.281 secs and System Time was 0.156 secs.
 -2logL { model8 } = 239.76188     
 Penalty { model8 } = 0.0000000     

   * *  WARNING  * *   Numerical underflow occurred during optimization. 
     IEEE flag status during optimization:
     overflow       F
     divide by zero F
     invalid        F
     underflow      T
     inexact        T

 Gradient { model8 }:
  3.37402E-03  3.35669E-03  3.50334E-03  1.24230E-02   0.0000    
   0.0000       0.0000      3.04391E-03   0.0000     -7.54422E-04
  2.93890E-04   0.0000      5.27121E-04  2.74854E-03   0.0000    
  6.59620E-03   0.0000    
 Maximum ABS(G) { model8 } =  1.24230E-02
 To compute VC matrix, CPU Time was 0.156 secs and System Time was 0.453 secs.
 S Vector { model8 }:
   85.87758      17.55464      5.476924      3.296624      2.613490    
   1.466202      1.049391     0.2355668E-01 0.4075558E-02 0.1356063E-02
  0.2627202E-06 0.2627202E-06 0.5325780E-12 0.2487523E-12 0.1244863E-12
  0.8996736E-13 0.4300464E-13

Program  MARK  - Survival Rate Estimation with Capture-Recapture Data
 gfortran(dble/PIM2) Vers. 11.1 Nov 2024  16-Sep-2025 05:41:47    Page  005
 - - - - - - - - - - - - - - - - - - - - - - - - - - - - - - - - - - - - - -
 
 To invert VC matrix, CPU Time was 0.001 secs and System Time was 0.001 secs.
 Ratio Threshold = 50.00 Max Gap (12/13) = 4.9330E+5 Next Max Gap (10/11) = 5162.
 Gap Method for Num. of Estimated Parameters { model8 } = 10          
 Threshold { model8 } = 0.0248460               
 Numerical Threshold Method for Num. of Estimated Parameters { model8 } = 7          
 Number of Estimated Parameters { model8 } = 10          

   * *  WARNING  * *   Number of parameters estimated from gap method (=10) and threshold method (=7) differ.  Inspect full output. 
 Ratios of S Vector { model8 }:
   1/2    4.892015       2/3    3.205201       3/4    1.661374       4/5    1.261388       5/6    1.782490    
   6/7    1.397193       7/8    44.54750       8/9    5.779988       9/10    3.005434       10/11    5161.625    
   11/12    1.000000       12/13    493299.0       13/14    2.140997       14/15    1.998230       15/16    1.383683    
   16/17    2.092038    
 DEVIANCE { model8 } = 40.098019               
 DEVIANCE Degrees of Freedom { model8 } = 8          
 c-hat { model8 } = 5.0122523               
 AIC { model8 } = 253.76188               
 AICc { model8 } = 254.25096               
 BIC { model8 } = 278.03830               
 Pearson Chisquare { model8 } = 72.358853               
 Possible Encounter Histories { model8 } = 4062          
 Pearson Chisquare df { model8 } = 4045          
 Pearson chat { model8 } = 0.0178885               
 Sum(Observed/Expected) { model8 } = 90.380472               
 s-bar { model8 } = -0.9801628              
 Fletcher chat { model8 } = 0.9017622               

   * *  WARNING  * *   Numerical underflow occurred computing the variance-covariance matrix. 
     IEEE flag status computing the variance-covariance matrix:
     overflow       F
     divide by zero F
     invalid        F
     underflow      T
     inexact        T



                       LOGIT Link Function Parameters of { model8 }
                                                              95% Confidence Interval
    Parameter                  Beta         Standard Error     Lower           Upper
 -------------------------  --------------  --------------  --------------  --------------
    1:Phi:(Intercept)        245.21302       15.601049       214.63496       275.79108    
    2:Phi:time              -0.3090045E-03   0.0109600      -0.0217905       0.0211725    
    3:Phi:I(time^2)         -0.5980980E-04   0.3846928E-05  -0.6734978E-04  -0.5226982E-04
    4:p:(Intercept)         -1157.8504       2.4447465      -1162.6421      -1153.0587    
    5:p:factor(time)2012    -0.1000000       1950.9820      -3824.0249       3823.8249    
    6:p:factor(time)2013    -0.1000000       1950.9820      -3824.0249       3823.8249    

Program  MARK  - Survival Rate Estimation with Capture-Recapture Data
 gfortran(dble/PIM2) Vers. 11.1 Nov 2024  16-Sep-2025 05:41:47    Page  006
 - - - - - - - - - - - - - - - - - - - - - - - - - - - - - - - - - - - - - -
 
    7:p:factor(time)2014    -2716.5557       4822168.1      -9454166.1       9448733.0    
    8:p:factor(time)2015     1157.6060       2.4485039       1152.8070       1162.4051    
    9:p:factor(time)2016    -1597.0078       2834256.9      -5556740.7       5553546.7    
   10:p:factor(time)2017     1154.6031       2.5578330       1149.5897       1159.6164    
   11:p:factor(time)2018     1153.8655       2.6574866       1148.6568       1159.0741    
   12:p:factor(time)2019    -1878.7363       3333938.0      -6536397.3       6532639.8    
   13:p:factor(time)2020     1156.4654       2.4963181       1151.5726       1161.3582    
   14:p:factor(time)2021     1155.8238       2.5391354       1150.8471       1160.8005    
   15:p:factor(time)2022    -1129.4618       2005009.7      -3930948.5       3928689.6    
   16:p:factor(time)2023     1156.1578       2.5898845       1151.0816       1161.2339    
   17:p:factor(time)2024    -771.58775       1370277.1      -2686514.8       2684971.6    


                          Real Function Parameters of { model8 }
                                                               95% Confidence Interval
     Parameter                Estimate       Standard Error     Lower           Upper
 --------------------------  --------------  --------------  --------------  --------------
     1:Phi g1 c2010 a0 t201   0.9504682       0.0207172       0.8901063       0.9784765       
     2:Phi g1 c2010 a1 t201   0.9378206       0.0255661       0.8646215       0.9726911       
     3:Phi g1 c2010 a2 t201   0.9221994       0.0313583       0.8342381       0.9654190       
     4:Phi g1 c2010 a3 t201   0.9030488       0.0381698       0.7985199       0.9563144       
     5:Phi g1 c2010 a4 t201   0.8797860       0.0460221       0.7572240       0.9449708       
     6:Phi g1 c2010 a5 t201   0.8518421       0.0548490       0.7103976       0.9309214       
     7:Phi g1 c2010 a6 t201   0.8187231       0.0644598       0.6584632       0.9136459       
     8:Phi g1 c2010 a7 t201   0.7800913       0.0745071       0.6022696       0.8925892       
     9:Phi g1 c2010 a8 t201   0.7358593       0.0844727       0.5430799       0.8671931       
    10:Phi g1 c2010 a9 t201   0.6862823       0.0936870       0.4824832       0.8369472       
    11:Phi g1 c2010 a10 t20   0.6320252       0.1013947       0.4222366       0.8014574       
    12:Phi g1 c2010 a11 t20   0.5741771       0.1068646       0.3640662       0.7605300       
    13:Phi g1 c2010 a12 t20   0.5141948       0.1095248       0.3094755       0.7142592       
    14:Phi g1 c2010 a13 t20   0.4537711       0.1090837       0.2596025       0.6631012       
    15:p g1 c2010 a1 t2011   0.5562685E-308   0.0000000      0.5562685E-308  0.5562685E-308   
    16:p g1 c2010 a2 t2012   0.5562685E-308   0.0000000      0.5562685E-308  0.5562685E-308   
    17:p g1 c2010 a3 t2013   0.5562685E-308   0.0000000      0.5562685E-308  0.5562685E-308   
    18:p g1 c2010 a4 t2014   0.5562685E-308   0.0000000      0.5562685E-308  0.5562685E-308   
    19:p g1 c2010 a5 t2015    0.4392171       0.0789208       0.2947634       0.5947603       
    20:p g1 c2010 a6 t2016   0.5562685E-308   0.0000000      0.5562685E-308  0.5562685E-308   
    21:p g1 c2010 a7 t2017    0.0374235       0.0269525       0.0088909       0.1442000       
    22:p g1 c2010 a8 t2018    0.0182546       0.0186112       0.0024229       0.1246107       
    23:p g1 c2010 a9 t2019   0.5562685E-308   0.0000000      0.5562685E-308  0.5562685E-308   
    24:p g1 c2010 a10 t2020   0.2002099       0.0995203       0.0689360       0.4583921       
    25:p g1 c2010 a11 t2021   0.1164386       0.0786418       0.0286143       0.3708959       
    26:p g1 c2010 a12 t2022  0.5562685E-308   0.0000000      0.5562685E-308  0.5562685E-308   
    27:p g1 c2010 a13 t2023   0.1554319       0.1231733       0.0284240       0.5365473       
    28:p g1 c2010 a14 t2024  0.5562685E-308   0.0000000      0.5562685E-308  0.5562685E-308   

Program  MARK  - Survival Rate Estimation with Capture-Recapture Data
 gfortran(dble/PIM2) Vers. 11.1 Nov 2024  16-Sep-2025 05:41:47    Page  007
 - - - - - - - - - - - - - - - - - - - - - - - - - - - - - - - - - - - - - -
 

 To compute parameter estimates, CPU Time was 0.001 secs and System Time was 0.001 secs.

 Attempted ordering of parameters by estimatibility:
   1  8 13  4 14 10 16 11  3  2  6  5 17 15  9 12  7
 Beta number 7 is a singular value.

 For procedure estimate CPU Time was 0.453 secs and System Time was 0.782 secs.
 INPUT --- proc stop;

 For this job, CPU Time in mins was 0.008 and System Time in mins was 0.014.

     Time Start = 05:41:46.918   Time End = 05:41:47.736

 Wall Clock Time in mins for this job was 0.013.

 Maximum of 19 words used.


          E X E C U T I O N   S U C C E S S F U L
