
 Program  MARK  - Survival Rate Estimation with Capture-Recapture Data
 gfortran(dble/PIM2) Vers. 11.1 Nov 2024  16-Sep-2025 05:41:44    Page  001
  
 - - - - - - - - - - - - - - - - - - - - - - - - - - - - - - - - - - - - - -
 
 Welcome to MARK localuser on machine DEP79421 in subdirectory 
 "C:\Users\localuser\Desktop\GitHub\LHI_SBSH_CMR_adult_survival" running file "data/rmark_outputs/reference_models/reference_model_7.inp".
 This version was compiled by GCC version 14.2.0 using the options: 
  -cpp -iprefix C:/tdm-gcc-64/mingw64-14-2/bin/../lib/gcc/
  x86_64-w64-mingw32/14.2.0/ -D_MT -D_REENTRANT -U_REENTRANT -D
  dbleprecision -m64 -march=x86-64 -mtune=generic -mthreads -O3 -std=f2023
  -fimplicit-none -ffpe-summary=invalid,zero,overflow,underflow
  -funroll-loops -fno-unsafe-math-optimizations -frounding-math
  -fsignaling-nans -fall-intrinsics -fopenmp

 This problem will use 19 of 20 possible threads.
 Static thread allocation is used.
 INPUT --- proc title ;

 For procedure title CPU Time was 0.001 secs and System Time was 0.001 secs.
 INPUT --- proc chmatrix occasions= 15 groups= 1 etype= Live Nodes= 
 INPUT --- 101 ICMeans NoHist hist= 26  ;
 INPUT ---    time interval 1 1 1 1 1 1 1 1 1 1 1 1 1 1 ;
 INPUT ---    glabel(1)=Group 1;

      Number of unique encounter histories read was 26.

      Number of individual covariates read was 0.
      Time interval lengths are all equal to 1.

      Data type number is 1
      Data type is Live Recaptures (CJS)

 For procedure chmatrix CPU Time was 0.001 secs and System Time was 0.016 secs.

Program  MARK  - Survival Rate Estimation with Capture-Recapture Data
 gfortran(dble/PIM2) Vers. 11.1 Nov 2024  16-Sep-2025 05:41:44    Page  002
 - - - - - - - - - - - - - - - - - - - - - - - - - - - - - - - - - - - - - -
 


 INPUT --- proc estimate link=Logit NOLOOP varest=2ndPart    ;
 INPUT --- model={ model7 };
 INPUT ---    group=1 Phi    rows=14 cols=14 Triang ;
 INPUT ---        1 1 1 1 1 1 1 1 1 1 1 1 1 1 ;
 INPUT ---        1 1 1 1 1 1 1 1 1 1 1 1 1 ;
 INPUT ---        1 1 1 1 1 1 1 1 1 1 1 1 ;
 INPUT ---        1 1 1 1 1 1 1 1 1 1 1 ;
 INPUT ---        1 1 1 1 1 1 1 1 1 1 ;
 INPUT ---        1 1 1 1 1 1 1 1 1 ;
 INPUT ---        1 1 1 1 1 1 1 1 ;
 INPUT ---        1 1 1 1 1 1 1 ;
 INPUT ---        1 1 1 1 1 1 ;
 INPUT ---        1 1 1 1 1 ;
 INPUT ---        1 1 1 1 ;
 INPUT ---        1 1 1 ;
 INPUT ---        1 1 ;
 INPUT ---        1 ;
 INPUT ---    group=1 p    rows=14 cols=14 Triang ;
 INPUT ---        2 3 4 5 6 7 8 9 10 11 12 13 14 15 ;
 INPUT ---        3 4 5 6 7 8 9 10 11 12 13 14 15 ;
 INPUT ---        4 5 6 7 8 9 10 11 12 13 14 15 ;
 INPUT ---        5 6 7 8 9 10 11 12 13 14 15 ;
 INPUT ---        6 7 8 9 10 11 12 13 14 15 ;
 INPUT ---        7 8 9 10 11 12 13 14 15 ;
 INPUT ---        8 9 10 11 12 13 14 15 ;
 INPUT ---        9 10 11 12 13 14 15 ;
 INPUT ---        10 11 12 13 14 15 ;
 INPUT ---        11 12 13 14 15 ;
 INPUT ---        12 13 14 15 ;
 INPUT ---        13 14 15 ;
 INPUT ---        14 15 ;
 INPUT ---        15 ;
 INPUT ---    design matrix constraints=15 covariates=15;
 INPUT ---        1 0 0 0 0 0 0 0 0 0 0 0 0 0 0;
 INPUT ---        0 1 0 0 0 0 0 0 0 0 0 0 0 0 0;
 INPUT ---        0 1 1 0 0 0 0 0 0 0 0 0 0 0 0;
 INPUT ---        0 1 0 1 0 0 0 0 0 0 0 0 0 0 0;
 INPUT ---        0 1 0 0 1 0 0 0 0 0 0 0 0 0 0;
 INPUT ---        0 1 0 0 0 1 0 0 0 0 0 0 0 0 0;
 INPUT ---        0 1 0 0 0 0 1 0 0 0 0 0 0 0 0;
 INPUT ---        0 1 0 0 0 0 0 1 0 0 0 0 0 0 0;
 INPUT ---        0 1 0 0 0 0 0 0 1 0 0 0 0 0 0;
 INPUT ---        0 1 0 0 0 0 0 0 0 1 0 0 0 0 0;
 INPUT ---        0 1 0 0 0 0 0 0 0 0 1 0 0 0 0;

Program  MARK  - Survival Rate Estimation with Capture-Recapture Data
 gfortran(dble/PIM2) Vers. 11.1 Nov 2024  16-Sep-2025 05:41:44    Page  003
 - - - - - - - - - - - - - - - - - - - - - - - - - - - - - - - - - - - - - -
 
 INPUT ---        0 1 0 0 0 0 0 0 0 0 0 1 0 0 0;
 INPUT ---        0 1 0 0 0 0 0 0 0 0 0 0 1 0 0;
 INPUT ---        0 1 0 0 0 0 0 0 0 0 0 0 0 1 0;
 INPUT ---        0 1 0 0 0 0 0 0 0 0 0 0 0 0 1;
 INPUT ---       blabel(1)=Phi:(Intercept);
 INPUT ---       blabel(2)=p:(Intercept);
 INPUT ---       blabel(3)=p:factor(time)2012;
 INPUT ---       blabel(4)=p:factor(time)2013;
 INPUT ---       blabel(5)=p:factor(time)2014;
 INPUT ---       blabel(6)=p:factor(time)2015;
 INPUT ---       blabel(7)=p:factor(time)2016;
 INPUT ---       blabel(8)=p:factor(time)2017;
 INPUT ---       blabel(9)=p:factor(time)2018;
 INPUT ---       blabel(10)=p:factor(time)2019;
 INPUT ---       blabel(11)=p:factor(time)2020;
 INPUT ---       blabel(12)=p:factor(time)2021;
 INPUT ---       blabel(13)=p:factor(time)2022;
 INPUT ---       blabel(14)=p:factor(time)2023;
 INPUT ---       blabel(15)=p:factor(time)2024;
 INPUT ---       rlabel(1)=Phi g1 c2010 a0 t2010;
 INPUT ---       rlabel(2)=p g1 c2010 a1 t2011;
 INPUT ---       rlabel(3)=p g1 c2010 a2 t2012;
 INPUT ---       rlabel(4)=p g1 c2010 a3 t2013;
 INPUT ---       rlabel(5)=p g1 c2010 a4 t2014;
 INPUT ---       rlabel(6)=p g1 c2010 a5 t2015;
 INPUT ---       rlabel(7)=p g1 c2010 a6 t2016;
 INPUT ---       rlabel(8)=p g1 c2010 a7 t2017;
 INPUT ---       rlabel(9)=p g1 c2010 a8 t2018;
 INPUT ---       rlabel(10)=p g1 c2010 a9 t2019;
 INPUT ---       rlabel(11)=p g1 c2010 a10 t2020;
 INPUT ---       rlabel(12)=p g1 c2010 a11 t2021;
 INPUT ---       rlabel(13)=p g1 c2010 a12 t2022;
 INPUT ---       rlabel(14)=p g1 c2010 a13 t2023;
 INPUT ---       rlabel(15)=p g1 c2010 a14 t2024;
   Model is { model7 }

 Link Function Used is LOGIT        

 Variance Estimation Procedure Used is 2ndPart 
 -2logL(saturated) = 199.66386     
 Effective Sample Size = 237

 Number of function evaluations was 45 for 15 parameters.
 For numerical optimization, CPU Time was 0.469 secs and System Time was 0.282 secs.
 -2logL { model7 } = 240.88964     
 Penalty { model7 } = 0.0000000     

Program  MARK  - Survival Rate Estimation with Capture-Recapture Data
 gfortran(dble/PIM2) Vers. 11.1 Nov 2024  16-Sep-2025 05:41:44    Page  004
 - - - - - - - - - - - - - - - - - - - - - - - - - - - - - - - - - - - - - -
 
 Gradient { model7 }:
 -1.11967E-04 -6.45061E-05   0.0000       0.0000       0.0000    
 -2.58937E-05   0.0000     -2.34339E-06  3.03317E-06   0.0000    
 -2.41866E-05  1.37662E-06   0.0000     -1.65341E-05   0.0000    
 Maximum ABS(G) { model7 } =  1.11967E-04
 To compute VC matrix, CPU Time was 0.141 secs and System Time was 0.828 secs.
 S Vector { model7 }:
   41.38775      9.263274      5.214900      3.241137      2.661852    
   1.898979      1.087303     0.3506209E-05 0.1313601E-06 0.1313601E-06
  0.1269295E-07 0.4887250E-08 0.1849525E-09 0.1811830E-09 0.1486983E-09
 To invert VC matrix, CPU Time was 0.001 secs and System Time was 0.001 secs.
 Ratio Threshold = 50.00 Max Gap (7/8) = 3.1011E+5 Next Max Gap (8/9) = 26.69
 Gap Method for Num. of Estimated Parameters { model7 } = 7          
 Threshold { model7 } = 0.2239346E-03           
 Numerical Threshold Method for Num. of Estimated Parameters { model7 } = 7          
 Number of Estimated Parameters { model7 } = 7          
 DEVIANCE { model7 } = 41.225780               
 DEVIANCE Degrees of Freedom { model7 } = 8          
 c-hat { model7 } = 5.1532225               
 AIC { model7 } = 254.88964               
 AICc { model7 } = 255.37872               
 BIC { model7 } = 279.16606               
 Pearson Chisquare { model7 } = 85.377614               
 Possible Encounter Histories { model7 } = 4062          
 Pearson Chisquare df { model7 } = 4045          
 Pearson chat { model7 } = 0.0211070               
 Sum(Observed/Expected) { model7 } = 102.49662               
 s-bar { model7 } = -0.9771726              
 Fletcher chat { model7 } = 0.9246323               


                       LOGIT Link Function Parameters of { model7 }
                                                              95% Confidence Interval
    Parameter                  Beta         Standard Error     Lower           Upper
 -------------------------  --------------  --------------  --------------  --------------
    1:Phi:(Intercept)        1.4870910       0.4805048       0.5453016       2.4288804    
    2:p:(Intercept)         -16.770668       201.44562      -411.60409       378.06275    
    3:p:factor(time)2012    -0.1000000       0.0000000      -0.1000000      -0.1000000    
    4:p:factor(time)2013    -0.1000000       0.0000000      -0.1000000      -0.1000000    
    5:p:factor(time)2014    -28.618675       0.0000000      -28.618675      -28.618675    
    6:p:factor(time)2015     16.752219       201.44566      -378.08129       411.58573    
    7:p:factor(time)2016    -31.694256       0.0000000      -31.694256      -31.694256    

Program  MARK  - Survival Rate Estimation with Capture-Recapture Data
 gfortran(dble/PIM2) Vers. 11.1 Nov 2024  16-Sep-2025 05:41:45    Page  005
 - - - - - - - - - - - - - - - - - - - - - - - - - - - - - - - - - - - - - -
 
    8:p:factor(time)2017     13.650677       201.44707      -381.18560       408.48695    
    9:p:factor(time)2018     12.834242       201.44836      -382.00455       407.67303    
   10:p:factor(time)2019    -28.315299       0.0000000      -28.315299      -28.315299    
   11:p:factor(time)2020     15.087400       201.44612      -379.74699       409.92179    
   12:p:factor(time)2021     14.240836       201.44659      -380.59449       409.07616    
   13:p:factor(time)2022    -4.6064372       0.0000000      -4.6064372      -4.6064372    
   14:p:factor(time)2023     13.996606       201.44691      -380.83935       408.83257    
   15:p:factor(time)2024    -11.097577       14304.336      -28047.597       28025.402    


                          Real Function Parameters of { model7 }
                                                               95% Confidence Interval
     Parameter                Estimate       Standard Error     Lower           Upper
 --------------------------  --------------  --------------  --------------  --------------
     1:Phi g1 c2010 a0 t201   0.8156412       0.0722538       0.6330448       0.9190032       
     2:p g1 c2010 a1 t2011    0.5207047E-07   0.1048937E-04  0.1748299E-178   1.0000000       
     3:p g1 c2010 a2 t2012    0.4711531E-07   0.0000000       0.4711531E-07   0.4711531E-07   
     4:p g1 c2010 a3 t2013    0.4711531E-07   0.0000000       0.4711531E-07   0.4711531E-07   
     5:p g1 c2010 a4 t2014    0.1939361E-19   0.0000000       0.1939361E-19   0.1939361E-19   
     6:p g1 c2010 a5 t2015    0.4953878       0.0987421       0.3115992       0.6804313       
     7:p g1 c2010 a6 t2016    0.8952634E-21   0.0000000       0.8952634E-21   0.8952634E-21   
     8:p g1 c2010 a7 t2017    0.0422901       0.0310651       0.0097246       0.1656665       
     9:p g1 c2010 a8 t2018    0.0191442       0.0196491       0.0025039       0.1317621       
    10:p g1 c2010 a9 t2019    0.2626717E-19   0.0000000       0.2626717E-19   0.2626717E-19   
    11:p g1 c2010 a10 t2020   0.1566632       0.0722399       0.0598078       0.3516971       
    12:p g1 c2010 a11 t2021   0.0737931       0.0455769       0.0211066       0.2274393       
    13:p g1 c2010 a12 t2022   0.5200454E-09   0.0000000       0.5200454E-09   0.5200454E-09   
    14:p g1 c2010 a13 t2023   0.0587420       0.0415147       0.0141234       0.2137572       
    15:p g1 c2010 a14 t2024   0.7888150E-12   0.1128461E-07  -0.2211705E-07   0.2211863E-07   

 To compute parameter estimates, CPU Time was 0.001 secs and System Time was 0.001 secs.

 Attempted ordering of parameters by estimatibility:
   2  6 11  1 12 14  8  9  3  4 13 15 10  5  7
 Beta number 7 is a singular value.

 For procedure estimate CPU Time was 0.609 secs and System Time was 1.297 secs.

Program  MARK  - Survival Rate Estimation with Capture-Recapture Data
 gfortran(dble/PIM2) Vers. 11.1 Nov 2024  16-Sep-2025 05:41:45    Page  006
 - - - - - - - - - - - - - - - - - - - - - - - - - - - - - - - - - - - - - -
 


 INPUT --- proc stop;

 For this job, CPU Time in mins was 0.011 and System Time in mins was 0.022.

     Time Start = 05:41:43.977   Time End = 05:41:45.320

 Wall Clock Time in mins for this job was 0.022.

 Maximum of 19 words used.


          E X E C U T I O N   S U C C E S S F U L
