
 Program  MARK  - Survival Rate Estimation with Capture-Recapture Data
 gfortran(dble/PIM2) Vers. 11.1 Nov 2024  16-Sep-2025 05:41:42    Page  001
  
 - - - - - - - - - - - - - - - - - - - - - - - - - - - - - - - - - - - - - -
 
 Welcome to MARK localuser on machine DEP79421 in subdirectory 
 "C:\Users\localuser\Desktop\GitHub\LHI_SBSH_CMR_adult_survival" running file "data/rmark_outputs/reference_models/reference_model_6.inp".
 This version was compiled by GCC version 14.2.0 using the options: 
  -cpp -iprefix C:/tdm-gcc-64/mingw64-14-2/bin/../lib/gcc/
  x86_64-w64-mingw32/14.2.0/ -D_MT -D_REENTRANT -U_REENTRANT -D
  dbleprecision -m64 -march=x86-64 -mtune=generic -mthreads -O3 -std=f2023
  -fimplicit-none -ffpe-summary=invalid,zero,overflow,underflow
  -funroll-loops -fno-unsafe-math-optimizations -frounding-math
  -fsignaling-nans -fall-intrinsics -fopenmp

 This problem will use 19 of 20 possible threads.
 Static thread allocation is used.
 INPUT --- proc title ;

 For procedure title CPU Time was 0.001 secs and System Time was 0.001 secs.
 INPUT --- proc chmatrix occasions= 15 groups= 1 etype= Live Nodes= 
 INPUT --- 101 ICMeans NoHist hist= 26  ;
 INPUT ---    time interval 1 1 1 1 1 1 1 1 1 1 1 1 1 1 ;
 INPUT ---    glabel(1)=Group 1;

      Number of unique encounter histories read was 26.

      Number of individual covariates read was 0.
      Time interval lengths are all equal to 1.

      Data type number is 1
      Data type is Live Recaptures (CJS)

 For procedure chmatrix CPU Time was 0.001 secs and System Time was 0.001 secs.

Program  MARK  - Survival Rate Estimation with Capture-Recapture Data
 gfortran(dble/PIM2) Vers. 11.1 Nov 2024  16-Sep-2025 05:41:42    Page  002
 - - - - - - - - - - - - - - - - - - - - - - - - - - - - - - - - - - - - - -
 


 INPUT --- proc estimate link=Logit NOLOOP varest=2ndPart    ;
 INPUT --- model={ model6 };
 INPUT ---    group=1 Phi    rows=14 cols=14 Triang ;
 INPUT ---        1 2 3 4 5 6 7 8 9 10 11 12 13 14 ;
 INPUT ---        2 3 4 5 6 7 8 9 10 11 12 13 14 ;
 INPUT ---        3 4 5 6 7 8 9 10 11 12 13 14 ;
 INPUT ---        4 5 6 7 8 9 10 11 12 13 14 ;
 INPUT ---        5 6 7 8 9 10 11 12 13 14 ;
 INPUT ---        6 7 8 9 10 11 12 13 14 ;
 INPUT ---        7 8 9 10 11 12 13 14 ;
 INPUT ---        8 9 10 11 12 13 14 ;
 INPUT ---        9 10 11 12 13 14 ;
 INPUT ---        10 11 12 13 14 ;
 INPUT ---        11 12 13 14 ;
 INPUT ---        12 13 14 ;
 INPUT ---        13 14 ;
 INPUT ---        14 ;
 INPUT ---    group=1 p    rows=14 cols=14 Triang ;
 INPUT ---        15 16 17 18 19 20 21 22 23 24 25 26 27 28 ;
 INPUT ---        16 17 18 19 20 21 22 23 24 25 26 27 28 ;
 INPUT ---        17 18 19 20 21 22 23 24 25 26 27 28 ;
 INPUT ---        18 19 20 21 22 23 24 25 26 27 28 ;
 INPUT ---        19 20 21 22 23 24 25 26 27 28 ;
 INPUT ---        20 21 22 23 24 25 26 27 28 ;
 INPUT ---        21 22 23 24 25 26 27 28 ;
 INPUT ---        22 23 24 25 26 27 28 ;
 INPUT ---        23 24 25 26 27 28 ;
 INPUT ---        24 25 26 27 28 ;
 INPUT ---        25 26 27 28 ;
 INPUT ---        26 27 28 ;
 INPUT ---        27 28 ;
 INPUT ---        28 ;
 INPUT ---    design matrix constraints=28 covariates=16;
 INPUT ---        1 2010 0 0 0 0 0 0 0 0 0 0 0 0 0 0;
 INPUT ---        1 2011 0 0 0 0 0 0 0 0 0 0 0 0 0 0;
 INPUT ---        1 2012 0 0 0 0 0 0 0 0 0 0 0 0 0 0;
 INPUT ---        1 2013 0 0 0 0 0 0 0 0 0 0 0 0 0 0;
 INPUT ---        1 2014 0 0 0 0 0 0 0 0 0 0 0 0 0 0;
 INPUT ---        1 2015 0 0 0 0 0 0 0 0 0 0 0 0 0 0;
 INPUT ---        1 2016 0 0 0 0 0 0 0 0 0 0 0 0 0 0;
 INPUT ---        1 2017 0 0 0 0 0 0 0 0 0 0 0 0 0 0;
 INPUT ---        1 2018 0 0 0 0 0 0 0 0 0 0 0 0 0 0;
 INPUT ---        1 2019 0 0 0 0 0 0 0 0 0 0 0 0 0 0;
 INPUT ---        1 2020 0 0 0 0 0 0 0 0 0 0 0 0 0 0;

Program  MARK  - Survival Rate Estimation with Capture-Recapture Data
 gfortran(dble/PIM2) Vers. 11.1 Nov 2024  16-Sep-2025 05:41:42    Page  003
 - - - - - - - - - - - - - - - - - - - - - - - - - - - - - - - - - - - - - -
 
 INPUT ---        1 2021 0 0 0 0 0 0 0 0 0 0 0 0 0 0;
 INPUT ---        1 2022 0 0 0 0 0 0 0 0 0 0 0 0 0 0;
 INPUT ---        1 2023 0 0 0 0 0 0 0 0 0 0 0 0 0 0;
 INPUT ---        0 0 1 0 0 0 0 0 0 0 0 0 0 0 0 0;
 INPUT ---        0 0 1 1 0 0 0 0 0 0 0 0 0 0 0 0;
 INPUT ---        0 0 1 0 1 0 0 0 0 0 0 0 0 0 0 0;
 INPUT ---        0 0 1 0 0 1 0 0 0 0 0 0 0 0 0 0;
 INPUT ---        0 0 1 0 0 0 1 0 0 0 0 0 0 0 0 0;
 INPUT ---        0 0 1 0 0 0 0 1 0 0 0 0 0 0 0 0;
 INPUT ---        0 0 1 0 0 0 0 0 1 0 0 0 0 0 0 0;
 INPUT ---        0 0 1 0 0 0 0 0 0 1 0 0 0 0 0 0;
 INPUT ---        0 0 1 0 0 0 0 0 0 0 1 0 0 0 0 0;
 INPUT ---        0 0 1 0 0 0 0 0 0 0 0 1 0 0 0 0;
 INPUT ---        0 0 1 0 0 0 0 0 0 0 0 0 1 0 0 0;
 INPUT ---        0 0 1 0 0 0 0 0 0 0 0 0 0 1 0 0;
 INPUT ---        0 0 1 0 0 0 0 0 0 0 0 0 0 0 1 0;
 INPUT ---        0 0 1 0 0 0 0 0 0 0 0 0 0 0 0 1;
 INPUT ---       blabel(1)=Phi:(Intercept);
 INPUT ---       blabel(2)=Phi:time;
 INPUT ---       blabel(3)=p:(Intercept);
 INPUT ---       blabel(4)=p:factor(time)2012;
 INPUT ---       blabel(5)=p:factor(time)2013;
 INPUT ---       blabel(6)=p:factor(time)2014;
 INPUT ---       blabel(7)=p:factor(time)2015;
 INPUT ---       blabel(8)=p:factor(time)2016;
 INPUT ---       blabel(9)=p:factor(time)2017;
 INPUT ---       blabel(10)=p:factor(time)2018;
 INPUT ---       blabel(11)=p:factor(time)2019;
 INPUT ---       blabel(12)=p:factor(time)2020;
 INPUT ---       blabel(13)=p:factor(time)2021;
 INPUT ---       blabel(14)=p:factor(time)2022;
 INPUT ---       blabel(15)=p:factor(time)2023;
 INPUT ---       blabel(16)=p:factor(time)2024;
 INPUT ---       rlabel(1)=Phi g1 c2010 a0 t2010;
 INPUT ---       rlabel(2)=Phi g1 c2010 a1 t2011;
 INPUT ---       rlabel(3)=Phi g1 c2010 a2 t2012;
 INPUT ---       rlabel(4)=Phi g1 c2010 a3 t2013;
 INPUT ---       rlabel(5)=Phi g1 c2010 a4 t2014;
 INPUT ---       rlabel(6)=Phi g1 c2010 a5 t2015;
 INPUT ---       rlabel(7)=Phi g1 c2010 a6 t2016;
 INPUT ---       rlabel(8)=Phi g1 c2010 a7 t2017;
 INPUT ---       rlabel(9)=Phi g1 c2010 a8 t2018;
 INPUT ---       rlabel(10)=Phi g1 c2010 a9 t2019;
 INPUT ---       rlabel(11)=Phi g1 c2010 a10 t2020;
 INPUT ---       rlabel(12)=Phi g1 c2010 a11 t2021;
 INPUT ---       rlabel(13)=Phi g1 c2010 a12 t2022;

Program  MARK  - Survival Rate Estimation with Capture-Recapture Data
 gfortran(dble/PIM2) Vers. 11.1 Nov 2024  16-Sep-2025 05:41:42    Page  004
 - - - - - - - - - - - - - - - - - - - - - - - - - - - - - - - - - - - - - -
 
 INPUT ---       rlabel(14)=Phi g1 c2010 a13 t2023;
 INPUT ---       rlabel(15)=p g1 c2010 a1 t2011;
 INPUT ---       rlabel(16)=p g1 c2010 a2 t2012;
 INPUT ---       rlabel(17)=p g1 c2010 a3 t2013;
 INPUT ---       rlabel(18)=p g1 c2010 a4 t2014;
 INPUT ---       rlabel(19)=p g1 c2010 a5 t2015;
 INPUT ---       rlabel(20)=p g1 c2010 a6 t2016;
 INPUT ---       rlabel(21)=p g1 c2010 a7 t2017;
 INPUT ---       rlabel(22)=p g1 c2010 a8 t2018;
 INPUT ---       rlabel(23)=p g1 c2010 a9 t2019;
 INPUT ---       rlabel(24)=p g1 c2010 a10 t2020;
 INPUT ---       rlabel(25)=p g1 c2010 a11 t2021;
 INPUT ---       rlabel(26)=p g1 c2010 a12 t2022;
 INPUT ---       rlabel(27)=p g1 c2010 a13 t2023;
 INPUT ---       rlabel(28)=p g1 c2010 a14 t2024;
   Model is { model6 }

 Link Function Used is LOGIT        

 Variance Estimation Procedure Used is 2ndPart 
 -2logL(saturated) = 199.66386     
 Effective Sample Size = 237

 Number of function evaluations was 42 for 16 parameters.
 For numerical optimization, CPU Time was 0.219 secs and System Time was 0.172 secs.
 -2logL { model6 } = 239.76843     
 Penalty { model6 } = 0.0000000     

   * *  WARNING  * *   Numerical underflow occurred during optimization. 
     IEEE flag status during optimization:
     overflow       F
     divide by zero F
     invalid        F
     underflow      T
     inexact        T

 Gradient { model6 }:
  0.19991      0.19980      7.73068E-02   0.0000       0.0000    
   0.0000      9.31085E-03   0.0000      5.87794E-03 -3.01681E-03
   0.0000      1.32756E-02 -2.48953E-03   0.0000      5.44541E-02
   0.0000    
 Maximum ABS(G) { model6 } =  0.19991    
 To compute VC matrix, CPU Time was 0.078 secs and System Time was 0.594 secs.
 S Vector { model6 }:
   64.53614      15.54311      5.388977      3.428016      2.742764    
   1.463212      1.037665     0.1913824     0.1373484E-01 0.1313601E-06
  0.1313601E-06 0.5453877E-13 0.5247169E-14 0.4865142E-14 0.4373386E-14
  0.3397465E-14
 To invert VC matrix, CPU Time was 0.001 secs and System Time was 0.001 secs.

Program  MARK  - Survival Rate Estimation with Capture-Recapture Data
 gfortran(dble/PIM2) Vers. 11.1 Nov 2024  16-Sep-2025 05:41:42    Page  005
 - - - - - - - - - - - - - - - - - - - - - - - - - - - - - - - - - - - - - -
 
 Ratio Threshold = 50.00 Max Gap (11/12) = 2.4086E+6 Next Max Gap (9/10) = 1.0456E+5
 Gap Method for Num. of Estimated Parameters { model6 } = 9          
 Threshold { model6 } = 0.3998101               
 Numerical Threshold Method for Num. of Estimated Parameters { model6 } = 7          
 Number of Estimated Parameters { model6 } = 9          

   * *  WARNING  * *   Number of parameters estimated from gap method (=9) and threshold method (=7) differ.  Inspect full output. 
 Ratios of S Vector { model6 }:
   1/2    4.152074       2/3    2.884241       3/4    1.572040       4/5    1.249840       5/6    1.874482    
   6/7    1.410101       7/8    5.421943       8/9    13.93408       9/10    104558.7       10/11    1.000000    
   11/12    2408564.       12/13    10.39394       13/14    1.078523       14/15    1.112443       15/16    1.287250    
 DEVIANCE { model6 } = 40.104569               
 DEVIANCE Degrees of Freedom { model6 } = 8          
 c-hat { model6 } = 5.0130711               
 AIC { model6 } = 253.76843               
 AICc { model6 } = 254.25751               
 BIC { model6 } = 278.04485               
 Pearson Chisquare { model6 } = 72.581868               
 Possible Encounter Histories { model6 } = 4062          
 Pearson Chisquare df { model6 } = 4045          
 Pearson chat { model6 } = 0.0179436               
 Sum(Observed/Expected) { model6 } = 90.544145               
 s-bar { model6 } = -0.9801224              
 Fletcher chat { model6 } = 0.9027034               

   * *  WARNING  * *   Numerical underflow occurred computing the variance-covariance matrix. 
     IEEE flag status computing the variance-covariance matrix:
     overflow       F
     divide by zero F
     invalid        F
     underflow      T
     inexact        T



                       LOGIT Link Function Parameters of { model6 }
                                                              95% Confidence Interval
    Parameter                  Beta         Standard Error     Lower           Upper
 -------------------------  --------------  --------------  --------------  --------------
    1:Phi:(Intercept)        458.16253       6.0290776       446.34553       469.97952    
    2:Phi:time              -0.2265191       0.0029891      -0.2323776      -0.2206605    
    3:p:(Intercept)         -3688.2853       0.8019611      -3689.8571      -3686.7134    
    4:p:factor(time)2012    -0.1000000       0.0000000      -0.1000000      -0.1000000    
    5:p:factor(time)2013    -0.1000000       0.0000000      -0.1000000      -0.1000000    
    6:p:factor(time)2014    -5522.4687       0.0000000      -5522.4687      -5522.4687    
    7:p:factor(time)2015     3688.0539       0.8134568       3686.4595       3689.6483    

Program  MARK  - Survival Rate Estimation with Capture-Recapture Data
 gfortran(dble/PIM2) Vers. 11.1 Nov 2024  16-Sep-2025 05:41:42    Page  006
 - - - - - - - - - - - - - - - - - - - - - - - - - - - - - - - - - - - - - -
 
    8:p:factor(time)2016    -6024.0824       0.0000000      -6024.0824      -6024.0824    
    9:p:factor(time)2017     3685.0493       1.1000975       3682.8931       3687.2055    
   10:p:factor(time)2018     3684.3043       1.3178460       3681.7213       3686.8873    
   11:p:factor(time)2019    -6838.8557       0.0000000      -6838.8557      -6838.8557    
   12:p:factor(time)2020     3686.8842       0.9552853       3685.0119       3688.7566    
   13:p:factor(time)2021     3686.2247       1.0638651       3684.1396       3688.3099    
   14:p:factor(time)2022    -1706.1503       0.0000000      -1706.1503      -1706.1503    
   15:p:factor(time)2023     3686.5186       1.1793290       3684.2072       3688.8301    
   16:p:factor(time)2024    -5714.7950       0.0000000      -5714.7950      -5714.7950    


                          Real Function Parameters of { model6 }
                                                               95% Confidence Interval
     Parameter                Estimate       Standard Error     Lower           Upper
 --------------------------  --------------  --------------  --------------  --------------
     1:Phi g1 c2010 a0 t201   0.9457916       0.0236949       0.8758115       0.9773575       
     2:Phi g1 c2010 a1 t201   0.9329346       0.0289156       0.8490097       0.9717630       
     3:Phi g1 c2010 a2 t201   0.9172949       0.0350615       0.8176223       0.9648374       
     4:Phi g1 c2010 a3 t201   0.8984052       0.0421850       0.7813839       0.9562910       
     5:Phi g1 c2010 a4 t201   0.8757854       0.0502838       0.7402252       0.9457862       
     6:Phi g1 c2010 a5 t201   0.8489758       0.0592736       0.6943408       0.9329360       
     7:Phi g1 c2010 a6 t201   0.8175852       0.0689592       0.6442381       0.9173093       
     8:Phi g1 c2010 a7 t201   0.7813503       0.0790117       0.5907541       0.8984411       
     9:Phi g1 c2010 a8 t201   0.7402049       0.0889602       0.5350232       0.8758544       
    10:Phi g1 c2010 a9 t201   0.6943456       0.0982094       0.4783944       0.8490931       
    11:Phi g1 c2010 a10 t20   0.6442814       0.1060916       0.4223063       0.8177689       
    12:Phi g1 c2010 a11 t20   0.5908491       0.1119512       0.3681441       0.7816213       
    13:Phi g1 c2010 a12 t20   0.5351811       0.1152501       0.3171070       0.7405854       
    14:Phi g1 c2010 a13 t20   0.4786226       0.1156666       0.2701132       0.6948569       
    15:p g1 c2010 a1 t2011   0.5562685E-308   0.0000000      0.5562685E-308  0.5562685E-308   
    16:p g1 c2010 a2 t2012   0.5562685E-308   0.0000000      0.5562685E-308  0.5562685E-308   
    17:p g1 c2010 a3 t2013   0.5562685E-308   0.0000000      0.5562685E-308  0.5562685E-308   
    18:p g1 c2010 a4 t2014   0.5562685E-308   0.0000000      0.5562685E-308  0.5562685E-308   
    19:p g1 c2010 a5 t2015    0.4424126       0.0818341       0.2928504       0.6032028       
    20:p g1 c2010 a6 t2016   0.5562685E-308   0.0000000      0.5562685E-308  0.5562685E-308   
    21:p g1 c2010 a7 t2017    0.0378336       0.0274035       0.0089113       0.1467273       
    22:p g1 c2010 a8 t2018    0.0183251       0.0187913       0.0024036       0.1263519       
    23:p g1 c2010 a9 t2019   0.5562685E-308   0.0000000      0.5562685E-308  0.5562685E-308   
    24:p g1 c2010 a10 t2020   0.1976535       0.1025655       0.0648487       0.4666996       
    25:p g1 c2010 a11 t2021   0.1129925       0.0789623       0.0264752       0.3737065       
    26:p g1 c2010 a12 t2022  0.5562685E-308   0.0000000      0.5562685E-308  0.5562685E-308   
    27:p g1 c2010 a13 t2023   0.1459616       0.1193131       0.0255157       0.5273097       
    28:p g1 c2010 a14 t2024  0.5562685E-308   0.0000000      0.5562685E-308  0.5562685E-308   

Program  MARK  - Survival Rate Estimation with Capture-Recapture Data
 gfortran(dble/PIM2) Vers. 11.1 Nov 2024  16-Sep-2025 05:41:42    Page  007
 - - - - - - - - - - - - - - - - - - - - - - - - - - - - - - - - - - - - - -
 

 To compute parameter estimates, CPU Time was 0.016 secs and System Time was 0.001 secs.

 Attempted ordering of parameters by estimatibility:
   1  7 12  3 13  9 15 10  2  4  5 14  6 16  8 11
 Beta number 11 is a singular value.

 For procedure estimate CPU Time was 0.312 secs and System Time was 0.828 secs.
 INPUT --- proc stop;

 For this job, CPU Time in mins was 0.006 and System Time in mins was 0.015.

     Time Start = 05:41:41.991   Time End = 05:41:42.871

 Wall Clock Time in mins for this job was 0.014.

 Maximum of 19 words used.


          E X E C U T I O N   S U C C E S S F U L
