
 Program  MARK  - Survival Rate Estimation with Capture-Recapture Data
 gfortran(dble/PIM2) Vers. 11.1 Nov 2024  16-Sep-2025 05:41:34    Page  001
  
 - - - - - - - - - - - - - - - - - - - - - - - - - - - - - - - - - - - - - -
 
 Welcome to MARK localuser on machine DEP79421 in subdirectory 
 "C:\Users\localuser\Desktop\GitHub\LHI_SBSH_CMR_adult_survival" running file "data/rmark_outputs/reference_models/reference_model_3.inp".
 This version was compiled by GCC version 14.2.0 using the options: 
  -cpp -iprefix C:/tdm-gcc-64/mingw64-14-2/bin/../lib/gcc/
  x86_64-w64-mingw32/14.2.0/ -D_MT -D_REENTRANT -U_REENTRANT -D
  dbleprecision -m64 -march=x86-64 -mtune=generic -mthreads -O3 -std=f2023
  -fimplicit-none -ffpe-summary=invalid,zero,overflow,underflow
  -funroll-loops -fno-unsafe-math-optimizations -frounding-math
  -fsignaling-nans -fall-intrinsics -fopenmp

 This problem will use 19 of 20 possible threads.
 Static thread allocation is used.
 INPUT --- proc title ;

 For procedure title CPU Time was 0.001 secs and System Time was 0.001 secs.
 INPUT --- proc chmatrix occasions= 15 groups= 1 etype= Live Nodes= 
 INPUT --- 101 ICMeans NoHist hist= 26  ;
 INPUT ---    time interval 1 1 1 1 1 1 1 1 1 1 1 1 1 1 ;
 INPUT ---    glabel(1)=Group 1;

      Number of unique encounter histories read was 26.

      Number of individual covariates read was 0.
      Time interval lengths are all equal to 1.

      Data type number is 1
      Data type is Live Recaptures (CJS)

 For procedure chmatrix CPU Time was 0.001 secs and System Time was 0.001 secs.

Program  MARK  - Survival Rate Estimation with Capture-Recapture Data
 gfortran(dble/PIM2) Vers. 11.1 Nov 2024  16-Sep-2025 05:41:34    Page  002
 - - - - - - - - - - - - - - - - - - - - - - - - - - - - - - - - - - - - - -
 


 INPUT --- proc estimate link=Logit NOLOOP varest=2ndPart    ;
 INPUT --- model={ model3 };
 INPUT ---    group=1 Phi    rows=14 cols=14 Triang ;
 INPUT ---        1 1 1 1 1 1 1 1 1 1 1 1 1 1 ;
 INPUT ---        1 1 1 1 1 1 1 1 1 1 1 1 1 ;
 INPUT ---        1 1 1 1 1 1 1 1 1 1 1 1 ;
 INPUT ---        1 1 1 1 1 1 1 1 1 1 1 ;
 INPUT ---        1 1 1 1 1 1 1 1 1 1 ;
 INPUT ---        1 1 1 1 1 1 1 1 1 ;
 INPUT ---        1 1 1 1 1 1 1 1 ;
 INPUT ---        1 1 1 1 1 1 1 ;
 INPUT ---        1 1 1 1 1 1 ;
 INPUT ---        1 1 1 1 1 ;
 INPUT ---        1 1 1 1 ;
 INPUT ---        1 1 1 ;
 INPUT ---        1 1 ;
 INPUT ---        1 ;
 INPUT ---    group=1 p    rows=14 cols=14 Triang ;
 INPUT ---        2 2 2 2 2 2 2 2 2 2 2 2 2 2 ;
 INPUT ---        2 2 2 2 2 2 2 2 2 2 2 2 2 ;
 INPUT ---        2 2 2 2 2 2 2 2 2 2 2 2 ;
 INPUT ---        2 2 2 2 2 2 2 2 2 2 2 ;
 INPUT ---        2 2 2 2 2 2 2 2 2 2 ;
 INPUT ---        2 2 2 2 2 2 2 2 2 ;
 INPUT ---        2 2 2 2 2 2 2 2 ;
 INPUT ---        2 2 2 2 2 2 2 ;
 INPUT ---        2 2 2 2 2 2 ;
 INPUT ---        2 2 2 2 2 ;
 INPUT ---        2 2 2 2 ;
 INPUT ---        2 2 2 ;
 INPUT ---        2 2 ;
 INPUT ---        2 ;
 INPUT ---    design matrix constraints=2 covariates=2 identity;
 INPUT ---       blabel(1)=Phi:(Intercept);
 INPUT ---       blabel(2)=p:(Intercept);
 INPUT ---       rlabel(1)=Phi g1 c2010 a0 t2010;
 INPUT ---       rlabel(2)=p g1 c2010 a1 t2011;
   Model is { model3 }

 Link Function Used is LOGIT        

 Variance Estimation Procedure Used is 2ndPart 
 -2logL(saturated) = 199.66386     
 Effective Sample Size = 237

 Number of function evaluations was 9 for 2 parameters.
 For numerical optimization, CPU Time was 0.016 secs and System Time was 0.015 secs.

Program  MARK  - Survival Rate Estimation with Capture-Recapture Data
 gfortran(dble/PIM2) Vers. 11.1 Nov 2024  16-Sep-2025 05:41:34    Page  003
 - - - - - - - - - - - - - - - - - - - - - - - - - - - - - - - - - - - - - -
 
 -2logL { model3 } = 343.85392     
 Penalty { model3 } = 0.0000000     
 Gradient { model3 }:
  3.79726E-06  3.58231E-06
 Maximum ABS(G) { model3 } =  3.79726E-06
 To compute VC matrix, CPU Time was 0.001 secs and System Time was 0.001 secs.
 S Vector { model3 }:
   53.10684      8.933923    
 To invert VC matrix, CPU Time was 0.001 secs and System Time was 0.001 secs.
 Gap Method for Num. of Estimated Parameters { model3 } = 2          
 Threshold { model3 } = 0.7594529E-05           
 Numerical Threshold Method for Num. of Estimated Parameters { model3 } = 2          
 Number of Estimated Parameters { model3 } = 2          
 DEVIANCE { model3 } = 144.19007               
 DEVIANCE Degrees of Freedom { model3 } = 13          
 c-hat { model3 } = 11.091544               
 AIC { model3 } = 347.85392               
 AICc { model3 } = 347.90521               
 BIC { model3 } = 354.79004               
 Pearson Chisquare { model3 } = 997.17901               
 Possible Encounter Histories { model3 } = 4062          
 Pearson Chisquare df { model3 } = 4050          
 Pearson chat { model3 } = 0.2462170               
 Sum(Observed/Expected) { model3 } = 906.53226               
 s-bar { model3 } = -0.7787433              
 Fletcher chat { model3 } = 1.1128115               


                       LOGIT Link Function Parameters of { model3 }
                                                              95% Confidence Interval
    Parameter                  Beta         Standard Error     Lower           Upper
 -------------------------  --------------  --------------  --------------  --------------
    1:Phi:(Intercept)        1.0091819       0.2559387       0.5075420       1.5108217    
    2:p:(Intercept)         -2.1946124       0.2554570      -2.6953081      -1.6939167    

Program  MARK  - Survival Rate Estimation with Capture-Recapture Data
 gfortran(dble/PIM2) Vers. 11.1 Nov 2024  16-Sep-2025 05:41:34    Page  004
 - - - - - - - - - - - - - - - - - - - - - - - - - - - - - - - - - - - - - -
 
                          Real Function Parameters of { model3 }
                                                               95% Confidence Interval
     Parameter                Estimate       Standard Error     Lower           Upper
 --------------------------  --------------  --------------  --------------  --------------
     1:Phi g1 c2010 a0 t201   0.7328600       0.0501067       0.6242301       0.8191830       
     2:p g1 c2010 a1 t2011    0.1002353       0.0230392       0.0632508       0.1552614       

 To compute parameter estimates, CPU Time was 0.016 secs and System Time was 0.125 secs.

 For procedure estimate CPU Time was 0.031 secs and System Time was 0.140 secs.
 INPUT --- proc stop;

 For this job, CPU Time in mins was 0.001 and System Time in mins was 0.003.

     Time Start = 05:41:34.765   Time End = 05:41:34.962

 Wall Clock Time in mins for this job was 0.002.

 Maximum of 19 words used.


          E X E C U T I O N   S U C C E S S F U L
