
 Program  MARK  - Survival Rate Estimation with Capture-Recapture Data
 gfortran(dble/PIM2) Vers. 11.1 Nov 2024  15-Apr-2026 19:38:39    Page  001
  
 - - - - - - - - - - - - - - - - - - - - - - - - - - - - - - - - - - - - - -
 
 Welcome to MARK localuser on machine DEP79421 in subdirectory 
 "C:\Users\localuser\Desktop\GitHub\LHI_SBSH_CMR_adult_survival" running file "data/rmark_outputs/covariate_models/2026-04-15/quadratic_covariate_model_ENSO_jun_jul_aug.inp".
 This version was compiled by GCC version 14.2.0 using the options: 
  -cpp -iprefix C:/tdm-gcc-64/mingw64-14-2/bin/../lib/gcc/
  x86_64-w64-mingw32/14.2.0/ -D_MT -D_REENTRANT -U_REENTRANT -D
  dbleprecision -m64 -march=x86-64 -mtune=generic -mthreads -O3 -std=f2023
  -fimplicit-none -ffpe-summary=invalid,zero,overflow,underflow
  -funroll-loops -fno-unsafe-math-optimizations -frounding-math
  -fsignaling-nans -fall-intrinsics -fopenmp

 This problem will use 19 of 20 possible threads.
 Static thread allocation is used.
 INPUT --- proc title ;

 For procedure title CPU Time was 0.001 secs and System Time was 0.001 secs.
 INPUT --- proc chmatrix occasions= 12 groups= 1 etype= Live Nodes= 
 INPUT --- 101 ICMeans NoHist hist= 25  ;
 INPUT ---    time interval 1 1 1 1 1 1 1 1 1 1 1 ;
 INPUT ---    glabel(1)=Group 1;

      Number of unique encounter histories read was 25.

      Number of individual covariates read was 0.
      Time interval lengths are all equal to 1.

      Data type number is 1
      Data type is Live Recaptures (CJS)

 For procedure chmatrix CPU Time was 0.001 secs and System Time was 0.001 secs.

Program  MARK  - Survival Rate Estimation with Capture-Recapture Data
 gfortran(dble/PIM2) Vers. 11.1 Nov 2024  15-Apr-2026 19:38:39    Page  002
 - - - - - - - - - - - - - - - - - - - - - - - - - - - - - - - - - - - - - -
 


 INPUT --- proc estimate link=Logit NOLOOP varest=2ndPart    ;
 INPUT --- model={ model_ENSO_jun_jul_aug };
 INPUT ---    group=1 Phi    rows=11 cols=11 Triang ;
 INPUT ---        1 2 3 1 4 4 5 1 1 6 7 ;
 INPUT ---        2 3 1 4 4 5 1 1 6 7 ;
 INPUT ---        3 1 4 4 5 1 1 6 7 ;
 INPUT ---        1 4 4 5 1 1 6 7 ;
 INPUT ---        4 4 5 1 1 6 7 ;
 INPUT ---        4 5 1 1 6 7 ;
 INPUT ---        5 1 1 6 7 ;
 INPUT ---        1 1 6 7 ;
 INPUT ---        1 6 7 ;
 INPUT ---        6 7 ;
 INPUT ---        7 ;
 INPUT ---    group=1 p    rows=11 cols=11 Triang ;
 INPUT ---        8 9 10 11 12 13 14 15 16 17 18 ;
 INPUT ---        9 10 11 12 13 14 15 16 17 18 ;
 INPUT ---        10 11 12 13 14 15 16 17 18 ;
 INPUT ---        11 12 13 14 15 16 17 18 ;
 INPUT ---        12 13 14 15 16 17 18 ;
 INPUT ---        13 14 15 16 17 18 ;
 INPUT ---        14 15 16 17 18 ;
 INPUT ---        15 16 17 18 ;
 INPUT ---        16 17 18 ;
 INPUT ---        17 18 ;
 INPUT ---        18 ;
 INPUT ---    design matrix constraints=18 covariates=14;
 INPUT ---        1 -0.69317496936237 0.480491538150523 0 0 0 0 0 0 0 0 0 0 
 INPUT ---       0;
 INPUT ---        1 -0.088222268827938 0.00778316871714896 0 0 0 0 0 0 0 0 0 
 INPUT ---       0 0;
 INPUT ---        1 2.18035035817618 4.75392768439901 0 0 0 0 0 0 0 0 0 0 0;
 INPUT ---        1 0.06301590630567 0.00397100444752498 0 0 0 0 0 0 0 0 0 0 
 INPUT ---       0;
 INPUT ---        1 0.365492256572886 0.13358458961474 0 0 0 0 0 0 0 0 0 0 0;
 INPUT ---        1 -1.2981276698968 1.6851354473517 0 0 0 0 0 0 0 0 0 0 0;
 INPUT ---        1 1.57539765764175 2.48187777970311 0 0 0 0 0 0 0 0 0 0 0;
 INPUT ---        0 0 0 1 0 0 0 0 0 0 0 0 0 0;
 INPUT ---        0 0 0 1 1 0 0 0 0 0 0 0 0 0;
 INPUT ---        0 0 0 1 0 1 0 0 0 0 0 0 0 0;
 INPUT ---        0 0 0 1 0 0 1 0 0 0 0 0 0 0;
 INPUT ---        0 0 0 1 0 0 0 1 0 0 0 0 0 0;
 INPUT ---        0 0 0 1 0 0 0 0 1 0 0 0 0 0;
 INPUT ---        0 0 0 1 0 0 0 0 0 1 0 0 0 0;

Program  MARK  - Survival Rate Estimation with Capture-Recapture Data
 gfortran(dble/PIM2) Vers. 11.1 Nov 2024  15-Apr-2026 19:38:39    Page  003
 - - - - - - - - - - - - - - - - - - - - - - - - - - - - - - - - - - - - - -
 
 INPUT ---        0 0 0 1 0 0 0 0 0 0 1 0 0 0;
 INPUT ---        0 0 0 1 0 0 0 0 0 0 0 1 0 0;
 INPUT ---        0 0 0 1 0 0 0 0 0 0 0 0 1 0;
 INPUT ---        0 0 0 1 0 0 0 0 0 0 0 0 0 1;
 INPUT ---       blabel(1)=Phi:(Intercept);
 INPUT ---       blabel(2)=Phi:ENSO_jun_jul_aug;
 INPUT ---       blabel(3)=Phi:ENSO_jun_jul_aug2;
 INPUT ---       blabel(4)=p:(Intercept);
 INPUT ---       blabel(5)=p:factor(time)2015;
 INPUT ---       blabel(6)=p:factor(time)2016;
 INPUT ---       blabel(7)=p:factor(time)2017;
 INPUT ---       blabel(8)=p:factor(time)2018;
 INPUT ---       blabel(9)=p:factor(time)2019;
 INPUT ---       blabel(10)=p:factor(time)2020;
 INPUT ---       blabel(11)=p:factor(time)2021;
 INPUT ---       blabel(12)=p:factor(time)2022;
 INPUT ---       blabel(13)=p:factor(time)2023;
 INPUT ---       blabel(14)=p:factor(time)2024;
 INPUT ---       rlabel(1)=Phi g1 c2013 a0 t2013;
 INPUT ---       rlabel(2)=Phi g1 c2013 a1 t2014;
 INPUT ---       rlabel(3)=Phi g1 c2013 a2 t2015;
 INPUT ---       rlabel(4)=Phi g1 c2013 a4 t2017;
 INPUT ---       rlabel(5)=Phi g1 c2013 a6 t2019;
 INPUT ---       rlabel(6)=Phi g1 c2013 a9 t2022;
 INPUT ---       rlabel(7)=Phi g1 c2013 a10 t2023;
 INPUT ---       rlabel(8)=p g1 c2013 a1 t2014;
 INPUT ---       rlabel(9)=p g1 c2013 a2 t2015;
 INPUT ---       rlabel(10)=p g1 c2013 a3 t2016;
 INPUT ---       rlabel(11)=p g1 c2013 a4 t2017;
 INPUT ---       rlabel(12)=p g1 c2013 a5 t2018;
 INPUT ---       rlabel(13)=p g1 c2013 a6 t2019;
 INPUT ---       rlabel(14)=p g1 c2013 a7 t2020;
 INPUT ---       rlabel(15)=p g1 c2013 a8 t2021;
 INPUT ---       rlabel(16)=p g1 c2013 a9 t2022;
 INPUT ---       rlabel(17)=p g1 c2013 a10 t2023;
 INPUT ---       rlabel(18)=p g1 c2013 a11 t2024;
   Model is { model_ENSO_jun_jul_aug }

 Link Function Used is LOGIT        

 Variance Estimation Procedure Used is 2ndPart 
 -2logL(saturated) = 198.85252     
 Effective Sample Size = 223

 Number of function evaluations was 48 for 14 parameters.
 For numerical optimization, CPU Time was 0.406 secs and System Time was 0.172 secs.
 -2logL { model_ENSO_jun_jul_aug } = 235.10290     
 Penalty { model_ENSO_jun_jul_aug } = 0.0000000     

Program  MARK  - Survival Rate Estimation with Capture-Recapture Data
 gfortran(dble/PIM2) Vers. 11.1 Nov 2024  15-Apr-2026 19:38:39    Page  004
 - - - - - - - - - - - - - - - - - - - - - - - - - - - - - - - - - - - - - -
 
 Gradient { model_ENSO_jun_jul_aug }:
 -7.81096E-05 -4.79012E-06 -1.57219E-06 -2.21711E-05  1.01225E-05
   0.0000     -1.70055E-06  2.86901E-06   0.0000     -1.84682E-05
 -7.55152E-06   0.0000     -4.89648E-06   0.0000    
 Maximum ABS(G) { model_ENSO_jun_jul_aug } =  7.81096E-05
 To compute VC matrix, CPU Time was 0.188 secs and System Time was 0.062 secs.
 S Vector { model_ENSO_jun_jul_aug }:
   40.46192      20.09118      4.509042      3.447880      2.603917    
   1.435140      1.073624     0.2531849E-02 0.9132413E-04 0.9139865E-06
  0.8454964E-09 0.1893474E-09 0.9858153E-10 0.8515505E-10
 To invert VC matrix, CPU Time was 0.001 secs and System Time was 0.001 secs.
 Ratio Threshold = 50.00 Max Gap (10/11) = 1081. Next Max Gap (7/8) = 424.0
 Gap Method for Num. of Estimated Parameters { model_ENSO_jun_jul_aug } = 7          
 Threshold { model_ENSO_jun_jul_aug } = 0.1562191E-03           
 Numerical Threshold Method for Num. of Estimated Parameters { model_ENSO_jun_jul_aug } = 8          
 Number of Estimated Parameters { model_ENSO_jun_jul_aug } = 8          

   * *  WARNING  * *   Number of parameters estimated from gap method (=7) and threshold method (=8) differ.  Inspect full output. 
 Ratios of S Vector { model_ENSO_jun_jul_aug }:
   1/2    2.013914       2/3    4.455754       3/4    1.307772       4/5    1.324113       5/6    1.814399    
   6/7    1.336725       7/8    424.0475       8/9    27.72377       9/10    99.91847       10/11    1081.006    
   11/12    4.465319       12/13    1.920718       13/14    1.157671    
 DEVIANCE { model_ENSO_jun_jul_aug } = 36.250381               
 DEVIANCE Degrees of Freedom { model_ENSO_jun_jul_aug } = 7          
 c-hat { model_ENSO_jun_jul_aug } = 5.1786258               
 AIC { model_ENSO_jun_jul_aug } = 251.10290               
 AICc { model_ENSO_jun_jul_aug } = 251.77580               
 BIC { model_ENSO_jun_jul_aug } = 278.36028               
 Pearson Chisquare { model_ENSO_jun_jul_aug } = 48.890273               
 Possible Encounter Histories { model_ENSO_jun_jul_aug } = 4054          
 Pearson Chisquare df { model_ENSO_jun_jul_aug } = 4037          
 Pearson chat { model_ENSO_jun_jul_aug } = 0.0121105               
 Sum(Observed/Expected) { model_ENSO_jun_jul_aug } = 67.408168               
 s-bar { model_ENSO_jun_jul_aug } = -0.9855604              
 Fletcher chat { model_ENSO_jun_jul_aug } = 0.8387039               

Program  MARK  - Survival Rate Estimation with Capture-Recapture Data
 gfortran(dble/PIM2) Vers. 11.1 Nov 2024  15-Apr-2026 19:38:39    Page  005
 - - - - - - - - - - - - - - - - - - - - - - - - - - - - - - - - - - - - - -
 
               LOGIT Link Function Parameters of { model_ENSO_jun_jul_aug }
                                                              95% Confidence Interval
    Parameter                  Beta         Standard Error     Lower           Upper
 -------------------------  --------------  --------------  --------------  --------------
    1:Phi:(Intercept)        1.2709566       4.2820978      -7.1219553       9.6638684    
    2:Phi:ENSO_jun_jul_aug  -21.456215       88.215831      -194.35925       151.44682    
    3:Phi:ENSO_jun_jul_aug   49.297371       216.31431      -374.67869       473.27343    
    4:p:(Intercept)         -94.663782       39.551800      -172.18531      -17.142252    
    5:p:factor(time)2015     94.155479       39.550976       16.635564       171.67539    
    6:p:factor(time)2016    -34.484640       0.0000000      -34.484640      -34.484640    
    7:p:factor(time)2017     90.971947       39.558123       13.438024       168.50587    
    8:p:factor(time)2018     90.743753       39.570055       13.186443       168.30106    
    9:p:factor(time)2019    -51.913300       0.0000000      -51.913300      -51.913300    
   10:p:factor(time)2020     94.221954       39.557692       16.688876       171.75503    
   11:p:factor(time)2021     92.959037       39.556692       15.427919       170.49015    
   12:p:factor(time)2022    -48.178158       0.0000000      -48.178158      -48.178158    
   13:p:factor(time)2023     92.098834       39.557173       14.566773       169.63089    
   14:p:factor(time)2024    -15.792454       0.0000000      -15.792454      -15.792454    


                  Real Function Parameters of { model_ENSO_jun_jul_aug }
                                                               95% Confidence Interval
     Parameter                Estimate       Standard Error     Lower           Upper
 --------------------------  --------------  --------------  --------------  --------------
     1:Phi g1 c2013 a0 t201   1.0000000       0.0000000       1.0000000       1.0000000       
     2:Phi g1 c2013 a1 t201   0.9720112       0.3702178       0.9060038E-10   1.0000000       
     3:Phi g1 c2013 a2 t201   1.0000000       0.0000000       1.0000000       1.0000000       
     4:Phi g1 c2013 a4 t201   0.5286271       0.3128901       0.0873450       0.9292852       
     5:Phi g1 c2013 a6 t201   0.5035612       0.5030059       0.0192743       0.9812570       
     6:Phi g1 c2013 a9 t202   1.0000000       0.0000000       1.0000000       1.0000000       
     7:Phi g1 c2013 a10 t20   1.0000000       0.0000000       1.0000000       1.0000000       
     8:p g1 c2013 a1 t2014    0.7727550E-41   0.3056385E-39  -0.5913240E-39   0.6067791E-39   
     9:p g1 c2013 a2 t2015    0.3755914       0.1556644       0.1407283       0.6883997       
    10:p g1 c2013 a3 t2016    0.8157424E-56   0.0000000       0.8157424E-56   0.8157424E-56   
    11:p g1 c2013 a4 t2017    0.0243200       0.0183294       0.0054544       0.1017606       
    12:p g1 c2013 a5 t2018    0.0194545       0.0218759       0.0020917       0.1581105       
    13:p g1 c2013 a6 t2019    0.2199794E-63   0.0000000       0.2199794E-63   0.2199794E-63   
    14:p g1 c2013 a7 t2020    0.3913056       0.1936963       0.1155021       0.7598899       
    15:p g1 c2013 a8 t2021    0.1538465       0.0910633       0.0441156       0.4173489       
    16:p g1 c2013 a9 t2022    0.9215809E-62   0.0000000       0.9215809E-62   0.9215809E-62   
    17:p g1 c2013 a10 t2023   0.0714286       0.0430189       0.0211200       0.2152260       
    18:p g1 c2013 a11 t2024   0.1070203E-47   0.0000000       0.1070203E-47   0.1070203E-47   

Program  MARK  - Survival Rate Estimation with Capture-Recapture Data
 gfortran(dble/PIM2) Vers. 11.1 Nov 2024  15-Apr-2026 19:38:39    Page  006
 - - - - - - - - - - - - - - - - - - - - - - - - - - - - - - - - - - - - - -
 

 To compute parameter estimates, CPU Time was 0.001 secs and System Time was 0.016 secs.

 Attempted ordering of parameters by estimatibility:
   4  1  5 11 13 10  7  2  8  3 14  6 12  9
 Beta number 9 is a singular value.

 For procedure estimate CPU Time was 0.594 secs and System Time was 0.250 secs.
 INPUT --- proc stop;

 For this job, CPU Time in mins was 0.011 and System Time in mins was 0.005.

     Time Start = 19:38:39.308   Time End = 19:38:39.596

 Wall Clock Time in mins for this job was 0.004.

 Maximum of 19 words used.


          E X E C U T I O N   S U C C E S S F U L
