
 Program  MARK  - Survival Rate Estimation with Capture-Recapture Data
 gfortran(dble/PIM2) Vers. 11.1 Nov 2024  29-Apr-2026 11:31:09    Page  001
  
 - - - - - - - - - - - - - - - - - - - - - - - - - - - - - - - - - - - - - -
 
 Welcome to MARK localuser on machine DEP79421 in subdirectory 
 "C:\Users\localuser\Desktop\GitHub\LHI_SBSH_CMR_adult_survival" running file "data/rmark_outputs/reference_models/2026-04-29/linear_covariate_model_9.inp".
 This version was compiled by GCC version 14.2.0 using the options: 
  -cpp -iprefix C:/tdm-gcc-64/mingw64-14-2/bin/../lib/gcc/
  x86_64-w64-mingw32/14.2.0/ -D_MT -D_REENTRANT -U_REENTRANT -D
  dbleprecision -m64 -march=x86-64 -mtune=generic -mthreads -O3 -std=f2023
  -fimplicit-none -ffpe-summary=invalid,zero,overflow,underflow
  -funroll-loops -fno-unsafe-math-optimizations -frounding-math
  -fsignaling-nans -fall-intrinsics -fopenmp

 This problem will use 19 of 20 possible threads.
 Static thread allocation is used.
 INPUT --- proc title ;

 For procedure title CPU Time was 0.001 secs and System Time was 0.001 secs.
 INPUT --- proc chmatrix occasions= 12 groups= 1 etype= Live Nodes= 
 INPUT --- 101 ICMeans NoHist hist= 25  ;
 INPUT ---    time interval 1 1 1 1 1 1 1 1 1 1 1 ;
 INPUT ---    glabel(1)=Group 1;

      Number of unique encounter histories read was 25.

      Number of individual covariates read was 0.
      Time interval lengths are all equal to 1.

      Data type number is 1
      Data type is Live Recaptures (CJS)

 For procedure chmatrix CPU Time was 0.001 secs and System Time was 0.001 secs.

Program  MARK  - Survival Rate Estimation with Capture-Recapture Data
 gfortran(dble/PIM2) Vers. 11.1 Nov 2024  29-Apr-2026 11:31:09    Page  002
 - - - - - - - - - - - - - - - - - - - - - - - - - - - - - - - - - - - - - -
 


 INPUT --- proc estimate link=Logit NOLOOP varest=2ndPart    ;
 INPUT --- model={ model9 };
 INPUT ---    group=1 Phi    rows=11 cols=11 Triang ;
 INPUT ---        1 2 3 4 5 6 7 8 9 10 11 ;
 INPUT ---        2 3 4 5 6 7 8 9 10 11 ;
 INPUT ---        3 4 5 6 7 8 9 10 11 ;
 INPUT ---        4 5 6 7 8 9 10 11 ;
 INPUT ---        5 6 7 8 9 10 11 ;
 INPUT ---        6 7 8 9 10 11 ;
 INPUT ---        7 8 9 10 11 ;
 INPUT ---        8 9 10 11 ;
 INPUT ---        9 10 11 ;
 INPUT ---        10 11 ;
 INPUT ---        11 ;
 INPUT ---    group=1 p    rows=11 cols=11 Triang ;
 INPUT ---        12 13 14 15 16 17 18 19 20 21 22 ;
 INPUT ---        13 14 15 16 17 18 19 20 21 22 ;
 INPUT ---        14 15 16 17 18 19 20 21 22 ;
 INPUT ---        15 16 17 18 19 20 21 22 ;
 INPUT ---        16 17 18 19 20 21 22 ;
 INPUT ---        17 18 19 20 21 22 ;
 INPUT ---        18 19 20 21 22 ;
 INPUT ---        19 20 21 22 ;
 INPUT ---        20 21 22 ;
 INPUT ---        21 22 ;
 INPUT ---        22 ;
 INPUT ---    design matrix constraints=22 covariates=13;
 INPUT ---        1 0 0 0 0 0 0 0 0 0 0 0 0;
 INPUT ---        1 1 0 0 0 0 0 0 0 0 0 0 0;
 INPUT ---        1 0 1 0 0 0 0 0 0 0 0 0 0;
 INPUT ---        1 0 0 1 0 0 0 0 0 0 0 0 0;
 INPUT ---        1 0 0 0 1 0 0 0 0 0 0 0 0;
 INPUT ---        1 0 0 0 0 1 0 0 0 0 0 0 0;
 INPUT ---        1 0 0 0 0 0 1 0 0 0 0 0 0;
 INPUT ---        1 0 0 0 0 0 0 1 0 0 0 0 0;
 INPUT ---        1 0 0 0 0 0 0 0 1 0 0 0 0;
 INPUT ---        1 0 0 0 0 0 0 0 0 1 0 0 0;
 INPUT ---        1 0 0 0 0 0 0 0 0 0 1 0 0;
 INPUT ---        0 0 0 0 0 0 0 0 0 0 0 1 2014;
 INPUT ---        0 0 0 0 0 0 0 0 0 0 0 1 2015;
 INPUT ---        0 0 0 0 0 0 0 0 0 0 0 1 2016;
 INPUT ---        0 0 0 0 0 0 0 0 0 0 0 1 2017;
 INPUT ---        0 0 0 0 0 0 0 0 0 0 0 1 2018;
 INPUT ---        0 0 0 0 0 0 0 0 0 0 0 1 2019;

Program  MARK  - Survival Rate Estimation with Capture-Recapture Data
 gfortran(dble/PIM2) Vers. 11.1 Nov 2024  29-Apr-2026 11:31:09    Page  003
 - - - - - - - - - - - - - - - - - - - - - - - - - - - - - - - - - - - - - -
 
 INPUT ---        0 0 0 0 0 0 0 0 0 0 0 1 2020;
 INPUT ---        0 0 0 0 0 0 0 0 0 0 0 1 2021;
 INPUT ---        0 0 0 0 0 0 0 0 0 0 0 1 2022;
 INPUT ---        0 0 0 0 0 0 0 0 0 0 0 1 2023;
 INPUT ---        0 0 0 0 0 0 0 0 0 0 0 1 2024;
 INPUT ---       blabel(1)=Phi:(Intercept);
 INPUT ---       blabel(2)=Phi:factor(time)2014;
 INPUT ---       blabel(3)=Phi:factor(time)2015;
 INPUT ---       blabel(4)=Phi:factor(time)2016;
 INPUT ---       blabel(5)=Phi:factor(time)2017;
 INPUT ---       blabel(6)=Phi:factor(time)2018;
 INPUT ---       blabel(7)=Phi:factor(time)2019;
 INPUT ---       blabel(8)=Phi:factor(time)2020;
 INPUT ---       blabel(9)=Phi:factor(time)2021;
 INPUT ---       blabel(10)=Phi:factor(time)2022;
 INPUT ---       blabel(11)=Phi:factor(time)2023;
 INPUT ---       blabel(12)=p:(Intercept);
 INPUT ---       blabel(13)=p:time;
 INPUT ---       rlabel(1)=Phi g1 c2013 a0 t2013;
 INPUT ---       rlabel(2)=Phi g1 c2013 a1 t2014;
 INPUT ---       rlabel(3)=Phi g1 c2013 a2 t2015;
 INPUT ---       rlabel(4)=Phi g1 c2013 a3 t2016;
 INPUT ---       rlabel(5)=Phi g1 c2013 a4 t2017;
 INPUT ---       rlabel(6)=Phi g1 c2013 a5 t2018;
 INPUT ---       rlabel(7)=Phi g1 c2013 a6 t2019;
 INPUT ---       rlabel(8)=Phi g1 c2013 a7 t2020;
 INPUT ---       rlabel(9)=Phi g1 c2013 a8 t2021;
 INPUT ---       rlabel(10)=Phi g1 c2013 a9 t2022;
 INPUT ---       rlabel(11)=Phi g1 c2013 a10 t2023;
 INPUT ---       rlabel(12)=p g1 c2013 a1 t2014;
 INPUT ---       rlabel(13)=p g1 c2013 a2 t2015;
 INPUT ---       rlabel(14)=p g1 c2013 a3 t2016;
 INPUT ---       rlabel(15)=p g1 c2013 a4 t2017;
 INPUT ---       rlabel(16)=p g1 c2013 a5 t2018;
 INPUT ---       rlabel(17)=p g1 c2013 a6 t2019;
 INPUT ---       rlabel(18)=p g1 c2013 a7 t2020;
 INPUT ---       rlabel(19)=p g1 c2013 a8 t2021;
 INPUT ---       rlabel(20)=p g1 c2013 a9 t2022;
 INPUT ---       rlabel(21)=p g1 c2013 a10 t2023;
 INPUT ---       rlabel(22)=p g1 c2013 a11 t2024;
   Model is { model9 }

 Link Function Used is LOGIT        

 Variance Estimation Procedure Used is 2ndPart 
 -2logL(saturated) = 198.85252     
 Effective Sample Size = 223

 Number of function evaluations was 57 for 13 parameters.
 For numerical optimization, CPU Time was 0.234 secs and System Time was 0.187 secs.

Program  MARK  - Survival Rate Estimation with Capture-Recapture Data
 gfortran(dble/PIM2) Vers. 11.1 Nov 2024  29-Apr-2026 11:31:09    Page  004
 - - - - - - - - - - - - - - - - - - - - - - - - - - - - - - - - - - - - - -
 
 -2logL { model9 } = 300.67385     
 Penalty { model9 } = 0.0000000     

   * *  WARNING  * *   Numerical underflow occurred during optimization. 
     IEEE flag status during optimization:
     overflow       F
     divide by zero F
     invalid        F
     underflow      T
     inexact        T

 Gradient { model9 }:
  4.08366E-03   0.0000     -3.45606E-04   0.0000      1.61108E-03
  3.28563E-03   0.0000     -8.79816E-06 -5.09157E-04 -4.52429E-07
   0.0000      7.94832E-03  8.09646E-03
 Maximum ABS(G) { model9 } =  8.09646E-03
 To compute VC matrix, CPU Time was 0.078 secs and System Time was 0.110 secs.
 S Vector { model9 }:
   70.25814      12.40778      2.925452     0.9252692     0.7038712    
  0.4661057E-02 0.9024016E-03 0.1423536E-05 0.9778279E-10 0.5312340E-10
  0.2363745E-10 0.1700529E-10 0.2747615E-12
 To invert VC matrix, CPU Time was 0.001 secs and System Time was 0.001 secs.
 Ratio Threshold = 50.00 Max Gap (8/9) = 1.4558E+4 Next Max Gap (7/8) = 633.9
 Gap Method for Num. of Estimated Parameters { model9 } = 7          
 Threshold { model9 } = 0.0161929               
 Numerical Threshold Method for Num. of Estimated Parameters { model9 } = 5          
 Number of Estimated Parameters { model9 } = 7          

   * *  WARNING  * *   Number of parameters estimated from gap method (=7) and threshold method (=5) differ.  Inspect full output. 
 Ratios of S Vector { model9 }:
   1/2    5.662427       2/3    4.241320       3/4    3.161730       4/5    1.314543       5/6    151.0111    
   6/7    5.165169       7/8    633.9156       8/9    14558.14       9/10    1.840673       10/11    2.247425    
   11/12    1.390006       12/13    61.89110    
 DEVIANCE { model9 } = 101.82133               
 DEVIANCE Degrees of Freedom { model9 } = 10          
 c-hat { model9 } = 10.182133               
 AIC { model9 } = 310.67385               
 AICc { model9 } = 310.95035               
 BIC { model9 } = 327.70971               
 Pearson Chisquare { model9 } = 603.22183               
 Possible Encounter Histories { model9 } = 4054          
 Pearson Chisquare df { model9 } = 4040          
 Pearson chat { model9 } = 0.1493123               
 Sum(Observed/Expected) { model9 } = 592.64466               
 s-bar { model9 } = -0.8557121              

Program  MARK  - Survival Rate Estimation with Capture-Recapture Data
 gfortran(dble/PIM2) Vers. 11.1 Nov 2024  29-Apr-2026 11:31:09    Page  005
 - - - - - - - - - - - - - - - - - - - - - - - - - - - - - - - - - - - - - -
 
 Fletcher chat { model9 } = 1.0348221               

   * *  WARNING  * *   Numerical underflow occurred computing the variance-covariance matrix. 
     IEEE flag status computing the variance-covariance matrix:
     overflow       F
     divide by zero F
     invalid        F
     underflow      T
     inexact        T



                       LOGIT Link Function Parameters of { model9 }
                                                              95% Confidence Interval
    Parameter                  Beta         Standard Error     Lower           Upper
 -------------------------  --------------  --------------  --------------  --------------
    1:Phi:(Intercept)        614.06480       6.5496876       601.22741       626.90219    
    2:Phi:factor(time)2014   105.67004       101127.39      -198104.02       198315.36    
    3:Phi:factor(time)2015  -615.12120       6.5591566      -627.97715      -602.26525    
    4:Phi:factor(time)2016  -254.78887       242497.88      -475550.64       475041.06    
    5:Phi:factor(time)2017  -613.43343       6.6472729      -626.46209      -600.40478    
    6:Phi:factor(time)2018  -613.63914       6.5962738      -626.56784      -600.71045    
    7:Phi:factor(time)2019   215.95672       205683.60      -402923.91       403355.82    
    8:Phi:factor(time)2020  -601.72693       838.13851      -2244.4784       1041.0246    
    9:Phi:factor(time)2021  -614.89508       6.6225510      -627.87528      -601.91488    
   10:Phi:factor(time)2022  -590.66303       137200.94      -269504.51       268323.19    
   11:Phi:factor(time)2023  -2011.3128       1907752.6      -3741206.5       3737183.9    
   12:p:(Intercept)          190.79640       23.493129       144.74986       236.84293    
   13:p:time                -0.0955156       0.0116526      -0.1183547      -0.0726765    


                          Real Function Parameters of { model9 }
                                                               95% Confidence Interval
     Parameter                Estimate       Standard Error     Lower           Upper
 --------------------------  --------------  --------------  --------------  --------------
     1:Phi g1 c2013 a0 t201   1.0000000       0.0000000       1.0000000       1.0000000       
     2:Phi g1 c2013 a1 t201   1.0000000       0.0000000       1.0000000       1.0000000       
     3:Phi g1 c2013 a2 t201   0.2579981       0.0960612       0.1150751       0.4817878       
     4:Phi g1 c2013 a3 t201   1.0000000       0.0000000       1.0000000       1.0000000       
     5:Phi g1 c2013 a4 t201   0.6527997       0.2549040       0.1717975       0.9445736       
     6:Phi g1 c2013 a5 t201   0.6048361       0.2031675       0.2243626       0.8900973       
     7:Phi g1 c2013 a6 t201   1.0000000       0.0000000       1.0000000       1.0000000       
     8:Phi g1 c2013 a7 t202   0.9999956       0.0036731      0.1269264E-302   1.0000000       
     9:Phi g1 c2013 a8 t202   0.3035853       0.2215219       0.0529541       0.7726536       
    10:Phi g1 c2013 a9 t202   1.0000000       0.9421065E-05   0.9999815       1.0000185       
    11:Phi g1 c2013 a10 t20  0.5562685E-308   0.0000000      0.5562685E-308  0.5562685E-308   
    12:p g1 c2013 a1 t2014    0.1719326       0.0309030       0.1194733       0.2411185       
    13:p g1 c2013 a2 t2015    0.1587567       0.0288597       0.1099700       0.2237460       

Program  MARK  - Survival Rate Estimation with Capture-Recapture Data
 gfortran(dble/PIM2) Vers. 11.1 Nov 2024  29-Apr-2026 11:31:09    Page  006
 - - - - - - - - - - - - - - - - - - - - - - - - - - - - - - - - - - - - - -
 
    14:p g1 c2013 a3 t2016    0.1464121       0.0269635       0.1010244       0.2074850       
    15:p g1 c2013 a4 t2017    0.1348734       0.0252079       0.0926269       0.1923046       
    16:p g1 c2013 a5 t2018    0.1241119       0.0235845       0.0847663       0.1781652       
    17:p g1 c2013 a6 t2019    0.1140958       0.0220840       0.0774292       0.1650202       
    18:p g1 c2013 a7 t2020    0.1047913       0.0206967       0.0706001       0.1528185       
    19:p g1 c2013 a8 t2021    0.0961633       0.0194126       0.0642620       0.1415062       
    20:p g1 c2013 a9 t2022    0.0881756       0.0182223       0.0583960       0.1310284       
    21:p g1 c2013 a10 t2023   0.0807921       0.0171165       0.0529817       0.1213303       
    22:p g1 c2013 a11 t2024   0.0739768       0.0160870       0.0479975       0.1123581       

 To compute parameter estimates, CPU Time was 0.016 secs and System Time was 0.031 secs.

 Attempted ordering of parameters by estimatibility:
  12  1  3  9  6  5 13  8  2 10  7  4 11
 Beta number 11 is a singular value.

 For procedure estimate CPU Time was 0.328 secs and System Time was 0.500 secs.
 INPUT --- proc stop;

 For this job, CPU Time in mins was 0.006 and System Time in mins was 0.010.

     Time Start = 11:31:09.037   Time End = 11:31:09.599

 Wall Clock Time in mins for this job was 0.008.

 Maximum of 19 words used.


          E X E C U T I O N   S U C C E S S F U L
