
 Program  MARK  - Survival Rate Estimation with Capture-Recapture Data
 gfortran(dble/PIM2) Vers. 11.1 Nov 2024  29-Apr-2026 11:31:29    Page  001
  
 - - - - - - - - - - - - - - - - - - - - - - - - - - - - - - - - - - - - - -
 
 Welcome to MARK localuser on machine DEP79421 in subdirectory 
 "C:\Users\localuser\Desktop\GitHub\LHI_SBSH_CMR_adult_survival" running file "data/rmark_outputs/reference_models/2026-04-29/linear_covariate_model_17.inp".
 This version was compiled by GCC version 14.2.0 using the options: 
  -cpp -iprefix C:/tdm-gcc-64/mingw64-14-2/bin/../lib/gcc/
  x86_64-w64-mingw32/14.2.0/ -D_MT -D_REENTRANT -U_REENTRANT -D
  dbleprecision -m64 -march=x86-64 -mtune=generic -mthreads -O3 -std=f2023
  -fimplicit-none -ffpe-summary=invalid,zero,overflow,underflow
  -funroll-loops -fno-unsafe-math-optimizations -frounding-math
  -fsignaling-nans -fall-intrinsics -fopenmp

 This problem will use 19 of 20 possible threads.
 Static thread allocation is used.
 INPUT --- proc title ;

 For procedure title CPU Time was 0.001 secs and System Time was 0.001 secs.
 INPUT --- proc chmatrix occasions= 12 groups= 1 etype= Live Nodes= 
 INPUT --- 101 ICMeans NoHist hist= 25  ;
 INPUT ---    time interval 1 1 1 1 1 1 1 1 1 1 1 ;
 INPUT ---    glabel(1)=Group 1;

      Number of unique encounter histories read was 25.

      Number of individual covariates read was 0.
      Time interval lengths are all equal to 1.

      Data type number is 1
      Data type is Live Recaptures (CJS)

 For procedure chmatrix CPU Time was 0.001 secs and System Time was 0.001 secs.

Program  MARK  - Survival Rate Estimation with Capture-Recapture Data
 gfortran(dble/PIM2) Vers. 11.1 Nov 2024  29-Apr-2026 11:31:29    Page  002
 - - - - - - - - - - - - - - - - - - - - - - - - - - - - - - - - - - - - - -
 


 INPUT --- proc estimate link=Logit NOLOOP varest=2ndPart    ;
 INPUT --- model={ model17 };
 INPUT ---    group=1 Phi    rows=11 cols=11 Triang ;
 INPUT ---        1 2 3 4 5 6 7 8 9 10 11 ;
 INPUT ---        2 3 4 5 6 7 8 9 10 11 ;
 INPUT ---        3 4 5 6 7 8 9 10 11 ;
 INPUT ---        4 5 6 7 8 9 10 11 ;
 INPUT ---        5 6 7 8 9 10 11 ;
 INPUT ---        6 7 8 9 10 11 ;
 INPUT ---        7 8 9 10 11 ;
 INPUT ---        8 9 10 11 ;
 INPUT ---        9 10 11 ;
 INPUT ---        10 11 ;
 INPUT ---        11 ;
 INPUT ---    group=1 p    rows=11 cols=11 Triang ;
 INPUT ---        12 13 14 15 16 17 18 19 20 21 22 ;
 INPUT ---        13 14 15 16 17 18 19 20 21 22 ;
 INPUT ---        14 15 16 17 18 19 20 21 22 ;
 INPUT ---        15 16 17 18 19 20 21 22 ;
 INPUT ---        16 17 18 19 20 21 22 ;
 INPUT ---        17 18 19 20 21 22 ;
 INPUT ---        18 19 20 21 22 ;
 INPUT ---        19 20 21 22 ;
 INPUT ---        20 21 22 ;
 INPUT ---        21 22 ;
 INPUT ---        22 ;
 INPUT ---    design matrix constraints=22 covariates=22;
 INPUT ---        1 0 0 0 0 0 0 0 0 0 0 0 0 0 0 0 0 0 0 0 0 0;
 INPUT ---        1 1 0 0 0 0 0 0 0 0 0 0 0 0 0 0 0 0 0 0 0 0;
 INPUT ---        1 0 1 0 0 0 0 0 0 0 0 0 0 0 0 0 0 0 0 0 0 0;
 INPUT ---        1 0 0 1 0 0 0 0 0 0 0 0 0 0 0 0 0 0 0 0 0 0;
 INPUT ---        1 0 0 0 1 0 0 0 0 0 0 0 0 0 0 0 0 0 0 0 0 0;
 INPUT ---        1 0 0 0 0 1 0 0 0 0 0 0 0 0 0 0 0 0 0 0 0 0;
 INPUT ---        1 0 0 0 0 0 1 0 0 0 0 0 0 0 0 0 0 0 0 0 0 0;
 INPUT ---        1 0 0 0 0 0 0 1 0 0 0 0 0 0 0 0 0 0 0 0 0 0;
 INPUT ---        1 0 0 0 0 0 0 0 1 0 0 0 0 0 0 0 0 0 0 0 0 0;
 INPUT ---        1 0 0 0 0 0 0 0 0 1 0 0 0 0 0 0 0 0 0 0 0 0;
 INPUT ---        1 0 0 0 0 0 0 0 0 0 1 0 0 0 0 0 0 0 0 0 0 0;
 INPUT ---        0 0 0 0 0 0 0 0 0 0 0 1 0 0 0 0 0 0 0 0 0 0;
 INPUT ---        0 0 0 0 0 0 0 0 0 0 0 1 1 0 0 0 0 0 0 0 0 0;
 INPUT ---        0 0 0 0 0 0 0 0 0 0 0 1 0 1 0 0 0 0 0 0 0 0;
 INPUT ---        0 0 0 0 0 0 0 0 0 0 0 1 0 0 1 0 0 0 0 0 0 0;
 INPUT ---        0 0 0 0 0 0 0 0 0 0 0 1 0 0 0 1 0 0 0 0 0 0;
 INPUT ---        0 0 0 0 0 0 0 0 0 0 0 1 0 0 0 0 1 0 0 0 0 0;

Program  MARK  - Survival Rate Estimation with Capture-Recapture Data
 gfortran(dble/PIM2) Vers. 11.1 Nov 2024  29-Apr-2026 11:31:29    Page  003
 - - - - - - - - - - - - - - - - - - - - - - - - - - - - - - - - - - - - - -
 
 INPUT ---        0 0 0 0 0 0 0 0 0 0 0 1 0 0 0 0 0 1 0 0 0 0;
 INPUT ---        0 0 0 0 0 0 0 0 0 0 0 1 0 0 0 0 0 0 1 0 0 0;
 INPUT ---        0 0 0 0 0 0 0 0 0 0 0 1 0 0 0 0 0 0 0 1 0 0;
 INPUT ---        0 0 0 0 0 0 0 0 0 0 0 1 0 0 0 0 0 0 0 0 1 0;
 INPUT ---        0 0 0 0 0 0 0 0 0 0 0 1 0 0 0 0 0 0 0 0 0 1;
 INPUT ---       blabel(1)=Phi:(Intercept);
 INPUT ---       blabel(2)=Phi:factor(time)2014;
 INPUT ---       blabel(3)=Phi:factor(time)2015;
 INPUT ---       blabel(4)=Phi:factor(time)2016;
 INPUT ---       blabel(5)=Phi:factor(time)2017;
 INPUT ---       blabel(6)=Phi:factor(time)2018;
 INPUT ---       blabel(7)=Phi:factor(time)2019;
 INPUT ---       blabel(8)=Phi:factor(time)2020;
 INPUT ---       blabel(9)=Phi:factor(time)2021;
 INPUT ---       blabel(10)=Phi:factor(time)2022;
 INPUT ---       blabel(11)=Phi:factor(time)2023;
 INPUT ---       blabel(12)=p:(Intercept);
 INPUT ---       blabel(13)=p:factor(time)2015;
 INPUT ---       blabel(14)=p:factor(time)2016;
 INPUT ---       blabel(15)=p:factor(time)2017;
 INPUT ---       blabel(16)=p:factor(time)2018;
 INPUT ---       blabel(17)=p:factor(time)2019;
 INPUT ---       blabel(18)=p:factor(time)2020;
 INPUT ---       blabel(19)=p:factor(time)2021;
 INPUT ---       blabel(20)=p:factor(time)2022;
 INPUT ---       blabel(21)=p:factor(time)2023;
 INPUT ---       blabel(22)=p:factor(time)2024;
 INPUT ---       rlabel(1)=Phi g1 c2013 a0 t2013;
 INPUT ---       rlabel(2)=Phi g1 c2013 a1 t2014;
 INPUT ---       rlabel(3)=Phi g1 c2013 a2 t2015;
 INPUT ---       rlabel(4)=Phi g1 c2013 a3 t2016;
 INPUT ---       rlabel(5)=Phi g1 c2013 a4 t2017;
 INPUT ---       rlabel(6)=Phi g1 c2013 a5 t2018;
 INPUT ---       rlabel(7)=Phi g1 c2013 a6 t2019;
 INPUT ---       rlabel(8)=Phi g1 c2013 a7 t2020;
 INPUT ---       rlabel(9)=Phi g1 c2013 a8 t2021;
 INPUT ---       rlabel(10)=Phi g1 c2013 a9 t2022;
 INPUT ---       rlabel(11)=Phi g1 c2013 a10 t2023;
 INPUT ---       rlabel(12)=p g1 c2013 a1 t2014;
 INPUT ---       rlabel(13)=p g1 c2013 a2 t2015;
 INPUT ---       rlabel(14)=p g1 c2013 a3 t2016;
 INPUT ---       rlabel(15)=p g1 c2013 a4 t2017;
 INPUT ---       rlabel(16)=p g1 c2013 a5 t2018;
 INPUT ---       rlabel(17)=p g1 c2013 a6 t2019;
 INPUT ---       rlabel(18)=p g1 c2013 a7 t2020;
 INPUT ---       rlabel(19)=p g1 c2013 a8 t2021;

Program  MARK  - Survival Rate Estimation with Capture-Recapture Data
 gfortran(dble/PIM2) Vers. 11.1 Nov 2024  29-Apr-2026 11:31:29    Page  004
 - - - - - - - - - - - - - - - - - - - - - - - - - - - - - - - - - - - - - -
 
 INPUT ---       rlabel(20)=p g1 c2013 a9 t2022;
 INPUT ---       rlabel(21)=p g1 c2013 a10 t2023;
 INPUT ---       rlabel(22)=p g1 c2013 a11 t2024;
   Model is { model17 }

 Link Function Used is LOGIT        

 Variance Estimation Procedure Used is 2ndPart 
 -2logL(saturated) = 198.85252     
 Effective Sample Size = 223

 Number of function evaluations was 60 for 22 parameters.
 For numerical optimization, CPU Time was 0.312 secs and System Time was 0.219 secs.
 -2logL { model17 } = 234.45056     
 Penalty { model17 } = 0.0000000     
 Gradient { model17 }:
  1.71021E-05 -9.85684E-07   0.0000      3.33545E-05  5.75197E-06
 -4.23938E-06 -1.14186E-05   0.0000       0.0000       0.0000    
   0.0000     -6.78705E-05 -3.32994E-05   0.0000     -3.82367E-06
 -4.29508E-06   0.0000     -2.37483E-05  1.58197E-05   0.0000    
 -1.77990E-05   0.0000    
 Maximum ABS(G) { model17 } =  6.78705E-05
 To compute VC matrix, CPU Time was 0.266 secs and System Time was 0.828 secs.
 S Vector { model17 }:
   43.88528      21.03891      4.471348      3.400376      2.552489    
   1.912715      1.222355     0.4422333     0.7075487E-01 0.5077355E-01
  0.1086609E-04 0.2274799E-05 0.5375108E-06 0.3891812E-07 0.1380378E-07
  0.7184062E-08 0.5148208E-08 0.2195983E-08 0.2033764E-08 0.1120642E-08
  0.1376902E-09 0.6865506E-10
 To invert VC matrix, CPU Time was 0.001 secs and System Time was 0.001 secs.
 Ratio Threshold = 50.00 Max Gap (10/11) = 4673. Next Max Gap (13/14) = 13.81
 Gap Method for Num. of Estimated Parameters { model17 } = 10          
 Threshold { model17 } = 0.1357411E-03           
 Numerical Threshold Method for Num. of Estimated Parameters { model17 } = 10          
 Number of Estimated Parameters { model17 } = 10          
 DEVIANCE { model17 } = 35.598042               
 DEVIANCE Degrees of Freedom { model17 } = 5          
 c-hat { model17 } = 7.1196083               
 AIC { model17 } = 254.45056               
 AICc { model17 } = 255.48830               
 BIC { model17 } = 288.52228               
 Pearson Chisquare { model17 } = 49.605549               
 Possible Encounter Histories { model17 } = 4054          
 Pearson Chisquare df { model17 } = 4035          
 Pearson chat { model17 } = 0.0122938               
 Sum(Observed/Expected) { model17 } = 68.543524               
 s-bar { model17 } = -0.9852797              
 Fletcher chat { model17 } = 0.8351620               

Program  MARK  - Survival Rate Estimation with Capture-Recapture Data
 gfortran(dble/PIM2) Vers. 11.1 Nov 2024  29-Apr-2026 11:31:30    Page  005
 - - - - - - - - - - - - - - - - - - - - - - - - - - - - - - - - - - - - - -
 
                      LOGIT Link Function Parameters of { model17 }
                                                              95% Confidence Interval
    Parameter                  Beta         Standard Error     Lower           Upper
 -------------------------  --------------  --------------  --------------  --------------
    1:Phi:(Intercept)        1.7881746       1.9197001      -1.9744377       5.5507870    
    2:Phi:factor(time)2014   12.545362       1364.0685      -2661.0290       2686.1197    
    3:Phi:factor(time)2015   32.976068       0.0000000       32.976068       32.976068    
    4:Phi:factor(time)2016  -1.0586273       3.2053364      -7.3410868       5.2238322    
    5:Phi:factor(time)2017  -0.6579951       3.7523690      -8.0126385       6.6966483    
    6:Phi:factor(time)2018  -0.7996473       609.97603      -1196.3527       1194.7534    
    7:Phi:factor(time)2019  -2.3407640       260.63012      -513.17581       508.49428    
    8:Phi:factor(time)2020   19.261374       0.0000000       19.261374       19.261374    
    9:Phi:factor(time)2021   13.521487       5013.7673      -9813.4627       9840.5057    
   10:Phi:factor(time)2022   13.097818       13928.828      -27287.405       27313.601    
   11:Phi:factor(time)2023   47.115849       0.0000000       47.115849       47.115849    
   12:p:(Intercept)         -28.676506       114.66209      -253.41420       196.06119    
   13:p:factor(time)2015     28.269455       114.66213      -196.46832       253.00723    
   14:p:factor(time)2016    -7.8404463       0.0000000      -7.8404463      -7.8404463    
   15:p:factor(time)2017     25.437801       114.66744      -199.31039       250.18599    
   16:p:factor(time)2018     24.756507       114.66821      -199.99319       249.50620    
   17:p:factor(time)2019    -2.3933246       0.0000000      -2.3933246      -2.3933246    
   18:p:factor(time)2020     28.234668       114.66431      -196.50738       252.97672    
   19:p:factor(time)2021     26.971758       114.66387      -197.76944       251.71296    
   20:p:factor(time)2022    -10.909432       0.0000000      -10.909432      -10.909432    
   21:p:factor(time)2023     26.111553       114.66396      -198.62981       250.85291    
   22:p:factor(time)2024    -3.7036975       0.0000000      -3.7036975      -3.7036975    


                         Real Function Parameters of { model17 }
                                                               95% Confidence Interval
     Parameter                Estimate       Standard Error     Lower           Upper
 --------------------------  --------------  --------------  --------------  --------------
     1:Phi g1 c2013 a0 t201   0.8567033       0.2356676       0.1219130       0.9961306       
     2:Phi g1 c2013 a1 t201   0.9999994       0.8125668E-03  0.9338136E-302   1.0000000       
     3:Phi g1 c2013 a2 t201   1.0000000       0.0000000       1.0000000       1.0000000       
     4:Phi g1 c2013 a3 t201   0.6747059       0.5063025       0.0220558       0.9947849       
     5:Phi g1 c2013 a4 t201   0.7558720       0.5949511       0.0055458       0.9994186       
     6:Phi g1 c2013 a5 t201   0.7287969       120.56228      0.1494846E-307   1.0000000       
     7:Phi g1 c2013 a6 t201   0.3652639       60.424548      0.8181938E-222   1.0000000       
     8:Phi g1 c2013 a7 t202   1.0000000       0.0000000       1.0000000       1.0000000       
     9:Phi g1 c2013 a8 t202   0.9999998       0.0011253      0.2478483E-301   1.0000000       
    10:Phi g1 c2013 a9 t202   0.9999997       0.0047754      0.1622515E-301   1.0000000       
    11:Phi g1 c2013 a10 t20   1.0000000       0.0000000       1.0000000       1.0000000       
    12:p g1 c2013 a1 t2014    0.3515214E-12   0.4030618E-10  -0.7864859E-10   0.7935163E-10   
    13:p g1 c2013 a2 t2015    0.3996195       0.0883751       0.2443439       0.5780829       

Program  MARK  - Survival Rate Estimation with Capture-Recapture Data
 gfortran(dble/PIM2) Vers. 11.1 Nov 2024  29-Apr-2026 11:31:30    Page  006
 - - - - - - - - - - - - - - - - - - - - - - - - - - - - - - - - - - - - - -
 
    14:p g1 c2013 a3 t2016    0.1383213E-15   0.0000000       0.1383213E-15   0.1383213E-15   
    15:p g1 c2013 a4 t2017    0.0377349       0.0382197       0.0049582       0.2358310       
    16:p g1 c2013 a5 t2018    0.0194551       0.0218765       0.0020917       0.1581143       
    17:p g1 c2013 a6 t2019    0.3210289E-13   0.0000000       0.3210289E-13   0.3210289E-13   
    18:p g1 c2013 a7 t2020    0.3913032       0.1936976       0.1154996       0.7598906       
    19:p g1 c2013 a8 t2021    0.1538462       0.0910635       0.0441152       0.4173496       
    20:p g1 c2013 a9 t2022    0.6427554E-17   0.0000000       0.6427554E-17   0.6427554E-17   
    21:p g1 c2013 a10 t2023   0.0714283       0.0430203       0.0211190       0.2152327       
    22:p g1 c2013 a11 t2024   0.8658774E-14   0.0000000       0.8658774E-14   0.8658774E-14   

 To compute parameter estimates, CPU Time was 0.016 secs and System Time was 0.047 secs.

 Attempted ordering of parameters by estimatibility:
  12  1 13 19 21 18 15  7  4  5 16  6  2  9 17 22 10  8 14 20  3 11
 Beta number 11 is a singular value.

 For procedure estimate CPU Time was 0.594 secs and System Time was 1.235 secs.
 INPUT --- proc stop;

 For this job, CPU Time in mins was 0.010 and System Time in mins was 0.022.

     Time Start = 11:31:29.643   Time End = 11:31:30.949

 Wall Clock Time in mins for this job was 0.021.

 Maximum of 22 words used.


          E X E C U T I O N   S U C C E S S F U L
