
 Program  MARK  - Survival Rate Estimation with Capture-Recapture Data
 gfortran(dble/PIM2) Vers. 11.1 Nov 2024  29-Apr-2026 11:31:20    Page  001
  
 - - - - - - - - - - - - - - - - - - - - - - - - - - - - - - - - - - - - - -
 
 Welcome to MARK localuser on machine DEP79421 in subdirectory 
 "C:\Users\localuser\Desktop\GitHub\LHI_SBSH_CMR_adult_survival" running file "data/rmark_outputs/reference_models/2026-04-29/linear_covariate_model_13.inp".
 This version was compiled by GCC version 14.2.0 using the options: 
  -cpp -iprefix C:/tdm-gcc-64/mingw64-14-2/bin/../lib/gcc/
  x86_64-w64-mingw32/14.2.0/ -D_MT -D_REENTRANT -U_REENTRANT -D
  dbleprecision -m64 -march=x86-64 -mtune=generic -mthreads -O3 -std=f2023
  -fimplicit-none -ffpe-summary=invalid,zero,overflow,underflow
  -funroll-loops -fno-unsafe-math-optimizations -frounding-math
  -fsignaling-nans -fall-intrinsics -fopenmp

 This problem will use 19 of 20 possible threads.
 Static thread allocation is used.
 INPUT --- proc title ;

 For procedure title CPU Time was 0.001 secs and System Time was 0.001 secs.
 INPUT --- proc chmatrix occasions= 12 groups= 1 etype= Live Nodes= 
 INPUT --- 101 ICMeans NoHist hist= 25  ;
 INPUT ---    time interval 1 1 1 1 1 1 1 1 1 1 1 ;
 INPUT ---    glabel(1)=Group 1;

      Number of unique encounter histories read was 25.

      Number of individual covariates read was 0.
      Time interval lengths are all equal to 1.

      Data type number is 1
      Data type is Live Recaptures (CJS)

 For procedure chmatrix CPU Time was 0.001 secs and System Time was 0.001 secs.

Program  MARK  - Survival Rate Estimation with Capture-Recapture Data
 gfortran(dble/PIM2) Vers. 11.1 Nov 2024  29-Apr-2026 11:31:20    Page  002
 - - - - - - - - - - - - - - - - - - - - - - - - - - - - - - - - - - - - - -
 


 INPUT --- proc estimate link=Logit NOLOOP varest=2ndPart    ;
 INPUT --- model={ model13 };
 INPUT ---    group=1 Phi    rows=11 cols=11 Triang ;
 INPUT ---        1 2 3 4 5 6 7 8 9 10 11 ;
 INPUT ---        2 3 4 5 6 7 8 9 10 11 ;
 INPUT ---        3 4 5 6 7 8 9 10 11 ;
 INPUT ---        4 5 6 7 8 9 10 11 ;
 INPUT ---        5 6 7 8 9 10 11 ;
 INPUT ---        6 7 8 9 10 11 ;
 INPUT ---        7 8 9 10 11 ;
 INPUT ---        8 9 10 11 ;
 INPUT ---        9 10 11 ;
 INPUT ---        10 11 ;
 INPUT ---        11 ;
 INPUT ---    group=1 p    rows=11 cols=11 Triang ;
 INPUT ---        12 13 14 15 16 17 18 19 20 21 22 ;
 INPUT ---        13 14 15 16 17 18 19 20 21 22 ;
 INPUT ---        14 15 16 17 18 19 20 21 22 ;
 INPUT ---        15 16 17 18 19 20 21 22 ;
 INPUT ---        16 17 18 19 20 21 22 ;
 INPUT ---        17 18 19 20 21 22 ;
 INPUT ---        18 19 20 21 22 ;
 INPUT ---        19 20 21 22 ;
 INPUT ---        20 21 22 ;
 INPUT ---        21 22 ;
 INPUT ---        22 ;
 INPUT ---    design matrix constraints=22 covariates=14;
 INPUT ---        1 0 0 0 0 0 0 0 0 0 0 0 0 0;
 INPUT ---        1 1 0 0 0 0 0 0 0 0 0 0 0 0;
 INPUT ---        1 0 1 0 0 0 0 0 0 0 0 0 0 0;
 INPUT ---        1 0 0 1 0 0 0 0 0 0 0 0 0 0;
 INPUT ---        1 0 0 0 1 0 0 0 0 0 0 0 0 0;
 INPUT ---        1 0 0 0 0 1 0 0 0 0 0 0 0 0;
 INPUT ---        1 0 0 0 0 0 1 0 0 0 0 0 0 0;
 INPUT ---        1 0 0 0 0 0 0 1 0 0 0 0 0 0;
 INPUT ---        1 0 0 0 0 0 0 0 1 0 0 0 0 0;
 INPUT ---        1 0 0 0 0 0 0 0 0 1 0 0 0 0;
 INPUT ---        1 0 0 0 0 0 0 0 0 0 1 0 0 0;
 INPUT ---        0 0 0 0 0 0 0 0 0 0 0 1 1 2014;
 INPUT ---        0 0 0 0 0 0 0 0 0 0 0 1 1 2015;
 INPUT ---        0 0 0 0 0 0 0 0 0 0 0 1 1 2016;
 INPUT ---        0 0 0 0 0 0 0 0 0 0 0 1 1 2017;
 INPUT ---        0 0 0 0 0 0 0 0 0 0 0 1 1 2018;
 INPUT ---        0 0 0 0 0 0 0 0 0 0 0 1 1 2019;

Program  MARK  - Survival Rate Estimation with Capture-Recapture Data
 gfortran(dble/PIM2) Vers. 11.1 Nov 2024  29-Apr-2026 11:31:20    Page  003
 - - - - - - - - - - - - - - - - - - - - - - - - - - - - - - - - - - - - - -
 
 INPUT ---        0 0 0 0 0 0 0 0 0 0 0 1 0 2020;
 INPUT ---        0 0 0 0 0 0 0 0 0 0 0 1 0 2021;
 INPUT ---        0 0 0 0 0 0 0 0 0 0 0 1 0 2022;
 INPUT ---        0 0 0 0 0 0 0 0 0 0 0 1 0 2023;
 INPUT ---        0 0 0 0 0 0 0 0 0 0 0 1 0 2024;
 INPUT ---       blabel(1)=Phi:(Intercept);
 INPUT ---       blabel(2)=Phi:factor(time)2014;
 INPUT ---       blabel(3)=Phi:factor(time)2015;
 INPUT ---       blabel(4)=Phi:factor(time)2016;
 INPUT ---       blabel(5)=Phi:factor(time)2017;
 INPUT ---       blabel(6)=Phi:factor(time)2018;
 INPUT ---       blabel(7)=Phi:factor(time)2019;
 INPUT ---       blabel(8)=Phi:factor(time)2020;
 INPUT ---       blabel(9)=Phi:factor(time)2021;
 INPUT ---       blabel(10)=Phi:factor(time)2022;
 INPUT ---       blabel(11)=Phi:factor(time)2023;
 INPUT ---       blabel(12)=p:(Intercept);
 INPUT ---       blabel(13)=p:recap_groupB;
 INPUT ---       blabel(14)=p:time;
 INPUT ---       rlabel(1)=Phi g1 c2013 a0 t2013;
 INPUT ---       rlabel(2)=Phi g1 c2013 a1 t2014;
 INPUT ---       rlabel(3)=Phi g1 c2013 a2 t2015;
 INPUT ---       rlabel(4)=Phi g1 c2013 a3 t2016;
 INPUT ---       rlabel(5)=Phi g1 c2013 a4 t2017;
 INPUT ---       rlabel(6)=Phi g1 c2013 a5 t2018;
 INPUT ---       rlabel(7)=Phi g1 c2013 a6 t2019;
 INPUT ---       rlabel(8)=Phi g1 c2013 a7 t2020;
 INPUT ---       rlabel(9)=Phi g1 c2013 a8 t2021;
 INPUT ---       rlabel(10)=Phi g1 c2013 a9 t2022;
 INPUT ---       rlabel(11)=Phi g1 c2013 a10 t2023;
 INPUT ---       rlabel(12)=p g1 c2013 a1 t2014;
 INPUT ---       rlabel(13)=p g1 c2013 a2 t2015;
 INPUT ---       rlabel(14)=p g1 c2013 a3 t2016;
 INPUT ---       rlabel(15)=p g1 c2013 a4 t2017;
 INPUT ---       rlabel(16)=p g1 c2013 a5 t2018;
 INPUT ---       rlabel(17)=p g1 c2013 a6 t2019;
 INPUT ---       rlabel(18)=p g1 c2013 a7 t2020;
 INPUT ---       rlabel(19)=p g1 c2013 a8 t2021;
 INPUT ---       rlabel(20)=p g1 c2013 a9 t2022;
 INPUT ---       rlabel(21)=p g1 c2013 a10 t2023;
 INPUT ---       rlabel(22)=p g1 c2013 a11 t2024;
   Model is { model13 }

 Link Function Used is LOGIT        

 Variance Estimation Procedure Used is 2ndPart 
 -2logL(saturated) = 198.85252     

Program  MARK  - Survival Rate Estimation with Capture-Recapture Data
 gfortran(dble/PIM2) Vers. 11.1 Nov 2024  29-Apr-2026 11:31:20    Page  004
 - - - - - - - - - - - - - - - - - - - - - - - - - - - - - - - - - - - - - -
 
 Effective Sample Size = 223

 Number of function evaluations was 38 for 14 parameters.
 For numerical optimization, CPU Time was 0.312 secs and System Time was 0.140 secs.
 -2logL { model13 } = 287.06122     
 Penalty { model13 } = 0.0000000     

   * *  WARNING  * *   Numerical underflow occurred during optimization. 
     IEEE flag status during optimization:
     overflow       F
     divide by zero F
     invalid        F
     underflow      T
     inexact        T

 Gradient { model13 }:
  0.15447       0.0000      8.89613E-03   0.0000      2.26395E-02
  1.47825E-02   0.0000      8.09512E-02  3.22999E-02 -5.60939E-03
   0.0000     -1.22079E-02 -3.82083E-02 -9.79840E-03
 Maximum ABS(G) { model13 } =  0.15447    
 To compute VC matrix, CPU Time was 0.047 secs and System Time was 1.047 secs.
 S Vector { model13 }:
   80.88534      21.97813      4.378975      1.604139      1.176799    
  0.3382611     0.2220909     0.7352077E-01 0.1636112E-01 0.2804705E-02
  0.3622049E-11 0.1517853E-11 0.1872651E-12 0.8944863E-14
 To invert VC matrix, CPU Time was 0.001 secs and System Time was 0.001 secs.
 Ratio Threshold = 50.00 Max Gap (10/11) = 7.7434E+8 Next Max Gap (13/14) = 20.94
 Gap Method for Num. of Estimated Parameters { model13 } = 10          
 Threshold { model13 } = 0.3089459               
 Numerical Threshold Method for Num. of Estimated Parameters { model13 } = 6          
 Number of Estimated Parameters { model13 } = 10          

   * *  WARNING  * *   Number of parameters estimated from gap method (=10) and threshold method (=6) differ.  Inspect full output. 
 Ratios of S Vector { model13 }:
   1/2    3.680266       2/3    5.019012       3/4    2.729797       4/5    1.363138       5/6    3.478967    
   6/7    1.523075       7/8    3.020791       8/9    4.493628       9/10    5.833453       10/11   0.7743423E+09
   11/12    2.386297       12/13    8.105370       13/14    20.93549    
 DEVIANCE { model13 } = 88.208703               
 DEVIANCE Degrees of Freedom { model13 } = 9          
 c-hat { model13 } = 9.8009670               
 AIC { model13 } = 299.06122               
 AICc { model13 } = 299.45011               
 BIC { model13 } = 319.50425               
 Pearson Chisquare { model13 } = 207.64061               
 Possible Encounter Histories { model13 } = 4054          
 Pearson Chisquare df { model13 } = 4039          
 Pearson chat { model13 } = 0.0514089               
 Sum(Observed/Expected) { model13 } = 195.52551               

Program  MARK  - Survival Rate Estimation with Capture-Recapture Data
 gfortran(dble/PIM2) Vers. 11.1 Nov 2024  29-Apr-2026 11:31:22    Page  005
 - - - - - - - - - - - - - - - - - - - - - - - - - - - - - - - - - - - - - -
 
 s-bar { model13 } = -0.9538874              
 Fletcher chat { model13 } = 1.1148559               

   * *  WARNING  * *   Numerical underflow occurred computing the variance-covariance matrix. 
     IEEE flag status computing the variance-covariance matrix:
     overflow       F
     divide by zero F
     invalid        F
     underflow      T
     inexact        T



                      LOGIT Link Function Parameters of { model13 }
                                                              95% Confidence Interval
    Parameter                  Beta         Standard Error     Lower           Upper
 -------------------------  --------------  --------------  --------------  --------------
    1:Phi:(Intercept)        3972.1704       0.8905031       3970.4250       3973.9158    
    2:Phi:factor(time)2014  -512.11719       0.0000000      -512.11719      -512.11719    
    3:Phi:factor(time)2015  -3972.8472       0.9955724      -3974.7986      -3970.8959    
    4:Phi:factor(time)2016  -2255.9092       0.0000000      -2255.9092      -2255.9092    
    5:Phi:factor(time)2017  -3970.4280       3.5935616      -3977.4714      -3963.3846    
    6:Phi:factor(time)2018  -3972.8277       0.9450702      -3974.6800      -3970.9753    
    7:Phi:factor(time)2019   791.65688       0.0000000       791.65688       791.65688    
    8:Phi:factor(time)2020  -3971.1797       2.0957492      -3975.2873      -3967.0720    
    9:Phi:factor(time)2021  -3972.5388       1.5403535      -3975.5579      -3969.5197    
   10:Phi:factor(time)2022  -3966.8508       18.881872      -4003.8593      -3929.8424    
   11:Phi:factor(time)2023  -10324.550       0.0000000      -10324.550      -10324.550    
   12:p:(Intercept)          892.05834       5.5306897       881.21819       902.89850    
   13:p:recap_groupB        -3.0510114       0.5787660      -4.1853929      -1.9166300    
   14:p:time                -0.4420354       0.0027366      -0.4473992      -0.4366716    


                         Real Function Parameters of { model13 }
                                                               95% Confidence Interval
     Parameter                Estimate       Standard Error     Lower           Upper
 --------------------------  --------------  --------------  --------------  --------------
     1:Phi g1 c2013 a0 t201   1.0000000       0.0000000       1.0000000       1.0000000       
     2:Phi g1 c2013 a1 t201   1.0000000       0.0000000       1.0000000       1.0000000       
     3:Phi g1 c2013 a2 t201   0.3369664       0.1348155       0.1347567       0.6238343       
     4:Phi g1 c2013 a3 t201   1.0000000       0.0000000       1.0000000       1.0000000       
     5:Phi g1 c2013 a4 t201   0.8509937       0.4160332       0.0091192       0.9997179       
     6:Phi g1 c2013 a5 t201   0.3413549       0.1622708       0.1118602       0.6807791       
     7:Phi g1 c2013 a6 t201   1.0000000       0.0000000       1.0000000       1.0000000       
     8:Phi g1 c2013 a7 t202   0.7292310       0.3716037       0.0630936       0.9908009       
     9:Phi g1 c2013 a8 t202   0.4089296       0.3218788       0.0484060       0.9039347       
    10:Phi g1 c2013 a9 t202   0.9951290       0.0914708       0.1767755E-13   1.0000000       
    11:Phi g1 c2013 a10 t20  0.5562685E-308   0.0000000      0.5562685E-308  0.5562685E-308   

Program  MARK  - Survival Rate Estimation with Capture-Recapture Data
 gfortran(dble/PIM2) Vers. 11.1 Nov 2024  29-Apr-2026 11:31:22    Page  006
 - - - - - - - - - - - - - - - - - - - - - - - - - - - - - - - - - - - - - -
 
    12:p g1 c2013 a1 t2014    0.2223687       0.0397267       0.1541776       0.3096777       
    13:p g1 c2013 a2 t2015    0.1552570       0.0301287       0.1048736       0.2237938       
    14:p g1 c2013 a3 t2016    0.1056480       0.0217074       0.0700268       0.1563428       
    15:p g1 c2013 a4 t2017    0.0705664       0.0150712       0.0461588       0.1064398       
    16:p g1 c2013 a5 t2018    0.0465279       0.0101978       0.0301603       0.0711268       
    17:p g1 c2013 a6 t2019    0.0304103       0.0067813       0.0195917       0.0469171       
    18:p g1 c2013 a7 t2020    0.2987795       0.1139253       0.1279838       0.5529684       
    19:p g1 c2013 a8 t2021    0.2149821       0.0917907       0.0861804       0.4429709       
    20:p g1 c2013 a9 t2022    0.1496706       0.0692394       0.0571352       0.3383018       
    21:p g1 c2013 a10 t2023   0.1016319       0.0496865       0.0374766       0.2473860       
    22:p g1 c2013 a11 t2024   0.0677828       0.0343973       0.0244062       0.1744651       

 To compute parameter estimates, CPU Time was 0.016 secs and System Time was 0.047 secs.

 Attempted ordering of parameters by estimatibility:
  12  1 13  6  3  9  8  5 14 10  2  7  4 11
 Beta number 11 is a singular value.

 For procedure estimate CPU Time was 0.375 secs and System Time was 1.422 secs.

Program  MARK  - Survival Rate Estimation with Capture-Recapture Data
 gfortran(dble/PIM2) Vers. 11.1 Nov 2024  29-Apr-2026 11:31:22    Page  007
 - - - - - - - - - - - - - - - - - - - - - - - - - - - - - - - - - - - - - -
 


 INPUT --- proc stop;

 For this job, CPU Time in mins was 0.007 and System Time in mins was 0.025.

     Time Start = 11:31:20.652   Time End = 11:31:22.135

 Wall Clock Time in mins for this job was 0.024.

 Maximum of 19 words used.


          E X E C U T I O N   S U C C E S S F U L
