
 Program  MARK  - Survival Rate Estimation with Capture-Recapture Data
 gfortran(dble/PIM2) Vers. 11.1 Nov 2024  29-Apr-2026 11:30:59    Page  001
  
 - - - - - - - - - - - - - - - - - - - - - - - - - - - - - - - - - - - - - -
 
 Welcome to MARK localuser on machine DEP79421 in subdirectory 
 "C:\Users\localuser\Desktop\GitHub\LHI_SBSH_CMR_adult_survival" running file "data/rmark_outputs/reference_models/2026-04-29/linear_covariate_model_4.inp".
 This version was compiled by GCC version 14.2.0 using the options: 
  -cpp -iprefix C:/tdm-gcc-64/mingw64-14-2/bin/../lib/gcc/
  x86_64-w64-mingw32/14.2.0/ -D_MT -D_REENTRANT -U_REENTRANT -D
  dbleprecision -m64 -march=x86-64 -mtune=generic -mthreads -O3 -std=f2023
  -fimplicit-none -ffpe-summary=invalid,zero,overflow,underflow
  -funroll-loops -fno-unsafe-math-optimizations -frounding-math
  -fsignaling-nans -fall-intrinsics -fopenmp

 This problem will use 19 of 20 possible threads.
 Static thread allocation is used.
 INPUT --- proc title ;

 For procedure title CPU Time was 0.001 secs and System Time was 0.001 secs.
 INPUT --- proc chmatrix occasions= 12 groups= 1 etype= Live Nodes= 
 INPUT --- 101 ICMeans NoHist hist= 25  ;
 INPUT ---    time interval 1 1 1 1 1 1 1 1 1 1 1 ;
 INPUT ---    glabel(1)=Group 1;

      Number of unique encounter histories read was 25.

      Number of individual covariates read was 0.
      Time interval lengths are all equal to 1.

      Data type number is 1
      Data type is Live Recaptures (CJS)

 For procedure chmatrix CPU Time was 0.001 secs and System Time was 0.001 secs.

Program  MARK  - Survival Rate Estimation with Capture-Recapture Data
 gfortran(dble/PIM2) Vers. 11.1 Nov 2024  29-Apr-2026 11:30:59    Page  002
 - - - - - - - - - - - - - - - - - - - - - - - - - - - - - - - - - - - - - -
 


 INPUT --- proc estimate link=Logit NOLOOP varest=2ndPart    ;
 INPUT --- model={ model4 };
 INPUT ---    group=1 Phi    rows=11 cols=11 Triang ;
 INPUT ---        1 2 3 4 5 6 7 8 9 10 11 ;
 INPUT ---        2 3 4 5 6 7 8 9 10 11 ;
 INPUT ---        3 4 5 6 7 8 9 10 11 ;
 INPUT ---        4 5 6 7 8 9 10 11 ;
 INPUT ---        5 6 7 8 9 10 11 ;
 INPUT ---        6 7 8 9 10 11 ;
 INPUT ---        7 8 9 10 11 ;
 INPUT ---        8 9 10 11 ;
 INPUT ---        9 10 11 ;
 INPUT ---        10 11 ;
 INPUT ---        11 ;
 INPUT ---    group=1 p    rows=11 cols=11 Triang ;
 INPUT ---        12 12 12 12 12 12 12 12 12 12 12 ;
 INPUT ---        12 12 12 12 12 12 12 12 12 12 ;
 INPUT ---        12 12 12 12 12 12 12 12 12 ;
 INPUT ---        12 12 12 12 12 12 12 12 ;
 INPUT ---        12 12 12 12 12 12 12 ;
 INPUT ---        12 12 12 12 12 12 ;
 INPUT ---        12 12 12 12 12 ;
 INPUT ---        12 12 12 12 ;
 INPUT ---        12 12 12 ;
 INPUT ---        12 12 ;
 INPUT ---        12 ;
 INPUT ---    design matrix constraints=12 covariates=4;
 INPUT ---        1 2013 4052169 0;
 INPUT ---        1 2014 4056196 0;
 INPUT ---        1 2015 4060225 0;
 INPUT ---        1 2016 4064256 0;
 INPUT ---        1 2017 4068289 0;
 INPUT ---        1 2018 4072324 0;
 INPUT ---        1 2019 4076361 0;
 INPUT ---        1 2020 4080400 0;
 INPUT ---        1 2021 4084441 0;
 INPUT ---        1 2022 4088484 0;
 INPUT ---        1 2023 4092529 0;
 INPUT ---        0 0 0 1;
 INPUT ---       blabel(1)=Phi:(Intercept);
 INPUT ---       blabel(2)=Phi:time;
 INPUT ---       blabel(3)=Phi:I(time^2);
 INPUT ---       blabel(4)=p:(Intercept);
 INPUT ---       rlabel(1)=Phi g1 c2013 a0 t2013;

Program  MARK  - Survival Rate Estimation with Capture-Recapture Data
 gfortran(dble/PIM2) Vers. 11.1 Nov 2024  29-Apr-2026 11:30:59    Page  003
 - - - - - - - - - - - - - - - - - - - - - - - - - - - - - - - - - - - - - -
 
 INPUT ---       rlabel(2)=Phi g1 c2013 a1 t2014;
 INPUT ---       rlabel(3)=Phi g1 c2013 a2 t2015;
 INPUT ---       rlabel(4)=Phi g1 c2013 a3 t2016;
 INPUT ---       rlabel(5)=Phi g1 c2013 a4 t2017;
 INPUT ---       rlabel(6)=Phi g1 c2013 a5 t2018;
 INPUT ---       rlabel(7)=Phi g1 c2013 a6 t2019;
 INPUT ---       rlabel(8)=Phi g1 c2013 a7 t2020;
 INPUT ---       rlabel(9)=Phi g1 c2013 a8 t2021;
 INPUT ---       rlabel(10)=Phi g1 c2013 a9 t2022;
 INPUT ---       rlabel(11)=Phi g1 c2013 a10 t2023;
 INPUT ---       rlabel(12)=p g1 c2013 a1 t2014;
   Model is { model4 }

 Link Function Used is LOGIT        

 Variance Estimation Procedure Used is 2ndPart 
 -2logL(saturated) = 198.85252     
 Effective Sample Size = 223

 Number of function evaluations was 29 for 4 parameters.
 For numerical optimization, CPU Time was 0.062 secs and System Time was 0.531 secs.
 -2logL { model4 } = 329.74837     
 Penalty { model4 } = 0.0000000     
 Gradient { model4 }:
  4.83208E-05 -4.43615E-05  4.80345E-05 -1.98656E-04
 Maximum ABS(G) { model4 } =  1.98656E-04
 To compute VC matrix, CPU Time was 0.001 secs and System Time was 0.001 secs.
 S Vector { model4 }:
   95.26410      13.75034     0.3667027E-02 0.1209447E-02
 To invert VC matrix, CPU Time was 0.001 secs and System Time was 0.001 secs.
 Ratio Threshold = 50.00 Max Gap (2/3) = 3750. Next Max Gap (1/2) = 6.928
 Gap Method for Num. of Estimated Parameters { model4 } = 2          
 Threshold { model4 } = 0.3973112E-03           
 Numerical Threshold Method for Num. of Estimated Parameters { model4 } = 4          
 Number of Estimated Parameters { model4 } = 4          

   * *  WARNING  * *   Number of parameters estimated from gap method (=2) and threshold method (=4) differ.  Inspect full output. 
 Ratios of S Vector { model4 }:
   1/2    6.928129       2/3    3749.723       3/4    3.031986    
 DEVIANCE { model4 } = 130.89585               
 DEVIANCE Degrees of Freedom { model4 } = 11          
 c-hat { model4 } = 11.899623               
 AIC { model4 } = 337.74837               
 AICc { model4 } = 337.93186               
 BIC { model4 } = 351.37706               
 Pearson Chisquare { model4 } = 743.19317               
 Possible Encounter Histories { model4 } = 4054          
 Pearson Chisquare df { model4 } = 4041          

Program  MARK  - Survival Rate Estimation with Capture-Recapture Data
 gfortran(dble/PIM2) Vers. 11.1 Nov 2024  29-Apr-2026 11:30:59    Page  004
 - - - - - - - - - - - - - - - - - - - - - - - - - - - - - - - - - - - - - -
 
 Pearson chat { model4 } = 0.1839132               
 Sum(Observed/Expected) { model4 } = 682.49715               
 s-bar { model4 } = -0.8334988              
 Fletcher chat { model4 } = 1.1045761               


                       LOGIT Link Function Parameters of { model4 }
                                                              95% Confidence Interval
    Parameter                  Beta         Standard Error     Lower           Upper
 -------------------------  --------------  --------------  --------------  --------------
    1:Phi:(Intercept)        257.62456       16.499020       225.28648       289.96264    
    2:Phi:time              -0.3133130E-03   0.0116053      -0.0230598       0.0224332    
    3:Phi:I(time^2)         -0.6289969E-04   0.4060384E-05  -0.7085804E-04  -0.5494134E-04
    4:p:(Intercept)         -2.1300179       0.2427532      -2.6058142      -1.6542216    


                          Real Function Parameters of { model4 }
                                                               95% Confidence Interval
     Parameter                Estimate       Standard Error     Lower           Upper
 --------------------------  --------------  --------------  --------------  --------------
     1:Phi g1 c2013 a0 t201   0.8922266       0.0266054       0.8279815       0.9343792       
     2:Phi g1 c2013 a1 t201   0.8653061       0.0319784       0.7895657       0.9166630       
     3:Phi g1 c2013 a2 t201   0.8329030       0.0379291       0.7450132       0.8947772       
     4:Phi g1 c2013 a3 t201   0.7945349       0.0442664       0.6944507       0.8680643       
     5:Phi g1 c2013 a4 t201   0.7499776       0.0506796       0.6384755       0.8359273       
     6:Phi g1 c2013 a5 t201   0.6993868       0.0567413       0.5782054       0.7979206       
     7:Phi g1 c2013 a6 t201   0.6433973       0.0619440       0.5152390       0.7538598       
     8:Phi g1 c2013 a7 t202   0.5831638       0.0657726       0.4515145       0.7039342       
     9:Phi g1 c2013 a8 t202   0.5203098       0.0678030       0.3890826       0.6487930       
    10:Phi g1 c2013 a9 t202   0.4567750       0.0677971       0.3298498       0.5895726       
    11:Phi g1 c2013 a10 t20   0.3945860       0.0657608       0.2753548       0.5278389       
    12:p g1 c2013 a1 t2014    0.1062133       0.0230451       0.0687652       0.1605392       

 To compute parameter estimates, CPU Time was 0.001 secs and System Time was 0.047 secs.

 Attempted ordering of parameters by estimatibility:
  1 4 3 2
 Beta number 2 is a singular value.

 For procedure estimate CPU Time was 0.062 secs and System Time was 0.578 secs.

Program  MARK  - Survival Rate Estimation with Capture-Recapture Data
 gfortran(dble/PIM2) Vers. 11.1 Nov 2024  29-Apr-2026 11:30:59    Page  005
 - - - - - - - - - - - - - - - - - - - - - - - - - - - - - - - - - - - - - -
 


 INPUT --- proc stop;

 For this job, CPU Time in mins was 0.002 and System Time in mins was 0.011.

     Time Start = 11:30:59.312   Time End = 11:30:59.952

 Wall Clock Time in mins for this job was 0.010.

 Maximum of 19 words used.


          E X E C U T I O N   S U C C E S S F U L
