
 Program  MARK  - Survival Rate Estimation with Capture-Recapture Data
 gfortran(dble/PIM2) Vers. 11.1 Nov 2024  27-Apr-2026 10:56:07    Page  001
  
 - - - - - - - - - - - - - - - - - - - - - - - - - - - - - - - - - - - - - -
 
 Welcome to MARK localuser on machine DEP79421 in subdirectory 
 "C:\Users\localuser\Desktop\GitHub\LHI_SBSH_CMR_adult_survival" running file "data/rmark_outputs/covariate_models/2026-04-27/linear_covariate_model_ENSO_jun_jul_aug.inp".
 This version was compiled by GCC version 14.2.0 using the options: 
  -cpp -iprefix C:/tdm-gcc-64/mingw64-14-2/bin/../lib/gcc/
  x86_64-w64-mingw32/14.2.0/ -D_MT -D_REENTRANT -U_REENTRANT -D
  dbleprecision -m64 -march=x86-64 -mtune=generic -mthreads -O3 -std=f2023
  -fimplicit-none -ffpe-summary=invalid,zero,overflow,underflow
  -funroll-loops -fno-unsafe-math-optimizations -frounding-math
  -fsignaling-nans -fall-intrinsics -fopenmp

 This problem will use 19 of 20 possible threads.
 Static thread allocation is used.
 INPUT --- proc title ;

 For procedure title CPU Time was 0.001 secs and System Time was 0.001 secs.
 INPUT --- proc chmatrix occasions= 12 groups= 1 etype= Live Nodes= 
 INPUT --- 101 ICMeans NoHist hist= 25  ;
 INPUT ---    time interval 1 1 1 1 1 1 1 1 1 1 1 ;
 INPUT ---    glabel(1)=Group 1;

      Number of unique encounter histories read was 25.

      Number of individual covariates read was 0.
      Time interval lengths are all equal to 1.

      Data type number is 1
      Data type is Live Recaptures (CJS)

 For procedure chmatrix CPU Time was 0.001 secs and System Time was 0.001 secs.

Program  MARK  - Survival Rate Estimation with Capture-Recapture Data
 gfortran(dble/PIM2) Vers. 11.1 Nov 2024  27-Apr-2026 10:56:07    Page  002
 - - - - - - - - - - - - - - - - - - - - - - - - - - - - - - - - - - - - - -
 


 INPUT --- proc estimate link=Logit NOLOOP varest=2ndPart    ;
 INPUT --- model={ model_ENSO_jun_jul_aug };
 INPUT ---    group=1 Phi    rows=11 cols=11 Triang ;
 INPUT ---        1 2 3 1 4 4 5 1 1 6 7 ;
 INPUT ---        2 3 1 4 4 5 1 1 6 7 ;
 INPUT ---        3 1 4 4 5 1 1 6 7 ;
 INPUT ---        1 4 4 5 1 1 6 7 ;
 INPUT ---        4 4 5 1 1 6 7 ;
 INPUT ---        4 5 1 1 6 7 ;
 INPUT ---        5 1 1 6 7 ;
 INPUT ---        1 1 6 7 ;
 INPUT ---        1 6 7 ;
 INPUT ---        6 7 ;
 INPUT ---        7 ;
 INPUT ---    group=1 p    rows=11 cols=11 Triang ;
 INPUT ---        8 9 10 11 12 13 14 15 16 17 18 ;
 INPUT ---        9 10 11 12 13 14 15 16 17 18 ;
 INPUT ---        10 11 12 13 14 15 16 17 18 ;
 INPUT ---        11 12 13 14 15 16 17 18 ;
 INPUT ---        12 13 14 15 16 17 18 ;
 INPUT ---        13 14 15 16 17 18 ;
 INPUT ---        14 15 16 17 18 ;
 INPUT ---        15 16 17 18 ;
 INPUT ---        16 17 18 ;
 INPUT ---        17 18 ;
 INPUT ---        18 ;
 INPUT ---    design matrix constraints=18 covariates=13;
 INPUT ---        1 -0.69317496936237 0 0 0 0 0 0 0 0 0 0 0;
 INPUT ---        1 -0.088222268827938 0 0 0 0 0 0 0 0 0 0 0;
 INPUT ---        1 2.18035035817618 0 0 0 0 0 0 0 0 0 0 0;
 INPUT ---        1 0.06301590630567 0 0 0 0 0 0 0 0 0 0 0;
 INPUT ---        1 0.365492256572886 0 0 0 0 0 0 0 0 0 0 0;
 INPUT ---        1 -1.2981276698968 0 0 0 0 0 0 0 0 0 0 0;
 INPUT ---        1 1.57539765764175 0 0 0 0 0 0 0 0 0 0 0;
 INPUT ---        0 0 1 0 0 0 0 0 0 0 0 0 0;
 INPUT ---        0 0 1 1 0 0 0 0 0 0 0 0 0;
 INPUT ---        0 0 1 0 1 0 0 0 0 0 0 0 0;
 INPUT ---        0 0 1 0 0 1 0 0 0 0 0 0 0;
 INPUT ---        0 0 1 0 0 0 1 0 0 0 0 0 0;
 INPUT ---        0 0 1 0 0 0 0 1 0 0 0 0 0;
 INPUT ---        0 0 1 0 0 0 0 0 1 0 0 0 0;
 INPUT ---        0 0 1 0 0 0 0 0 0 1 0 0 0;
 INPUT ---        0 0 1 0 0 0 0 0 0 0 1 0 0;
 INPUT ---        0 0 1 0 0 0 0 0 0 0 0 1 0;

Program  MARK  - Survival Rate Estimation with Capture-Recapture Data
 gfortran(dble/PIM2) Vers. 11.1 Nov 2024  27-Apr-2026 10:56:07    Page  003
 - - - - - - - - - - - - - - - - - - - - - - - - - - - - - - - - - - - - - -
 
 INPUT ---        0 0 1 0 0 0 0 0 0 0 0 0 1;
 INPUT ---       blabel(1)=Phi:(Intercept);
 INPUT ---       blabel(2)=Phi:ENSO_jun_jul_aug;
 INPUT ---       blabel(3)=p:(Intercept);
 INPUT ---       blabel(4)=p:factor(time)2015;
 INPUT ---       blabel(5)=p:factor(time)2016;
 INPUT ---       blabel(6)=p:factor(time)2017;
 INPUT ---       blabel(7)=p:factor(time)2018;
 INPUT ---       blabel(8)=p:factor(time)2019;
 INPUT ---       blabel(9)=p:factor(time)2020;
 INPUT ---       blabel(10)=p:factor(time)2021;
 INPUT ---       blabel(11)=p:factor(time)2022;
 INPUT ---       blabel(12)=p:factor(time)2023;
 INPUT ---       blabel(13)=p:factor(time)2024;
 INPUT ---       rlabel(1)=Phi g1 c2013 a0 t2013;
 INPUT ---       rlabel(2)=Phi g1 c2013 a1 t2014;
 INPUT ---       rlabel(3)=Phi g1 c2013 a2 t2015;
 INPUT ---       rlabel(4)=Phi g1 c2013 a4 t2017;
 INPUT ---       rlabel(5)=Phi g1 c2013 a6 t2019;
 INPUT ---       rlabel(6)=Phi g1 c2013 a9 t2022;
 INPUT ---       rlabel(7)=Phi g1 c2013 a10 t2023;
 INPUT ---       rlabel(8)=p g1 c2013 a1 t2014;
 INPUT ---       rlabel(9)=p g1 c2013 a2 t2015;
 INPUT ---       rlabel(10)=p g1 c2013 a3 t2016;
 INPUT ---       rlabel(11)=p g1 c2013 a4 t2017;
 INPUT ---       rlabel(12)=p g1 c2013 a5 t2018;
 INPUT ---       rlabel(13)=p g1 c2013 a6 t2019;
 INPUT ---       rlabel(14)=p g1 c2013 a7 t2020;
 INPUT ---       rlabel(15)=p g1 c2013 a8 t2021;
 INPUT ---       rlabel(16)=p g1 c2013 a9 t2022;
 INPUT ---       rlabel(17)=p g1 c2013 a10 t2023;
 INPUT ---       rlabel(18)=p g1 c2013 a11 t2024;
   Model is { model_ENSO_jun_jul_aug }

 Link Function Used is LOGIT        

 Variance Estimation Procedure Used is 2ndPart 
 -2logL(saturated) = 198.85252     
 Effective Sample Size = 223

 Number of function evaluations was 54 for 13 parameters.
 For numerical optimization, CPU Time was 0.375 secs and System Time was 0.281 secs.
 -2logL { model_ENSO_jun_jul_aug } = 238.26750     
 Penalty { model_ENSO_jun_jul_aug } = 0.0000000     

Program  MARK  - Survival Rate Estimation with Capture-Recapture Data
 gfortran(dble/PIM2) Vers. 11.1 Nov 2024  27-Apr-2026 10:56:07    Page  004
 - - - - - - - - - - - - - - - - - - - - - - - - - - - - - - - - - - - - - -
 
 Gradient { model_ENSO_jun_jul_aug }:
  1.10666E-04 -1.22168E-05  1.72531E-04  4.09906E-06   0.0000    
  2.06409E-05  1.17030E-05   0.0000      5.29259E-05  4.97412E-05
  2.57430E-07  3.34554E-05   0.0000    
 Maximum ABS(G) { model_ENSO_jun_jul_aug } =  1.72531E-04
 To compute VC matrix, CPU Time was 0.109 secs and System Time was 0.078 secs.
 S Vector { model_ENSO_jun_jul_aug }:
   41.83818      9.344762      5.327749      3.197441      2.747395    
   1.929212      1.090201     0.2894622     0.9056254E-05 0.1116645E-06
  0.4605687E-07 0.3703125E-08 0.2759571E-08
 To invert VC matrix, CPU Time was 0.001 secs and System Time was 0.001 secs.
 Ratio Threshold = 50.00 Max Gap (8/9) = 3.1963E+4 Next Max Gap (9/10) = 81.10
 Gap Method for Num. of Estimated Parameters { model_ENSO_jun_jul_aug } = 8          
 Threshold { model_ENSO_jun_jul_aug } = 0.3450615E-03           
 Numerical Threshold Method for Num. of Estimated Parameters { model_ENSO_jun_jul_aug } = 8          
 Number of Estimated Parameters { model_ENSO_jun_jul_aug } = 8          
 DEVIANCE { model_ENSO_jun_jul_aug } = 39.414984               
 DEVIANCE Degrees of Freedom { model_ENSO_jun_jul_aug } = 7          
 c-hat { model_ENSO_jun_jul_aug } = 5.6307120               
 AIC { model_ENSO_jun_jul_aug } = 254.26750               
 AICc { model_ENSO_jun_jul_aug } = 254.94040               
 BIC { model_ENSO_jun_jul_aug } = 281.52488               
 Pearson Chisquare { model_ENSO_jun_jul_aug } = 75.398144               
 Possible Encounter Histories { model_ENSO_jun_jul_aug } = 4054          
 Pearson Chisquare df { model_ENSO_jun_jul_aug } = 4037          
 Pearson chat { model_ENSO_jun_jul_aug } = 0.0186768               
 Sum(Observed/Expected) { model_ENSO_jun_jul_aug } = 91.737552               
 s-bar { model_ENSO_jun_jul_aug } = -0.9795457              
 Fletcher chat { model_ENSO_jun_jul_aug } = 0.9130988               


               LOGIT Link Function Parameters of { model_ENSO_jun_jul_aug }
                                                              95% Confidence Interval
    Parameter                  Beta         Standard Error     Lower           Upper
 -------------------------  --------------  --------------  --------------  --------------
    1:Phi:(Intercept)        1.4129299       0.4539936       0.5231025       2.3027573    
    2:Phi:ENSO_jun_jul_aug  -0.0425976       0.8259104      -1.6613819       1.5761867    
    3:p:(Intercept)         -25.974498       125.85186      -272.64415       220.69516    
    4:p:factor(time)2015     25.988190       125.85205      -220.68184       272.65821    
    5:p:factor(time)2016    -9.3588180       0.0000000      -9.3588180      -9.3588180    
    6:p:factor(time)2017     22.933234       125.85432      -223.74124       269.60771    
    7:p:factor(time)2018     22.142989       125.85633      -224.53543       268.82140    
    8:p:factor(time)2019    -10.999791       0.0000000      -10.999791      -10.999791    
    9:p:factor(time)2020     24.406872       125.85277      -222.26456       271.07830    

Program  MARK  - Survival Rate Estimation with Capture-Recapture Data
 gfortran(dble/PIM2) Vers. 11.1 Nov 2024  27-Apr-2026 10:56:07    Page  005
 - - - - - - - - - - - - - - - - - - - - - - - - - - - - - - - - - - - - - -
 
   10:p:factor(time)2021     23.656125       125.85348      -223.01669       270.32894    
   11:p:factor(time)2022     6.4092050       3005.2553      -5883.8913       5896.7097    
   12:p:factor(time)2023     23.400966       125.85429      -223.27344       270.07538    
   13:p:factor(time)2024     5.5336524       4651.4165      -9111.2428       9122.3101    


                  Real Function Parameters of { model_ENSO_jun_jul_aug }
                                                               95% Confidence Interval
     Parameter                Estimate       Standard Error     Lower           Upper
 --------------------------  --------------  --------------  --------------  --------------
     1:Phi g1 c2013 a0 t201   0.8088349       0.1208333       0.4777035       0.9513930       
     2:Phi g1 c2013 a1 t201   0.8048187       0.0738803       0.6212515       0.9120168       
     3:Phi g1 c2013 a2 t201   0.7891904       0.2979436       0.1006489       0.9920779       
     4:Phi g1 c2013 a4 t201   0.8038047       0.0708492       0.6294130       0.9081115       
     5:Phi g1 c2013 a6 t201   0.8017648       0.0805290       0.5997179       0.9160948       
     6:Phi g1 c2013 a9 t202   0.8127878       0.1863307       0.2825451       0.9795343       
     7:Phi g1 c2013 a10 t20   0.7934457       0.2152152       0.2265326       0.9805380       
     8:p g1 c2013 a1 t2014    0.5241057E-11   0.6595968E-09  -0.1287569E-08   0.1298051E-08   
     9:p g1 c2013 a2 t2015    0.5034228       0.1075200       0.3037922       0.7019681       
    10:p g1 c2013 a3 t2016    0.4517892E-15   0.0000000       0.4517892E-15   0.4517892E-15   
    11:p g1 c2013 a4 t2017    0.0455961       0.0339533       0.0102466       0.1806404       
    12:p g1 c2013 a5 t2018    0.0212170       0.0218491       0.0027493       0.1456223       
    13:p g1 c2013 a6 t2019    0.8755289E-16   0.0000000       0.8755289E-16   0.8755289E-16   
    14:p g1 c2013 a7 t2020    0.1725551       0.0807038       0.0644357       0.3870403       
    15:p g1 c2013 a8 t2021    0.0896127       0.0563922       0.0247665       0.2761661       
    16:p g1 c2013 a9 t2022    0.3183473E-08   0.9557368E-05  -0.1872926E-04   0.1873563E-04   
    17:p g1 c2013 a10 t2023   0.0708614       0.0546970       0.0147477       0.2798406       
    18:p g1 c2013 a11 t2024   0.1326336E-08   0.6163664E-05  -0.1207946E-04   0.1208211E-04   

 To compute parameter estimates, CPU Time was 0.001 secs and System Time was 0.001 secs.

 Attempted ordering of parameters by estimatibility:
   3  4  9  1 10 12  6  2  7 11 13  5  8
 Beta number 8 is a singular value.

 For procedure estimate CPU Time was 0.500 secs and System Time was 0.359 secs.

Program  MARK  - Survival Rate Estimation with Capture-Recapture Data
 gfortran(dble/PIM2) Vers. 11.1 Nov 2024  27-Apr-2026 10:56:07    Page  006
 - - - - - - - - - - - - - - - - - - - - - - - - - - - - - - - - - - - - - -
 


 INPUT --- proc stop;

 For this job, CPU Time in mins was 0.009 and System Time in mins was 0.006.

     Time Start = 10:56:06.990   Time End = 10:56:07.391

 Wall Clock Time in mins for this job was 0.006.

 Maximum of 19 words used.


          E X E C U T I O N   S U C C E S S F U L
