
 Program  MARK  - Survival Rate Estimation with Capture-Recapture Data
 gfortran(dble/PIM2) Vers. 11.1 Nov 2024  27-Apr-2026 10:56:20    Page  001
  
 - - - - - - - - - - - - - - - - - - - - - - - - - - - - - - - - - - - - - -
 
 Welcome to MARK localuser on machine DEP79421 in subdirectory 
 "C:\Users\localuser\Desktop\GitHub\LHI_SBSH_CMR_adult_survival" running file "data/rmark_outputs/covariate_models/2026-04-27/linear_covariate_model_sst_w_mean.inp".
 This version was compiled by GCC version 14.2.0 using the options: 
  -cpp -iprefix C:/tdm-gcc-64/mingw64-14-2/bin/../lib/gcc/
  x86_64-w64-mingw32/14.2.0/ -D_MT -D_REENTRANT -U_REENTRANT -D
  dbleprecision -m64 -march=x86-64 -mtune=generic -mthreads -O3 -std=f2023
  -fimplicit-none -ffpe-summary=invalid,zero,overflow,underflow
  -funroll-loops -fno-unsafe-math-optimizations -frounding-math
  -fsignaling-nans -fall-intrinsics -fopenmp

 This problem will use 19 of 20 possible threads.
 Static thread allocation is used.
 INPUT --- proc title ;

 For procedure title CPU Time was 0.001 secs and System Time was 0.001 secs.
 INPUT --- proc chmatrix occasions= 12 groups= 1 etype= Live Nodes= 
 INPUT --- 101 ICMeans NoHist hist= 25  ;
 INPUT ---    time interval 1 1 1 1 1 1 1 1 1 1 1 ;
 INPUT ---    glabel(1)=Group 1;

      Number of unique encounter histories read was 25.

      Number of individual covariates read was 0.
      Time interval lengths are all equal to 1.

      Data type number is 1
      Data type is Live Recaptures (CJS)

 For procedure chmatrix CPU Time was 0.001 secs and System Time was 0.001 secs.

Program  MARK  - Survival Rate Estimation with Capture-Recapture Data
 gfortran(dble/PIM2) Vers. 11.1 Nov 2024  27-Apr-2026 10:56:20    Page  002
 - - - - - - - - - - - - - - - - - - - - - - - - - - - - - - - - - - - - - -
 


 INPUT --- proc estimate link=Logit NOLOOP varest=2ndPart    ;
 INPUT --- model={ model_sst_w_mean };
 INPUT ---    group=1 Phi    rows=11 cols=11 Triang ;
 INPUT ---        1 2 3 4 5 6 7 8 9 10 11 ;
 INPUT ---        2 3 4 5 6 7 8 9 10 11 ;
 INPUT ---        3 4 5 6 7 8 9 10 11 ;
 INPUT ---        4 5 6 7 8 9 10 11 ;
 INPUT ---        5 6 7 8 9 10 11 ;
 INPUT ---        6 7 8 9 10 11 ;
 INPUT ---        7 8 9 10 11 ;
 INPUT ---        8 9 10 11 ;
 INPUT ---        9 10 11 ;
 INPUT ---        10 11 ;
 INPUT ---        11 ;
 INPUT ---    group=1 p    rows=11 cols=11 Triang ;
 INPUT ---        12 13 14 15 16 17 18 19 20 21 22 ;
 INPUT ---        13 14 15 16 17 18 19 20 21 22 ;
 INPUT ---        14 15 16 17 18 19 20 21 22 ;
 INPUT ---        15 16 17 18 19 20 21 22 ;
 INPUT ---        16 17 18 19 20 21 22 ;
 INPUT ---        17 18 19 20 21 22 ;
 INPUT ---        18 19 20 21 22 ;
 INPUT ---        19 20 21 22 ;
 INPUT ---        20 21 22 ;
 INPUT ---        21 22 ;
 INPUT ---        22 ;
 INPUT ---    design matrix constraints=22 covariates=13;
 INPUT ---        1 -0.35242356198016 0 0 0 0 0 0 0 0 0 0 0;
 INPUT ---        1 -0.887505677425646 0 0 0 0 0 0 0 0 0 0 0;
 INPUT ---        1 -0.838080421782087 0 0 0 0 0 0 0 0 0 0 0;
 INPUT ---        1 0.223488112475223 0 0 0 0 0 0 0 0 0 0 0;
 INPUT ---        1 -0.679060034059332 0 0 0 0 0 0 0 0 0 0 0;
 INPUT ---        1 -0.629634778415773 0 0 0 0 0 0 0 0 0 0 0;
 INPUT ---        1 -0.361019258613822 0 0 0 0 0 0 0 0 0 0 0;
 INPUT ---        1 -0.816591180197931 0 0 0 0 0 0 0 0 0 0 0;
 INPUT ---        1 -0.146126842772261 0 0 0 0 0 0 0 0 0 0 0;
 INPUT ---        1 0.715591744752397 0 0 0 0 0 0 0 0 0 0 0;
 INPUT ---        1 2.01998870891067 0 0 0 0 0 0 0 0 0 0 0;
 INPUT ---        0 0 1 0 0 0 0 0 0 0 0 0 0;
 INPUT ---        0 0 1 1 0 0 0 0 0 0 0 0 0;
 INPUT ---        0 0 1 0 1 0 0 0 0 0 0 0 0;
 INPUT ---        0 0 1 0 0 1 0 0 0 0 0 0 0;
 INPUT ---        0 0 1 0 0 0 1 0 0 0 0 0 0;
 INPUT ---        0 0 1 0 0 0 0 1 0 0 0 0 0;

Program  MARK  - Survival Rate Estimation with Capture-Recapture Data
 gfortran(dble/PIM2) Vers. 11.1 Nov 2024  27-Apr-2026 10:56:20    Page  003
 - - - - - - - - - - - - - - - - - - - - - - - - - - - - - - - - - - - - - -
 
 INPUT ---        0 0 1 0 0 0 0 0 1 0 0 0 0;
 INPUT ---        0 0 1 0 0 0 0 0 0 1 0 0 0;
 INPUT ---        0 0 1 0 0 0 0 0 0 0 1 0 0;
 INPUT ---        0 0 1 0 0 0 0 0 0 0 0 1 0;
 INPUT ---        0 0 1 0 0 0 0 0 0 0 0 0 1;
 INPUT ---       blabel(1)=Phi:(Intercept);
 INPUT ---       blabel(2)=Phi:sst_w_mean;
 INPUT ---       blabel(3)=p:(Intercept);
 INPUT ---       blabel(4)=p:factor(time)2015;
 INPUT ---       blabel(5)=p:factor(time)2016;
 INPUT ---       blabel(6)=p:factor(time)2017;
 INPUT ---       blabel(7)=p:factor(time)2018;
 INPUT ---       blabel(8)=p:factor(time)2019;
 INPUT ---       blabel(9)=p:factor(time)2020;
 INPUT ---       blabel(10)=p:factor(time)2021;
 INPUT ---       blabel(11)=p:factor(time)2022;
 INPUT ---       blabel(12)=p:factor(time)2023;
 INPUT ---       blabel(13)=p:factor(time)2024;
 INPUT ---       rlabel(1)=Phi g1 c2013 a0 t2013;
 INPUT ---       rlabel(2)=Phi g1 c2013 a1 t2014;
 INPUT ---       rlabel(3)=Phi g1 c2013 a2 t2015;
 INPUT ---       rlabel(4)=Phi g1 c2013 a3 t2016;
 INPUT ---       rlabel(5)=Phi g1 c2013 a4 t2017;
 INPUT ---       rlabel(6)=Phi g1 c2013 a5 t2018;
 INPUT ---       rlabel(7)=Phi g1 c2013 a6 t2019;
 INPUT ---       rlabel(8)=Phi g1 c2013 a7 t2020;
 INPUT ---       rlabel(9)=Phi g1 c2013 a8 t2021;
 INPUT ---       rlabel(10)=Phi g1 c2013 a9 t2022;
 INPUT ---       rlabel(11)=Phi g1 c2013 a10 t2023;
 INPUT ---       rlabel(12)=p g1 c2013 a1 t2014;
 INPUT ---       rlabel(13)=p g1 c2013 a2 t2015;
 INPUT ---       rlabel(14)=p g1 c2013 a3 t2016;
 INPUT ---       rlabel(15)=p g1 c2013 a4 t2017;
 INPUT ---       rlabel(16)=p g1 c2013 a5 t2018;
 INPUT ---       rlabel(17)=p g1 c2013 a6 t2019;
 INPUT ---       rlabel(18)=p g1 c2013 a7 t2020;
 INPUT ---       rlabel(19)=p g1 c2013 a8 t2021;
 INPUT ---       rlabel(20)=p g1 c2013 a9 t2022;
 INPUT ---       rlabel(21)=p g1 c2013 a10 t2023;
 INPUT ---       rlabel(22)=p g1 c2013 a11 t2024;
   Model is { model_sst_w_mean }

 Link Function Used is LOGIT        

 Variance Estimation Procedure Used is 2ndPart 
 -2logL(saturated) = 198.85252     
 Effective Sample Size = 223

 Number of function evaluations was 60 for 13 parameters.
 For numerical optimization, CPU Time was 0.328 secs and System Time was 0.282 secs.

Program  MARK  - Survival Rate Estimation with Capture-Recapture Data
 gfortran(dble/PIM2) Vers. 11.1 Nov 2024  27-Apr-2026 10:56:21    Page  004
 - - - - - - - - - - - - - - - - - - - - - - - - - - - - - - - - - - - - - -
 
 -2logL { model_sst_w_mean } = 237.76585     
 Penalty { model_sst_w_mean } = 0.0000000     
 Gradient { model_sst_w_mean }:
 -1.02853E-05  2.56318E-06 -8.00656E-06 -3.98882E-06   0.0000    
 -2.69810E-06  1.78620E-06   0.0000      8.48128E-08 -3.26163E-06
   0.0000      2.55315E-07   0.0000    
 Maximum ABS(G) { model_sst_w_mean } =  1.02853E-05
 To compute VC matrix, CPU Time was 0.062 secs and System Time was 0.062 secs.
 S Vector { model_sst_w_mean }:
   43.11974      11.36329      5.800081      3.751539      2.247984    
   1.470107      1.062907     0.4090408E-01 0.9037174E-05 0.5168170E-06
  0.7023664E-07 0.6899572E-07 0.6283241E-07
 To invert VC matrix, CPU Time was 0.001 secs and System Time was 0.001 secs.
 Ratio Threshold = 50.00 Max Gap (8/9) = 4526. Next Max Gap (7/8) = 25.99
 Gap Method for Num. of Estimated Parameters { model_sst_w_mean } = 8          
 Threshold { model_sst_w_mean } = 0.2057051E-04           
 Numerical Threshold Method for Num. of Estimated Parameters { model_sst_w_mean } = 8          
 Number of Estimated Parameters { model_sst_w_mean } = 8          
 DEVIANCE { model_sst_w_mean } = 38.913327               
 DEVIANCE Degrees of Freedom { model_sst_w_mean } = 7          
 c-hat { model_sst_w_mean } = 5.5590467               
 AIC { model_sst_w_mean } = 253.76585               
 AICc { model_sst_w_mean } = 254.43874               
 BIC { model_sst_w_mean } = 281.02322               
 Pearson Chisquare { model_sst_w_mean } = 77.271228               
 Possible Encounter Histories { model_sst_w_mean } = 4054          
 Pearson Chisquare df { model_sst_w_mean } = 4037          
 Pearson chat { model_sst_w_mean } = 0.0191408               
 Sum(Observed/Expected) { model_sst_w_mean } = 94.442540               
 s-bar { model_sst_w_mean } = -0.9788770              
 Fletcher chat { model_sst_w_mean } = 0.9061570               


                  LOGIT Link Function Parameters of { model_sst_w_mean }
                                                              95% Confidence Interval
    Parameter                  Beta         Standard Error     Lower           Upper
 -------------------------  --------------  --------------  --------------  --------------
    1:Phi:(Intercept)        0.6690046       0.8106790      -0.9199262       2.2579355    
    2:Phi:sst_w_mean        -1.7152589       2.2835572      -6.1910311       2.7605134    
    3:p:(Intercept)         -23.060542       125.74533      -269.52139       223.40030    
    4:p:factor(time)2015     22.908655       125.74552      -223.55256       269.36987    
    5:p:factor(time)2016    -1.3784657       3773.2716      -7396.9909       7394.2340    
    6:p:factor(time)2017     20.207723       125.74822      -226.25879       266.67424    
    7:p:factor(time)2018     19.288717       125.74975      -227.18079       265.75822    

Program  MARK  - Survival Rate Estimation with Capture-Recapture Data
 gfortran(dble/PIM2) Vers. 11.1 Nov 2024  27-Apr-2026 10:56:21    Page  005
 - - - - - - - - - - - - - - - - - - - - - - - - - - - - - - - - - - - - - -
 
    8:p:factor(time)2019     1.1784788       3751.3204      -7351.4097       7353.7666    
    9:p:factor(time)2020     21.488919       125.74610      -224.97343       267.95127    
   10:p:factor(time)2021     20.637019       125.74690      -225.82691       267.10095    
   11:p:factor(time)2022     2.5916983       0.0000000       2.5916983       2.5916983    
   12:p:factor(time)2023     21.411752       125.76022      -225.07829       267.90179    
   13:p:factor(time)2024     1.0097617       0.0000000       1.0097617       1.0097617    


                     Real Function Parameters of { model_sst_w_mean }
                                                               95% Confidence Interval
     Parameter                Estimate       Standard Error     Lower           Upper
 --------------------------  --------------  --------------  --------------  --------------
     1:Phi g1 c2013 a0 t201   0.7813417       0.0822485       0.5817414       0.9017727       
     2:Phi g1 c2013 a1 t201   0.8994661       0.1298559       0.3490273       0.9933465       
     3:Phi g1 c2013 a2 t201   0.8915362       0.1285755       0.3776427       0.9910988       
     4:Phi g1 c2013 a3 t201   0.5709344       0.3096852       0.1004588       0.9406694       
     5:Phi g1 c2013 a4 t201   0.8622100       0.1184522       0.4699289       0.9778597       
     6:Phi g1 c2013 a5 t201   0.8518255       0.1134067       0.4969863       0.9709720       
     7:Phi g1 c2013 a6 t201   0.7838502       0.0825812       0.5824709       0.9040942       
     8:Phi g1 c2013 a7 t202   0.8879201       0.1277540       0.3902083       0.9899071       
     9:Phi g1 c2013 a8 t202   0.7149708       0.1159265       0.4513259       0.8843838       
    10:Phi g1 c2013 a9 t202   0.3639130       0.5431852       0.0057220       0.9827215       
    11:Phi g1 c2013 a10 t20   0.0575516       0.2874459       0.1882390E-05   0.9994955       
    12:p g1 c2013 a1 t2014    0.9659037E-10   0.1214579E-07  -0.2370915E-07   0.2390233E-07   
    13:p g1 c2013 a2 t2015    0.4621010       0.1073423       0.2692731       0.6669759       
    14:p g1 c2013 a3 t2016    0.2433738E-10   0.9185661E-07  -0.1800146E-06   0.1800633E-06   
    15:p g1 c2013 a4 t2017    0.0545358       0.0435300       0.0109056       0.2318093       
    16:p g1 c2013 a5 t2018    0.0224925       0.0231282       0.0029190       0.1531565       
    17:p g1 c2013 a6 t2019    0.3138634E-09   0.1177068E-05  -0.2306740E-05   0.2307368E-05   
    18:p g1 c2013 a7 t2020    0.1719851       0.0794937       0.0650261       0.3828388       
    19:p g1 c2013 a8 t2021    0.0813964       0.0527297       0.0217586       0.2608992       
    20:p g1 c2013 a9 t2022    0.1289716E-08   0.0000000       0.1289716E-08   0.1289716E-08   
    21:p g1 c2013 a10 t2023   0.1612725       0.2585832       0.0045155       0.8907219       
    22:p g1 c2013 a11 t2024   0.2651354E-09   0.0000000       0.2651354E-09   0.2651354E-09   

 To compute parameter estimates, CPU Time was 0.001 secs and System Time was 0.001 secs.

 Attempted ordering of parameters by estimatibility:
   3  1  9  4 10  6 12  2  7 13  5 11  8
 Beta number 8 is a singular value.

 For procedure estimate CPU Time was 0.391 secs and System Time was 0.359 secs.

Program  MARK  - Survival Rate Estimation with Capture-Recapture Data
 gfortran(dble/PIM2) Vers. 11.1 Nov 2024  27-Apr-2026 10:56:21    Page  006
 - - - - - - - - - - - - - - - - - - - - - - - - - - - - - - - - - - - - - -
 


 INPUT --- proc stop;

 For this job, CPU Time in mins was 0.007 and System Time in mins was 0.007.

     Time Start = 10:56:20.913   Time End = 10:56:21.312

 Wall Clock Time in mins for this job was 0.006.

 Maximum of 19 words used.


          E X E C U T I O N   S U C C E S S F U L
