
 Program  MARK  - Survival Rate Estimation with Capture-Recapture Data
 gfortran(dble/PIM2) Vers. 11.1 Nov 2024  24-Jan-2026 01:51:57    Page  001
  
 - - - - - - - - - - - - - - - - - - - - - - - - - - - - - - - - - - - - - -
 
 Welcome to MARK localuser on machine DEP79421 in subdirectory 
 "C:\Users\localuser\Desktop\GitHub\LHI_SBSH_CMR_adult_survival" running file "data/rmark_outputs/best_models/AAO_quad.inp".
 This version was compiled by GCC version 14.2.0 using the options: 
  -cpp -iprefix C:/tdm-gcc-64/mingw64-14-2/bin/../lib/gcc/
  x86_64-w64-mingw32/14.2.0/ -D_MT -D_REENTRANT -U_REENTRANT -D
  dbleprecision -m64 -march=x86-64 -mtune=generic -mthreads -O3 -std=f2023
  -fimplicit-none -ffpe-summary=invalid,zero,overflow,underflow
  -funroll-loops -fno-unsafe-math-optimizations -frounding-math
  -fsignaling-nans -fall-intrinsics -fopenmp

 This problem will use 19 of 20 possible threads.
 Static thread allocation is used.
 INPUT --- proc title ;

 For procedure title CPU Time was 0.001 secs and System Time was 0.001 secs.
 INPUT --- proc chmatrix occasions= 12 groups= 1 etype= Live Nodes= 
 INPUT --- 101 ICMeans NoHist hist= 25  ;
 INPUT ---    time interval 1 1 1 1 1 1 1 1 1 1 1 ;
 INPUT ---    glabel(1)=Group 1;

      Number of unique encounter histories read was 25.

      Number of individual covariates read was 0.
      Time interval lengths are all equal to 1.

      Data type number is 1
      Data type is Live Recaptures (CJS)

 For procedure chmatrix CPU Time was 0.001 secs and System Time was 0.001 secs.

Program  MARK  - Survival Rate Estimation with Capture-Recapture Data
 gfortran(dble/PIM2) Vers. 11.1 Nov 2024  24-Jan-2026 01:51:57    Page  002
 - - - - - - - - - - - - - - - - - - - - - - - - - - - - - - - - - - - - - -
 


 INPUT --- proc estimate link=Logit NOLOOP varest=2ndPart    ;
 INPUT --- model={ model_AAO_quad };
 INPUT ---    group=1 Phi    rows=11 cols=11 Triang ;
 INPUT ---        1 2 3 4 5 6 7 8 9 10 11 ;
 INPUT ---        2 3 4 5 6 7 8 9 10 11 ;
 INPUT ---        3 4 5 6 7 8 9 10 11 ;
 INPUT ---        4 5 6 7 8 9 10 11 ;
 INPUT ---        5 6 7 8 9 10 11 ;
 INPUT ---        6 7 8 9 10 11 ;
 INPUT ---        7 8 9 10 11 ;
 INPUT ---        8 9 10 11 ;
 INPUT ---        9 10 11 ;
 INPUT ---        10 11 ;
 INPUT ---        11 ;
 INPUT ---    group=1 p    rows=11 cols=11 Triang ;
 INPUT ---        12 13 14 15 16 17 18 19 20 21 22 ;
 INPUT ---        13 14 15 16 17 18 19 20 21 22 ;
 INPUT ---        14 15 16 17 18 19 20 21 22 ;
 INPUT ---        15 16 17 18 19 20 21 22 ;
 INPUT ---        16 17 18 19 20 21 22 ;
 INPUT ---        17 18 19 20 21 22 ;
 INPUT ---        18 19 20 21 22 ;
 INPUT ---        19 20 21 22 ;
 INPUT ---        20 21 22 ;
 INPUT ---        21 22 ;
 INPUT ---        22 ;
 INPUT ---    design matrix constraints=22 covariates=14;
 INPUT ---        1 -1.18794743577524 1.41121911016496 0 0 0 0 0 0 0 0 0 0 0;
 INPUT ---        1 -0.558344670879364 0.311748771499385 0 0 0 0 0 0 0 0 0 0 
 INPUT ---       0;
 INPUT ---        1 1.41672342182824 2.00710525395673 0 0 0 0 0 0 0 0 0 0 0;
 INPUT ---        1 0.816186458439104 0.666160334939367 0 0 0 0 0 0 0 0 0 0 
 INPUT ---       0;
 INPUT ---        1 1.18513461627459 1.40454405869231 0 0 0 0 0 0 0 0 0 0 0;
 INPUT ---        1 0.577565604133817 0.333582027078461 0 0 0 0 0 0 0 0 0 0 
 INPUT ---       0;
 INPUT ---        1 -0.547093392876757 0.299311180529402 0 0 0 0 0 0 0 0 0 0 
 INPUT ---       0;
 INPUT ---        1 -0.624445929144679 0.389932718425361 0 0 0 0 0 0 0 0 0 0 
 INPUT ---       0;
 INPUT ---        1 0.182364464292252 0.0332567978366002 0 0 0 0 0 0 0 0 0 0 
 INPUT ---       0;
 INPUT ---        1 1.11903335800927 1.2522356563375 0 0 0 0 0 0 0 0 0 0 0;
 INPUT ---        1 -1.01542783973527 1.03109369770943 0 0 0 0 0 0 0 0 0 0 0;

Program  MARK  - Survival Rate Estimation with Capture-Recapture Data
 gfortran(dble/PIM2) Vers. 11.1 Nov 2024  24-Jan-2026 01:51:57    Page  003
 - - - - - - - - - - - - - - - - - - - - - - - - - - - - - - - - - - - - - -
 
 INPUT ---        0 0 0 1 0 0 0 0 0 0 0 0 0 0;
 INPUT ---        0 0 0 1 1 0 0 0 0 0 0 0 0 0;
 INPUT ---        0 0 0 1 0 1 0 0 0 0 0 0 0 0;
 INPUT ---        0 0 0 1 0 0 1 0 0 0 0 0 0 0;
 INPUT ---        0 0 0 1 0 0 0 1 0 0 0 0 0 0;
 INPUT ---        0 0 0 1 0 0 0 0 1 0 0 0 0 0;
 INPUT ---        0 0 0 1 0 0 0 0 0 1 0 0 0 0;
 INPUT ---        0 0 0 1 0 0 0 0 0 0 1 0 0 0;
 INPUT ---        0 0 0 1 0 0 0 0 0 0 0 1 0 0;
 INPUT ---        0 0 0 1 0 0 0 0 0 0 0 0 1 0;
 INPUT ---        0 0 0 1 0 0 0 0 0 0 0 0 0 1;
 INPUT ---       blabel(1)=Phi:(Intercept);
 INPUT ---       blabel(2)=Phi:AAO_jul_aug_sep;
 INPUT ---       blabel(3)=Phi:AAO_jul_aug_sep2;
 INPUT ---       blabel(4)=p:(Intercept);
 INPUT ---       blabel(5)=p:factor(time)2015;
 INPUT ---       blabel(6)=p:factor(time)2016;
 INPUT ---       blabel(7)=p:factor(time)2017;
 INPUT ---       blabel(8)=p:factor(time)2018;
 INPUT ---       blabel(9)=p:factor(time)2019;
 INPUT ---       blabel(10)=p:factor(time)2020;
 INPUT ---       blabel(11)=p:factor(time)2021;
 INPUT ---       blabel(12)=p:factor(time)2022;
 INPUT ---       blabel(13)=p:factor(time)2023;
 INPUT ---       blabel(14)=p:factor(time)2024;
 INPUT ---       rlabel(1)=Phi g1 c2013 a0 t2013;
 INPUT ---       rlabel(2)=Phi g1 c2013 a1 t2014;
 INPUT ---       rlabel(3)=Phi g1 c2013 a2 t2015;
 INPUT ---       rlabel(4)=Phi g1 c2013 a3 t2016;
 INPUT ---       rlabel(5)=Phi g1 c2013 a4 t2017;
 INPUT ---       rlabel(6)=Phi g1 c2013 a5 t2018;
 INPUT ---       rlabel(7)=Phi g1 c2013 a6 t2019;
 INPUT ---       rlabel(8)=Phi g1 c2013 a7 t2020;
 INPUT ---       rlabel(9)=Phi g1 c2013 a8 t2021;
 INPUT ---       rlabel(10)=Phi g1 c2013 a9 t2022;
 INPUT ---       rlabel(11)=Phi g1 c2013 a10 t2023;
 INPUT ---       rlabel(12)=p g1 c2013 a1 t2014;
 INPUT ---       rlabel(13)=p g1 c2013 a2 t2015;
 INPUT ---       rlabel(14)=p g1 c2013 a3 t2016;
 INPUT ---       rlabel(15)=p g1 c2013 a4 t2017;
 INPUT ---       rlabel(16)=p g1 c2013 a5 t2018;
 INPUT ---       rlabel(17)=p g1 c2013 a6 t2019;
 INPUT ---       rlabel(18)=p g1 c2013 a7 t2020;
 INPUT ---       rlabel(19)=p g1 c2013 a8 t2021;
 INPUT ---       rlabel(20)=p g1 c2013 a9 t2022;
 INPUT ---       rlabel(21)=p g1 c2013 a10 t2023;

Program  MARK  - Survival Rate Estimation with Capture-Recapture Data
 gfortran(dble/PIM2) Vers. 11.1 Nov 2024  24-Jan-2026 01:51:57    Page  004
 - - - - - - - - - - - - - - - - - - - - - - - - - - - - - - - - - - - - - -
 
 INPUT ---       rlabel(22)=p g1 c2013 a11 t2024;
   Model is { model_AAO_quad }

 Link Function Used is LOGIT        

 Variance Estimation Procedure Used is 2ndPart 
 -2logL(saturated) = 198.85252     
 Effective Sample Size = 223

 Number of function evaluations was 58 for 14 parameters.
 For numerical optimization, CPU Time was 0.328 secs and System Time was 0.187 secs.
 -2logL { model_AAO_quad } = 234.89923     
 Penalty { model_AAO_quad } = 0.0000000     
 Gradient { model_AAO_quad }:
 -1.03014E-03 -4.88130E-04 -2.48944E-04 -9.70690E-04  1.85336E-05
   0.0000     -1.05166E-04 -4.65438E-05   0.0000     -4.40725E-04
 -1.31942E-04   0.0000     -2.59599E-04   0.0000    
 Maximum ABS(G) { model_AAO_quad } =  1.03014E-03
 To compute VC matrix, CPU Time was 0.156 secs and System Time was 0.078 secs.
 S Vector { model_AAO_quad }:
   39.23386      17.89582      4.345113      3.235387      2.188554    
   1.802562      1.069705     0.1996166E-01 0.2823772E-03 0.9723900E-05
  0.1162022E-08 0.9662682E-10 0.5666992E-10 0.3426311E-10
 To invert VC matrix, CPU Time was 0.001 secs and System Time was 0.001 secs.
 Ratio Threshold = 50.00 Max Gap (10/11) = 8368. Next Max Gap (8/9) = 70.69
 Gap Method for Num. of Estimated Parameters { model_AAO_quad } = 8          
 Threshold { model_AAO_quad } = 0.0020603               
 Numerical Threshold Method for Num. of Estimated Parameters { model_AAO_quad } = 8          
 Number of Estimated Parameters { model_AAO_quad } = 8          
 DEVIANCE { model_AAO_quad } = 36.046710               
 DEVIANCE Degrees of Freedom { model_AAO_quad } = 7          
 c-hat { model_AAO_quad } = 5.1495301               
 AIC { model_AAO_quad } = 250.89923               
 AICc { model_AAO_quad } = 251.57213               
 BIC { model_AAO_quad } = 278.15661               
 Pearson Chisquare { model_AAO_quad } = 49.923354               
 Possible Encounter Histories { model_AAO_quad } = 4054          
 Pearson Chisquare df { model_AAO_quad } = 4037          
 Pearson chat { model_AAO_quad } = 0.0123664               
 Sum(Observed/Expected) { model_AAO_quad } = 68.247079               
 s-bar { model_AAO_quad } = -0.9853530              
 Fletcher chat { model_AAO_quad } = 0.8442996               

Program  MARK  - Survival Rate Estimation with Capture-Recapture Data
 gfortran(dble/PIM2) Vers. 11.1 Nov 2024  24-Jan-2026 01:51:58    Page  005
 - - - - - - - - - - - - - - - - - - - - - - - - - - - - - - - - - - - - - -
 
                   LOGIT Link Function Parameters of { model_AAO_quad }
                                                              95% Confidence Interval
    Parameter                  Beta         Standard Error     Lower           Upper
 -------------------------  --------------  --------------  --------------  --------------
    1:Phi:(Intercept)        17.509908       52.982010      -86.334834       121.35465    
    2:Phi:AAO_jul_aug_sep   -58.778045       156.53667      -365.58992       248.03383    
    3:Phi:AAO_jul_aug_sep2   45.889801       112.40642      -174.42678       266.20638    
    4:p:(Intercept)         -173.78550       22.490283      -217.86645      -129.70454    
    5:p:factor(time)2015     173.23211       22.490476       129.15078       217.31345    
    6:p:factor(time)2016     13.323953       29335.456      -57484.171       57510.819    
    7:p:factor(time)2017     170.73561       22.511048       126.61395       214.85727    
    8:p:factor(time)2018     169.72117       22.519589       125.58277       213.85956    
    9:p:factor(time)2019     48.673092       101730.49      -199343.10       199440.44    
   10:p:factor(time)2020     173.34350       22.500391       129.24274       217.44427    
   11:p:factor(time)2021     172.08065       22.498759       127.98308       216.17822    
   12:p:factor(time)2022    -82.417398       170838.83      -334926.53       334761.70    
   13:p:factor(time)2023     171.22073       22.499791       127.12114       215.32032    
   14:p:factor(time)2024     63.862509       132838.42      -260299.44       260427.17    


                      Real Function Parameters of { model_AAO_quad }
                                                               95% Confidence Interval
     Parameter                Estimate       Standard Error     Lower           Upper
 --------------------------  --------------  --------------  --------------  --------------
     1:Phi g1 c2013 a0 t201   1.0000000       0.0000000       1.0000000       1.0000000       
     2:Phi g1 c2013 a1 t201   1.0000000       0.0000000       1.0000000       1.0000000       
     3:Phi g1 c2013 a2 t201   1.0000000       0.2067294E-09   1.0000000       1.0000000       
     4:Phi g1 c2013 a3 t201   0.5264822       0.2663959       0.1204272       0.9002897       
     5:Phi g1 c2013 a4 t201   0.9999955       0.1157847E-03   0.3965454E-16   1.0000000       
     6:Phi g1 c2013 a5 t201   0.2441137       0.1254829       0.0784829       0.5504840       
     7:Phi g1 c2013 a6 t201   1.0000000       0.0000000       1.0000000       1.0000000       
     8:Phi g1 c2013 a7 t202   1.0000000       0.0000000       1.0000000       1.0000000       
     9:Phi g1 c2013 a8 t202   0.9997557       0.0068855       0.4085271E-20   1.0000000       
    10:Phi g1 c2013 a9 t202   0.9998990       0.0018963       0.1033061E-11   1.0000000       
    11:Phi g1 c2013 a10 t20   1.0000000       0.0000000       1.0000000       1.0000000       
    12:p g1 c2013 a1 t2014    0.3356733E-75   0.7549387E-74  -0.1446113E-73   0.1513247E-73   
    13:p g1 c2013 a2 t2015    0.3650792       0.0606581       0.2561088       0.4898815       
    14:p g1 c2013 a3 t2016    0.2053222E-69   0.6023222E-65  -0.1180531E-64   0.1180572E-64   
    15:p g1 c2013 a4 t2017    0.0452223       0.0384458       0.0082023       0.2133802       
    16:p g1 c2013 a5 t2018    0.0168845       0.0178686       0.0020781       0.1240675       
    17:p g1 c2013 a6 t2019    0.4617130E-54   0.4697029E-49  -0.9206131E-49   0.9206223E-49   
    18:p g1 c2013 a7 t2020    0.3912656       0.1936728       0.1154988       0.7598346       
    19:p g1 c2013 a8 t2021    0.1538334       0.0910556       0.0441121       0.4173195       
    20:p g1 c2013 a9 t2022   0.5401268E-111  0.9227463E-106  -.1808577E-105  0.1808588E-105   
    21:p g1 c2013 a10 t2023   0.0714405       0.0430296       0.0211212       0.2152764       

Program  MARK  - Survival Rate Estimation with Capture-Recapture Data
 gfortran(dble/PIM2) Vers. 11.1 Nov 2024  24-Jan-2026 01:51:58    Page  006
 - - - - - - - - - - - - - - - - - - - - - - - - - - - - - - - - - - - - - -
 
    22:p g1 c2013 a11 t2024   0.1824115E-47   0.2423125E-42  -0.4749308E-42   0.4749344E-42   

 To compute parameter estimates, CPU Time was 0.001 secs and System Time was 0.032 secs.

 Attempted ordering of parameters by estimatibility:
   4  1  5 11 13 10  7  2  8  3  6  9 14 12
 Beta number 12 is a singular value.

 For procedure estimate CPU Time was 0.484 secs and System Time was 0.297 secs.
 INPUT --- proc stop;

 For this job, CPU Time in mins was 0.009 and System Time in mins was 0.006.

     Time Start = 01:51:57.829   Time End = 01:51:58.175

 Wall Clock Time in mins for this job was 0.005.

 Maximum of 19 words used.


          E X E C U T I O N   S U C C E S S F U L
