
 Program  MARK  - Survival Rate Estimation with Capture-Recapture Data
 gfortran(dble/PIM2) Vers. 11.1 Nov 2024  24-Jan-2026 01:51:54    Page  001
  
 - - - - - - - - - - - - - - - - - - - - - - - - - - - - - - - - - - - - - -
 
 Welcome to MARK localuser on machine DEP79421 in subdirectory 
 "C:\Users\localuser\Desktop\GitHub\LHI_SBSH_CMR_adult_survival" running file "data/rmark_outputs/best_models/pdo_quad.inp".
 This version was compiled by GCC version 14.2.0 using the options: 
  -cpp -iprefix C:/tdm-gcc-64/mingw64-14-2/bin/../lib/gcc/
  x86_64-w64-mingw32/14.2.0/ -D_MT -D_REENTRANT -U_REENTRANT -D
  dbleprecision -m64 -march=x86-64 -mtune=generic -mthreads -O3 -std=f2023
  -fimplicit-none -ffpe-summary=invalid,zero,overflow,underflow
  -funroll-loops -fno-unsafe-math-optimizations -frounding-math
  -fsignaling-nans -fall-intrinsics -fopenmp

 This problem will use 19 of 20 possible threads.
 Static thread allocation is used.
 INPUT --- proc title ;

 For procedure title CPU Time was 0.001 secs and System Time was 0.001 secs.
 INPUT --- proc chmatrix occasions= 12 groups= 1 etype= Live Nodes= 
 INPUT --- 101 ICMeans NoHist hist= 25  ;
 INPUT ---    time interval 1 1 1 1 1 1 1 1 1 1 1 ;
 INPUT ---    glabel(1)=Group 1;

      Number of unique encounter histories read was 25.

      Number of individual covariates read was 0.
      Time interval lengths are all equal to 1.

      Data type number is 1
      Data type is Live Recaptures (CJS)

 For procedure chmatrix CPU Time was 0.001 secs and System Time was 0.001 secs.

Program  MARK  - Survival Rate Estimation with Capture-Recapture Data
 gfortran(dble/PIM2) Vers. 11.1 Nov 2024  24-Jan-2026 01:51:54    Page  002
 - - - - - - - - - - - - - - - - - - - - - - - - - - - - - - - - - - - - - -
 


 INPUT --- proc estimate link=Logit NOLOOP varest=2ndPart    ;
 INPUT --- model={ model_pdo_quad };
 INPUT ---    group=1 Phi    rows=11 cols=11 Triang ;
 INPUT ---        1 2 3 4 5 6 7 8 9 10 11 ;
 INPUT ---        2 3 4 5 6 7 8 9 10 11 ;
 INPUT ---        3 4 5 6 7 8 9 10 11 ;
 INPUT ---        4 5 6 7 8 9 10 11 ;
 INPUT ---        5 6 7 8 9 10 11 ;
 INPUT ---        6 7 8 9 10 11 ;
 INPUT ---        7 8 9 10 11 ;
 INPUT ---        8 9 10 11 ;
 INPUT ---        9 10 11 ;
 INPUT ---        10 11 ;
 INPUT ---        11 ;
 INPUT ---    group=1 p    rows=11 cols=11 Triang ;
 INPUT ---        12 13 14 15 16 17 18 19 20 21 22 ;
 INPUT ---        13 14 15 16 17 18 19 20 21 22 ;
 INPUT ---        14 15 16 17 18 19 20 21 22 ;
 INPUT ---        15 16 17 18 19 20 21 22 ;
 INPUT ---        16 17 18 19 20 21 22 ;
 INPUT ---        17 18 19 20 21 22 ;
 INPUT ---        18 19 20 21 22 ;
 INPUT ---        19 20 21 22 ;
 INPUT ---        20 21 22 ;
 INPUT ---        21 22 ;
 INPUT ---        22 ;
 INPUT ---    design matrix constraints=22 covariates=14;
 INPUT ---        1 -0.26187223132003 0.0685770655365314 0 0 0 0 0 0 0 0 0 0 
 INPUT ---       0;
 INPUT ---        1 1.05270550359327 1.10818887729556 0 0 0 0 0 0 0 0 0 0 0;
 INPUT ---        1 1.55600097924579 2.42113904741385 0 0 0 0 0 0 0 0 0 0 0;
 INPUT ---        1 0.499330876134528 0.249331323861275 0 0 0 0 0 0 0 0 0 0 
 INPUT ---       0;
 INPUT ---        1 0.394164657341464 0.155365777097114 0 0 0 0 0 0 0 0 0 0 
 INPUT ---       0;
 INPUT ---        1 0.564433773482615 0.318585484647824 0 0 0 0 0 0 0 0 0 0 
 INPUT ---       0;
 INPUT ---        1 0.874924514681184 0.765492906390106 0 0 0 0 0 0 0 0 0 0 
 INPUT ---       0;
 INPUT ---        1 -0.109130818311056 0.0119095355052408 0 0 0 0 0 0 0 0 0 
 INPUT ---       0 0;
 INPUT ---        1 -0.514771947941446 0.264990158387431 0 0 0 0 0 0 0 0 0 0 
 INPUT ---       0;
 INPUT ---        1 -1.1157217696161 1.24483506719527 0 0 0 0 0 0 0 0 0 0 0;

Program  MARK  - Survival Rate Estimation with Capture-Recapture Data
 gfortran(dble/PIM2) Vers. 11.1 Nov 2024  24-Jan-2026 01:51:54    Page  003
 - - - - - - - - - - - - - - - - - - - - - - - - - - - - - - - - - - - - - -
 
 INPUT ---        1 -1.28348692816694 1.6473386947754 0 0 0 0 0 0 0 0 0 0 0;
 INPUT ---        0 0 0 1 0 0 0 0 0 0 0 0 0 0;
 INPUT ---        0 0 0 1 1 0 0 0 0 0 0 0 0 0;
 INPUT ---        0 0 0 1 0 1 0 0 0 0 0 0 0 0;
 INPUT ---        0 0 0 1 0 0 1 0 0 0 0 0 0 0;
 INPUT ---        0 0 0 1 0 0 0 1 0 0 0 0 0 0;
 INPUT ---        0 0 0 1 0 0 0 0 1 0 0 0 0 0;
 INPUT ---        0 0 0 1 0 0 0 0 0 1 0 0 0 0;
 INPUT ---        0 0 0 1 0 0 0 0 0 0 1 0 0 0;
 INPUT ---        0 0 0 1 0 0 0 0 0 0 0 1 0 0;
 INPUT ---        0 0 0 1 0 0 0 0 0 0 0 0 1 0;
 INPUT ---        0 0 0 1 0 0 0 0 0 0 0 0 0 1;
 INPUT ---       blabel(1)=Phi:(Intercept);
 INPUT ---       blabel(2)=Phi:PDO_jul_aug_sep;
 INPUT ---       blabel(3)=Phi:PDO_jul_aug_sep2;
 INPUT ---       blabel(4)=p:(Intercept);
 INPUT ---       blabel(5)=p:factor(time)2015;
 INPUT ---       blabel(6)=p:factor(time)2016;
 INPUT ---       blabel(7)=p:factor(time)2017;
 INPUT ---       blabel(8)=p:factor(time)2018;
 INPUT ---       blabel(9)=p:factor(time)2019;
 INPUT ---       blabel(10)=p:factor(time)2020;
 INPUT ---       blabel(11)=p:factor(time)2021;
 INPUT ---       blabel(12)=p:factor(time)2022;
 INPUT ---       blabel(13)=p:factor(time)2023;
 INPUT ---       blabel(14)=p:factor(time)2024;
 INPUT ---       rlabel(1)=Phi g1 c2013 a0 t2013;
 INPUT ---       rlabel(2)=Phi g1 c2013 a1 t2014;
 INPUT ---       rlabel(3)=Phi g1 c2013 a2 t2015;
 INPUT ---       rlabel(4)=Phi g1 c2013 a3 t2016;
 INPUT ---       rlabel(5)=Phi g1 c2013 a4 t2017;
 INPUT ---       rlabel(6)=Phi g1 c2013 a5 t2018;
 INPUT ---       rlabel(7)=Phi g1 c2013 a6 t2019;
 INPUT ---       rlabel(8)=Phi g1 c2013 a7 t2020;
 INPUT ---       rlabel(9)=Phi g1 c2013 a8 t2021;
 INPUT ---       rlabel(10)=Phi g1 c2013 a9 t2022;
 INPUT ---       rlabel(11)=Phi g1 c2013 a10 t2023;
 INPUT ---       rlabel(12)=p g1 c2013 a1 t2014;
 INPUT ---       rlabel(13)=p g1 c2013 a2 t2015;
 INPUT ---       rlabel(14)=p g1 c2013 a3 t2016;
 INPUT ---       rlabel(15)=p g1 c2013 a4 t2017;
 INPUT ---       rlabel(16)=p g1 c2013 a5 t2018;
 INPUT ---       rlabel(17)=p g1 c2013 a6 t2019;
 INPUT ---       rlabel(18)=p g1 c2013 a7 t2020;
 INPUT ---       rlabel(19)=p g1 c2013 a8 t2021;
 INPUT ---       rlabel(20)=p g1 c2013 a9 t2022;

Program  MARK  - Survival Rate Estimation with Capture-Recapture Data
 gfortran(dble/PIM2) Vers. 11.1 Nov 2024  24-Jan-2026 01:51:54    Page  004
 - - - - - - - - - - - - - - - - - - - - - - - - - - - - - - - - - - - - - -
 
 INPUT ---       rlabel(21)=p g1 c2013 a10 t2023;
 INPUT ---       rlabel(22)=p g1 c2013 a11 t2024;
   Model is { model_pdo_quad }

 Link Function Used is LOGIT        

 Variance Estimation Procedure Used is 2ndPart 
 -2logL(saturated) = 198.85252     
 Effective Sample Size = 223

 Number of function evaluations was 43 for 14 parameters.
 For numerical optimization, CPU Time was 0.297 secs and System Time was 0.125 secs.
 -2logL { model_pdo_quad } = 234.81517     
 Penalty { model_pdo_quad } = 0.0000000     
 Gradient { model_pdo_quad }:
  8.91583E-06  4.13147E-06  1.20059E-06  6.44178E-06  4.74489E-06
   0.0000      3.77796E-07  1.53732E-07   0.0000      5.92236E-06
  1.43380E-06   0.0000     -4.89701E-06   0.0000    
 Maximum ABS(G) { model_pdo_quad } =  8.91583E-06
 To compute VC matrix, CPU Time was 0.109 secs and System Time was 0.062 secs.
 S Vector { model_pdo_quad }:
   42.70012      22.06948      4.399926      3.316332      2.364021    
   1.692034      1.067947     0.1219294E-01 0.2915774E-04 0.2496576E-04
  0.3784886E-08 0.2008649E-08 0.1695423E-08 0.1467011E-08
 To invert VC matrix, CPU Time was 0.001 secs and System Time was 0.001 secs.
 Ratio Threshold = 50.00 Max Gap (10/11) = 6596. Next Max Gap (8/9) = 418.2
 Gap Method for Num. of Estimated Parameters { model_pdo_quad } = 8          
 Threshold { model_pdo_quad } = 0.1783166E-04           
 Numerical Threshold Method for Num. of Estimated Parameters { model_pdo_quad } = 10          
 Number of Estimated Parameters { model_pdo_quad } = 10          

   * *  WARNING  * *   Number of parameters estimated from gap method (=8) and threshold method (=10) differ.  Inspect full output. 
 Ratios of S Vector { model_pdo_quad }:
   1/2    1.934804       2/3    5.015875       3/4    1.326745       4/5    1.402836       5/6    1.397148    
   6/7    1.584380       7/8    87.58733       8/9    418.1716       9/10    1.167909       10/11    6596.171    
   11/12    1.884294       12/13    1.184748       13/14    1.155699    
 DEVIANCE { model_pdo_quad } = 35.962650               
 DEVIANCE Degrees of Freedom { model_pdo_quad } = 5          
 c-hat { model_pdo_quad } = 7.1925301               
 AIC { model_pdo_quad } = 254.81517               
 AICc { model_pdo_quad } = 255.85291               
 BIC { model_pdo_quad } = 288.88689               
 Pearson Chisquare { model_pdo_quad } = 50.183714               
 Possible Encounter Histories { model_pdo_quad } = 4054          
 Pearson Chisquare df { model_pdo_quad } = 4035          
 Pearson chat { model_pdo_quad } = 0.0124371               
 Sum(Observed/Expected) { model_pdo_quad } = 68.610898               
 s-bar { model_pdo_quad } = -0.9852631              

Program  MARK  - Survival Rate Estimation with Capture-Recapture Data
 gfortran(dble/PIM2) Vers. 11.1 Nov 2024  24-Jan-2026 01:51:54    Page  005
 - - - - - - - - - - - - - - - - - - - - - - - - - - - - - - - - - - - - - -
 
 Fletcher chat { model_pdo_quad } = 0.8439411               
                   LOGIT Link Function Parameters of { model_pdo_quad }
                                                              95% Confidence Interval
    Parameter                  Beta         Standard Error     Lower           Upper
 -------------------------  --------------  --------------  --------------  --------------
    1:Phi:(Intercept)        15.044624       24.529663      -33.033516       63.122765    
    2:Phi:PDO_jul_aug_sep   -47.125798       81.241089      -206.35834       112.10674    
    3:Phi:PDO_jul_aug_sep2   35.020034       63.389747      -89.223872       159.26394    
    4:p:(Intercept)         -52.592368       69.995866      -189.78427       84.599533    
    5:p:factor(time)2015     52.061339       69.995833      -85.130496       189.25317    
    6:p:factor(time)2016    -17.114211       24286.280      -47618.225       47583.996    
    7:p:factor(time)2017     49.486197       70.001726      -87.717187       186.68958    
    8:p:factor(time)2018     48.627842       70.005900      -88.583726       185.83941    
    9:p:factor(time)2019    -11.123612       16254.499      -31869.941       31847.694    
   10:p:factor(time)2020     52.139748       69.999164      -85.058616       189.33811    
   11:p:factor(time)2021     50.880741       69.998616      -86.316549       188.07803    
   12:p:factor(time)2022    -15.642034       22312.486      -43748.115       43716.831    
   13:p:factor(time)2023     50.023531       69.998872      -87.174261       187.22132    
   14:p:factor(time)2024    -18.473398       26108.583      -51191.297       51154.350    


                      Real Function Parameters of { model_pdo_quad }
                                                               95% Confidence Interval
     Parameter                Estimate       Standard Error     Lower           Upper
 --------------------------  --------------  --------------  --------------  --------------
     1:Phi g1 c2013 a0 t201   1.0000000       0.5792260E-11   1.0000000       1.0000000       
     2:Phi g1 c2013 a1 t201   0.9858508       0.1351536       0.3940107E-06   1.0000000       
     3:Phi g1 c2013 a2 t201   1.0000000       0.1605896E-09   1.0000000       1.0000000       
     4:Phi g1 c2013 a3 t201   0.5609085       0.2438771       0.1549954       0.8989531       
     5:Phi g1 c2013 a4 t201   0.8710433       0.2943853       0.0381792       0.9991307       
     6:Phi g1 c2013 a5 t201   0.4018187       0.3435264       0.0391977       0.9170836       
     7:Phi g1 c2013 a6 t201   0.6503769       0.5952250       0.0108794       0.9968316       
     8:Phi g1 c2013 a7 t202   1.0000000       0.3841456E-07   0.9999999       1.0000001       
     9:Phi g1 c2013 a8 t202   1.0000000       0.0000000       1.0000000       1.0000000       
    10:Phi g1 c2013 a9 t202   1.0000000       0.0000000       1.0000000       1.0000000       
    11:Phi g1 c2013 a10 t20   1.0000000       0.0000000       1.0000000       1.0000000       
    12:p g1 c2013 a1 t2014    0.1443527E-22   0.1010409E-20  -0.1965966E-20   0.1994837E-20   
    13:p g1 c2013 a2 t2015    0.3702770       0.0794670       0.2316507       0.5341856       
    14:p g1 c2013 a3 t2016    0.5331105E-30   0.1294732E-25  -0.2537622E-25   0.2537729E-25   
    15:p g1 c2013 a4 t2017    0.0428534       0.0335619       0.0089250       0.1820660       
    16:p g1 c2013 a5 t2018    0.0186236       0.0206534       0.0020674       0.1480909       
    17:p g1 c2013 a6 t2019    0.2130599E-27   0.3463213E-23  -0.6787685E-23   0.6788111E-23   
    18:p g1 c2013 a7 t2020    0.3887379       0.1934792       0.1142019       0.7582815       
    19:p g1 c2013 a8 t2021    0.1529528       0.0908333       0.0436975       0.4164242       
    20:p g1 c2013 a9 t2022    0.2323678E-29   0.5184728E-25  -0.1016184E-24   0.1016230E-24   

Program  MARK  - Survival Rate Estimation with Capture-Recapture Data
 gfortran(dble/PIM2) Vers. 11.1 Nov 2024  24-Jan-2026 01:51:54    Page  006
 - - - - - - - - - - - - - - - - - - - - - - - - - - - - - - - - - - - - - -
 
    21:p g1 c2013 a10 t2023   0.0711712       0.0429305       0.0210063       0.2148436       
    22:p g1 c2013 a11 t2024   0.1369399E-30   0.3575319E-26  -0.7007489E-26   0.7007763E-26   

 To compute parameter estimates, CPU Time was 0.001 secs and System Time was 0.031 secs.

 Attempted ordering of parameters by estimatibility:
   4  1  5 11 13 10  7  2  8  3  9 12  6 14
 Beta number 14 is a singular value.

 For procedure estimate CPU Time was 0.422 secs and System Time was 0.218 secs.
 INPUT --- proc stop;

 For this job, CPU Time in mins was 0.008 and System Time in mins was 0.004.

     Time Start = 01:51:54.045   Time End = 01:51:54.321

 Wall Clock Time in mins for this job was 0.004.

 Maximum of 19 words used.


          E X E C U T I O N   S U C C E S S F U L
