
 Program  MARK  - Survival Rate Estimation with Capture-Recapture Data
 gfortran(dble/PIM2) Vers. 11.1 Nov 2024  24-Jan-2026 01:51:49    Page  001
  
 - - - - - - - - - - - - - - - - - - - - - - - - - - - - - - - - - - - - - -
 
 Welcome to MARK localuser on machine DEP79421 in subdirectory 
 "C:\Users\localuser\Desktop\GitHub\LHI_SBSH_CMR_adult_survival" running file "data/rmark_outputs/best_models/temp_quad.inp".
 This version was compiled by GCC version 14.2.0 using the options: 
  -cpp -iprefix C:/tdm-gcc-64/mingw64-14-2/bin/../lib/gcc/
  x86_64-w64-mingw32/14.2.0/ -D_MT -D_REENTRANT -U_REENTRANT -D
  dbleprecision -m64 -march=x86-64 -mtune=generic -mthreads -O3 -std=f2023
  -fimplicit-none -ffpe-summary=invalid,zero,overflow,underflow
  -funroll-loops -fno-unsafe-math-optimizations -frounding-math
  -fsignaling-nans -fall-intrinsics -fopenmp

 This problem will use 19 of 20 possible threads.
 Static thread allocation is used.
 INPUT --- proc title ;

 For procedure title CPU Time was 0.001 secs and System Time was 0.015 secs.
 INPUT --- proc chmatrix occasions= 12 groups= 1 etype= Live Nodes= 
 INPUT --- 101 ICMeans NoHist hist= 25  ;
 INPUT ---    time interval 1 1 1 1 1 1 1 1 1 1 1 ;
 INPUT ---    glabel(1)=Group 1;

      Number of unique encounter histories read was 25.

      Number of individual covariates read was 0.
      Time interval lengths are all equal to 1.

      Data type number is 1
      Data type is Live Recaptures (CJS)

 For procedure chmatrix CPU Time was 0.001 secs and System Time was 0.001 secs.

Program  MARK  - Survival Rate Estimation with Capture-Recapture Data
 gfortran(dble/PIM2) Vers. 11.1 Nov 2024  24-Jan-2026 01:51:49    Page  002
 - - - - - - - - - - - - - - - - - - - - - - - - - - - - - - - - - - - - - -
 


 INPUT --- proc estimate link=Logit NOLOOP varest=2ndPart    ;
 INPUT --- model={ model_temp_quad };
 INPUT ---    group=1 Phi    rows=11 cols=11 Triang ;
 INPUT ---        1 2 3 4 5 6 7 8 9 10 11 ;
 INPUT ---        2 3 4 5 6 7 8 9 10 11 ;
 INPUT ---        3 4 5 6 7 8 9 10 11 ;
 INPUT ---        4 5 6 7 8 9 10 11 ;
 INPUT ---        5 6 7 8 9 10 11 ;
 INPUT ---        6 7 8 9 10 11 ;
 INPUT ---        7 8 9 10 11 ;
 INPUT ---        8 9 10 11 ;
 INPUT ---        9 10 11 ;
 INPUT ---        10 11 ;
 INPUT ---        11 ;
 INPUT ---    group=1 p    rows=11 cols=11 Triang ;
 INPUT ---        12 13 14 15 16 17 18 19 20 21 22 ;
 INPUT ---        13 14 15 16 17 18 19 20 21 22 ;
 INPUT ---        14 15 16 17 18 19 20 21 22 ;
 INPUT ---        15 16 17 18 19 20 21 22 ;
 INPUT ---        16 17 18 19 20 21 22 ;
 INPUT ---        17 18 19 20 21 22 ;
 INPUT ---        18 19 20 21 22 ;
 INPUT ---        19 20 21 22 ;
 INPUT ---        20 21 22 ;
 INPUT ---        21 22 ;
 INPUT ---        22 ;
 INPUT ---    design matrix constraints=22 covariates=14;
 INPUT ---        1 0.213027070530945 0.0453805327789962 0 0 0 0 0 0 0 0 0 0 
 INPUT ---       0;
 INPUT ---        1 -0.52569567352715 0.276355941165164 0 0 0 0 0 0 0 0 0 0 
 INPUT ---       0;
 INPUT ---        1 0.718807724797044 0.516684545227903 0 0 0 0 0 0 0 0 0 0 
 INPUT ---       0;
 INPUT ---        1 0.79116131815216 0.625936231340264 0 0 0 0 0 0 0 0 0 0 0;
 INPUT ---        1 0.404746799044237 0.163819971336556 0 0 0 0 0 0 0 0 0 0 
 INPUT ---       0;
 INPUT ---        1 -2.40733488853105 5.79526126553881 0 0 0 0 0 0 0 0 0 0 0;
 INPUT ---        1 0.30586445290279 0.0935530635495233 0 0 0 0 0 0 0 0 0 0 
 INPUT ---       0;
 INPUT ---        1 -1.24696218514262 1.55491469117565 0 0 0 0 0 0 0 0 0 0 0;
 INPUT ---        1 1.10205111343316 1.21451665661927 0 0 0 0 0 0 0 0 0 0 0;
 INPUT ---        1 -0.315400626717121 0.0994775553335529 0 0 0 0 0 0 0 0 0 
 INPUT ---       0 0;
 INPUT ---        1 0.756954086992622 0.572979489814834 0 0 0 0 0 0 0 0 0 0 

Program  MARK  - Survival Rate Estimation with Capture-Recapture Data
 gfortran(dble/PIM2) Vers. 11.1 Nov 2024  24-Jan-2026 01:51:49    Page  003
 - - - - - - - - - - - - - - - - - - - - - - - - - - - - - - - - - - - - - -
 
 INPUT ---       0;
 INPUT ---        0 0 0 1 0 0 0 0 0 0 0 0 0 0;
 INPUT ---        0 0 0 1 1 0 0 0 0 0 0 0 0 0;
 INPUT ---        0 0 0 1 0 1 0 0 0 0 0 0 0 0;
 INPUT ---        0 0 0 1 0 0 1 0 0 0 0 0 0 0;
 INPUT ---        0 0 0 1 0 0 0 1 0 0 0 0 0 0;
 INPUT ---        0 0 0 1 0 0 0 0 1 0 0 0 0 0;
 INPUT ---        0 0 0 1 0 0 0 0 0 1 0 0 0 0;
 INPUT ---        0 0 0 1 0 0 0 0 0 0 1 0 0 0;
 INPUT ---        0 0 0 1 0 0 0 0 0 0 0 1 0 0;
 INPUT ---        0 0 0 1 0 0 0 0 0 0 0 0 1 0;
 INPUT ---        0 0 0 1 0 0 0 0 0 0 0 0 0 1;
 INPUT ---       blabel(1)=Phi:(Intercept);
 INPUT ---       blabel(2)=Phi:temp_jun_oct;
 INPUT ---       blabel(3)=Phi:temp_jun_oct2;
 INPUT ---       blabel(4)=p:(Intercept);
 INPUT ---       blabel(5)=p:factor(time)2015;
 INPUT ---       blabel(6)=p:factor(time)2016;
 INPUT ---       blabel(7)=p:factor(time)2017;
 INPUT ---       blabel(8)=p:factor(time)2018;
 INPUT ---       blabel(9)=p:factor(time)2019;
 INPUT ---       blabel(10)=p:factor(time)2020;
 INPUT ---       blabel(11)=p:factor(time)2021;
 INPUT ---       blabel(12)=p:factor(time)2022;
 INPUT ---       blabel(13)=p:factor(time)2023;
 INPUT ---       blabel(14)=p:factor(time)2024;
 INPUT ---       rlabel(1)=Phi g1 c2013 a0 t2013;
 INPUT ---       rlabel(2)=Phi g1 c2013 a1 t2014;
 INPUT ---       rlabel(3)=Phi g1 c2013 a2 t2015;
 INPUT ---       rlabel(4)=Phi g1 c2013 a3 t2016;
 INPUT ---       rlabel(5)=Phi g1 c2013 a4 t2017;
 INPUT ---       rlabel(6)=Phi g1 c2013 a5 t2018;
 INPUT ---       rlabel(7)=Phi g1 c2013 a6 t2019;
 INPUT ---       rlabel(8)=Phi g1 c2013 a7 t2020;
 INPUT ---       rlabel(9)=Phi g1 c2013 a8 t2021;
 INPUT ---       rlabel(10)=Phi g1 c2013 a9 t2022;
 INPUT ---       rlabel(11)=Phi g1 c2013 a10 t2023;
 INPUT ---       rlabel(12)=p g1 c2013 a1 t2014;
 INPUT ---       rlabel(13)=p g1 c2013 a2 t2015;
 INPUT ---       rlabel(14)=p g1 c2013 a3 t2016;
 INPUT ---       rlabel(15)=p g1 c2013 a4 t2017;
 INPUT ---       rlabel(16)=p g1 c2013 a5 t2018;
 INPUT ---       rlabel(17)=p g1 c2013 a6 t2019;
 INPUT ---       rlabel(18)=p g1 c2013 a7 t2020;
 INPUT ---       rlabel(19)=p g1 c2013 a8 t2021;
 INPUT ---       rlabel(20)=p g1 c2013 a9 t2022;

Program  MARK  - Survival Rate Estimation with Capture-Recapture Data
 gfortran(dble/PIM2) Vers. 11.1 Nov 2024  24-Jan-2026 01:51:49    Page  004
 - - - - - - - - - - - - - - - - - - - - - - - - - - - - - - - - - - - - - -
 
 INPUT ---       rlabel(21)=p g1 c2013 a10 t2023;
 INPUT ---       rlabel(22)=p g1 c2013 a11 t2024;
   Model is { model_temp_quad }

 Link Function Used is LOGIT        

 Variance Estimation Procedure Used is 2ndPart 
 -2logL(saturated) = 198.85252     
 Effective Sample Size = 223

 Number of function evaluations was 72 for 14 parameters.
 For numerical optimization, CPU Time was 0.531 secs and System Time was 0.250 secs.
 -2logL { model_temp_quad } = 234.70034     
 Penalty { model_temp_quad } = 0.0000000     

   * *  WARNING  * *   Numerical underflow occurred during optimization. 
     IEEE flag status during optimization:
     overflow       F
     divide by zero F
     invalid        F
     underflow      T
     inexact        T

 Gradient { model_temp_quad }:
 -6.49226E-03 -9.39640E-04 -1.49396E-04 -1.07517E-02  1.68323E-03
   0.0000     -5.00218E-03  3.36236E-03   0.0000      2.31221E-03
 -9.10783E-03   0.0000     -3.96967E-03   0.0000    
 Maximum ABS(G) { model_temp_quad } =  1.07517E-02
 To compute VC matrix, CPU Time was 0.078 secs and System Time was 0.063 secs.
 S Vector { model_temp_quad }:
   37.21310      14.61505      4.517792      3.436842      2.585638    
   1.494549      1.082414     0.8698484E-02 0.1328839E-02 0.1345444E-05
  0.3346446E-11 0.3081179E-11 0.2494132E-11 0.1501569E-11
 To invert VC matrix, CPU Time was 0.001 secs and System Time was 0.001 secs.
 Ratio Threshold = 50.00 Max Gap (10/11) = 4.0205E+5 Next Max Gap (9/10) = 987.7
 Gap Method for Num. of Estimated Parameters { model_temp_quad } = 9          
 Threshold { model_temp_quad } = 0.0215034               
 Numerical Threshold Method for Num. of Estimated Parameters { model_temp_quad } = 7          
 Number of Estimated Parameters { model_temp_quad } = 9          

   * *  WARNING  * *   Number of parameters estimated from gap method (=9) and threshold method (=7) differ.  Inspect full output. 
 Ratios of S Vector { model_temp_quad }:
   1/2    2.546218       2/3    3.234998       3/4    1.314518       4/5    1.329205       5/6    1.730046    
   6/7    1.380755       7/8    124.4371       8/9    6.545930       9/10    987.6579       10/11    402051.6    
   11/12    1.086093       12/13    1.235371       13/14    1.661018    
 DEVIANCE { model_temp_quad } = 35.847815               
 DEVIANCE Degrees of Freedom { model_temp_quad } = 8          
 c-hat { model_temp_quad } = 4.4809769               
 AIC { model_temp_quad } = 248.70034               

Program  MARK  - Survival Rate Estimation with Capture-Recapture Data
 gfortran(dble/PIM2) Vers. 11.1 Nov 2024  24-Jan-2026 01:51:50    Page  005
 - - - - - - - - - - - - - - - - - - - - - - - - - - - - - - - - - - - - - -
 
 AICc { model_temp_quad } = 249.22127               
 BIC { model_temp_quad } = 272.55054               
 Pearson Chisquare { model_temp_quad } = 48.819157               
 Possible Encounter Histories { model_temp_quad } = 4054          
 Pearson Chisquare df { model_temp_quad } = 4038          
 Pearson chat { model_temp_quad } = 0.0120899               
 Sum(Observed/Expected) { model_temp_quad } = 67.825778               
 s-bar { model_temp_quad } = -0.9854572              
 Fletcher chat { model_temp_quad } = 0.8313326               

   * *  WARNING  * *   Numerical underflow occurred computing the variance-covariance matrix. 
     IEEE flag status computing the variance-covariance matrix:
     overflow       F
     divide by zero F
     invalid        F
     underflow      T
     inexact        T



                  LOGIT Link Function Parameters of { model_temp_quad }
                                                              95% Confidence Interval
    Parameter                  Beta         Standard Error     Lower           Upper
 -------------------------  --------------  --------------  --------------  --------------
    1:Phi:(Intercept)        21.809055       13.965374      -5.5630787       49.181190    
    2:Phi:temp_jun_oct      -140.28140       90.444885      -317.55338       36.990580    
    3:Phi:temp_jun_oct2      214.71975       143.99790      -67.516132       496.95563    
    4:p:(Intercept)         -865.99258       4.0454791      -873.92172      -858.06345    
    5:p:factor(time)2015     865.60241       4.0458967       857.67246       873.53237    
    6:p:factor(time)2016    -251.44603       633199.14      -1241321.8       1240818.9    
    7:p:factor(time)2017     862.35386       4.1181911       854.28220       870.42551    
    8:p:factor(time)2018     862.07719       4.2167448       853.81237       870.34201    
    9:p:factor(time)2019    -216.93776       546648.37      -1071647.8       1071213.9    
   10:p:factor(time)2020     865.54928       4.1054078       857.50268       873.59588    
   11:p:factor(time)2021     864.28526       4.0946999       856.25965       872.31087    
   12:p:factor(time)2022    -226.12554       569693.87      -1116826.1       1116373.9    
   13:p:factor(time)2023     863.42623       4.0978401       855.39446       871.45800    
   14:p:factor(time)2024    -324.35077       816070.02      -1599821.6       1599172.9    

Program  MARK  - Survival Rate Estimation with Capture-Recapture Data
 gfortran(dble/PIM2) Vers. 11.1 Nov 2024  24-Jan-2026 01:51:50    Page  006
 - - - - - - - - - - - - - - - - - - - - - - - - - - - - - - - - - - - - - -
 
                     Real Function Parameters of { model_temp_quad }
                                                               95% Confidence Interval
     Parameter                Estimate       Standard Error     Lower           Upper
 --------------------------  --------------  --------------  --------------  --------------
     1:Phi g1 c2013 a0 t201   0.8414980       0.2205228       0.1720516       0.9926814       
     2:Phi g1 c2013 a1 t201   1.0000000       0.0000000       1.0000000       1.0000000       
     3:Phi g1 c2013 a2 t201   1.0000000       0.3275301E-12   1.0000000       1.0000000       
     4:Phi g1 c2013 a3 t201   1.0000000       0.0000000       1.0000000       1.0000000       
     5:Phi g1 c2013 a4 t201   0.5513166       0.2958827       0.1054179       0.9276009       
     6:Phi g1 c2013 a5 t201   1.0000000       0.0000000       1.0000000       1.0000000       
     7:Phi g1 c2013 a6 t201   0.2669119       0.1430973       0.0798980       0.6042103       
     8:Phi g1 c2013 a7 t202   1.0000000       0.0000000       1.0000000       1.0000000       
     9:Phi g1 c2013 a8 t202   1.0000000       0.0000000       1.0000000       1.0000000       
    10:Phi g1 c2013 a9 t202   1.0000000       0.0000000       1.0000000       1.0000000       
    11:Phi g1 c2013 a10 t20   1.0000000       0.0000000       1.0000000       1.0000000       
    12:p g1 c2013 a1 t2014   0.5562685E-308   0.0000000      0.5562685E-308  0.5562685E-308   
    13:p g1 c2013 a2 t2015    0.4036762       0.0868402       0.2502576       0.5785681       
    14:p g1 c2013 a3 t2016   0.5562685E-308   0.0000000      0.5562685E-308  0.5562685E-308   
    15:p g1 c2013 a4 t2017    0.0256125       0.0180887       0.0063096       0.0981363       
    16:p g1 c2013 a5 t2018    0.0195432       0.0218206       0.0021344       0.1566502       
    17:p g1 c2013 a6 t2019   0.5562685E-308   0.0000000      0.5562685E-308  0.5562685E-308   
    18:p g1 c2013 a7 t2020    0.3909540       0.1921396       0.1166126       0.7573670       
    19:p g1 c2013 a8 t2021    0.1535112       0.0905742       0.0442147       0.4155252       
    20:p g1 c2013 a9 t2022   0.5562685E-308   0.0000000      0.5562685E-308  0.5562685E-308   
    21:p g1 c2013 a10 t2023   0.0713355       0.0429236       0.0211176       0.2147713       
    22:p g1 c2013 a11 t2024  0.5562685E-308   0.0000000      0.5562685E-308  0.5562685E-308   

 To compute parameter estimates, CPU Time was 0.001 secs and System Time was 0.031 secs.

 Attempted ordering of parameters by estimatibility:
   4  1  5 11 13 10  7  8  2  3  9 12  6 14
 Beta number 14 is a singular value.

 For procedure estimate CPU Time was 0.609 secs and System Time was 0.344 secs.

Program  MARK  - Survival Rate Estimation with Capture-Recapture Data
 gfortran(dble/PIM2) Vers. 11.1 Nov 2024  24-Jan-2026 01:51:50    Page  007
 - - - - - - - - - - - - - - - - - - - - - - - - - - - - - - - - - - - - - -
 


 INPUT --- proc stop;

 For this job, CPU Time in mins was 0.011 and System Time in mins was 0.007.

     Time Start = 01:51:49.670   Time End = 01:51:50.086

 Wall Clock Time in mins for this job was 0.006.

 Maximum of 19 words used.


          E X E C U T I O N   S U C C E S S F U L
