
 Program  MARK  - Survival Rate Estimation with Capture-Recapture Data
 gfortran(dble/PIM2) Vers. 11.1 Nov 2024  28-Apr-2026 12:06:12    Page  001
  
 - - - - - - - - - - - - - - - - - - - - - - - - - - - - - - - - - - - - - -
 
 Welcome to MARK localuser on machine DEP79421 in subdirectory 
 "C:\Users\localuser\Desktop\GitHub\LHI_SBSH_CMR_adult_survival" running file "data/rmark_outputs/reference_models/2026-04-28/linear_covariate_model_7.inp".
 This version was compiled by GCC version 14.2.0 using the options: 
  -cpp -iprefix C:/tdm-gcc-64/mingw64-14-2/bin/../lib/gcc/
  x86_64-w64-mingw32/14.2.0/ -D_MT -D_REENTRANT -U_REENTRANT -D
  dbleprecision -m64 -march=x86-64 -mtune=generic -mthreads -O3 -std=f2023
  -fimplicit-none -ffpe-summary=invalid,zero,overflow,underflow
  -funroll-loops -fno-unsafe-math-optimizations -frounding-math
  -fsignaling-nans -fall-intrinsics -fopenmp

 This problem will use 19 of 20 possible threads.
 Static thread allocation is used.
 INPUT --- proc title ;

 For procedure title CPU Time was 0.001 secs and System Time was 0.001 secs.
 INPUT --- proc chmatrix occasions= 12 groups= 1 etype= Live Nodes= 
 INPUT --- 101 ICMeans NoHist hist= 25  ;
 INPUT ---    time interval 1 1 1 1 1 1 1 1 1 1 1 ;
 INPUT ---    glabel(1)=Group 1;

      Number of unique encounter histories read was 25.

      Number of individual covariates read was 0.
      Time interval lengths are all equal to 1.

      Data type number is 1
      Data type is Live Recaptures (CJS)

 For procedure chmatrix CPU Time was 0.001 secs and System Time was 0.001 secs.

Program  MARK  - Survival Rate Estimation with Capture-Recapture Data
 gfortran(dble/PIM2) Vers. 11.1 Nov 2024  28-Apr-2026 12:06:12    Page  002
 - - - - - - - - - - - - - - - - - - - - - - - - - - - - - - - - - - - - - -
 


 INPUT --- proc estimate link=Logit NOLOOP varest=2ndPart    ;
 INPUT --- model={ model7 };
 INPUT ---    group=1 Phi    rows=11 cols=11 Triang ;
 INPUT ---        1 1 1 1 1 1 1 1 1 1 1 ;
 INPUT ---        1 1 1 1 1 1 1 1 1 1 ;
 INPUT ---        1 1 1 1 1 1 1 1 1 ;
 INPUT ---        1 1 1 1 1 1 1 1 ;
 INPUT ---        1 1 1 1 1 1 1 ;
 INPUT ---        1 1 1 1 1 1 ;
 INPUT ---        1 1 1 1 1 ;
 INPUT ---        1 1 1 1 ;
 INPUT ---        1 1 1 ;
 INPUT ---        1 1 ;
 INPUT ---        1 ;
 INPUT ---    group=1 p    rows=11 cols=11 Triang ;
 INPUT ---        2 2 2 2 2 2 3 3 3 3 3 ;
 INPUT ---        2 2 2 2 2 3 3 3 3 3 ;
 INPUT ---        2 2 2 2 3 3 3 3 3 ;
 INPUT ---        2 2 2 3 3 3 3 3 ;
 INPUT ---        2 2 3 3 3 3 3 ;
 INPUT ---        2 3 3 3 3 3 ;
 INPUT ---        3 3 3 3 3 ;
 INPUT ---        3 3 3 3 ;
 INPUT ---        3 3 3 ;
 INPUT ---        3 3 ;
 INPUT ---        3 ;
 INPUT ---    design matrix constraints=3 covariates=3;
 INPUT ---        1 0 0;
 INPUT ---        0 1 1;
 INPUT ---        0 1 0;
 INPUT ---       blabel(1)=Phi:(Intercept);
 INPUT ---       blabel(2)=p:(Intercept);
 INPUT ---       blabel(3)=p:recap_groupB;
 INPUT ---       rlabel(1)=Phi g1 c2013 a0 t2013;
 INPUT ---       rlabel(2)=p g1 c2013 a1 t2014;
 INPUT ---       rlabel(3)=p g1 c2013 a7 t2020;
   Model is { model7 }

 Link Function Used is LOGIT        

 Variance Estimation Procedure Used is 2ndPart 
 -2logL(saturated) = 198.85252     
 Effective Sample Size = 223

 Number of function evaluations was 10 for 3 parameters.
 For numerical optimization, CPU Time was 0.001 secs and System Time was 0.001 secs.
 -2logL { model7 } = 338.32769     
 Penalty { model7 } = 0.0000000     

Program  MARK  - Survival Rate Estimation with Capture-Recapture Data
 gfortran(dble/PIM2) Vers. 11.1 Nov 2024  28-Apr-2026 12:06:12    Page  003
 - - - - - - - - - - - - - - - - - - - - - - - - - - - - - - - - - - - - - -
 
 Gradient { model7 }:
  3.75669E-06  2.40450E-06   0.0000    
 Maximum ABS(G) { model7 } =  3.75669E-06
 To compute VC matrix, CPU Time was 0.001 secs and System Time was 0.001 secs.
 S Vector { model7 }:
   62.28522      16.18389      3.111338    
 To invert VC matrix, CPU Time was 0.001 secs and System Time was 0.001 secs.
 Ratio Threshold = 50.00 Max Gap (2/3) = 5.202 Next Max Gap (1/2) = 3.849
 Gap Method for Num. of Estimated Parameters { model7 } = 3          
 Threshold { model7 } = 0.7513378E-05           
 Numerical Threshold Method for Num. of Estimated Parameters { model7 } = 3          
 Number of Estimated Parameters { model7 } = 3          
 DEVIANCE { model7 } = 139.47517               
 DEVIANCE Degrees of Freedom { model7 } = 12          
 c-hat { model7 } = 11.622930               
 AIC { model7 } = 344.32769               
 AICc { model7 } = 344.43728               
 BIC { model7 } = 354.54920               
 Pearson Chisquare { model7 } = 906.72394               
 Possible Encounter Histories { model7 } = 4054          
 Pearson Chisquare df { model7 } = 4042          
 Pearson chat { model7 } = 0.2243256               
 Sum(Observed/Expected) { model7 } = 823.82562               
 s-bar { model7 } = -0.7985598              
 Fletcher chat { model7 } = 1.1136087               


                       LOGIT Link Function Parameters of { model7 }
                                                              95% Confidence Interval
    Parameter                  Beta         Standard Error     Lower           Upper
 -------------------------  --------------  --------------  --------------  --------------
    1:Phi:(Intercept)        1.0308828       0.2779347       0.4861307       1.5756348    
    2:p:(Intercept)         -2.1729673       0.4144712      -2.9853308      -1.3606038    
    3:p:recap_groupB         0.0629584       0.3875773      -0.6966931       0.8226099    

Program  MARK  - Survival Rate Estimation with Capture-Recapture Data
 gfortran(dble/PIM2) Vers. 11.1 Nov 2024  28-Apr-2026 12:06:12    Page  004
 - - - - - - - - - - - - - - - - - - - - - - - - - - - - - - - - - - - - - -
 
                          Real Function Parameters of { model7 }
                                                               95% Confidence Interval
     Parameter                Estimate       Standard Error     Lower           Upper
 --------------------------  --------------  --------------  --------------  --------------
     1:Phi g1 c2013 a0 t201   0.7370870       0.0538609       0.6191945       0.8285854       
     2:p g1 c2013 a1 t2014    0.1081278       0.0252137       0.0677068       0.1683232       
     3:p g1 c2013 a7 t2020    0.1022044       0.0380313       0.0480930       0.2041422       

 To compute parameter estimates, CPU Time was 0.001 secs and System Time was 0.001 secs.

 For procedure estimate CPU Time was 0.016 secs and System Time was 0.001 secs.
 INPUT --- proc stop;

 For this job, CPU Time in mins was 0.001 and System Time in mins was 0.001.

     Time Start = 12:06:12.835   Time End = 12:06:12.884

 Wall Clock Time in mins for this job was 0.001.

 Maximum of 19 words used.


          E X E C U T I O N   S U C C E S S F U L
