
 Program  MARK  - Survival Rate Estimation with Capture-Recapture Data
 gfortran(dble/PIM2) Vers. 11.1 Nov 2024  28-Apr-2026 12:06:14    Page  001
  
 - - - - - - - - - - - - - - - - - - - - - - - - - - - - - - - - - - - - - -
 
 Welcome to MARK localuser on machine DEP79421 in subdirectory 
 "C:\Users\localuser\Desktop\GitHub\LHI_SBSH_CMR_adult_survival" running file "data/rmark_outputs/reference_models/2026-04-28/linear_covariate_model_12.inp".
 This version was compiled by GCC version 14.2.0 using the options: 
  -cpp -iprefix C:/tdm-gcc-64/mingw64-14-2/bin/../lib/gcc/
  x86_64-w64-mingw32/14.2.0/ -D_MT -D_REENTRANT -U_REENTRANT -D
  dbleprecision -m64 -march=x86-64 -mtune=generic -mthreads -O3 -std=f2023
  -fimplicit-none -ffpe-summary=invalid,zero,overflow,underflow
  -funroll-loops -fno-unsafe-math-optimizations -frounding-math
  -fsignaling-nans -fall-intrinsics -fopenmp

 This problem will use 19 of 20 possible threads.
 Static thread allocation is used.
 INPUT --- proc title ;

 For procedure title CPU Time was 0.001 secs and System Time was 0.001 secs.
 INPUT --- proc chmatrix occasions= 12 groups= 1 etype= Live Nodes= 
 INPUT --- 101 ICMeans NoHist hist= 25  ;
 INPUT ---    time interval 1 1 1 1 1 1 1 1 1 1 1 ;
 INPUT ---    glabel(1)=Group 1;

      Number of unique encounter histories read was 25.

      Number of individual covariates read was 0.
      Time interval lengths are all equal to 1.

      Data type number is 1
      Data type is Live Recaptures (CJS)

 For procedure chmatrix CPU Time was 0.001 secs and System Time was 0.001 secs.

Program  MARK  - Survival Rate Estimation with Capture-Recapture Data
 gfortran(dble/PIM2) Vers. 11.1 Nov 2024  28-Apr-2026 12:06:14    Page  002
 - - - - - - - - - - - - - - - - - - - - - - - - - - - - - - - - - - - - - -
 


 INPUT --- proc estimate link=Logit NOLOOP varest=2ndPart    ;
 INPUT --- model={ model12 };
 INPUT ---    group=1 Phi    rows=11 cols=11 Triang ;
 INPUT ---        1 2 3 4 5 6 7 8 9 10 11 ;
 INPUT ---        2 3 4 5 6 7 8 9 10 11 ;
 INPUT ---        3 4 5 6 7 8 9 10 11 ;
 INPUT ---        4 5 6 7 8 9 10 11 ;
 INPUT ---        5 6 7 8 9 10 11 ;
 INPUT ---        6 7 8 9 10 11 ;
 INPUT ---        7 8 9 10 11 ;
 INPUT ---        8 9 10 11 ;
 INPUT ---        9 10 11 ;
 INPUT ---        10 11 ;
 INPUT ---        11 ;
 INPUT ---    group=1 p    rows=11 cols=11 Triang ;
 INPUT ---        12 13 14 15 16 17 18 19 20 21 22 ;
 INPUT ---        13 14 15 16 17 18 19 20 21 22 ;
 INPUT ---        14 15 16 17 18 19 20 21 22 ;
 INPUT ---        15 16 17 18 19 20 21 22 ;
 INPUT ---        16 17 18 19 20 21 22 ;
 INPUT ---        17 18 19 20 21 22 ;
 INPUT ---        18 19 20 21 22 ;
 INPUT ---        19 20 21 22 ;
 INPUT ---        20 21 22 ;
 INPUT ---        21 22 ;
 INPUT ---        22 ;
 INPUT ---    design matrix constraints=22 covariates=5;
 INPUT ---        1 2013 4052169 0 0;
 INPUT ---        1 2014 4056196 0 0;
 INPUT ---        1 2015 4060225 0 0;
 INPUT ---        1 2016 4064256 0 0;
 INPUT ---        1 2017 4068289 0 0;
 INPUT ---        1 2018 4072324 0 0;
 INPUT ---        1 2019 4076361 0 0;
 INPUT ---        1 2020 4080400 0 0;
 INPUT ---        1 2021 4084441 0 0;
 INPUT ---        1 2022 4088484 0 0;
 INPUT ---        1 2023 4092529 0 0;
 INPUT ---        0 0 0 1 2014;
 INPUT ---        0 0 0 1 2015;
 INPUT ---        0 0 0 1 2016;
 INPUT ---        0 0 0 1 2017;
 INPUT ---        0 0 0 1 2018;
 INPUT ---        0 0 0 1 2019;

Program  MARK  - Survival Rate Estimation with Capture-Recapture Data
 gfortran(dble/PIM2) Vers. 11.1 Nov 2024  28-Apr-2026 12:06:14    Page  003
 - - - - - - - - - - - - - - - - - - - - - - - - - - - - - - - - - - - - - -
 
 INPUT ---        0 0 0 1 2020;
 INPUT ---        0 0 0 1 2021;
 INPUT ---        0 0 0 1 2022;
 INPUT ---        0 0 0 1 2023;
 INPUT ---        0 0 0 1 2024;
 INPUT ---       blabel(1)=Phi:(Intercept);
 INPUT ---       blabel(2)=Phi:time;
 INPUT ---       blabel(3)=Phi:I(time^2);
 INPUT ---       blabel(4)=p:(Intercept);
 INPUT ---       blabel(5)=p:time;
 INPUT ---       rlabel(1)=Phi g1 c2013 a0 t2013;
 INPUT ---       rlabel(2)=Phi g1 c2013 a1 t2014;
 INPUT ---       rlabel(3)=Phi g1 c2013 a2 t2015;
 INPUT ---       rlabel(4)=Phi g1 c2013 a3 t2016;
 INPUT ---       rlabel(5)=Phi g1 c2013 a4 t2017;
 INPUT ---       rlabel(6)=Phi g1 c2013 a5 t2018;
 INPUT ---       rlabel(7)=Phi g1 c2013 a6 t2019;
 INPUT ---       rlabel(8)=Phi g1 c2013 a7 t2020;
 INPUT ---       rlabel(9)=Phi g1 c2013 a8 t2021;
 INPUT ---       rlabel(10)=Phi g1 c2013 a9 t2022;
 INPUT ---       rlabel(11)=Phi g1 c2013 a10 t2023;
 INPUT ---       rlabel(12)=p g1 c2013 a1 t2014;
 INPUT ---       rlabel(13)=p g1 c2013 a2 t2015;
 INPUT ---       rlabel(14)=p g1 c2013 a3 t2016;
 INPUT ---       rlabel(15)=p g1 c2013 a4 t2017;
 INPUT ---       rlabel(16)=p g1 c2013 a5 t2018;
 INPUT ---       rlabel(17)=p g1 c2013 a6 t2019;
 INPUT ---       rlabel(18)=p g1 c2013 a7 t2020;
 INPUT ---       rlabel(19)=p g1 c2013 a8 t2021;
 INPUT ---       rlabel(20)=p g1 c2013 a9 t2022;
 INPUT ---       rlabel(21)=p g1 c2013 a10 t2023;
 INPUT ---       rlabel(22)=p g1 c2013 a11 t2024;
   Model is { model12 }

 Link Function Used is LOGIT        

 Variance Estimation Procedure Used is 2ndPart 
 -2logL(saturated) = 198.85252     
 Effective Sample Size = 223

 Number of function evaluations was 55 for 5 parameters.
 For numerical optimization, CPU Time was 0.047 secs and System Time was 0.062 secs.
 -2logL { model12 } = 324.80763     
 Penalty { model12 } = 0.0000000     
 Gradient { model12 }:
 -1.91992E-04 -2.02186E-04 -1.90569E-04 -1.42579E-04 -1.42126E-04
 Maximum ABS(G) { model12 } =  2.02186E-04

Program  MARK  - Survival Rate Estimation with Capture-Recapture Data
 gfortran(dble/PIM2) Vers. 11.1 Nov 2024  28-Apr-2026 12:06:14    Page  004
 - - - - - - - - - - - - - - - - - - - - - - - - - - - - - - - - - - - - - -
 
 To compute VC matrix, CPU Time was 0.001 secs and System Time was 0.001 secs.
 S Vector { model12 }:
   91.33364      11.99162     0.4501353E-02 0.9673070E-04 0.4068471E-04
 To invert VC matrix, CPU Time was 0.001 secs and System Time was 0.001 secs.
 Ratio Threshold = 50.00 Max Gap (2/3) = 2664. Next Max Gap (3/4) = 46.53
 Gap Method for Num. of Estimated Parameters { model12 } = 2          
 Threshold { model12 } = 0.4043730E-03           
 Numerical Threshold Method for Num. of Estimated Parameters { model12 } = 3          
 Number of Estimated Parameters { model12 } = 3          

   * *  WARNING  * *   Number of parameters estimated from gap method (=2) and threshold method (=3) differ.  Inspect full output. 
 Ratios of S Vector { model12 }:
   1/2    7.616455       2/3    2664.004       3/4    46.53490       4/5    2.377569    
 DEVIANCE { model12 } = 125.95511               
 DEVIANCE Degrees of Freedom { model12 } = 12          
 c-hat { model12 } = 10.496259               
 AIC { model12 } = 330.80763               
 AICc { model12 } = 330.91722               
 BIC { model12 } = 341.02915               
 Pearson Chisquare { model12 } = 1015.8938               
 Possible Encounter Histories { model12 } = 4054          
 Pearson Chisquare df { model12 } = 4042          
 Pearson chat { model12 } = 0.2513344               
 Sum(Observed/Expected) { model12 } = 974.76786               
 s-bar { model12 } = -0.7612440              
 Fletcher chat { model12 } = 1.0526834               


                      LOGIT Link Function Parameters of { model12 }
                                                              95% Confidence Interval
    Parameter                  Beta         Standard Error     Lower           Upper
 -------------------------  --------------  --------------  --------------  --------------
    1:Phi:(Intercept)        72.455881       0.0000000       72.455881       72.455881    
    2:Phi:time               0.0011191       0.0000000       0.0011191       0.0011191    
    3:Phi:I(time^2)         -0.1796563E-04   0.0000000      -0.1796563E-04  -0.1796563E-04
    4:p:(Intercept)          447.01073       10.515265       426.40081       467.62065    
    5:p:time                -0.2227415       0.0052175      -0.2329678      -0.2125152    

Program  MARK  - Survival Rate Estimation with Capture-Recapture Data
 gfortran(dble/PIM2) Vers. 11.1 Nov 2024  28-Apr-2026 12:06:14    Page  005
 - - - - - - - - - - - - - - - - - - - - - - - - - - - - - - - - - - - - - -
 
                         Real Function Parameters of { model12 }
                                                               95% Confidence Interval
     Parameter                Estimate       Standard Error     Lower           Upper
 --------------------------  --------------  --------------  --------------  --------------
     1:Phi g1 c2013 a0 t201   0.8709012       0.0307912       0.7977315       0.9202482       
     2:Phi g1 c2013 a1 t201   0.8626790       0.0404510       0.7628656       0.9246303       
     3:Phi g1 c2013 a2 t201   0.8540165       0.0479854       0.7334248       0.9255903       
     4:Phi g1 c2013 a3 t201   0.8449011       0.0539704       0.7084622       0.9243090       
     5:Phi g1 c2013 a4 t201   0.8353214       0.0585271       0.6878108       0.9211254       
     6:Phi g1 c2013 a5 t201   0.8252671       0.0615738       0.6716220       0.9160129       
     7:Phi g1 c2013 a6 t201   0.8147297       0.0628781       0.6602882       0.9086700       
     8:Phi g1 c2013 a7 t202   0.8037023       0.0620309       0.6545165       0.8984610       
     9:Phi g1 c2013 a8 t202   0.7921800       0.0583283       0.6555880       0.8841714       
    10:Phi g1 c2013 a9 t202   0.7801603       0.0503853       0.6661456       0.8632321       
    11:Phi g1 c2013 a10 t20   0.7676428       0.0342680       0.6939164       0.8280122       
    12:p g1 c2013 a1 t2014    0.1692901       0.0357491       0.1101795       0.2511621       
    13:p g1 c2013 a2 t2015    0.1402267       0.0306440       0.0901678       0.2116133       
    14:p g1 c2013 a3 t2016    0.1154594       0.0259660       0.0734763       0.1768521       
    15:p g1 c2013 a4 t2017    0.0945853       0.0217892       0.0596602       0.1467645       
    16:p g1 c2013 a5 t2018    0.0771559       0.0181368       0.0482970       0.1210652       
    17:p g1 c2013 a6 t2019    0.0627157       0.0149963       0.0390005       0.0993607       
    18:p g1 c2013 a7 t2020    0.0508293       0.0123324       0.0314280       0.0812034       
    19:p g1 c2013 a8 t2021    0.0410969       0.0100972       0.0252820       0.0661334       
    20:p g1 c2013 a9 t2022    0.0331629       0.0082381       0.0203087       0.0537071       
    21:p g1 c2013 a10 t2023   0.0267179       0.0067025       0.0162940       0.0435153       
    22:p g1 c2013 a11 t2024   0.0214976       0.0054412       0.0130598       0.0351925       

 To compute parameter estimates, CPU Time was 0.016 secs and System Time was 0.001 secs.

 Attempted ordering of parameters by estimatibility:
  4 1 5 3 2
 Beta number 2 is a singular value.

 For procedure estimate CPU Time was 0.078 secs and System Time was 0.078 secs.

Program  MARK  - Survival Rate Estimation with Capture-Recapture Data
 gfortran(dble/PIM2) Vers. 11.1 Nov 2024  28-Apr-2026 12:06:14    Page  006
 - - - - - - - - - - - - - - - - - - - - - - - - - - - - - - - - - - - - - -
 


 INPUT --- proc stop;

 For this job, CPU Time in mins was 0.002 and System Time in mins was 0.002.

     Time Start = 12:06:14.026   Time End = 12:06:14.121

 Wall Clock Time in mins for this job was 0.001.

 Maximum of 19 words used.


          E X E C U T I O N   S U C C E S S F U L
