
 Program  MARK  - Survival Rate Estimation with Capture-Recapture Data
 gfortran(dble/PIM2) Vers. 11.1 Nov 2024  28-Apr-2026 12:06:18    Page  001
  
 - - - - - - - - - - - - - - - - - - - - - - - - - - - - - - - - - - - - - -
 
 Welcome to MARK localuser on machine DEP79421 in subdirectory 
 "C:\Users\localuser\Desktop\GitHub\LHI_SBSH_CMR_adult_survival" running file "data/rmark_outputs/covariate_models/2026-04-28/quadratic_covariate_model_sst_w_mean.inp".
 This version was compiled by GCC version 14.2.0 using the options: 
  -cpp -iprefix C:/tdm-gcc-64/mingw64-14-2/bin/../lib/gcc/
  x86_64-w64-mingw32/14.2.0/ -D_MT -D_REENTRANT -U_REENTRANT -D
  dbleprecision -m64 -march=x86-64 -mtune=generic -mthreads -O3 -std=f2023
  -fimplicit-none -ffpe-summary=invalid,zero,overflow,underflow
  -funroll-loops -fno-unsafe-math-optimizations -frounding-math
  -fsignaling-nans -fall-intrinsics -fopenmp

 This problem will use 19 of 20 possible threads.
 Static thread allocation is used.
 INPUT --- proc title ;

 For procedure title CPU Time was 0.001 secs and System Time was 0.001 secs.
 INPUT --- proc chmatrix occasions= 12 groups= 1 etype= Live Nodes= 
 INPUT --- 101 ICMeans NoHist hist= 25  ;
 INPUT ---    time interval 1 1 1 1 1 1 1 1 1 1 1 ;
 INPUT ---    glabel(1)=Group 1;

      Number of unique encounter histories read was 25.

      Number of individual covariates read was 0.
      Time interval lengths are all equal to 1.

      Data type number is 1
      Data type is Live Recaptures (CJS)

 For procedure chmatrix CPU Time was 0.001 secs and System Time was 0.001 secs.

Program  MARK  - Survival Rate Estimation with Capture-Recapture Data
 gfortran(dble/PIM2) Vers. 11.1 Nov 2024  28-Apr-2026 12:06:18    Page  002
 - - - - - - - - - - - - - - - - - - - - - - - - - - - - - - - - - - - - - -
 


 INPUT --- proc estimate link=Logit NOLOOP varest=2ndPart    ;
 INPUT --- model={ model_sst_w_mean };
 INPUT ---    group=1 Phi    rows=11 cols=11 Triang ;
 INPUT ---        1 2 3 4 5 6 7 8 9 10 11 ;
 INPUT ---        2 3 4 5 6 7 8 9 10 11 ;
 INPUT ---        3 4 5 6 7 8 9 10 11 ;
 INPUT ---        4 5 6 7 8 9 10 11 ;
 INPUT ---        5 6 7 8 9 10 11 ;
 INPUT ---        6 7 8 9 10 11 ;
 INPUT ---        7 8 9 10 11 ;
 INPUT ---        8 9 10 11 ;
 INPUT ---        9 10 11 ;
 INPUT ---        10 11 ;
 INPUT ---        11 ;
 INPUT ---    group=1 p    rows=11 cols=11 Triang ;
 INPUT ---        12 13 14 15 16 17 18 19 20 21 22 ;
 INPUT ---        13 14 15 16 17 18 19 20 21 22 ;
 INPUT ---        14 15 16 17 18 19 20 21 22 ;
 INPUT ---        15 16 17 18 19 20 21 22 ;
 INPUT ---        16 17 18 19 20 21 22 ;
 INPUT ---        17 18 19 20 21 22 ;
 INPUT ---        18 19 20 21 22 ;
 INPUT ---        19 20 21 22 ;
 INPUT ---        20 21 22 ;
 INPUT ---        21 22 ;
 INPUT ---        22 ;
 INPUT ---    design matrix constraints=22 covariates=14;
 INPUT ---        1 -0.35242356198016 0.124202367038783 0 0 0 0 0 0 0 0 0 0 
 INPUT ---       0;
 INPUT ---        1 -0.887505677425646 0.787666327462755 0 0 0 0 0 0 0 0 0 0 
 INPUT ---       0;
 INPUT ---        1 -0.838080421782087 0.702378793374441 0 0 0 0 0 0 0 0 0 0 
 INPUT ---       0;
 INPUT ---        1 0.223488112475223 0.049946936417738 0 0 0 0 0 0 0 0 0 0 
 INPUT ---       0;
 INPUT ---        1 -0.679060034059332 0.461122529856661 0 0 0 0 0 0 0 0 0 0 
 INPUT ---       0;
 INPUT ---        1 -0.629634778415773 0.39643995419068 0 0 0 0 0 0 0 0 0 0 
 INPUT ---       0;
 INPUT ---        1 -0.361019258613822 0.130334905090074 0 0 0 0 0 0 0 0 0 0 
 INPUT ---       0;
 INPUT ---        1 -0.816591180197931 0.66682115557705 0 0 0 0 0 0 0 0 0 0 
 INPUT ---       0;
 INPUT ---        1 -0.146126842772261 0.0213530541785892 0 0 0 0 0 0 0 0 0 

Program  MARK  - Survival Rate Estimation with Capture-Recapture Data
 gfortran(dble/PIM2) Vers. 11.1 Nov 2024  28-Apr-2026 12:06:18    Page  003
 - - - - - - - - - - - - - - - - - - - - - - - - - - - - - - - - - - - - - -
 
 INPUT ---       0 0;
 INPUT ---        1 0.715591744752397 0.51207154515778 0 0 0 0 0 0 0 0 0 0 0;
 INPUT ---        1 2.01998870891067 4.0803543841266 0 0 0 0 0 0 0 0 0 0 0;
 INPUT ---        0 0 0 1 0 0 0 0 0 0 0 0 0 0;
 INPUT ---        0 0 0 1 1 0 0 0 0 0 0 0 0 0;
 INPUT ---        0 0 0 1 0 1 0 0 0 0 0 0 0 0;
 INPUT ---        0 0 0 1 0 0 1 0 0 0 0 0 0 0;
 INPUT ---        0 0 0 1 0 0 0 1 0 0 0 0 0 0;
 INPUT ---        0 0 0 1 0 0 0 0 1 0 0 0 0 0;
 INPUT ---        0 0 0 1 0 0 0 0 0 1 0 0 0 0;
 INPUT ---        0 0 0 1 0 0 0 0 0 0 1 0 0 0;
 INPUT ---        0 0 0 1 0 0 0 0 0 0 0 1 0 0;
 INPUT ---        0 0 0 1 0 0 0 0 0 0 0 0 1 0;
 INPUT ---        0 0 0 1 0 0 0 0 0 0 0 0 0 1;
 INPUT ---       blabel(1)=Phi:(Intercept);
 INPUT ---       blabel(2)=Phi:sst_w_mean;
 INPUT ---       blabel(3)=Phi:sst_w_mean2;
 INPUT ---       blabel(4)=p:(Intercept);
 INPUT ---       blabel(5)=p:factor(time)2015;
 INPUT ---       blabel(6)=p:factor(time)2016;
 INPUT ---       blabel(7)=p:factor(time)2017;
 INPUT ---       blabel(8)=p:factor(time)2018;
 INPUT ---       blabel(9)=p:factor(time)2019;
 INPUT ---       blabel(10)=p:factor(time)2020;
 INPUT ---       blabel(11)=p:factor(time)2021;
 INPUT ---       blabel(12)=p:factor(time)2022;
 INPUT ---       blabel(13)=p:factor(time)2023;
 INPUT ---       blabel(14)=p:factor(time)2024;
 INPUT ---       rlabel(1)=Phi g1 c2013 a0 t2013;
 INPUT ---       rlabel(2)=Phi g1 c2013 a1 t2014;
 INPUT ---       rlabel(3)=Phi g1 c2013 a2 t2015;
 INPUT ---       rlabel(4)=Phi g1 c2013 a3 t2016;
 INPUT ---       rlabel(5)=Phi g1 c2013 a4 t2017;
 INPUT ---       rlabel(6)=Phi g1 c2013 a5 t2018;
 INPUT ---       rlabel(7)=Phi g1 c2013 a6 t2019;
 INPUT ---       rlabel(8)=Phi g1 c2013 a7 t2020;
 INPUT ---       rlabel(9)=Phi g1 c2013 a8 t2021;
 INPUT ---       rlabel(10)=Phi g1 c2013 a9 t2022;
 INPUT ---       rlabel(11)=Phi g1 c2013 a10 t2023;
 INPUT ---       rlabel(12)=p g1 c2013 a1 t2014;
 INPUT ---       rlabel(13)=p g1 c2013 a2 t2015;
 INPUT ---       rlabel(14)=p g1 c2013 a3 t2016;
 INPUT ---       rlabel(15)=p g1 c2013 a4 t2017;
 INPUT ---       rlabel(16)=p g1 c2013 a5 t2018;
 INPUT ---       rlabel(17)=p g1 c2013 a6 t2019;
 INPUT ---       rlabel(18)=p g1 c2013 a7 t2020;

Program  MARK  - Survival Rate Estimation with Capture-Recapture Data
 gfortran(dble/PIM2) Vers. 11.1 Nov 2024  28-Apr-2026 12:06:18    Page  004
 - - - - - - - - - - - - - - - - - - - - - - - - - - - - - - - - - - - - - -
 
 INPUT ---       rlabel(19)=p g1 c2013 a8 t2021;
 INPUT ---       rlabel(20)=p g1 c2013 a9 t2022;
 INPUT ---       rlabel(21)=p g1 c2013 a10 t2023;
 INPUT ---       rlabel(22)=p g1 c2013 a11 t2024;
   Model is { model_sst_w_mean }

 Link Function Used is LOGIT        

 Variance Estimation Procedure Used is 2ndPart 
 -2logL(saturated) = 198.85252     
 Effective Sample Size = 223

 Number of function evaluations was 62 for 14 parameters.
 For numerical optimization, CPU Time was 0.297 secs and System Time was 0.141 secs.
 -2logL { model_sst_w_mean } = 237.44619     
 Penalty { model_sst_w_mean } = 0.0000000     
 Gradient { model_sst_w_mean }:
  4.95575E-04 -1.08545E-04  8.49757E-05 -5.22040E-04 -1.45122E-04
   0.0000     -4.11314E-04 -2.12640E-04   0.0000     -7.16405E-05
  2.73281E-04   0.0000     -7.24934E-05  1.22092E-04
 Maximum ABS(G) { model_sst_w_mean } =  5.22040E-04
 To compute VC matrix, CPU Time was 0.109 secs and System Time was 0.062 secs.
 S Vector { model_sst_w_mean }:
   42.15828      11.43036      5.099610      3.177376      2.634103    
   1.898721      1.081678     0.2111400E-01 0.2468994E-02 0.3157612E-03
  0.5896209E-04 0.5092808E-09 0.3290670E-09 0.1664036E-09
 To invert VC matrix, CPU Time was 0.001 secs and System Time was 0.001 secs.
 Ratio Threshold = 50.00 Max Gap (11/12) = 1.1578E+5 Next Max Gap (7/8) = 51.23
 Gap Method for Num. of Estimated Parameters { model_sst_w_mean } = 7          
 Threshold { model_sst_w_mean } = 0.0010441               
 Numerical Threshold Method for Num. of Estimated Parameters { model_sst_w_mean } = 9          
 Number of Estimated Parameters { model_sst_w_mean } = 9          

   * *  WARNING  * *   Number of parameters estimated from gap method (=7) and threshold method (=9) differ.  Inspect full output. 
 Ratios of S Vector { model_sst_w_mean }:
   1/2    3.688273       2/3    2.241418       3/4    1.604975       4/5    1.206246       5/6    1.387304    
   6/7    1.755347       7/8    51.23037       8/9    8.551663       9/10    7.819181       10/11    5.355325    
   11/12    115775.2       12/13    1.547651       13/14    1.977523    
 DEVIANCE { model_sst_w_mean } = 38.593668               
 DEVIANCE Degrees of Freedom { model_sst_w_mean } = 6          
 c-hat { model_sst_w_mean } = 6.4322780               
 AIC { model_sst_w_mean } = 255.44619               
 AICc { model_sst_w_mean } = 256.29126               
 BIC { model_sst_w_mean } = 286.11073               
 Pearson Chisquare { model_sst_w_mean } = 72.600894               
 Possible Encounter Histories { model_sst_w_mean } = 4054          
 Pearson Chisquare df { model_sst_w_mean } = 4036          
 Pearson chat { model_sst_w_mean } = 0.0179883               

Program  MARK  - Survival Rate Estimation with Capture-Recapture Data
 gfortran(dble/PIM2) Vers. 11.1 Nov 2024  28-Apr-2026 12:06:18    Page  005
 - - - - - - - - - - - - - - - - - - - - - - - - - - - - - - - - - - - - - -
 
 Sum(Observed/Expected) { model_sst_w_mean } = 89.673909               
 s-bar { model_sst_w_mean } = -0.9800559              
 Fletcher chat { model_sst_w_mean } = 0.9019371               


                  LOGIT Link Function Parameters of { model_sst_w_mean }
                                                              95% Confidence Interval
    Parameter                  Beta         Standard Error     Lower           Upper
 -------------------------  --------------  --------------  --------------  --------------
    1:Phi:(Intercept)        0.4394368       1.1693582      -1.8525054       2.7313789    
    2:Phi:sst_w_mean        -0.1747751       4.1261690      -8.2620664       7.9125163    
    3:Phi:sst_w_mean2        2.7199330       4.7828825      -6.6545169       12.094383    
    4:p:(Intercept)         -148.20386       21.640902      -190.62003      -105.78769    
    5:p:factor(time)2015     148.06866       21.640733       105.65283       190.48450    
    6:p:factor(time)2016    -56.819870       0.0000000      -56.819870      -56.819870    
    7:p:factor(time)2017     145.22526       21.664896       102.76206       187.68845    
    8:p:factor(time)2018     144.34757       21.669404       101.87554       186.81961    
    9:p:factor(time)2019    -32.050633       0.0000000      -32.050633      -32.050633    
   10:p:factor(time)2020     146.73597       21.645691       104.31042       189.16153    
   11:p:factor(time)2021     145.83322       21.650191       103.39884       188.26759    
   12:p:factor(time)2022    -40.116516       0.0000000      -40.116516      -40.116516    
   13:p:factor(time)2023     145.73447       21.669191       103.26286       188.20609    
   14:p:factor(time)2024     134.30374       129.79881      -120.10194       388.70942    


                     Real Function Parameters of { model_sst_w_mean }
                                                               95% Confidence Interval
     Parameter                Estimate       Standard Error     Lower           Upper
 --------------------------  --------------  --------------  --------------  --------------
     1:Phi g1 c2013 a0 t201   0.6982237       0.1614421       0.3400927       0.9121832       
     2:Phi g1 c2013 a1 t201   0.9391721       0.1431854       0.1019633       0.9995239       
     3:Phi g1 c2013 a2 t201   0.9238845       0.1554781       0.1373920       0.9989201       
     4:Phi g1 c2013 a3 t201   0.6309347       0.4358463       0.0417910       0.9852963       
     5:Phi g1 c2013 a4 t201   0.8596447       0.1727652       0.2700922       0.9902321       
     6:Phi g1 c2013 a5 t201   0.8358641       0.1709783       0.3068558       0.9832160       
     7:Phi g1 c2013 a6 t201   0.7020411       0.1604794       0.3437454       0.9137825       
     8:Phi g1 c2013 a7 t202   0.9165115       0.1599375       0.1543470       0.9984877       
     9:Phi g1 c2013 a8 t202   0.6278618       0.2129964       0.2203412       0.9096845       
    10:Phi g1 c2013 a9 t202   0.8464688       0.6614091       0.2565418E-03   0.9999916       
    11:Phi g1 c2013 a10 t20   0.9999861       0.3474292E-03   0.3615388E-16   1.0000000       
    12:p g1 c2013 a1 t2014    0.4323962E-64   0.9357443E-63  -0.1790819E-62   0.1877299E-62   
    13:p g1 c2013 a2 t2015    0.4662528       0.1066313       0.2738830       0.6692115       
    14:p g1 c2013 a3 t2016    0.9105966E-89   0.0000000       0.9105966E-89   0.9105966E-89   
    15:p g1 c2013 a4 t2017    0.0484020       0.0421699       0.0083833       0.2343143       
    16:p g1 c2013 a5 t2018    0.0207085       0.0216191       0.0026101       0.1459368       
    17:p g1 c2013 a6 t2019    0.5205574E-78   0.0000000       0.5205574E-78   0.5205574E-78   
    18:p g1 c2013 a7 t2020    0.1872643       0.0957900       0.0628862       0.4416935       

Program  MARK  - Survival Rate Estimation with Capture-Recapture Data
 gfortran(dble/PIM2) Vers. 11.1 Nov 2024  28-Apr-2026 12:06:18    Page  006
 - - - - - - - - - - - - - - - - - - - - - - - - - - - - - - - - - - - - - -
 
    19:p g1 c2013 a8 t2021    0.0854390       0.0593747       0.0206340       0.2929045       
    20:p g1 c2013 a9 t2022    0.1634935E-81   0.0000000       0.1634935E-81   0.1634935E-81   
    21:p g1 c2013 a10 t2023   0.0780323       0.0729085       0.0114791       0.3815227       
    22:p g1 c2013 a11 t2024   0.9188738E-06   0.1175986E-03  0.1055169E-114   1.0000000       

 To compute parameter estimates, CPU Time was 0.001 secs and System Time was 0.001 secs.

 Attempted ordering of parameters by estimatibility:
   4  1 10  5 11 13  7  2  3  8 14  9 12  6
 Beta number 6 is a singular value.

 For procedure estimate CPU Time was 0.422 secs and System Time was 0.219 secs.
 INPUT --- proc stop;

 For this job, CPU Time in mins was 0.007 and System Time in mins was 0.004.

     Time Start = 12:06:18.718   Time End = 12:06:18.954

 Wall Clock Time in mins for this job was 0.004.

 Maximum of 19 words used.


          E X E C U T I O N   S U C C E S S F U L
