
 Program  MARK  - Survival Rate Estimation with Capture-Recapture Data
 gfortran(dble/PIM2) Vers. 11.1 Nov 2024  15-Apr-2026 19:29:22    Page  001
  
 - - - - - - - - - - - - - - - - - - - - - - - - - - - - - - - - - - - - - -
 
 Welcome to MARK localuser on machine DEP79421 in subdirectory 
 "C:\Users\localuser\Desktop\GitHub\LHI_SBSH_CMR_adult_survival" running file "data/rmark_outputs/reference_models/2026-04-15/linear_covariate_model_3.inp".
 This version was compiled by GCC version 14.2.0 using the options: 
  -cpp -iprefix C:/tdm-gcc-64/mingw64-14-2/bin/../lib/gcc/
  x86_64-w64-mingw32/14.2.0/ -D_MT -D_REENTRANT -U_REENTRANT -D
  dbleprecision -m64 -march=x86-64 -mtune=generic -mthreads -O3 -std=f2023
  -fimplicit-none -ffpe-summary=invalid,zero,overflow,underflow
  -funroll-loops -fno-unsafe-math-optimizations -frounding-math
  -fsignaling-nans -fall-intrinsics -fopenmp

 This problem will use 19 of 20 possible threads.
 Static thread allocation is used.
 INPUT --- proc title ;

 For procedure title CPU Time was 0.001 secs and System Time was 0.001 secs.
 INPUT --- proc chmatrix occasions= 12 groups= 1 etype= Live Nodes= 
 INPUT --- 101 ICMeans NoHist hist= 25  ;
 INPUT ---    time interval 1 1 1 1 1 1 1 1 1 1 1 ;
 INPUT ---    glabel(1)=Group 1;

      Number of unique encounter histories read was 25.

      Number of individual covariates read was 0.
      Time interval lengths are all equal to 1.

      Data type number is 1
      Data type is Live Recaptures (CJS)

 For procedure chmatrix CPU Time was 0.001 secs and System Time was 0.001 secs.

Program  MARK  - Survival Rate Estimation with Capture-Recapture Data
 gfortran(dble/PIM2) Vers. 11.1 Nov 2024  15-Apr-2026 19:29:22    Page  002
 - - - - - - - - - - - - - - - - - - - - - - - - - - - - - - - - - - - - - -
 


 INPUT --- proc estimate link=Logit NOLOOP varest=2ndPart    ;
 INPUT --- model={ model3 };
 INPUT ---    group=1 Phi    rows=11 cols=11 Triang ;
 INPUT ---        1 1 1 1 1 1 1 1 1 1 1 ;
 INPUT ---        1 1 1 1 1 1 1 1 1 1 ;
 INPUT ---        1 1 1 1 1 1 1 1 1 ;
 INPUT ---        1 1 1 1 1 1 1 1 ;
 INPUT ---        1 1 1 1 1 1 1 ;
 INPUT ---        1 1 1 1 1 1 ;
 INPUT ---        1 1 1 1 1 ;
 INPUT ---        1 1 1 1 ;
 INPUT ---        1 1 1 ;
 INPUT ---        1 1 ;
 INPUT ---        1 ;
 INPUT ---    group=1 p    rows=11 cols=11 Triang ;
 INPUT ---        2 2 2 2 2 2 2 2 2 2 2 ;
 INPUT ---        2 2 2 2 2 2 2 2 2 2 ;
 INPUT ---        2 2 2 2 2 2 2 2 2 ;
 INPUT ---        2 2 2 2 2 2 2 2 ;
 INPUT ---        2 2 2 2 2 2 2 ;
 INPUT ---        2 2 2 2 2 2 ;
 INPUT ---        2 2 2 2 2 ;
 INPUT ---        2 2 2 2 ;
 INPUT ---        2 2 2 ;
 INPUT ---        2 2 ;
 INPUT ---        2 ;
 INPUT ---    design matrix constraints=2 covariates=2 identity;
 INPUT ---       blabel(1)=Phi:(Intercept);
 INPUT ---       blabel(2)=p:(Intercept);
 INPUT ---       rlabel(1)=Phi g1 c2013 a0 t2013;
 INPUT ---       rlabel(2)=p g1 c2013 a1 t2014;
   Model is { model3 }

 Link Function Used is LOGIT        

 Variance Estimation Procedure Used is 2ndPart 
 -2logL(saturated) = 198.85252     
 Effective Sample Size = 223

 Number of function evaluations was 12 for 2 parameters.
 For numerical optimization, CPU Time was 0.001 secs and System Time was 0.031 secs.
 -2logL { model3 } = 338.35407     
 Penalty { model3 } = 0.0000000     
 Gradient { model3 }:
  1.89517E-06  2.44534E-06
 Maximum ABS(G) { model3 } =  2.44534E-06

Program  MARK  - Survival Rate Estimation with Capture-Recapture Data
 gfortran(dble/PIM2) Vers. 11.1 Nov 2024  15-Apr-2026 19:29:22    Page  003
 - - - - - - - - - - - - - - - - - - - - - - - - - - - - - - - - - - - - - -
 
 To compute VC matrix, CPU Time was 0.031 secs and System Time was 0.001 secs.
 S Vector { model3 }:
   52.41165      9.221351    
 To invert VC matrix, CPU Time was 0.001 secs and System Time was 0.001 secs.
 Gap Method for Num. of Estimated Parameters { model3 } = 2          
 Threshold { model3 } = 0.4890682E-05           
 Numerical Threshold Method for Num. of Estimated Parameters { model3 } = 2          
 Number of Estimated Parameters { model3 } = 2          
 DEVIANCE { model3 } = 139.50155               
 DEVIANCE Degrees of Freedom { model3 } = 13          
 c-hat { model3 } = 10.730888               
 AIC { model3 } = 342.35407               
 AICc { model3 } = 342.40861               
 BIC { model3 } = 349.16841               
 Pearson Chisquare { model3 } = 878.29719               
 Possible Encounter Histories { model3 } = 4054          
 Pearson Chisquare df { model3 } = 4043          
 Pearson chat { model3 } = 0.2172390               
 Sum(Observed/Expected) { model3 } = 793.96292               
 s-bar { model3 } = -0.8059424              
 Fletcher chat { model3 } = 1.1194563               


                       LOGIT Link Function Parameters of { model3 }
                                                              95% Confidence Interval
    Parameter                  Beta         Standard Error     Lower           Upper
 -------------------------  --------------  --------------  --------------  --------------
    1:Phi:(Intercept)        1.0128508       0.2507986       0.5212856       1.5044161    
    2:p:(Intercept)         -2.1199717       0.2542121      -2.6182273      -1.6217160    


                          Real Function Parameters of { model3 }
                                                               95% Confidence Interval
     Parameter                Estimate       Standard Error     Lower           Upper
 --------------------------  --------------  --------------  --------------  --------------
     1:Phi g1 c2013 a0 t201   0.7335777       0.0490164       0.6274483       0.8182322       
     2:p g1 c2013 a1 t2014    0.1071708       0.0243243       0.0679745       0.1649683       

Program  MARK  - Survival Rate Estimation with Capture-Recapture Data
 gfortran(dble/PIM2) Vers. 11.1 Nov 2024  15-Apr-2026 19:29:22    Page  004
 - - - - - - - - - - - - - - - - - - - - - - - - - - - - - - - - - - - - - -
 

 To compute parameter estimates, CPU Time was 0.001 secs and System Time was 0.125 secs.

 For procedure estimate CPU Time was 0.047 secs and System Time was 0.156 secs.
 INPUT --- proc stop;

 For this job, CPU Time in mins was 0.001 and System Time in mins was 0.003.

     Time Start = 19:29:22.727   Time End = 19:29:22.921

 Wall Clock Time in mins for this job was 0.002.

 Maximum of 19 words used.


          E X E C U T I O N   S U C C E S S F U L
