
 Program  MARK  - Survival Rate Estimation with Capture-Recapture Data
 gfortran(dble/PIM2) Vers. 11.1 Nov 2024  15-Apr-2026 19:29:55    Page  001
  
 - - - - - - - - - - - - - - - - - - - - - - - - - - - - - - - - - - - - - -
 
 Welcome to MARK localuser on machine DEP79421 in subdirectory 
 "C:\Users\localuser\Desktop\GitHub\LHI_SBSH_CMR_adult_survival" running file "data/rmark_outputs/reference_models/2026-04-15/linear_covariate_model_15.inp".
 This version was compiled by GCC version 14.2.0 using the options: 
  -cpp -iprefix C:/tdm-gcc-64/mingw64-14-2/bin/../lib/gcc/
  x86_64-w64-mingw32/14.2.0/ -D_MT -D_REENTRANT -U_REENTRANT -D
  dbleprecision -m64 -march=x86-64 -mtune=generic -mthreads -O3 -std=f2023
  -fimplicit-none -ffpe-summary=invalid,zero,overflow,underflow
  -funroll-loops -fno-unsafe-math-optimizations -frounding-math
  -fsignaling-nans -fall-intrinsics -fopenmp

 This problem will use 19 of 20 possible threads.
 Static thread allocation is used.
 INPUT --- proc title ;

 For procedure title CPU Time was 0.001 secs and System Time was 0.001 secs.
 INPUT --- proc chmatrix occasions= 12 groups= 1 etype= Live Nodes= 
 INPUT --- 101 ICMeans NoHist hist= 25  ;
 INPUT ---    time interval 1 1 1 1 1 1 1 1 1 1 1 ;
 INPUT ---    glabel(1)=Group 1;

      Number of unique encounter histories read was 25.

      Number of individual covariates read was 0.
      Time interval lengths are all equal to 1.

      Data type number is 1
      Data type is Live Recaptures (CJS)

 For procedure chmatrix CPU Time was 0.001 secs and System Time was 0.001 secs.

Program  MARK  - Survival Rate Estimation with Capture-Recapture Data
 gfortran(dble/PIM2) Vers. 11.1 Nov 2024  15-Apr-2026 19:29:55    Page  002
 - - - - - - - - - - - - - - - - - - - - - - - - - - - - - - - - - - - - - -
 


 INPUT --- proc estimate link=Logit NOLOOP varest=2ndPart    ;
 INPUT --- model={ model15 };
 INPUT ---    group=1 Phi    rows=11 cols=11 Triang ;
 INPUT ---        1 1 1 1 1 1 1 1 1 1 1 ;
 INPUT ---        1 1 1 1 1 1 1 1 1 1 ;
 INPUT ---        1 1 1 1 1 1 1 1 1 ;
 INPUT ---        1 1 1 1 1 1 1 1 ;
 INPUT ---        1 1 1 1 1 1 1 ;
 INPUT ---        1 1 1 1 1 1 ;
 INPUT ---        1 1 1 1 1 ;
 INPUT ---        1 1 1 1 ;
 INPUT ---        1 1 1 ;
 INPUT ---        1 1 ;
 INPUT ---        1 ;
 INPUT ---    group=1 p    rows=11 cols=11 Triang ;
 INPUT ---        2 3 4 5 6 7 8 9 10 11 12 ;
 INPUT ---        3 4 5 6 7 8 9 10 11 12 ;
 INPUT ---        4 5 6 7 8 9 10 11 12 ;
 INPUT ---        5 6 7 8 9 10 11 12 ;
 INPUT ---        6 7 8 9 10 11 12 ;
 INPUT ---        7 8 9 10 11 12 ;
 INPUT ---        8 9 10 11 12 ;
 INPUT ---        9 10 11 12 ;
 INPUT ---        10 11 12 ;
 INPUT ---        11 12 ;
 INPUT ---        12 ;
 INPUT ---    design matrix constraints=12 covariates=4;
 INPUT ---        1 0 0 0;
 INPUT ---        0 1 1 2014;
 INPUT ---        0 1 1 2015;
 INPUT ---        0 1 1 2016;
 INPUT ---        0 1 1 2017;
 INPUT ---        0 1 1 2018;
 INPUT ---        0 1 1 2019;
 INPUT ---        0 1 0 2020;
 INPUT ---        0 1 0 2021;
 INPUT ---        0 1 0 2022;
 INPUT ---        0 1 0 2023;
 INPUT ---        0 1 0 2024;
 INPUT ---       blabel(1)=Phi:(Intercept);
 INPUT ---       blabel(2)=p:(Intercept);
 INPUT ---       blabel(3)=p:recap_groupB;
 INPUT ---       blabel(4)=p:time;
 INPUT ---       rlabel(1)=Phi g1 c2013 a0 t2013;

Program  MARK  - Survival Rate Estimation with Capture-Recapture Data
 gfortran(dble/PIM2) Vers. 11.1 Nov 2024  15-Apr-2026 19:29:55    Page  003
 - - - - - - - - - - - - - - - - - - - - - - - - - - - - - - - - - - - - - -
 
 INPUT ---       rlabel(2)=p g1 c2013 a1 t2014;
 INPUT ---       rlabel(3)=p g1 c2013 a2 t2015;
 INPUT ---       rlabel(4)=p g1 c2013 a3 t2016;
 INPUT ---       rlabel(5)=p g1 c2013 a4 t2017;
 INPUT ---       rlabel(6)=p g1 c2013 a5 t2018;
 INPUT ---       rlabel(7)=p g1 c2013 a6 t2019;
 INPUT ---       rlabel(8)=p g1 c2013 a7 t2020;
 INPUT ---       rlabel(9)=p g1 c2013 a8 t2021;
 INPUT ---       rlabel(10)=p g1 c2013 a9 t2022;
 INPUT ---       rlabel(11)=p g1 c2013 a10 t2023;
 INPUT ---       rlabel(12)=p g1 c2013 a11 t2024;
   Model is { model15 }

 Link Function Used is LOGIT        

 Variance Estimation Procedure Used is 2ndPart 
 -2logL(saturated) = 198.85252     
 Effective Sample Size = 223

 Number of function evaluations was 27 for 4 parameters.
 For numerical optimization, CPU Time was 0.047 secs and System Time was 0.157 secs.
 -2logL { model15 } = 303.44231     
 Penalty { model15 } = 0.0000000     
 Gradient { model15 }:
  5.82025E-04  1.37966E-03  3.40869E-04  1.37652E-03
 Maximum ABS(G) { model15 } =  1.37966E-03
 To compute VC matrix, CPU Time was 0.001 secs and System Time was 0.001 secs.
 S Vector { model15 }:
   82.45371      11.34724      2.060450     0.9843739E-01
 To invert VC matrix, CPU Time was 0.001 secs and System Time was 0.001 secs.
 Ratio Threshold = 50.00 Max Gap (3/4) = 20.93 Next Max Gap (1/2) = 7.266
 Gap Method for Num. of Estimated Parameters { model15 } = 4          
 Threshold { model15 } = 0.0027593               
 Numerical Threshold Method for Num. of Estimated Parameters { model15 } = 4          
 Number of Estimated Parameters { model15 } = 4          
 DEVIANCE { model15 } = 104.58979               
 DEVIANCE Degrees of Freedom { model15 } = 11          
 c-hat { model15 } = 9.5081630               
 AIC { model15 } = 311.44231               
 AICc { model15 } = 311.62580               
 BIC { model15 } = 325.07100               
 Pearson Chisquare { model15 } = 267.79238               
 Possible Encounter Histories { model15 } = 4054          
 Pearson Chisquare df { model15 } = 4041          
 Pearson chat { model15 } = 0.0662688               
 Sum(Observed/Expected) { model15 } = 235.46681               
 s-bar { model15 } = -0.9440132              
 Fletcher chat { model15 } = 1.1836501               

Program  MARK  - Survival Rate Estimation with Capture-Recapture Data
 gfortran(dble/PIM2) Vers. 11.1 Nov 2024  15-Apr-2026 19:29:55    Page  004
 - - - - - - - - - - - - - - - - - - - - - - - - - - - - - - - - - - - - - -
 
                      LOGIT Link Function Parameters of { model15 }
                                                              95% Confidence Interval
    Parameter                  Beta         Standard Error     Lower           Upper
 -------------------------  --------------  --------------  --------------  --------------
    1:Phi:(Intercept)        1.5757947       0.5052502       0.5855043       2.5660851    
    2:p:(Intercept)          1421.7372       2.2658507       1417.2961       1426.1782    
    3:p:recap_groupB        -3.3869101       0.4477028      -4.2644075      -2.5094127    
    4:p:time                -0.7047012       0.0011217      -0.7068998      -0.7025026    


                         Real Function Parameters of { model15 }
                                                               95% Confidence Interval
     Parameter                Estimate       Standard Error     Lower           Upper
 --------------------------  --------------  --------------  --------------  --------------
     1:Phi g1 c2013 a0 t201   0.8286081       0.0717540       0.6423330       0.9286467       
     2:p g1 c2013 a1 t2014    0.2853752       0.0552120       0.1902192       0.4043629       
     3:p g1 c2013 a2 t2015    0.1648392       0.0372787       0.1040139       0.2512591       
     4:p g1 c2013 a3 t2016    0.0888826       0.0219342       0.0542578       0.1422791       
     5:p g1 c2013 a4 t2017    0.0459985       0.0118886       0.0275704       0.0757840       
     6:p g1 c2013 a5 t2018    0.0232765       0.0061608       0.0138177       0.0389547       
     7:p g1 c2013 a6 t2019    0.0116416       0.0031189       0.0068765       0.0196434       
     8:p g1 c2013 a7 t2020    0.1468843       0.0638079       0.0596764       0.3183832       
     9:p g1 c2013 a8 t2021    0.0784243       0.0368113       0.0304060       0.1876026       
    10:p g1 c2013 a9 t2022    0.0403626       0.0197331       0.0152592       0.1024669       
    11:p g1 c2013 a10 t2023   0.0203652       0.0101666       0.0075987       0.0534259       
    12:p g1 c2013 a11 t2024   0.0101704       0.0051314       0.0037692       0.0271464       

 To compute parameter estimates, CPU Time was 0.001 secs and System Time was 0.015 secs.

 For procedure estimate CPU Time was 0.062 secs and System Time was 0.172 secs.

Program  MARK  - Survival Rate Estimation with Capture-Recapture Data
 gfortran(dble/PIM2) Vers. 11.1 Nov 2024  15-Apr-2026 19:29:55    Page  005
 - - - - - - - - - - - - - - - - - - - - - - - - - - - - - - - - - - - - - -
 


 INPUT --- proc stop;

 For this job, CPU Time in mins was 0.002 and System Time in mins was 0.004.

     Time Start = 19:29:55.058   Time End = 19:29:55.287

 Wall Clock Time in mins for this job was 0.003.

 Maximum of 19 words used.


          E X E C U T I O N   S U C C E S S F U L
