
 Program  MARK  - Survival Rate Estimation with Capture-Recapture Data
 gfortran(dble/PIM2) Vers. 11.1 Nov 2024  15-Apr-2026 19:29:59    Page  001
  
 - - - - - - - - - - - - - - - - - - - - - - - - - - - - - - - - - - - - - -
 
 Welcome to MARK localuser on machine DEP79421 in subdirectory 
 "C:\Users\localuser\Desktop\GitHub\LHI_SBSH_CMR_adult_survival" running file "data/rmark_outputs/reference_models/2026-04-15/linear_covariate_model_18.inp".
 This version was compiled by GCC version 14.2.0 using the options: 
  -cpp -iprefix C:/tdm-gcc-64/mingw64-14-2/bin/../lib/gcc/
  x86_64-w64-mingw32/14.2.0/ -D_MT -D_REENTRANT -U_REENTRANT -D
  dbleprecision -m64 -march=x86-64 -mtune=generic -mthreads -O3 -std=f2023
  -fimplicit-none -ffpe-summary=invalid,zero,overflow,underflow
  -funroll-loops -fno-unsafe-math-optimizations -frounding-math
  -fsignaling-nans -fall-intrinsics -fopenmp

 This problem will use 19 of 20 possible threads.
 Static thread allocation is used.
 INPUT --- proc title ;

 For procedure title CPU Time was 0.001 secs and System Time was 0.001 secs.
 INPUT --- proc chmatrix occasions= 12 groups= 1 etype= Live Nodes= 
 INPUT --- 101 ICMeans NoHist hist= 25  ;
 INPUT ---    time interval 1 1 1 1 1 1 1 1 1 1 1 ;
 INPUT ---    glabel(1)=Group 1;

      Number of unique encounter histories read was 25.

      Number of individual covariates read was 0.
      Time interval lengths are all equal to 1.

      Data type number is 1
      Data type is Live Recaptures (CJS)

 For procedure chmatrix CPU Time was 0.001 secs and System Time was 0.001 secs.

Program  MARK  - Survival Rate Estimation with Capture-Recapture Data
 gfortran(dble/PIM2) Vers. 11.1 Nov 2024  15-Apr-2026 19:29:59    Page  002
 - - - - - - - - - - - - - - - - - - - - - - - - - - - - - - - - - - - - - -
 


 INPUT --- proc estimate link=Logit NOLOOP varest=2ndPart    ;
 INPUT --- model={ model18 };
 INPUT ---    group=1 Phi    rows=11 cols=11 Triang ;
 INPUT ---        1 2 3 4 5 6 7 8 9 10 11 ;
 INPUT ---        2 3 4 5 6 7 8 9 10 11 ;
 INPUT ---        3 4 5 6 7 8 9 10 11 ;
 INPUT ---        4 5 6 7 8 9 10 11 ;
 INPUT ---        5 6 7 8 9 10 11 ;
 INPUT ---        6 7 8 9 10 11 ;
 INPUT ---        7 8 9 10 11 ;
 INPUT ---        8 9 10 11 ;
 INPUT ---        9 10 11 ;
 INPUT ---        10 11 ;
 INPUT ---        11 ;
 INPUT ---    group=1 p    rows=11 cols=11 Triang ;
 INPUT ---        12 13 14 15 16 17 18 19 20 21 22 ;
 INPUT ---        13 14 15 16 17 18 19 20 21 22 ;
 INPUT ---        14 15 16 17 18 19 20 21 22 ;
 INPUT ---        15 16 17 18 19 20 21 22 ;
 INPUT ---        16 17 18 19 20 21 22 ;
 INPUT ---        17 18 19 20 21 22 ;
 INPUT ---        18 19 20 21 22 ;
 INPUT ---        19 20 21 22 ;
 INPUT ---        20 21 22 ;
 INPUT ---        21 22 ;
 INPUT ---        22 ;
 INPUT ---    design matrix constraints=22 covariates=13;
 INPUT ---        1 2013 0 0 0 0 0 0 0 0 0 0 0;
 INPUT ---        1 2014 0 0 0 0 0 0 0 0 0 0 0;
 INPUT ---        1 2015 0 0 0 0 0 0 0 0 0 0 0;
 INPUT ---        1 2016 0 0 0 0 0 0 0 0 0 0 0;
 INPUT ---        1 2017 0 0 0 0 0 0 0 0 0 0 0;
 INPUT ---        1 2018 0 0 0 0 0 0 0 0 0 0 0;
 INPUT ---        1 2019 0 0 0 0 0 0 0 0 0 0 0;
 INPUT ---        1 2020 0 0 0 0 0 0 0 0 0 0 0;
 INPUT ---        1 2021 0 0 0 0 0 0 0 0 0 0 0;
 INPUT ---        1 2022 0 0 0 0 0 0 0 0 0 0 0;
 INPUT ---        1 2023 0 0 0 0 0 0 0 0 0 0 0;
 INPUT ---        0 0 1 0 0 0 0 0 0 0 0 0 0;
 INPUT ---        0 0 1 1 0 0 0 0 0 0 0 0 0;
 INPUT ---        0 0 1 0 1 0 0 0 0 0 0 0 0;
 INPUT ---        0 0 1 0 0 1 0 0 0 0 0 0 0;
 INPUT ---        0 0 1 0 0 0 1 0 0 0 0 0 0;
 INPUT ---        0 0 1 0 0 0 0 1 0 0 0 0 0;

Program  MARK  - Survival Rate Estimation with Capture-Recapture Data
 gfortran(dble/PIM2) Vers. 11.1 Nov 2024  15-Apr-2026 19:29:59    Page  003
 - - - - - - - - - - - - - - - - - - - - - - - - - - - - - - - - - - - - - -
 
 INPUT ---        0 0 1 0 0 0 0 0 1 0 0 0 0;
 INPUT ---        0 0 1 0 0 0 0 0 0 1 0 0 0;
 INPUT ---        0 0 1 0 0 0 0 0 0 0 1 0 0;
 INPUT ---        0 0 1 0 0 0 0 0 0 0 0 1 0;
 INPUT ---        0 0 1 0 0 0 0 0 0 0 0 0 1;
 INPUT ---       blabel(1)=Phi:(Intercept);
 INPUT ---       blabel(2)=Phi:time;
 INPUT ---       blabel(3)=p:(Intercept);
 INPUT ---       blabel(4)=p:factor(time)2015;
 INPUT ---       blabel(5)=p:factor(time)2016;
 INPUT ---       blabel(6)=p:factor(time)2017;
 INPUT ---       blabel(7)=p:factor(time)2018;
 INPUT ---       blabel(8)=p:factor(time)2019;
 INPUT ---       blabel(9)=p:factor(time)2020;
 INPUT ---       blabel(10)=p:factor(time)2021;
 INPUT ---       blabel(11)=p:factor(time)2022;
 INPUT ---       blabel(12)=p:factor(time)2023;
 INPUT ---       blabel(13)=p:factor(time)2024;
 INPUT ---       rlabel(1)=Phi g1 c2013 a0 t2013;
 INPUT ---       rlabel(2)=Phi g1 c2013 a1 t2014;
 INPUT ---       rlabel(3)=Phi g1 c2013 a2 t2015;
 INPUT ---       rlabel(4)=Phi g1 c2013 a3 t2016;
 INPUT ---       rlabel(5)=Phi g1 c2013 a4 t2017;
 INPUT ---       rlabel(6)=Phi g1 c2013 a5 t2018;
 INPUT ---       rlabel(7)=Phi g1 c2013 a6 t2019;
 INPUT ---       rlabel(8)=Phi g1 c2013 a7 t2020;
 INPUT ---       rlabel(9)=Phi g1 c2013 a8 t2021;
 INPUT ---       rlabel(10)=Phi g1 c2013 a9 t2022;
 INPUT ---       rlabel(11)=Phi g1 c2013 a10 t2023;
 INPUT ---       rlabel(12)=p g1 c2013 a1 t2014;
 INPUT ---       rlabel(13)=p g1 c2013 a2 t2015;
 INPUT ---       rlabel(14)=p g1 c2013 a3 t2016;
 INPUT ---       rlabel(15)=p g1 c2013 a4 t2017;
 INPUT ---       rlabel(16)=p g1 c2013 a5 t2018;
 INPUT ---       rlabel(17)=p g1 c2013 a6 t2019;
 INPUT ---       rlabel(18)=p g1 c2013 a7 t2020;
 INPUT ---       rlabel(19)=p g1 c2013 a8 t2021;
 INPUT ---       rlabel(20)=p g1 c2013 a9 t2022;
 INPUT ---       rlabel(21)=p g1 c2013 a10 t2023;
 INPUT ---       rlabel(22)=p g1 c2013 a11 t2024;
   Model is { model18 }

 Link Function Used is LOGIT        

 Variance Estimation Procedure Used is 2ndPart 
 -2logL(saturated) = 198.85252     
 Effective Sample Size = 223

 Number of function evaluations was 39 for 13 parameters.
 For numerical optimization, CPU Time was 0.203 secs and System Time was 0.156 secs.

Program  MARK  - Survival Rate Estimation with Capture-Recapture Data
 gfortran(dble/PIM2) Vers. 11.1 Nov 2024  15-Apr-2026 19:30:00    Page  004
 - - - - - - - - - - - - - - - - - - - - - - - - - - - - - - - - - - - - - -
 
 -2logL { model18 } = 237.22651     
 Penalty { model18 } = 0.0000000     

   * *  WARNING  * *   Numerical underflow occurred during optimization. 
     IEEE flag status during optimization:
     overflow       F
     divide by zero F
     invalid        F
     underflow      T
     inexact        T

 Gradient { model18 }:
  5.67343E-03  7.73918E-03  0.10862     -2.32513E-02   0.0000    
 -2.85144E-02  4.15250E-03   0.0000      6.94982E-02  3.26005E-02
   0.0000      5.42729E-02   0.0000    
 Maximum ABS(G) { model18 } =  0.10862    
 To compute VC matrix, CPU Time was 0.047 secs and System Time was 0.109 secs.
 S Vector { model18 }:
   66.21946      13.53638      5.402893      3.430408      2.816795    
   1.600004      1.070814     0.2346561     0.6450401E-02 0.1183981E-09
  0.1356247E-11 0.1249537E-12 0.6105956E-13
 To invert VC matrix, CPU Time was 0.001 secs and System Time was 0.001 secs.
 Ratio Threshold = 50.00 Max Gap (9/10) = 5.4481E+7 Next Max Gap (10/11) = 87.30
 Gap Method for Num. of Estimated Parameters { model18 } = 9          
 Threshold { model18 } = 0.2172308               
 Numerical Threshold Method for Num. of Estimated Parameters { model18 } = 8          
 Number of Estimated Parameters { model18 } = 9          

   * *  WARNING  * *   Number of parameters estimated from gap method (=9) and threshold method (=8) differ.  Inspect full output. 
 Ratios of S Vector { model18 }:
   1/2    4.891963       2/3    2.505395       3/4    1.575000       4/5    1.217841       5/6    1.760493    
   6/7    1.494194       7/8    4.563336       8/9    36.37852       9/10   0.5448063E+08   10/11    87.29831    
   11/12    10.85399       12/13    2.046423    
 DEVIANCE { model18 } = 38.373987               
 DEVIANCE Degrees of Freedom { model18 } = 7          
 c-hat { model18 } = 5.4819981               
 AIC { model18 } = 253.22651               
 AICc { model18 } = 253.89940               
 BIC { model18 } = 280.48388               
 Pearson Chisquare { model18 } = 65.674114               
 Possible Encounter Histories { model18 } = 4054          
 Pearson Chisquare df { model18 } = 4037          
 Pearson chat { model18 } = 0.0162680               
 Sum(Observed/Expected) { model18 } = 82.652513               
 s-bar { model18 } = -0.9817917              

Program  MARK  - Survival Rate Estimation with Capture-Recapture Data
 gfortran(dble/PIM2) Vers. 11.1 Nov 2024  15-Apr-2026 19:30:00    Page  005
 - - - - - - - - - - - - - - - - - - - - - - - - - - - - - - - - - - - - - -
 
 Fletcher chat { model18 } = 0.8934421               

   * *  WARNING  * *   Numerical underflow occurred computing the variance-covariance matrix. 
     IEEE flag status computing the variance-covariance matrix:
     overflow       F
     divide by zero F
     invalid        F
     underflow      T
     inexact        T



                      LOGIT Link Function Parameters of { model18 }
                                                              95% Confidence Interval
    Parameter                  Beta         Standard Error     Lower           Upper
 -------------------------  --------------  --------------  --------------  --------------
    1:Phi:(Intercept)        304.45811       8.7922687       287.22526       321.69096    
    2:Phi:time              -0.1503513       0.0043605      -0.1588979      -0.1418047    
    3:p:(Intercept)         -4171.8972       0.7179582      -4173.3044      -4170.4900    
    4:p:factor(time)2015     4171.7813       0.7375513       4170.3357       4173.2269    
    5:p:factor(time)2016    -1126.7199       0.0000000      -1126.7199      -1126.7199    
    6:p:factor(time)2017     4168.7885       1.0421039       4166.7459       4170.8310    
    7:p:factor(time)2018     4168.0685       1.2670038       4165.5852       4170.5519    
    8:p:factor(time)2019    -1612.3663       0.0000000      -1612.3663      -1612.3663    
    9:p:factor(time)2020     4170.5876       0.8716971       4168.8790       4172.2961    
   10:p:factor(time)2021     4169.9888       0.9961485       4168.0363       4171.9412    
   11:p:factor(time)2022     35.639719       0.0000000       35.639719       35.639719    
   12:p:factor(time)2023     4170.0584       1.0712368       4167.9587       4172.1580    
   13:p:factor(time)2024     341.33796       0.0000000       341.33796       341.33796    


                         Real Function Parameters of { model18 }
                                                               95% Confidence Interval
     Parameter                Estimate       Standard Error     Lower           Upper
 --------------------------  --------------  --------------  --------------  --------------
     1:Phi g1 c2013 a0 t201   0.8582726       0.0518674       0.7241767       0.9331901       
     2:Phi g1 c2013 a1 t201   0.8389809       0.0576002       0.6931664       0.9231805       
     3:Phi g1 c2013 a2 t201   0.8176213       0.0635836       0.6602855       0.9118199       
     4:Phi g1 c2013 a3 t201   0.7941235       0.0697242       0.6257627       0.8989711       
     5:Phi g1 c2013 a4 t201   0.7684556       0.0759026       0.5898895       0.8844961       
     6:Phi g1 c2013 a5 t201   0.7406328       0.0819751       0.5530121       0.8682612       
     7:Phi g1 c2013 a6 t201   0.7107252       0.0877772       0.5155203       0.8501421       
     8:Phi g1 c2013 a7 t202   0.6788643       0.0931304       0.4778313       0.8300312       
     9:Phi g1 c2013 a8 t202   0.6452458       0.0978517       0.4403715       0.8078448       
    10:Phi g1 c2013 a9 t202   0.6101291       0.1017650       0.4035579       0.7835325       
    11:Phi g1 c2013 a10 t20   0.5738322       0.1047143       0.3677790       0.7570850       
    12:p g1 c2013 a1 t2014   0.5562685E-308   0.0000000      0.5562685E-308  0.5562685E-308   
    13:p g1 c2013 a2 t2015    0.4710648       0.0897221       0.3054125       0.6433455       

Program  MARK  - Survival Rate Estimation with Capture-Recapture Data
 gfortran(dble/PIM2) Vers. 11.1 Nov 2024  15-Apr-2026 19:30:00    Page  006
 - - - - - - - - - - - - - - - - - - - - - - - - - - - - - - - - - - - - - -
 
    14:p g1 c2013 a3 t2016   0.5562685E-308   0.0000000      0.5562685E-308  0.5562685E-308   
    15:p g1 c2013 a4 t2017    0.0427488       0.0312479       0.0098987       0.1663043       
    16:p g1 c2013 a5 t2018    0.0212766       0.0218114       0.0027826       0.1448356       
    17:p g1 c2013 a6 t2019   0.5562685E-308   0.0000000      0.5562685E-308  0.5562685E-308   
    18:p g1 c2013 a7 t2020    0.2125518       0.1059821       0.0723796       0.4828752       
    19:p g1 c2013 a8 t2021    0.1291588       0.0891549       0.0304126       0.4122141       
    20:p g1 c2013 a9 t2022   0.5562685E-308   0.0000000      0.5562685E-308  0.5562685E-308   
    21:p g1 c2013 a10 t2023   0.1371897       0.1049711       0.0271993       0.4748528       
    22:p g1 c2013 a11 t2024  0.5562685E-308   0.0000000      0.5562685E-308  0.5562685E-308   

 To compute parameter estimates, CPU Time was 0.016 secs and System Time was 0.001 secs.

 Attempted ordering of parameters by estimatibility:
   1  4  9  3 10  6 12  7  2 11 13  5  8
 Beta number 8 is a singular value.

 For procedure estimate CPU Time was 0.266 secs and System Time was 0.437 secs.
 INPUT --- proc stop;

 For this job, CPU Time in mins was 0.005 and System Time in mins was 0.008.

     Time Start = 19:29:59.856   Time End = 19:30:00.335

 Wall Clock Time in mins for this job was 0.007.

 Maximum of 19 words used.


          E X E C U T I O N   S U C C E S S F U L
