
 Program  MARK  - Survival Rate Estimation with Capture-Recapture Data
 gfortran(dble/PIM2) Vers. 11.1 Nov 2024  15-Apr-2026 19:29:17    Page  001
  
 - - - - - - - - - - - - - - - - - - - - - - - - - - - - - - - - - - - - - -
 
 Welcome to MARK localuser on machine DEP79421 in subdirectory 
 "C:\Users\localuser\Desktop\GitHub\LHI_SBSH_CMR_adult_survival" running file "data/rmark_outputs/reference_models/2026-04-15/linear_covariate_model_1.inp".
 This version was compiled by GCC version 14.2.0 using the options: 
  -cpp -iprefix C:/tdm-gcc-64/mingw64-14-2/bin/../lib/gcc/
  x86_64-w64-mingw32/14.2.0/ -D_MT -D_REENTRANT -U_REENTRANT -D
  dbleprecision -m64 -march=x86-64 -mtune=generic -mthreads -O3 -std=f2023
  -fimplicit-none -ffpe-summary=invalid,zero,overflow,underflow
  -funroll-loops -fno-unsafe-math-optimizations -frounding-math
  -fsignaling-nans -fall-intrinsics -fopenmp

 This problem will use 19 of 20 possible threads.
 Static thread allocation is used.
 INPUT --- proc title ;

 For procedure title CPU Time was 0.001 secs and System Time was 0.001 secs.
 INPUT --- proc chmatrix occasions= 12 groups= 1 etype= Live Nodes= 
 INPUT --- 101 ICMeans NoHist hist= 25  ;
 INPUT ---    time interval 1 1 1 1 1 1 1 1 1 1 1 ;
 INPUT ---    glabel(1)=Group 1;

      Number of unique encounter histories read was 25.

      Number of individual covariates read was 0.
      Time interval lengths are all equal to 1.

      Data type number is 1
      Data type is Live Recaptures (CJS)

 For procedure chmatrix CPU Time was 0.001 secs and System Time was 0.001 secs.

Program  MARK  - Survival Rate Estimation with Capture-Recapture Data
 gfortran(dble/PIM2) Vers. 11.1 Nov 2024  15-Apr-2026 19:29:17    Page  002
 - - - - - - - - - - - - - - - - - - - - - - - - - - - - - - - - - - - - - -
 


 INPUT --- proc estimate link=Logit NOLOOP varest=2ndPart    ;
 INPUT --- model={ model1 };
 INPUT ---    group=1 Phi    rows=11 cols=11 Triang ;
 INPUT ---        1 2 3 4 5 6 7 8 9 10 11 ;
 INPUT ---        2 3 4 5 6 7 8 9 10 11 ;
 INPUT ---        3 4 5 6 7 8 9 10 11 ;
 INPUT ---        4 5 6 7 8 9 10 11 ;
 INPUT ---        5 6 7 8 9 10 11 ;
 INPUT ---        6 7 8 9 10 11 ;
 INPUT ---        7 8 9 10 11 ;
 INPUT ---        8 9 10 11 ;
 INPUT ---        9 10 11 ;
 INPUT ---        10 11 ;
 INPUT ---        11 ;
 INPUT ---    group=1 p    rows=11 cols=11 Triang ;
 INPUT ---        12 12 12 12 12 12 12 12 12 12 12 ;
 INPUT ---        12 12 12 12 12 12 12 12 12 12 ;
 INPUT ---        12 12 12 12 12 12 12 12 12 ;
 INPUT ---        12 12 12 12 12 12 12 12 ;
 INPUT ---        12 12 12 12 12 12 12 ;
 INPUT ---        12 12 12 12 12 12 ;
 INPUT ---        12 12 12 12 12 ;
 INPUT ---        12 12 12 12 ;
 INPUT ---        12 12 12 ;
 INPUT ---        12 12 ;
 INPUT ---        12 ;
 INPUT ---    design matrix constraints=12 covariates=12;
 INPUT ---        1 0 0 0 0 0 0 0 0 0 0 0;
 INPUT ---        1 1 0 0 0 0 0 0 0 0 0 0;
 INPUT ---        1 0 1 0 0 0 0 0 0 0 0 0;
 INPUT ---        1 0 0 1 0 0 0 0 0 0 0 0;
 INPUT ---        1 0 0 0 1 0 0 0 0 0 0 0;
 INPUT ---        1 0 0 0 0 1 0 0 0 0 0 0;
 INPUT ---        1 0 0 0 0 0 1 0 0 0 0 0;
 INPUT ---        1 0 0 0 0 0 0 1 0 0 0 0;
 INPUT ---        1 0 0 0 0 0 0 0 1 0 0 0;
 INPUT ---        1 0 0 0 0 0 0 0 0 1 0 0;
 INPUT ---        1 0 0 0 0 0 0 0 0 0 1 0;
 INPUT ---        0 0 0 0 0 0 0 0 0 0 0 1;
 INPUT ---       blabel(1)=Phi:(Intercept);
 INPUT ---       blabel(2)=Phi:factor(time)2014;
 INPUT ---       blabel(3)=Phi:factor(time)2015;
 INPUT ---       blabel(4)=Phi:factor(time)2016;
 INPUT ---       blabel(5)=Phi:factor(time)2017;

Program  MARK  - Survival Rate Estimation with Capture-Recapture Data
 gfortran(dble/PIM2) Vers. 11.1 Nov 2024  15-Apr-2026 19:29:17    Page  003
 - - - - - - - - - - - - - - - - - - - - - - - - - - - - - - - - - - - - - -
 
 INPUT ---       blabel(6)=Phi:factor(time)2018;
 INPUT ---       blabel(7)=Phi:factor(time)2019;
 INPUT ---       blabel(8)=Phi:factor(time)2020;
 INPUT ---       blabel(9)=Phi:factor(time)2021;
 INPUT ---       blabel(10)=Phi:factor(time)2022;
 INPUT ---       blabel(11)=Phi:factor(time)2023;
 INPUT ---       blabel(12)=p:(Intercept);
 INPUT ---       rlabel(1)=Phi g1 c2013 a0 t2013;
 INPUT ---       rlabel(2)=Phi g1 c2013 a1 t2014;
 INPUT ---       rlabel(3)=Phi g1 c2013 a2 t2015;
 INPUT ---       rlabel(4)=Phi g1 c2013 a3 t2016;
 INPUT ---       rlabel(5)=Phi g1 c2013 a4 t2017;
 INPUT ---       rlabel(6)=Phi g1 c2013 a5 t2018;
 INPUT ---       rlabel(7)=Phi g1 c2013 a6 t2019;
 INPUT ---       rlabel(8)=Phi g1 c2013 a7 t2020;
 INPUT ---       rlabel(9)=Phi g1 c2013 a8 t2021;
 INPUT ---       rlabel(10)=Phi g1 c2013 a9 t2022;
 INPUT ---       rlabel(11)=Phi g1 c2013 a10 t2023;
 INPUT ---       rlabel(12)=p g1 c2013 a1 t2014;
   Model is { model1 }

 Link Function Used is LOGIT        

 Variance Estimation Procedure Used is 2ndPart 
 -2logL(saturated) = 198.85252     
 Effective Sample Size = 223

 Number of function evaluations was 51 for 12 parameters.
 For numerical optimization, CPU Time was 0.328 secs and System Time was 0.203 secs.
 -2logL { model1 } = 302.00147     
 Penalty { model1 } = 0.0000000     
 Gradient { model1 }:
  2.73297E-05   0.0000      1.25917E-05  8.76521E-06  1.22140E-06
  6.52668E-06   0.0000     -8.95560E-07 -6.02304E-06  3.28836E-06
   0.0000      2.88594E-05
 Maximum ABS(G) { model1 } =  2.88594E-05
 To compute VC matrix, CPU Time was 0.078 secs and System Time was 0.469 secs.
 S Vector { model1 }:
   42.43081      12.38874      3.738871      1.193706     0.9095000    
  0.5853019E-01 0.4112708E-01 0.1950928E-01 0.3755912E-05 0.2431264E-06
  0.5225205E-08 0.2872996E-09
 To invert VC matrix, CPU Time was 0.001 secs and System Time was 0.001 secs.
 Ratio Threshold = 50.00 Max Gap (8/9) = 5194. Next Max Gap (10/11) = 46.53
 Gap Method for Num. of Estimated Parameters { model1 } = 8          
 Threshold { model1 } = 0.5771879E-04           
 Numerical Threshold Method for Num. of Estimated Parameters { model1 } = 8          
 Number of Estimated Parameters { model1 } = 8          
 DEVIANCE { model1 } = 103.14895               

Program  MARK  - Survival Rate Estimation with Capture-Recapture Data
 gfortran(dble/PIM2) Vers. 11.1 Nov 2024  15-Apr-2026 19:29:18    Page  004
 - - - - - - - - - - - - - - - - - - - - - - - - - - - - - - - - - - - - - -
 
 DEVIANCE Degrees of Freedom { model1 } = 7          
 c-hat { model1 } = 14.735565               
 AIC { model1 } = 318.00147               
 AICc { model1 } = 318.67437               
 BIC { model1 } = 345.25885               
 Pearson Chisquare { model1 } = 545.37596               
 Possible Encounter Histories { model1 } = 4054          
 Pearson Chisquare df { model1 } = 4037          
 Pearson chat { model1 } = 0.1350944               
 Sum(Observed/Expected) { model1 } = 531.19052               
 s-bar { model1 } = -0.8709047              
 Fletcher chat { model1 } = 1.0464700               


                       LOGIT Link Function Parameters of { model1 }
                                                              95% Confidence Interval
    Parameter                  Beta         Standard Error     Lower           Upper
 -------------------------  --------------  --------------  --------------  --------------
    1:Phi:(Intercept)        18.261235       182.42537      -339.29249       375.81496    
    2:Phi:factor(time)2014   3.4311912       0.0000000       3.4311912       3.4311912    
    3:Phi:factor(time)2015  -19.297060       182.42580      -376.85163       338.25751    
    4:Phi:factor(time)2016  -15.537057       182.58559      -373.40481       342.33070    
    5:Phi:factor(time)2017  -17.738423       182.42854      -375.29838       339.82153    
    6:Phi:factor(time)2018  -18.286865       182.42598      -375.84179       339.26806    
    7:Phi:factor(time)2019   12.160090       0.0000000       12.160090       12.160090    
    8:Phi:factor(time)2020  -16.037362       182.50182      -373.74094       341.66621    
    9:Phi:factor(time)2021  -19.266350       182.42847      -376.82616       338.29346    
   10:Phi:factor(time)2022  -16.400040       182.48144      -374.06366       341.26358    
   11:Phi:factor(time)2023  -56.614594       0.0000000      -56.614594      -56.614594    
   12:p:(Intercept)         -1.7758252       0.2262072      -2.2191914      -1.3324590    


                          Real Function Parameters of { model1 }
                                                               95% Confidence Interval
     Parameter                Estimate       Standard Error     Lower           Upper
 --------------------------  --------------  --------------  --------------  --------------
     1:Phi g1 c2013 a0 t201   1.0000000       0.2139595E-05   0.9999958       1.0000042       
     2:Phi g1 c2013 a1 t201   1.0000000       0.0000000       1.0000000       1.0000000       
     3:Phi g1 c2013 a2 t201   0.2619564       0.1136254       0.1008569       0.5289900       
     4:Phi g1 c2013 a3 t201   0.9384384       0.4324288       0.6480833E-05   1.0000000       
     5:Phi g1 c2013 a4 t201   0.6278052       0.2645070       0.1550035       0.9394321       
     6:Phi g1 c2013 a5 t201   0.4935928       0.1695960       0.2049757       0.7865445       
     7:Phi g1 c2013 a6 t201   1.0000000       0.0000000       1.0000000       1.0000000       
     8:Phi g1 c2013 a7 t202   0.9023729       0.4520661       0.3959226E-03   0.9999954       
     9:Phi g1 c2013 a8 t202   0.2679370       0.2270445       0.0364789       0.7796507       
    10:Phi g1 c2013 a9 t202   0.8654361       0.5219478       0.9835511E-03   0.9999762       
    11:Phi g1 c2013 a10 t20   0.2204691E-16   0.0000000       0.2204691E-16   0.2204691E-16   

Program  MARK  - Survival Rate Estimation with Capture-Recapture Data
 gfortran(dble/PIM2) Vers. 11.1 Nov 2024  15-Apr-2026 19:29:18    Page  005
 - - - - - - - - - - - - - - - - - - - - - - - - - - - - - - - - - - - - - -
 
    12:p g1 c2013 a1 t2014    0.1448194       0.0280150       0.0980403       0.2087529       

 To compute parameter estimates, CPU Time was 0.001 secs and System Time was 0.031 secs.

 Attempted ordering of parameters by estimatibility:
  12  1  3  6  5  9 10  8  4  2  7 11
 Beta number 11 is a singular value.

 For procedure estimate CPU Time was 0.406 secs and System Time was 1.375 secs.
 INPUT --- proc stop;

 For this job, CPU Time in mins was 0.008 and System Time in mins was 0.024.

     Time Start = 19:29:17.552   Time End = 19:29:18.968

 Wall Clock Time in mins for this job was 0.023.

 Maximum of 19 words used.


          E X E C U T I O N   S U C C E S S F U L
