
 Program  MARK  - Survival Rate Estimation with Capture-Recapture Data
 gfortran(dble/PIM2) Vers. 11.1 Nov 2024  15-Apr-2026 19:29:53    Page  001
  
 - - - - - - - - - - - - - - - - - - - - - - - - - - - - - - - - - - - - - -
 
 Welcome to MARK localuser on machine DEP79421 in subdirectory 
 "C:\Users\localuser\Desktop\GitHub\LHI_SBSH_CMR_adult_survival" running file "data/rmark_outputs/reference_models/2026-04-15/linear_covariate_model_14.inp".
 This version was compiled by GCC version 14.2.0 using the options: 
  -cpp -iprefix C:/tdm-gcc-64/mingw64-14-2/bin/../lib/gcc/
  x86_64-w64-mingw32/14.2.0/ -D_MT -D_REENTRANT -U_REENTRANT -D
  dbleprecision -m64 -march=x86-64 -mtune=generic -mthreads -O3 -std=f2023
  -fimplicit-none -ffpe-summary=invalid,zero,overflow,underflow
  -funroll-loops -fno-unsafe-math-optimizations -frounding-math
  -fsignaling-nans -fall-intrinsics -fopenmp

 This problem will use 19 of 20 possible threads.
 Static thread allocation is used.
 INPUT --- proc title ;

 For procedure title CPU Time was 0.001 secs and System Time was 0.001 secs.
 INPUT --- proc chmatrix occasions= 12 groups= 1 etype= Live Nodes= 
 INPUT --- 101 ICMeans NoHist hist= 25  ;
 INPUT ---    time interval 1 1 1 1 1 1 1 1 1 1 1 ;
 INPUT ---    glabel(1)=Group 1;

      Number of unique encounter histories read was 25.

      Number of individual covariates read was 0.
      Time interval lengths are all equal to 1.

      Data type number is 1
      Data type is Live Recaptures (CJS)

 For procedure chmatrix CPU Time was 0.001 secs and System Time was 0.001 secs.

Program  MARK  - Survival Rate Estimation with Capture-Recapture Data
 gfortran(dble/PIM2) Vers. 11.1 Nov 2024  15-Apr-2026 19:29:53    Page  002
 - - - - - - - - - - - - - - - - - - - - - - - - - - - - - - - - - - - - - -
 


 INPUT --- proc estimate link=Logit NOLOOP varest=2ndPart    ;
 INPUT --- model={ model14 };
 INPUT ---    group=1 Phi    rows=11 cols=11 Triang ;
 INPUT ---        1 2 3 4 5 6 7 8 9 10 11 ;
 INPUT ---        2 3 4 5 6 7 8 9 10 11 ;
 INPUT ---        3 4 5 6 7 8 9 10 11 ;
 INPUT ---        4 5 6 7 8 9 10 11 ;
 INPUT ---        5 6 7 8 9 10 11 ;
 INPUT ---        6 7 8 9 10 11 ;
 INPUT ---        7 8 9 10 11 ;
 INPUT ---        8 9 10 11 ;
 INPUT ---        9 10 11 ;
 INPUT ---        10 11 ;
 INPUT ---        11 ;
 INPUT ---    group=1 p    rows=11 cols=11 Triang ;
 INPUT ---        12 13 14 15 16 17 18 19 20 21 22 ;
 INPUT ---        13 14 15 16 17 18 19 20 21 22 ;
 INPUT ---        14 15 16 17 18 19 20 21 22 ;
 INPUT ---        15 16 17 18 19 20 21 22 ;
 INPUT ---        16 17 18 19 20 21 22 ;
 INPUT ---        17 18 19 20 21 22 ;
 INPUT ---        18 19 20 21 22 ;
 INPUT ---        19 20 21 22 ;
 INPUT ---        20 21 22 ;
 INPUT ---        21 22 ;
 INPUT ---        22 ;
 INPUT ---    design matrix constraints=22 covariates=5;
 INPUT ---        1 2013 0 0 0;
 INPUT ---        1 2014 0 0 0;
 INPUT ---        1 2015 0 0 0;
 INPUT ---        1 2016 0 0 0;
 INPUT ---        1 2017 0 0 0;
 INPUT ---        1 2018 0 0 0;
 INPUT ---        1 2019 0 0 0;
 INPUT ---        1 2020 0 0 0;
 INPUT ---        1 2021 0 0 0;
 INPUT ---        1 2022 0 0 0;
 INPUT ---        1 2023 0 0 0;
 INPUT ---        0 0 1 1 2014;
 INPUT ---        0 0 1 1 2015;
 INPUT ---        0 0 1 1 2016;
 INPUT ---        0 0 1 1 2017;
 INPUT ---        0 0 1 1 2018;
 INPUT ---        0 0 1 1 2019;

Program  MARK  - Survival Rate Estimation with Capture-Recapture Data
 gfortran(dble/PIM2) Vers. 11.1 Nov 2024  15-Apr-2026 19:29:53    Page  003
 - - - - - - - - - - - - - - - - - - - - - - - - - - - - - - - - - - - - - -
 
 INPUT ---        0 0 1 0 2020;
 INPUT ---        0 0 1 0 2021;
 INPUT ---        0 0 1 0 2022;
 INPUT ---        0 0 1 0 2023;
 INPUT ---        0 0 1 0 2024;
 INPUT ---       blabel(1)=Phi:(Intercept);
 INPUT ---       blabel(2)=Phi:time;
 INPUT ---       blabel(3)=p:(Intercept);
 INPUT ---       blabel(4)=p:recap_groupB;
 INPUT ---       blabel(5)=p:time;
 INPUT ---       rlabel(1)=Phi g1 c2013 a0 t2013;
 INPUT ---       rlabel(2)=Phi g1 c2013 a1 t2014;
 INPUT ---       rlabel(3)=Phi g1 c2013 a2 t2015;
 INPUT ---       rlabel(4)=Phi g1 c2013 a3 t2016;
 INPUT ---       rlabel(5)=Phi g1 c2013 a4 t2017;
 INPUT ---       rlabel(6)=Phi g1 c2013 a5 t2018;
 INPUT ---       rlabel(7)=Phi g1 c2013 a6 t2019;
 INPUT ---       rlabel(8)=Phi g1 c2013 a7 t2020;
 INPUT ---       rlabel(9)=Phi g1 c2013 a8 t2021;
 INPUT ---       rlabel(10)=Phi g1 c2013 a9 t2022;
 INPUT ---       rlabel(11)=Phi g1 c2013 a10 t2023;
 INPUT ---       rlabel(12)=p g1 c2013 a1 t2014;
 INPUT ---       rlabel(13)=p g1 c2013 a2 t2015;
 INPUT ---       rlabel(14)=p g1 c2013 a3 t2016;
 INPUT ---       rlabel(15)=p g1 c2013 a4 t2017;
 INPUT ---       rlabel(16)=p g1 c2013 a5 t2018;
 INPUT ---       rlabel(17)=p g1 c2013 a6 t2019;
 INPUT ---       rlabel(18)=p g1 c2013 a7 t2020;
 INPUT ---       rlabel(19)=p g1 c2013 a8 t2021;
 INPUT ---       rlabel(20)=p g1 c2013 a9 t2022;
 INPUT ---       rlabel(21)=p g1 c2013 a10 t2023;
 INPUT ---       rlabel(22)=p g1 c2013 a11 t2024;
   Model is { model14 }

 Link Function Used is LOGIT        

 Variance Estimation Procedure Used is 2ndPart 
 -2logL(saturated) = 198.85252     
 Effective Sample Size = 223

 Number of function evaluations was 55 for 5 parameters.
 For numerical optimization, CPU Time was 0.188 secs and System Time was 0.109 secs.
 -2logL { model14 } = 301.14541     
 Penalty { model14 } = 0.0000000     
 Gradient { model14 }:
  1.20432E-05  1.16999E-05  2.94966E-04  3.23792E-04  2.93568E-04
 Maximum ABS(G) { model14 } =  3.23792E-04

Program  MARK  - Survival Rate Estimation with Capture-Recapture Data
 gfortran(dble/PIM2) Vers. 11.1 Nov 2024  15-Apr-2026 19:29:53    Page  004
 - - - - - - - - - - - - - - - - - - - - - - - - - - - - - - - - - - - - - -
 
 To compute VC matrix, CPU Time was 0.001 secs and System Time was 0.001 secs.
 S Vector { model14 }:
   98.88246      28.54150      1.783884     0.7672624E-01 0.1947506E-01
 To invert VC matrix, CPU Time was 0.001 secs and System Time was 0.001 secs.
 Ratio Threshold = 50.00 Max Gap (3/4) = 23.25 Next Max Gap (2/3) = 16.00
 Gap Method for Num. of Estimated Parameters { model14 } = 5          
 Threshold { model14 } = 0.6475836E-03           
 Numerical Threshold Method for Num. of Estimated Parameters { model14 } = 5          
 Number of Estimated Parameters { model14 } = 5          
 DEVIANCE { model14 } = 102.29289               
 DEVIANCE Degrees of Freedom { model14 } = 10          
 c-hat { model14 } = 10.229289               
 AIC { model14 } = 311.14541               
 AICc { model14 } = 311.42191               
 BIC { model14 } = 328.18127               
 Pearson Chisquare { model14 } = 241.48958               
 Possible Encounter Histories { model14 } = 4054          
 Pearson Chisquare df { model14 } = 4040          
 Pearson chat { model14 } = 0.0597746               
 Sum(Observed/Expected) { model14 } = 211.69626               
 s-bar { model14 } = -0.9498897              
 Fletcher chat { model14 } = 1.1928609               


                      LOGIT Link Function Parameters of { model14 }
                                                              95% Confidence Interval
    Parameter                  Beta         Standard Error     Lower           Upper
 -------------------------  --------------  --------------  --------------  --------------
    1:Phi:(Intercept)        485.21116       5.0634145       475.28687       495.13545    
    2:Phi:time              -0.2399702       0.0025104      -0.2448905      -0.2350498    
    3:p:(Intercept)          1236.9940       2.5688996       1231.9590       1242.0291    
    4:p:recap_groupB        -3.6418431       0.5748466      -4.7685425      -2.5151438    
    5:p:time                -0.6129449       0.0012719      -0.6154379      -0.6104518    


                         Real Function Parameters of { model14 }
                                                               95% Confidence Interval
     Parameter                Estimate       Standard Error     Lower           Upper
 --------------------------  --------------  --------------  --------------  --------------
     1:Phi g1 c2013 a0 t201   0.8957842       0.0376708       0.7958135       0.9498908       
     2:Phi g1 c2013 a1 t201   0.8711613       0.0452963       0.7540390       0.9371599       
     3:Phi g1 c2013 a2 t201   0.8417485       0.0537667       0.7068597       0.9214643       
     4:Phi g1 c2013 a3 t201   0.8071078       0.0628511       0.6547670       0.9022600       
     5:Phi g1 c2013 a4 t201   0.7669834       0.0721670       0.5986656       0.8789796       
     6:Phi g1 c2013 a5 t201   0.7213937       0.0811793       0.5398469       0.8510734       
     7:Phi g1 c2013 a6 t201   0.6707138       0.0892331       0.4798892       0.8180687       

Program  MARK  - Survival Rate Estimation with Capture-Recapture Data
 gfortran(dble/PIM2) Vers. 11.1 Nov 2024  15-Apr-2026 19:29:53    Page  005
 - - - - - - - - - - - - - - - - - - - - - - - - - - - - - - - - - - - - - -
 
     8:Phi g1 c2013 a7 t202   0.6157257       0.0956298       0.4204980       0.7796486       
     9:Phi g1 c2013 a8 t202   0.5576117       0.0997394       0.3633154       0.7357418       
    10:Phi g1 c2013 a9 t202   0.4978762       0.1011221       0.3097460       0.6866097       
    11:Phi g1 c2013 a10 t20   0.4382013       0.0996249       0.2608334       0.6329075       
    12:p g1 c2013 a1 t2014    0.2462407       0.0449288       0.1689325       0.3442716       
    13:p g1 c2013 a2 t2015    0.1503692       0.0309326       0.0991897       0.2214638       
    14:p g1 c2013 a3 t2016    0.0874917       0.0193347       0.0562889       0.1335435       
    15:p g1 c2013 a4 t2017    0.0493786       0.0113710       0.0312982       0.0770728       
    16:p g1 c2013 a5 t2018    0.0273703       0.0064508       0.0172002       0.0432891       
    17:p g1 c2013 a6 t2019    0.0150163       0.0035853       0.0093908       0.0239303       
    18:p g1 c2013 a7 t2020    0.2396518       0.1132684       0.0852597       0.5159345       
    19:p g1 c2013 a8 t2021    0.1458492       0.0774575       0.0480537       0.3661244       
    20:p g1 c2013 a9 t2022    0.0846734       0.0482013       0.0266114       0.2383924       
    21:p g1 c2013 a10 t2023   0.0477238       0.0282713       0.0145902       0.1450279       
    22:p g1 c2013 a11 t2024   0.0264326       0.0160128       0.0079550       0.0841874       

 To compute parameter estimates, CPU Time was 0.001 secs and System Time was 0.001 secs.

 For procedure estimate CPU Time was 0.203 secs and System Time was 0.313 secs.

Program  MARK  - Survival Rate Estimation with Capture-Recapture Data
 gfortran(dble/PIM2) Vers. 11.1 Nov 2024  15-Apr-2026 19:29:53    Page  006
 - - - - - - - - - - - - - - - - - - - - - - - - - - - - - - - - - - - - - -
 


 INPUT --- proc stop;

 For this job, CPU Time in mins was 0.004 and System Time in mins was 0.006.

     Time Start = 19:29:53.300   Time End = 19:29:53.689

 Wall Clock Time in mins for this job was 0.005.

 Maximum of 19 words used.


          E X E C U T I O N   S U C C E S S F U L
