
 Program  MARK  - Survival Rate Estimation with Capture-Recapture Data
 gfortran(dble/PIM2) Vers. 11.1 Nov 2024  15-Apr-2026 19:29:27    Page  001
  
 - - - - - - - - - - - - - - - - - - - - - - - - - - - - - - - - - - - - - -
 
 Welcome to MARK localuser on machine DEP79421 in subdirectory 
 "C:\Users\localuser\Desktop\GitHub\LHI_SBSH_CMR_adult_survival" running file "data/rmark_outputs/reference_models/2026-04-15/linear_covariate_model_5.inp".
 This version was compiled by GCC version 14.2.0 using the options: 
  -cpp -iprefix C:/tdm-gcc-64/mingw64-14-2/bin/../lib/gcc/
  x86_64-w64-mingw32/14.2.0/ -D_MT -D_REENTRANT -U_REENTRANT -D
  dbleprecision -m64 -march=x86-64 -mtune=generic -mthreads -O3 -std=f2023
  -fimplicit-none -ffpe-summary=invalid,zero,overflow,underflow
  -funroll-loops -fno-unsafe-math-optimizations -frounding-math
  -fsignaling-nans -fall-intrinsics -fopenmp

 This problem will use 19 of 20 possible threads.
 Static thread allocation is used.
 INPUT --- proc title ;

 For procedure title CPU Time was 0.001 secs and System Time was 0.001 secs.
 INPUT --- proc chmatrix occasions= 12 groups= 1 etype= Live Nodes= 
 INPUT --- 101 ICMeans NoHist hist= 25  ;
 INPUT ---    time interval 1 1 1 1 1 1 1 1 1 1 1 ;
 INPUT ---    glabel(1)=Group 1;

      Number of unique encounter histories read was 25.

      Number of individual covariates read was 0.
      Time interval lengths are all equal to 1.

      Data type number is 1
      Data type is Live Recaptures (CJS)

 For procedure chmatrix CPU Time was 0.001 secs and System Time was 0.001 secs.

Program  MARK  - Survival Rate Estimation with Capture-Recapture Data
 gfortran(dble/PIM2) Vers. 11.1 Nov 2024  15-Apr-2026 19:29:27    Page  002
 - - - - - - - - - - - - - - - - - - - - - - - - - - - - - - - - - - - - - -
 


 INPUT --- proc estimate link=Logit NOLOOP varest=2ndPart    ;
 INPUT --- model={ model5 };
 INPUT ---    group=1 Phi    rows=11 cols=11 Triang ;
 INPUT ---        1 2 3 4 5 6 7 8 9 10 11 ;
 INPUT ---        2 3 4 5 6 7 8 9 10 11 ;
 INPUT ---        3 4 5 6 7 8 9 10 11 ;
 INPUT ---        4 5 6 7 8 9 10 11 ;
 INPUT ---        5 6 7 8 9 10 11 ;
 INPUT ---        6 7 8 9 10 11 ;
 INPUT ---        7 8 9 10 11 ;
 INPUT ---        8 9 10 11 ;
 INPUT ---        9 10 11 ;
 INPUT ---        10 11 ;
 INPUT ---        11 ;
 INPUT ---    group=1 p    rows=11 cols=11 Triang ;
 INPUT ---        12 12 12 12 12 12 13 13 13 13 13 ;
 INPUT ---        12 12 12 12 12 13 13 13 13 13 ;
 INPUT ---        12 12 12 12 13 13 13 13 13 ;
 INPUT ---        12 12 12 13 13 13 13 13 ;
 INPUT ---        12 12 13 13 13 13 13 ;
 INPUT ---        12 13 13 13 13 13 ;
 INPUT ---        13 13 13 13 13 ;
 INPUT ---        13 13 13 13 ;
 INPUT ---        13 13 13 ;
 INPUT ---        13 13 ;
 INPUT ---        13 ;
 INPUT ---    design matrix constraints=13 covariates=13;
 INPUT ---        1 0 0 0 0 0 0 0 0 0 0 0 0;
 INPUT ---        1 1 0 0 0 0 0 0 0 0 0 0 0;
 INPUT ---        1 0 1 0 0 0 0 0 0 0 0 0 0;
 INPUT ---        1 0 0 1 0 0 0 0 0 0 0 0 0;
 INPUT ---        1 0 0 0 1 0 0 0 0 0 0 0 0;
 INPUT ---        1 0 0 0 0 1 0 0 0 0 0 0 0;
 INPUT ---        1 0 0 0 0 0 1 0 0 0 0 0 0;
 INPUT ---        1 0 0 0 0 0 0 1 0 0 0 0 0;
 INPUT ---        1 0 0 0 0 0 0 0 1 0 0 0 0;
 INPUT ---        1 0 0 0 0 0 0 0 0 1 0 0 0;
 INPUT ---        1 0 0 0 0 0 0 0 0 0 1 0 0;
 INPUT ---        0 0 0 0 0 0 0 0 0 0 0 1 1;
 INPUT ---        0 0 0 0 0 0 0 0 0 0 0 1 0;
 INPUT ---       blabel(1)=Phi:(Intercept);
 INPUT ---       blabel(2)=Phi:factor(time)2014;
 INPUT ---       blabel(3)=Phi:factor(time)2015;
 INPUT ---       blabel(4)=Phi:factor(time)2016;

Program  MARK  - Survival Rate Estimation with Capture-Recapture Data
 gfortran(dble/PIM2) Vers. 11.1 Nov 2024  15-Apr-2026 19:29:27    Page  003
 - - - - - - - - - - - - - - - - - - - - - - - - - - - - - - - - - - - - - -
 
 INPUT ---       blabel(5)=Phi:factor(time)2017;
 INPUT ---       blabel(6)=Phi:factor(time)2018;
 INPUT ---       blabel(7)=Phi:factor(time)2019;
 INPUT ---       blabel(8)=Phi:factor(time)2020;
 INPUT ---       blabel(9)=Phi:factor(time)2021;
 INPUT ---       blabel(10)=Phi:factor(time)2022;
 INPUT ---       blabel(11)=Phi:factor(time)2023;
 INPUT ---       blabel(12)=p:(Intercept);
 INPUT ---       blabel(13)=p:recap_groupB;
 INPUT ---       rlabel(1)=Phi g1 c2013 a0 t2013;
 INPUT ---       rlabel(2)=Phi g1 c2013 a1 t2014;
 INPUT ---       rlabel(3)=Phi g1 c2013 a2 t2015;
 INPUT ---       rlabel(4)=Phi g1 c2013 a3 t2016;
 INPUT ---       rlabel(5)=Phi g1 c2013 a4 t2017;
 INPUT ---       rlabel(6)=Phi g1 c2013 a5 t2018;
 INPUT ---       rlabel(7)=Phi g1 c2013 a6 t2019;
 INPUT ---       rlabel(8)=Phi g1 c2013 a7 t2020;
 INPUT ---       rlabel(9)=Phi g1 c2013 a8 t2021;
 INPUT ---       rlabel(10)=Phi g1 c2013 a9 t2022;
 INPUT ---       rlabel(11)=Phi g1 c2013 a10 t2023;
 INPUT ---       rlabel(12)=p g1 c2013 a1 t2014;
 INPUT ---       rlabel(13)=p g1 c2013 a7 t2020;
   Model is { model5 }

 Link Function Used is LOGIT        

 Variance Estimation Procedure Used is 2ndPart 
 -2logL(saturated) = 198.85252     
 Effective Sample Size = 223

 Number of function evaluations was 49 for 13 parameters.
 For numerical optimization, CPU Time was 0.500 secs and System Time was 0.266 secs.
 -2logL { model5 } = 298.44038     
 Penalty { model5 } = 0.0000000     
 Gradient { model5 }:
  2.02159E-03 -1.44001E-06  4.78188E-04 -5.82742E-05 -1.46433E-04
  7.78352E-04   0.0000      4.48165E-04  1.30525E-04  3.92343E-04
   0.0000      4.30340E-04  5.82245E-05
 Maximum ABS(G) { model5 } =  2.02159E-03
 To compute VC matrix, CPU Time was 0.156 secs and System Time was 0.140 secs.
 S Vector { model5 }:
   54.63853      23.99358      4.748622      2.279099      1.545156    
  0.9260988     0.7682411     0.4732909     0.9586043E-02 0.3354773E-05
  0.6792812E-06 0.1576830E-06 0.5072457E-08
 To invert VC matrix, CPU Time was 0.001 secs and System Time was 0.001 secs.
 Ratio Threshold = 50.00 Max Gap (9/10) = 2857. Next Max Gap (8/9) = 49.37
 Gap Method for Num. of Estimated Parameters { model5 } = 9          
 Threshold { model5 } = 0.0040432               

Program  MARK  - Survival Rate Estimation with Capture-Recapture Data
 gfortran(dble/PIM2) Vers. 11.1 Nov 2024  15-Apr-2026 19:29:29    Page  004
 - - - - - - - - - - - - - - - - - - - - - - - - - - - - - - - - - - - - - -
 
 Numerical Threshold Method for Num. of Estimated Parameters { model5 } = 9          
 Number of Estimated Parameters { model5 } = 9          
 DEVIANCE { model5 } = 99.587858               
 DEVIANCE Degrees of Freedom { model5 } = 6          
 c-hat { model5 } = 16.597976               
 AIC { model5 } = 316.44038               
 AICc { model5 } = 317.28545               
 BIC { model5 } = 347.10492               
 Pearson Chisquare { model5 } = 386.02883               
 Possible Encounter Histories { model5 } = 4054          
 Pearson Chisquare df { model5 } = 4036          
 Pearson chat { model5 } = 0.0956464               
 Sum(Observed/Expected) { model5 } = 368.76607               
 s-bar { model5 } = -0.9110591              
 Fletcher chat { model5 } = 1.0753923               


                       LOGIT Link Function Parameters of { model5 }
                                                              95% Confidence Interval
    Parameter                  Beta         Standard Error     Lower           Upper
 -------------------------  --------------  --------------  --------------  --------------
    1:Phi:(Intercept)        15.222337       206.37795      -389.27846       419.72313    
    2:Phi:factor(time)2014   1.6490010       2509.2862      -4916.5521       4919.8501    
    3:Phi:factor(time)2015  -16.194052       206.37849      -420.69591       388.30780    
    4:Phi:factor(time)2016  -12.144089       206.66708      -417.21158       392.92340    
    5:Phi:factor(time)2017  -14.669378       206.38112      -419.17639       389.83763    
    6:Phi:factor(time)2018  -15.811889       206.37826      -420.31329       388.68951    
    7:Phi:factor(time)2019   0.8785134       0.0000000       0.8785134       0.8785134    
    8:Phi:factor(time)2020  -14.844315       206.38080      -419.35068       389.66205    
    9:Phi:factor(time)2021  -15.937734       206.38128      -420.44505       388.56958    
   10:Phi:factor(time)2022  -15.379540       206.38055      -419.88542       389.12634    
   11:Phi:factor(time)2023  -36.798345       14040.073      -27555.341       27481.745    
   12:p:(Intercept)         -0.7905922       0.5675411      -1.9029729       0.3217884    
   13:p:recap_groupB        -1.0965587       0.5864025      -2.2459076       0.0527902    


                          Real Function Parameters of { model5 }
                                                               95% Confidence Interval
     Parameter                Estimate       Standard Error     Lower           Upper
 --------------------------  --------------  --------------  --------------  --------------
     1:Phi g1 c2013 a0 t201   0.9999998       0.5054594E-04  0.8679899E-169   1.0000000       
     2:Phi g1 c2013 a1 t201   1.0000000       0.1150911E-03  0.1181444E-300   1.0000000       
     3:Phi g1 c2013 a2 t201   0.2745386       0.1217761       0.1024667       0.5564287       
     4:Phi g1 c2013 a3 t201   0.9559865       0.4538057       0.1432932E-07   1.0000000       
     5:Phi g1 c2013 a4 t201   0.6348217       0.2737499       0.1466000       0.9462131       
     6:Phi g1 c2013 a5 t201   0.3567377       0.1317270       0.1525605       0.6307777       
     7:Phi g1 c2013 a6 t201   0.9999999       0.0000000       0.9999999       0.9999999       

Program  MARK  - Survival Rate Estimation with Capture-Recapture Data
 gfortran(dble/PIM2) Vers. 11.1 Nov 2024  15-Apr-2026 19:29:29    Page  005
 - - - - - - - - - - - - - - - - - - - - - - - - - - - - - - - - - - - - - -
 
     8:Phi g1 c2013 a7 t202   0.5933959       0.2798939       0.1305984       0.9341171       
     9:Phi g1 c2013 a8 t202   0.3284074       0.2508568       0.0499891       0.8196348       
    10:Phi g1 c2013 a9 t202   0.4607800       0.2949685       0.0769823       0.8974923       
    11:Phi g1 c2013 a10 t20   0.4262443E-09   0.5984799E-05  -0.1172978E-04   0.1173063E-04   
    12:p g1 c2013 a1 t2014    0.1315697       0.0272660       0.0866794       0.1947509       
    13:p g1 c2013 a7 t2020    0.3120415       0.1218350       0.1297724       0.5797600       

 To compute parameter estimates, CPU Time was 0.001 secs and System Time was 0.001 secs.

 Attempted ordering of parameters by estimatibility:
  12  1 13  6  3  5 10  9  8  4  7  2 11
 Beta number 11 is a singular value.

 For procedure estimate CPU Time was 0.656 secs and System Time was 1.563 secs.
 INPUT --- proc stop;

 For this job, CPU Time in mins was 0.012 and System Time in mins was 0.027.

     Time Start = 19:29:27.623   Time End = 19:29:29.218

 Wall Clock Time in mins for this job was 0.026.

 Maximum of 19 words used.


          E X E C U T I O N   S U C C E S S F U L
