
 Program  MARK  - Survival Rate Estimation with Capture-Recapture Data
 gfortran(dble/PIM2) Vers. 11.1 Nov 2024   7-Mar-2026 19:29:37    Page  001
  
 - - - - - - - - - - - - - - - - - - - - - - - - - - - - - - - - - - - - - -
 
 Welcome to MARK localuser on machine DEP79421 in subdirectory 
 "C:\Users\localuser\Desktop\GitHub\LHI_SBSH_CMR_adult_survival" running file "data/rmark_outputs/reference_models/2026-03-07/linear_covariate_model_20.inp".
 This version was compiled by GCC version 14.2.0 using the options: 
  -cpp -iprefix C:/tdm-gcc-64/mingw64-14-2/bin/../lib/gcc/
  x86_64-w64-mingw32/14.2.0/ -D_MT -D_REENTRANT -U_REENTRANT -D
  dbleprecision -m64 -march=x86-64 -mtune=generic -mthreads -O3 -std=f2023
  -fimplicit-none -ffpe-summary=invalid,zero,overflow,underflow
  -funroll-loops -fno-unsafe-math-optimizations -frounding-math
  -fsignaling-nans -fall-intrinsics -fopenmp

 This problem will use 19 of 20 possible threads.
 Static thread allocation is used.
 INPUT --- proc title ;

 For procedure title CPU Time was 0.001 secs and System Time was 0.001 secs.
 INPUT --- proc chmatrix occasions= 12 groups= 1 etype= Live Nodes= 
 INPUT --- 101 ICMeans NoHist hist= 25  ;
 INPUT ---    time interval 1 1 1 1 1 1 1 1 1 1 1 ;
 INPUT ---    glabel(1)=Group 1;

      Number of unique encounter histories read was 25.

      Number of individual covariates read was 0.
      Time interval lengths are all equal to 1.

      Data type number is 1
      Data type is Live Recaptures (CJS)

 For procedure chmatrix CPU Time was 0.001 secs and System Time was 0.001 secs.

Program  MARK  - Survival Rate Estimation with Capture-Recapture Data
 gfortran(dble/PIM2) Vers. 11.1 Nov 2024   7-Mar-2026 19:29:37    Page  002
 - - - - - - - - - - - - - - - - - - - - - - - - - - - - - - - - - - - - - -
 


 INPUT --- proc estimate link=Logit NOLOOP varest=2ndPart    ;
 INPUT --- model={ model20 };
 INPUT ---    group=1 Phi    rows=11 cols=11 Triang ;
 INPUT ---        1 2 3 4 5 6 7 8 9 10 11 ;
 INPUT ---        2 3 4 5 6 7 8 9 10 11 ;
 INPUT ---        3 4 5 6 7 8 9 10 11 ;
 INPUT ---        4 5 6 7 8 9 10 11 ;
 INPUT ---        5 6 7 8 9 10 11 ;
 INPUT ---        6 7 8 9 10 11 ;
 INPUT ---        7 8 9 10 11 ;
 INPUT ---        8 9 10 11 ;
 INPUT ---        9 10 11 ;
 INPUT ---        10 11 ;
 INPUT ---        11 ;
 INPUT ---    group=1 p    rows=11 cols=11 Triang ;
 INPUT ---        12 13 14 15 16 17 18 19 20 21 22 ;
 INPUT ---        13 14 15 16 17 18 19 20 21 22 ;
 INPUT ---        14 15 16 17 18 19 20 21 22 ;
 INPUT ---        15 16 17 18 19 20 21 22 ;
 INPUT ---        16 17 18 19 20 21 22 ;
 INPUT ---        17 18 19 20 21 22 ;
 INPUT ---        18 19 20 21 22 ;
 INPUT ---        19 20 21 22 ;
 INPUT ---        20 21 22 ;
 INPUT ---        21 22 ;
 INPUT ---        22 ;
 INPUT ---    design matrix constraints=22 covariates=14;
 INPUT ---        1 2013 4052169 0 0 0 0 0 0 0 0 0 0 0;
 INPUT ---        1 2014 4056196 0 0 0 0 0 0 0 0 0 0 0;
 INPUT ---        1 2015 4060225 0 0 0 0 0 0 0 0 0 0 0;
 INPUT ---        1 2016 4064256 0 0 0 0 0 0 0 0 0 0 0;
 INPUT ---        1 2017 4068289 0 0 0 0 0 0 0 0 0 0 0;
 INPUT ---        1 2018 4072324 0 0 0 0 0 0 0 0 0 0 0;
 INPUT ---        1 2019 4076361 0 0 0 0 0 0 0 0 0 0 0;
 INPUT ---        1 2020 4080400 0 0 0 0 0 0 0 0 0 0 0;
 INPUT ---        1 2021 4084441 0 0 0 0 0 0 0 0 0 0 0;
 INPUT ---        1 2022 4088484 0 0 0 0 0 0 0 0 0 0 0;
 INPUT ---        1 2023 4092529 0 0 0 0 0 0 0 0 0 0 0;
 INPUT ---        0 0 0 1 0 0 0 0 0 0 0 0 0 0;
 INPUT ---        0 0 0 1 1 0 0 0 0 0 0 0 0 0;
 INPUT ---        0 0 0 1 0 1 0 0 0 0 0 0 0 0;
 INPUT ---        0 0 0 1 0 0 1 0 0 0 0 0 0 0;
 INPUT ---        0 0 0 1 0 0 0 1 0 0 0 0 0 0;
 INPUT ---        0 0 0 1 0 0 0 0 1 0 0 0 0 0;

Program  MARK  - Survival Rate Estimation with Capture-Recapture Data
 gfortran(dble/PIM2) Vers. 11.1 Nov 2024   7-Mar-2026 19:29:37    Page  003
 - - - - - - - - - - - - - - - - - - - - - - - - - - - - - - - - - - - - - -
 
 INPUT ---        0 0 0 1 0 0 0 0 0 1 0 0 0 0;
 INPUT ---        0 0 0 1 0 0 0 0 0 0 1 0 0 0;
 INPUT ---        0 0 0 1 0 0 0 0 0 0 0 1 0 0;
 INPUT ---        0 0 0 1 0 0 0 0 0 0 0 0 1 0;
 INPUT ---        0 0 0 1 0 0 0 0 0 0 0 0 0 1;
 INPUT ---       blabel(1)=Phi:(Intercept);
 INPUT ---       blabel(2)=Phi:time;
 INPUT ---       blabel(3)=Phi:I(time^2);
 INPUT ---       blabel(4)=p:(Intercept);
 INPUT ---       blabel(5)=p:factor(time)2015;
 INPUT ---       blabel(6)=p:factor(time)2016;
 INPUT ---       blabel(7)=p:factor(time)2017;
 INPUT ---       blabel(8)=p:factor(time)2018;
 INPUT ---       blabel(9)=p:factor(time)2019;
 INPUT ---       blabel(10)=p:factor(time)2020;
 INPUT ---       blabel(11)=p:factor(time)2021;
 INPUT ---       blabel(12)=p:factor(time)2022;
 INPUT ---       blabel(13)=p:factor(time)2023;
 INPUT ---       blabel(14)=p:factor(time)2024;
 INPUT ---       rlabel(1)=Phi g1 c2013 a0 t2013;
 INPUT ---       rlabel(2)=Phi g1 c2013 a1 t2014;
 INPUT ---       rlabel(3)=Phi g1 c2013 a2 t2015;
 INPUT ---       rlabel(4)=Phi g1 c2013 a3 t2016;
 INPUT ---       rlabel(5)=Phi g1 c2013 a4 t2017;
 INPUT ---       rlabel(6)=Phi g1 c2013 a5 t2018;
 INPUT ---       rlabel(7)=Phi g1 c2013 a6 t2019;
 INPUT ---       rlabel(8)=Phi g1 c2013 a7 t2020;
 INPUT ---       rlabel(9)=Phi g1 c2013 a8 t2021;
 INPUT ---       rlabel(10)=Phi g1 c2013 a9 t2022;
 INPUT ---       rlabel(11)=Phi g1 c2013 a10 t2023;
 INPUT ---       rlabel(12)=p g1 c2013 a1 t2014;
 INPUT ---       rlabel(13)=p g1 c2013 a2 t2015;
 INPUT ---       rlabel(14)=p g1 c2013 a3 t2016;
 INPUT ---       rlabel(15)=p g1 c2013 a4 t2017;
 INPUT ---       rlabel(16)=p g1 c2013 a5 t2018;
 INPUT ---       rlabel(17)=p g1 c2013 a6 t2019;
 INPUT ---       rlabel(18)=p g1 c2013 a7 t2020;
 INPUT ---       rlabel(19)=p g1 c2013 a8 t2021;
 INPUT ---       rlabel(20)=p g1 c2013 a9 t2022;
 INPUT ---       rlabel(21)=p g1 c2013 a10 t2023;
 INPUT ---       rlabel(22)=p g1 c2013 a11 t2024;
   Model is { model20 }

 Link Function Used is LOGIT        

 Variance Estimation Procedure Used is 2ndPart 
 -2logL(saturated) = 198.85252     

Program  MARK  - Survival Rate Estimation with Capture-Recapture Data
 gfortran(dble/PIM2) Vers. 11.1 Nov 2024   7-Mar-2026 19:29:37    Page  004
 - - - - - - - - - - - - - - - - - - - - - - - - - - - - - - - - - - - - - -
 
 Effective Sample Size = 223

 Number of function evaluations was 35 for 14 parameters.
 For numerical optimization, CPU Time was 0.172 secs and System Time was 0.156 secs.
 -2logL { model20 } = 237.08385     
 Penalty { model20 } = 0.0000000     

   * *  WARNING  * *   Numerical underflow occurred during optimization. 
     IEEE flag status during optimization:
     overflow       F
     divide by zero F
     invalid        F
     underflow      T
     inexact        T

 Gradient { model20 }:
  1.96622E-02  1.97879E-02  2.00645E-02  1.56101E-02  2.28431E-03
   0.0000     -1.01061E-03 -7.77944E-04   0.0000      6.70580E-03
  2.19272E-03   0.0000      6.27537E-03   0.0000    
 Maximum ABS(G) { model20 } =  2.00645E-02
 To compute VC matrix, CPU Time was 0.188 secs and System Time was 0.203 secs.
 S Vector { model20 }:
   89.89366      16.82645      5.433534      3.163311      2.616671    
   1.501973      1.049379     0.6297732E-01 0.3688732E-02 0.1225593E-02
  0.3268277E-10 0.4500894E-11 0.2897500E-11 0.1425601E-11
 To invert VC matrix, CPU Time was 0.001 secs and System Time was 0.001 secs.
 Ratio Threshold = 50.00 Max Gap (10/11) = 3.7500E+7 Next Max Gap (8/9) = 17.07
 Gap Method for Num. of Estimated Parameters { model20 } = 10          
 Threshold { model20 } = 0.0401289               
 Numerical Threshold Method for Num. of Estimated Parameters { model20 } = 8          
 Number of Estimated Parameters { model20 } = 10          

   * *  WARNING  * *   Number of parameters estimated from gap method (=10) and threshold method (=8) differ.  Inspect full output. 
 Ratios of S Vector { model20 }:
   1/2    5.342402       2/3    3.096779       3/4    1.717673       4/5    1.208907       5/6    1.742156    
   6/7    1.431297       7/8    16.66281       8/9    17.07289       9/10    3.009753       10/11   0.3749967E+08
   11/12    7.261394       12/13    1.553372       13/14    2.032476    
 DEVIANCE { model20 } = 38.231330               
 DEVIANCE Degrees of Freedom { model20 } = 7          
 c-hat { model20 } = 5.4616186               
 AIC { model20 } = 253.08385               
 AICc { model20 } = 253.75675               
 BIC { model20 } = 280.34122               
 Pearson Chisquare { model20 } = 63.717054               
 Possible Encounter Histories { model20 } = 4054          
 Pearson Chisquare df { model20 } = 4037          
 Pearson chat { model20 } = 0.0157833               
 Sum(Observed/Expected) { model20 } = 81.027187               

Program  MARK  - Survival Rate Estimation with Capture-Recapture Data
 gfortran(dble/PIM2) Vers. 11.1 Nov 2024   7-Mar-2026 19:29:38    Page  005
 - - - - - - - - - - - - - - - - - - - - - - - - - - - - - - - - - - - - - -
 
 s-bar { model20 } = -0.9821935              
 Fletcher chat { model20 } = 0.8863781               

   * *  WARNING  * *   Numerical underflow occurred computing the variance-covariance matrix. 
     IEEE flag status computing the variance-covariance matrix:
     overflow       F
     divide by zero F
     invalid        F
     underflow      T
     inexact        T



                      LOGIT Link Function Parameters of { model20 }
                                                              95% Confidence Interval
    Parameter                  Beta         Standard Error     Lower           Upper
 -------------------------  --------------  --------------  --------------  --------------
    1:Phi:(Intercept)        220.19658       16.394873       188.06263       252.33053    
    2:Phi:time              -0.2989556E-03   0.0115285      -0.0228947       0.0222968    
    3:Phi:I(time^2)         -0.5368126E-04   0.4047396E-05  -0.6161416E-04  -0.4574836E-04
    4:p:(Intercept)         -1862.8070       1.4796144      -1865.7071      -1859.9070    
    5:p:factor(time)2015     1862.6096       1.4871041       1859.6949       1865.5243    
    6:p:factor(time)2016     437.17583       0.0000000       437.17583       437.17583    
    7:p:factor(time)2017     1859.6390       1.6578235       1856.3897       1862.8884    
    8:p:factor(time)2018     1858.9256       1.8078174       1855.3823       1862.4689    
    9:p:factor(time)2019    -350.56775       0.0000000      -350.56775      -350.56775    
   10:p:factor(time)2020     1861.5258       1.5594743       1858.4692       1864.5823    
   11:p:factor(time)2021     1860.9949       1.6355568       1857.7893       1864.2006    
   12:p:factor(time)2022    -623.68273       0.0000000      -623.68273      -623.68273    
   13:p:factor(time)2023     1861.2418       1.6952111       1857.9192       1864.5644    
   14:p:factor(time)2024     129.46651       0.0000000       129.46651       129.46651    


                         Real Function Parameters of { model20 }
                                                               95% Confidence Interval
     Parameter                Estimate       Standard Error     Lower           Upper
 --------------------------  --------------  --------------  --------------  --------------
     1:Phi g1 c2013 a0 t201   0.8878780       0.0408732       0.7798026       0.9465449       
     2:Phi g1 c2013 a1 t201   0.8644524       0.0479952       0.7407650       0.9343552       
     3:Phi g1 c2013 a2 t201   0.8370162       0.0557894       0.6973363       0.9196603       
     4:Phi g1 c2013 a3 t201   0.8052607       0.0640786       0.6499007       0.9020671       
     5:Phi g1 c2013 a4 t201   0.7690064       0.0725851       0.5991244       0.8811745       
     6:Phi g1 c2013 a5 t201   0.7282588       0.0809277       0.5459427       0.8565986       
     7:Phi g1 c2013 a6 t201   0.6832604       0.0886393       0.4915060       0.8280075       
     8:Phi g1 c2013 a7 t202   0.6345249       0.0952066       0.4370879       0.7951652       
     9:Phi g1 c2013 a8 t202   0.5828426       0.1001315       0.3839689       0.7579812       
    10:Phi g1 c2013 a9 t202   0.5292469       0.1030055       0.3333183       0.7165591       
    11:Phi g1 c2013 a10 t20   0.4749414       0.1035785       0.2860964       0.6712363       

Program  MARK  - Survival Rate Estimation with Capture-Recapture Data
 gfortran(dble/PIM2) Vers. 11.1 Nov 2024   7-Mar-2026 19:29:38    Page  006
 - - - - - - - - - - - - - - - - - - - - - - - - - - - - - - - - - - - - - -
 
    12:p g1 c2013 a1 t2014   0.5562685E-308   0.0000000      0.5562685E-308  0.5562685E-308   
    13:p g1 c2013 a2 t2015    0.4508074       0.0817102       0.3006344       0.6105110       
    14:p g1 c2013 a3 t2016   0.5562685E-308   0.0000000      0.5562685E-308  0.5562685E-308   
    15:p g1 c2013 a4 t2017    0.0403892       0.0291197       0.0095600       0.1550707       
    16:p g1 c2013 a5 t2018    0.0202049       0.0206108       0.0026726       0.1369555       
    17:p g1 c2013 a6 t2019   0.5562685E-308   0.0000000      0.5562685E-308  0.5562685E-308   
    18:p g1 c2013 a7 t2020    0.2173367       0.1060825       0.0756066       0.4852754       
    19:p g1 c2013 a8 t2021    0.1403879       0.0959708       0.0332214       0.4369941       
    20:p g1 c2013 a9 t2022   0.5562685E-308   0.0000000      0.5562685E-308  0.5562685E-308   
    21:p g1 c2013 a10 t2023   0.1728959       0.1317004       0.0332357       0.5596759       
    22:p g1 c2013 a11 t2024  0.5562685E-308   0.0000000      0.5562685E-308  0.5562685E-308   

 To compute parameter estimates, CPU Time was 0.001 secs and System Time was 0.016 secs.

 Attempted ordering of parameters by estimatibility:
   1  5 10  4 11  7 13  8  3  2 14  9  6 12
 Beta number 12 is a singular value.

 For procedure estimate CPU Time was 0.375 secs and System Time was 0.422 secs.

Program  MARK  - Survival Rate Estimation with Capture-Recapture Data
 gfortran(dble/PIM2) Vers. 11.1 Nov 2024   7-Mar-2026 19:29:38    Page  007
 - - - - - - - - - - - - - - - - - - - - - - - - - - - - - - - - - - - - - -
 


 INPUT --- proc stop;

 For this job, CPU Time in mins was 0.007 and System Time in mins was 0.008.

     Time Start = 19:29:37.621   Time End = 19:29:38.097

 Wall Clock Time in mins for this job was 0.007.

 Maximum of 19 words used.


          E X E C U T I O N   S U C C E S S F U L
