
 Program  MARK  - Survival Rate Estimation with Capture-Recapture Data
 gfortran(dble/PIM2) Vers. 11.1 Nov 2024   7-Mar-2026 19:28:54    Page  001
  
 - - - - - - - - - - - - - - - - - - - - - - - - - - - - - - - - - - - - - -
 
 Welcome to MARK localuser on machine DEP79421 in subdirectory 
 "C:\Users\localuser\Desktop\GitHub\LHI_SBSH_CMR_adult_survival" running file "data/rmark_outputs/reference_models/2026-03-07/linear_covariate_model_2.inp".
 This version was compiled by GCC version 14.2.0 using the options: 
  -cpp -iprefix C:/tdm-gcc-64/mingw64-14-2/bin/../lib/gcc/
  x86_64-w64-mingw32/14.2.0/ -D_MT -D_REENTRANT -U_REENTRANT -D
  dbleprecision -m64 -march=x86-64 -mtune=generic -mthreads -O3 -std=f2023
  -fimplicit-none -ffpe-summary=invalid,zero,overflow,underflow
  -funroll-loops -fno-unsafe-math-optimizations -frounding-math
  -fsignaling-nans -fall-intrinsics -fopenmp

 This problem will use 19 of 20 possible threads.
 Static thread allocation is used.
 INPUT --- proc title ;

 For procedure title CPU Time was 0.001 secs and System Time was 0.001 secs.
 INPUT --- proc chmatrix occasions= 12 groups= 1 etype= Live Nodes= 
 INPUT --- 101 ICMeans NoHist hist= 25  ;
 INPUT ---    time interval 1 1 1 1 1 1 1 1 1 1 1 ;
 INPUT ---    glabel(1)=Group 1;

      Number of unique encounter histories read was 25.

      Number of individual covariates read was 0.
      Time interval lengths are all equal to 1.

      Data type number is 1
      Data type is Live Recaptures (CJS)

 For procedure chmatrix CPU Time was 0.001 secs and System Time was 0.001 secs.

Program  MARK  - Survival Rate Estimation with Capture-Recapture Data
 gfortran(dble/PIM2) Vers. 11.1 Nov 2024   7-Mar-2026 19:28:54    Page  002
 - - - - - - - - - - - - - - - - - - - - - - - - - - - - - - - - - - - - - -
 


 INPUT --- proc estimate link=Logit NOLOOP varest=2ndPart    ;
 INPUT --- model={ model2 };
 INPUT ---    group=1 Phi    rows=11 cols=11 Triang ;
 INPUT ---        1 2 3 4 5 6 7 8 9 10 11 ;
 INPUT ---        2 3 4 5 6 7 8 9 10 11 ;
 INPUT ---        3 4 5 6 7 8 9 10 11 ;
 INPUT ---        4 5 6 7 8 9 10 11 ;
 INPUT ---        5 6 7 8 9 10 11 ;
 INPUT ---        6 7 8 9 10 11 ;
 INPUT ---        7 8 9 10 11 ;
 INPUT ---        8 9 10 11 ;
 INPUT ---        9 10 11 ;
 INPUT ---        10 11 ;
 INPUT ---        11 ;
 INPUT ---    group=1 p    rows=11 cols=11 Triang ;
 INPUT ---        12 12 12 12 12 12 12 12 12 12 12 ;
 INPUT ---        12 12 12 12 12 12 12 12 12 12 ;
 INPUT ---        12 12 12 12 12 12 12 12 12 ;
 INPUT ---        12 12 12 12 12 12 12 12 ;
 INPUT ---        12 12 12 12 12 12 12 ;
 INPUT ---        12 12 12 12 12 12 ;
 INPUT ---        12 12 12 12 12 ;
 INPUT ---        12 12 12 12 ;
 INPUT ---        12 12 12 ;
 INPUT ---        12 12 ;
 INPUT ---        12 ;
 INPUT ---    design matrix constraints=12 covariates=3;
 INPUT ---        1 2013 0;
 INPUT ---        1 2014 0;
 INPUT ---        1 2015 0;
 INPUT ---        1 2016 0;
 INPUT ---        1 2017 0;
 INPUT ---        1 2018 0;
 INPUT ---        1 2019 0;
 INPUT ---        1 2020 0;
 INPUT ---        1 2021 0;
 INPUT ---        1 2022 0;
 INPUT ---        1 2023 0;
 INPUT ---        0 0 1;
 INPUT ---       blabel(1)=Phi:(Intercept);
 INPUT ---       blabel(2)=Phi:time;
 INPUT ---       blabel(3)=p:(Intercept);
 INPUT ---       rlabel(1)=Phi g1 c2013 a0 t2013;
 INPUT ---       rlabel(2)=Phi g1 c2013 a1 t2014;

Program  MARK  - Survival Rate Estimation with Capture-Recapture Data
 gfortran(dble/PIM2) Vers. 11.1 Nov 2024   7-Mar-2026 19:28:54    Page  003
 - - - - - - - - - - - - - - - - - - - - - - - - - - - - - - - - - - - - - -
 
 INPUT ---       rlabel(3)=Phi g1 c2013 a2 t2015;
 INPUT ---       rlabel(4)=Phi g1 c2013 a3 t2016;
 INPUT ---       rlabel(5)=Phi g1 c2013 a4 t2017;
 INPUT ---       rlabel(6)=Phi g1 c2013 a5 t2018;
 INPUT ---       rlabel(7)=Phi g1 c2013 a6 t2019;
 INPUT ---       rlabel(8)=Phi g1 c2013 a7 t2020;
 INPUT ---       rlabel(9)=Phi g1 c2013 a8 t2021;
 INPUT ---       rlabel(10)=Phi g1 c2013 a9 t2022;
 INPUT ---       rlabel(11)=Phi g1 c2013 a10 t2023;
 INPUT ---       rlabel(12)=p g1 c2013 a1 t2014;
   Model is { model2 }

 Link Function Used is LOGIT        

 Variance Estimation Procedure Used is 2ndPart 
 -2logL(saturated) = 198.85252     
 Effective Sample Size = 223

 Number of function evaluations was 32 for 3 parameters.
 For numerical optimization, CPU Time was 0.078 secs and System Time was 0.188 secs.
 -2logL { model2 } = 329.74777     
 Penalty { model2 } = 0.0000000     
 Gradient { model2 }:
  2.39318E-04  2.38505E-04  1.60873E-04
 Maximum ABS(G) { model2 } =  2.39318E-04
 To compute VC matrix, CPU Time was 0.001 secs and System Time was 0.001 secs.
 S Vector { model2 }:
   71.14292      12.29932     0.1440105E-01
 To invert VC matrix, CPU Time was 0.001 secs and System Time was 0.001 secs.
 Ratio Threshold = 50.00 Max Gap (2/3) = 854.1 Next Max Gap (1/2) = 5.784
 Gap Method for Num. of Estimated Parameters { model2 } = 2          
 Threshold { model2 } = 0.4786359E-03           
 Numerical Threshold Method for Num. of Estimated Parameters { model2 } = 3          
 Number of Estimated Parameters { model2 } = 3          

   * *  WARNING  * *   Number of parameters estimated from gap method (=2) and threshold method (=3) differ.  Inspect full output. 
 Ratios of S Vector { model2 }:
   1/2    5.784300       2/3    854.0569    
 DEVIANCE { model2 } = 130.89525               
 DEVIANCE Degrees of Freedom { model2 } = 12          
 c-hat { model2 } = 10.907938               
 AIC { model2 } = 335.74777               
 AICc { model2 } = 335.85736               
 BIC { model2 } = 345.96929               
 Pearson Chisquare { model2 } = 743.34427               
 Possible Encounter Histories { model2 } = 4054          
 Pearson Chisquare df { model2 } = 4042          
 Pearson chat { model2 } = 0.1839051               

Program  MARK  - Survival Rate Estimation with Capture-Recapture Data
 gfortran(dble/PIM2) Vers. 11.1 Nov 2024   7-Mar-2026 19:28:54    Page  004
 - - - - - - - - - - - - - - - - - - - - - - - - - - - - - - - - - - - - - -
 
 Sum(Observed/Expected) { model2 } = 682.65877               
 s-bar { model2 } = -0.8334589              
 Fletcher chat { model2 } = 1.1042623               


                       LOGIT Link Function Parameters of { model2 }
                                                              95% Confidence Interval
    Parameter                  Beta         Standard Error     Lower           Upper
 -------------------------  --------------  --------------  --------------  --------------
    1:Phi:(Intercept)        513.71438       5.8874173       502.17504       525.25372    
    2:Phi:time              -0.2541479       0.0029166      -0.2598645      -0.2484313    
    3:p:(Intercept)         -2.1300428       0.2426145      -2.6055672      -1.6545185    


                          Real Function Parameters of { model2 }
                                                               95% Confidence Interval
     Parameter                Estimate       Standard Error     Lower           Upper
 --------------------------  --------------  --------------  --------------  --------------
     1:Phi g1 c2013 a0 t201   0.8923257       0.0259442       0.8299779       0.9336383       
     2:Phi g1 c2013 a1 t201   0.8653637       0.0314497       0.7910894       0.9160339       
     3:Phi g1 c2013 a2 t201   0.8329144       0.0375574       0.7460162       0.8942939       
     4:Phi g1 c2013 a3 t201   0.7945016       0.0440567       0.6949549       0.8677450       
     5:Phi g1 c2013 a4 t201   0.7499093       0.0506079       0.6385868       0.8357613       
     6:Phi g1 c2013 a5 t201   0.6993030       0.0567492       0.5781108       0.7978546       
     7:Phi g1 c2013 a6 t201   0.6433269       0.0619401       0.5151823       0.7537881       
     8:Phi g1 c2013 a7 t202   0.5831420       0.0656428       0.4517533       0.7036958       
     9:Phi g1 c2013 a8 t202   0.5203731       0.0674293       0.3898394       0.6481830       
    10:Phi g1 c2013 a9 t202   0.4569542       0.0670803       0.3312699       0.5883688       
    11:Phi g1 c2013 a10 t20   0.3949007       0.0646408       0.2774855       0.5258399       
    12:p g1 c2013 a1 t2014    0.1062109       0.0230314       0.0687810       0.1604992       

 To compute parameter estimates, CPU Time was 0.001 secs and System Time was 0.001 secs.

 Attempted ordering of parameters by estimatibility:
  3 1 2
 Beta number 2 is a singular value.

 For procedure estimate CPU Time was 0.078 secs and System Time was 0.188 secs.

Program  MARK  - Survival Rate Estimation with Capture-Recapture Data
 gfortran(dble/PIM2) Vers. 11.1 Nov 2024   7-Mar-2026 19:28:54    Page  005
 - - - - - - - - - - - - - - - - - - - - - - - - - - - - - - - - - - - - - -
 


 INPUT --- proc stop;

 For this job, CPU Time in mins was 0.002 and System Time in mins was 0.004.

     Time Start = 19:28:54.469   Time End = 19:28:54.691

 Wall Clock Time in mins for this job was 0.003.

 Maximum of 19 words used.


          E X E C U T I O N   S U C C E S S F U L
