
 Program  MARK  - Survival Rate Estimation with Capture-Recapture Data
 gfortran(dble/PIM2) Vers. 11.1 Nov 2024   7-Mar-2026 19:29:27    Page  001
  
 - - - - - - - - - - - - - - - - - - - - - - - - - - - - - - - - - - - - - -
 
 Welcome to MARK localuser on machine DEP79421 in subdirectory 
 "C:\Users\localuser\Desktop\GitHub\LHI_SBSH_CMR_adult_survival" running file "data/rmark_outputs/reference_models/2026-03-07/linear_covariate_model_16.inp".
 This version was compiled by GCC version 14.2.0 using the options: 
  -cpp -iprefix C:/tdm-gcc-64/mingw64-14-2/bin/../lib/gcc/
  x86_64-w64-mingw32/14.2.0/ -D_MT -D_REENTRANT -U_REENTRANT -D
  dbleprecision -m64 -march=x86-64 -mtune=generic -mthreads -O3 -std=f2023
  -fimplicit-none -ffpe-summary=invalid,zero,overflow,underflow
  -funroll-loops -fno-unsafe-math-optimizations -frounding-math
  -fsignaling-nans -fall-intrinsics -fopenmp

 This problem will use 19 of 20 possible threads.
 Static thread allocation is used.
 INPUT --- proc title ;

 For procedure title CPU Time was 0.001 secs and System Time was 0.001 secs.
 INPUT --- proc chmatrix occasions= 12 groups= 1 etype= Live Nodes= 
 INPUT --- 101 ICMeans NoHist hist= 25  ;
 INPUT ---    time interval 1 1 1 1 1 1 1 1 1 1 1 ;
 INPUT ---    glabel(1)=Group 1;

      Number of unique encounter histories read was 25.

      Number of individual covariates read was 0.
      Time interval lengths are all equal to 1.

      Data type number is 1
      Data type is Live Recaptures (CJS)

 For procedure chmatrix CPU Time was 0.001 secs and System Time was 0.001 secs.

Program  MARK  - Survival Rate Estimation with Capture-Recapture Data
 gfortran(dble/PIM2) Vers. 11.1 Nov 2024   7-Mar-2026 19:29:27    Page  002
 - - - - - - - - - - - - - - - - - - - - - - - - - - - - - - - - - - - - - -
 


 INPUT --- proc estimate link=Logit NOLOOP varest=2ndPart    ;
 INPUT --- model={ model16 };
 INPUT ---    group=1 Phi    rows=11 cols=11 Triang ;
 INPUT ---        1 2 3 4 5 6 7 8 9 10 11 ;
 INPUT ---        2 3 4 5 6 7 8 9 10 11 ;
 INPUT ---        3 4 5 6 7 8 9 10 11 ;
 INPUT ---        4 5 6 7 8 9 10 11 ;
 INPUT ---        5 6 7 8 9 10 11 ;
 INPUT ---        6 7 8 9 10 11 ;
 INPUT ---        7 8 9 10 11 ;
 INPUT ---        8 9 10 11 ;
 INPUT ---        9 10 11 ;
 INPUT ---        10 11 ;
 INPUT ---        11 ;
 INPUT ---    group=1 p    rows=11 cols=11 Triang ;
 INPUT ---        12 13 14 15 16 17 18 19 20 21 22 ;
 INPUT ---        13 14 15 16 17 18 19 20 21 22 ;
 INPUT ---        14 15 16 17 18 19 20 21 22 ;
 INPUT ---        15 16 17 18 19 20 21 22 ;
 INPUT ---        16 17 18 19 20 21 22 ;
 INPUT ---        17 18 19 20 21 22 ;
 INPUT ---        18 19 20 21 22 ;
 INPUT ---        19 20 21 22 ;
 INPUT ---        20 21 22 ;
 INPUT ---        21 22 ;
 INPUT ---        22 ;
 INPUT ---    design matrix constraints=22 covariates=6;
 INPUT ---        1 2013 4052169 0 0 0;
 INPUT ---        1 2014 4056196 0 0 0;
 INPUT ---        1 2015 4060225 0 0 0;
 INPUT ---        1 2016 4064256 0 0 0;
 INPUT ---        1 2017 4068289 0 0 0;
 INPUT ---        1 2018 4072324 0 0 0;
 INPUT ---        1 2019 4076361 0 0 0;
 INPUT ---        1 2020 4080400 0 0 0;
 INPUT ---        1 2021 4084441 0 0 0;
 INPUT ---        1 2022 4088484 0 0 0;
 INPUT ---        1 2023 4092529 0 0 0;
 INPUT ---        0 0 0 1 1 2014;
 INPUT ---        0 0 0 1 1 2015;
 INPUT ---        0 0 0 1 1 2016;
 INPUT ---        0 0 0 1 1 2017;
 INPUT ---        0 0 0 1 1 2018;
 INPUT ---        0 0 0 1 1 2019;

Program  MARK  - Survival Rate Estimation with Capture-Recapture Data
 gfortran(dble/PIM2) Vers. 11.1 Nov 2024   7-Mar-2026 19:29:27    Page  003
 - - - - - - - - - - - - - - - - - - - - - - - - - - - - - - - - - - - - - -
 
 INPUT ---        0 0 0 1 0 2020;
 INPUT ---        0 0 0 1 0 2021;
 INPUT ---        0 0 0 1 0 2022;
 INPUT ---        0 0 0 1 0 2023;
 INPUT ---        0 0 0 1 0 2024;
 INPUT ---       blabel(1)=Phi:(Intercept);
 INPUT ---       blabel(2)=Phi:time;
 INPUT ---       blabel(3)=Phi:I(time^2);
 INPUT ---       blabel(4)=p:(Intercept);
 INPUT ---       blabel(5)=p:recap_groupB;
 INPUT ---       blabel(6)=p:time;
 INPUT ---       rlabel(1)=Phi g1 c2013 a0 t2013;
 INPUT ---       rlabel(2)=Phi g1 c2013 a1 t2014;
 INPUT ---       rlabel(3)=Phi g1 c2013 a2 t2015;
 INPUT ---       rlabel(4)=Phi g1 c2013 a3 t2016;
 INPUT ---       rlabel(5)=Phi g1 c2013 a4 t2017;
 INPUT ---       rlabel(6)=Phi g1 c2013 a5 t2018;
 INPUT ---       rlabel(7)=Phi g1 c2013 a6 t2019;
 INPUT ---       rlabel(8)=Phi g1 c2013 a7 t2020;
 INPUT ---       rlabel(9)=Phi g1 c2013 a8 t2021;
 INPUT ---       rlabel(10)=Phi g1 c2013 a9 t2022;
 INPUT ---       rlabel(11)=Phi g1 c2013 a10 t2023;
 INPUT ---       rlabel(12)=p g1 c2013 a1 t2014;
 INPUT ---       rlabel(13)=p g1 c2013 a2 t2015;
 INPUT ---       rlabel(14)=p g1 c2013 a3 t2016;
 INPUT ---       rlabel(15)=p g1 c2013 a4 t2017;
 INPUT ---       rlabel(16)=p g1 c2013 a5 t2018;
 INPUT ---       rlabel(17)=p g1 c2013 a6 t2019;
 INPUT ---       rlabel(18)=p g1 c2013 a7 t2020;
 INPUT ---       rlabel(19)=p g1 c2013 a8 t2021;
 INPUT ---       rlabel(20)=p g1 c2013 a9 t2022;
 INPUT ---       rlabel(21)=p g1 c2013 a10 t2023;
 INPUT ---       rlabel(22)=p g1 c2013 a11 t2024;
   Model is { model16 }

 Link Function Used is LOGIT        

 Variance Estimation Procedure Used is 2ndPart 
 -2logL(saturated) = 198.85252     
 Effective Sample Size = 223

 Number of function evaluations was 91 for 6 parameters.
 For numerical optimization, CPU Time was 0.188 secs and System Time was 0.140 secs.
 -2logL { model16 } = 306.88255     
 Penalty { model16 } = 0.0000000     

Program  MARK  - Survival Rate Estimation with Capture-Recapture Data
 gfortran(dble/PIM2) Vers. 11.1 Nov 2024   7-Mar-2026 19:29:28    Page  004
 - - - - - - - - - - - - - - - - - - - - - - - - - - - - - - - - - - - - - -
 
 Gradient { model16 }:
  6.76077E-08  7.11478E-08  6.76093E-08  2.80166E-04 -1.57586E-05
  2.79711E-04
 Maximum ABS(G) { model16 } =  2.80166E-04
 To compute VC matrix, CPU Time was 0.078 secs and System Time was 0.047 secs.
 S Vector { model16 }:
   90.80388      7.603975     0.2390361     0.3793987E-04 0.1973680E-04
  0.6569546E-07
 To invert VC matrix, CPU Time was 0.001 secs and System Time was 0.001 secs.
 Ratio Threshold = 50.00 Max Gap (3/4) = 6300. Next Max Gap (5/6) = 300.4
 Gap Method for Num. of Estimated Parameters { model16 } = 3          
 Threshold { model16 } = 0.5603329E-03           
 Numerical Threshold Method for Num. of Estimated Parameters { model16 } = 3          
 Number of Estimated Parameters { model16 } = 3          
 DEVIANCE { model16 } = 108.03003               
 DEVIANCE Degrees of Freedom { model16 } = 12          
 c-hat { model16 } = 9.0025024               
 AIC { model16 } = 312.88255               
 AICc { model16 } = 312.99214               
 BIC { model16 } = 323.10406               
 Pearson Chisquare { model16 } = 348.98640               
 Possible Encounter Histories { model16 } = 4054          
 Pearson Chisquare df { model16 } = 4042          
 Pearson chat { model16 } = 0.0863400               
 Sum(Observed/Expected) { model16 } = 315.71627               
 s-bar { model16 } = -0.9241740              
 Fletcher chat { model16 } = 1.1386596               


                      LOGIT Link Function Parameters of { model16 }
                                                              95% Confidence Interval
    Parameter                  Beta         Standard Error     Lower           Upper
 -------------------------  --------------  --------------  --------------  --------------
    1:Phi:(Intercept)        47620.938       0.0000000       47620.938       47620.938    
    2:Phi:time               0.1585266       0.0000000       0.1585266       0.1585266    
    3:Phi:I(time^2)         -0.0117185       0.0000000      -0.0117185      -0.0117185    
    4:p:(Intercept)          1542.0949       0.0000000       1542.0949       1542.0949    
    5:p:recap_groupB        -3.1151929       0.3312771      -3.7644961      -2.4658897    
    6:p:time                -0.7647365       0.0000000      -0.7647365      -0.7647365    

Program  MARK  - Survival Rate Estimation with Capture-Recapture Data
 gfortran(dble/PIM2) Vers. 11.1 Nov 2024   7-Mar-2026 19:29:28    Page  005
 - - - - - - - - - - - - - - - - - - - - - - - - - - - - - - - - - - - - - -
 
                         Real Function Parameters of { model16 }
                                                               95% Confidence Interval
     Parameter                Estimate       Standard Error     Lower           Upper
 --------------------------  --------------  --------------  --------------  --------------
     1:Phi g1 c2013 a0 t201   1.0000000       0.0000000       1.0000000       1.0000000       
     2:Phi g1 c2013 a1 t201   1.0000000       0.0000000       1.0000000       1.0000000       
     3:Phi g1 c2013 a2 t201   1.0000000       0.0000000       1.0000000       1.0000000       
     4:Phi g1 c2013 a3 t201   1.0000000       0.0000000       1.0000000       1.0000000       
     5:Phi g1 c2013 a4 t201   1.0000000       0.0000000       1.0000000       1.0000000       
     6:Phi g1 c2013 a5 t201   1.0000000       0.0000000       1.0000000       1.0000000       
     7:Phi g1 c2013 a6 t201   1.0000000       0.0000000       1.0000000       1.0000000       
     8:Phi g1 c2013 a7 t202   1.0000000       0.0000000       1.0000000       1.0000000       
     9:Phi g1 c2013 a8 t202   1.0000000       0.0000000       1.0000000       1.0000000       
    10:Phi g1 c2013 a9 t202   1.0000000       0.0000000       1.0000000       1.0000000       
    11:Phi g1 c2013 a10 t20   0.5779564E-07   0.0000000       0.5779564E-07   0.5779564E-07   
    12:p g1 c2013 a1 t2014    0.2315447       0.0374094       0.1663539       0.3126998       
    13:p g1 c2013 a2 t2015    0.1229975       0.0226793       0.0849876       0.1747601       
    14:p g1 c2013 a3 t2016    0.0612789       0.0120942       0.0414407       0.0897250       
    15:p g1 c2013 a4 t2017    0.0294886       0.0060170       0.0197259       0.0438668       
    16:p g1 c2013 a5 t2018    0.0139455       0.0028910       0.0092795       0.0209082       
    17:p g1 c2013 a6 t2019    0.0065398       0.0013659       0.0043408       0.0098417       
    18:p g1 c2013 a7 t2020    0.0645954       0.0154520       0.0401534       0.1023296       
    19:p g1 c2013 a8 t2021    0.0311417       0.0077178       0.0190972       0.0503921       
    20:p g1 c2013 a9 t2022    0.0147405       0.0037158       0.0089795       0.0241075       
    21:p g1 c2013 a10 t2023   0.0069155       0.0017576       0.0041993       0.0113688       
    22:p g1 c2013 a11 t2024   0.0032308       0.8243349E-03   0.0019587       0.0053246       

 To compute parameter estimates, CPU Time was 0.001 secs and System Time was 0.016 secs.

 Attempted ordering of parameters by estimatibility:
  4 5 6 3 1 2
 Beta number 2 is a singular value.

 For procedure estimate CPU Time was 0.281 secs and System Time was 1.141 secs.

Program  MARK  - Survival Rate Estimation with Capture-Recapture Data
 gfortran(dble/PIM2) Vers. 11.1 Nov 2024   7-Mar-2026 19:29:28    Page  006
 - - - - - - - - - - - - - - - - - - - - - - - - - - - - - - - - - - - - - -
 


 INPUT --- proc stop;

 For this job, CPU Time in mins was 0.005 and System Time in mins was 0.020.

     Time Start = 19:29:27.069   Time End = 19:29:28.236

 Wall Clock Time in mins for this job was 0.019.

 Maximum of 19 words used.


          E X E C U T I O N   S U C C E S S F U L
