
 Program  MARK  - Survival Rate Estimation with Capture-Recapture Data
 gfortran(dble/PIM2) Vers. 11.1 Nov 2024   7-Mar-2026 19:29:07    Page  001
  
 - - - - - - - - - - - - - - - - - - - - - - - - - - - - - - - - - - - - - -
 
 Welcome to MARK localuser on machine DEP79421 in subdirectory 
 "C:\Users\localuser\Desktop\GitHub\LHI_SBSH_CMR_adult_survival" running file "data/rmark_outputs/reference_models/2026-03-07/linear_covariate_model_8.inp".
 This version was compiled by GCC version 14.2.0 using the options: 
  -cpp -iprefix C:/tdm-gcc-64/mingw64-14-2/bin/../lib/gcc/
  x86_64-w64-mingw32/14.2.0/ -D_MT -D_REENTRANT -U_REENTRANT -D
  dbleprecision -m64 -march=x86-64 -mtune=generic -mthreads -O3 -std=f2023
  -fimplicit-none -ffpe-summary=invalid,zero,overflow,underflow
  -funroll-loops -fno-unsafe-math-optimizations -frounding-math
  -fsignaling-nans -fall-intrinsics -fopenmp

 This problem will use 19 of 20 possible threads.
 Static thread allocation is used.
 INPUT --- proc title ;

 For procedure title CPU Time was 0.001 secs and System Time was 0.001 secs.
 INPUT --- proc chmatrix occasions= 12 groups= 1 etype= Live Nodes= 
 INPUT --- 101 ICMeans NoHist hist= 25  ;
 INPUT ---    time interval 1 1 1 1 1 1 1 1 1 1 1 ;
 INPUT ---    glabel(1)=Group 1;

      Number of unique encounter histories read was 25.

      Number of individual covariates read was 0.
      Time interval lengths are all equal to 1.

      Data type number is 1
      Data type is Live Recaptures (CJS)

 For procedure chmatrix CPU Time was 0.001 secs and System Time was 0.001 secs.

Program  MARK  - Survival Rate Estimation with Capture-Recapture Data
 gfortran(dble/PIM2) Vers. 11.1 Nov 2024   7-Mar-2026 19:29:07    Page  002
 - - - - - - - - - - - - - - - - - - - - - - - - - - - - - - - - - - - - - -
 


 INPUT --- proc estimate link=Logit NOLOOP varest=2ndPart    ;
 INPUT --- model={ model8 };
 INPUT ---    group=1 Phi    rows=11 cols=11 Triang ;
 INPUT ---        1 2 3 4 5 6 7 8 9 10 11 ;
 INPUT ---        2 3 4 5 6 7 8 9 10 11 ;
 INPUT ---        3 4 5 6 7 8 9 10 11 ;
 INPUT ---        4 5 6 7 8 9 10 11 ;
 INPUT ---        5 6 7 8 9 10 11 ;
 INPUT ---        6 7 8 9 10 11 ;
 INPUT ---        7 8 9 10 11 ;
 INPUT ---        8 9 10 11 ;
 INPUT ---        9 10 11 ;
 INPUT ---        10 11 ;
 INPUT ---        11 ;
 INPUT ---    group=1 p    rows=11 cols=11 Triang ;
 INPUT ---        12 12 12 12 12 12 13 13 13 13 13 ;
 INPUT ---        12 12 12 12 12 13 13 13 13 13 ;
 INPUT ---        12 12 12 12 13 13 13 13 13 ;
 INPUT ---        12 12 12 13 13 13 13 13 ;
 INPUT ---        12 12 13 13 13 13 13 ;
 INPUT ---        12 13 13 13 13 13 ;
 INPUT ---        13 13 13 13 13 ;
 INPUT ---        13 13 13 13 ;
 INPUT ---        13 13 13 ;
 INPUT ---        13 13 ;
 INPUT ---        13 ;
 INPUT ---    design matrix constraints=13 covariates=5;
 INPUT ---        1 2013 4052169 0 0;
 INPUT ---        1 2014 4056196 0 0;
 INPUT ---        1 2015 4060225 0 0;
 INPUT ---        1 2016 4064256 0 0;
 INPUT ---        1 2017 4068289 0 0;
 INPUT ---        1 2018 4072324 0 0;
 INPUT ---        1 2019 4076361 0 0;
 INPUT ---        1 2020 4080400 0 0;
 INPUT ---        1 2021 4084441 0 0;
 INPUT ---        1 2022 4088484 0 0;
 INPUT ---        1 2023 4092529 0 0;
 INPUT ---        0 0 0 1 1;
 INPUT ---        0 0 0 1 0;
 INPUT ---       blabel(1)=Phi:(Intercept);
 INPUT ---       blabel(2)=Phi:time;
 INPUT ---       blabel(3)=Phi:I(time^2);
 INPUT ---       blabel(4)=p:(Intercept);

Program  MARK  - Survival Rate Estimation with Capture-Recapture Data
 gfortran(dble/PIM2) Vers. 11.1 Nov 2024   7-Mar-2026 19:29:07    Page  003
 - - - - - - - - - - - - - - - - - - - - - - - - - - - - - - - - - - - - - -
 
 INPUT ---       blabel(5)=p:recap_groupB;
 INPUT ---       rlabel(1)=Phi g1 c2013 a0 t2013;
 INPUT ---       rlabel(2)=Phi g1 c2013 a1 t2014;
 INPUT ---       rlabel(3)=Phi g1 c2013 a2 t2015;
 INPUT ---       rlabel(4)=Phi g1 c2013 a3 t2016;
 INPUT ---       rlabel(5)=Phi g1 c2013 a4 t2017;
 INPUT ---       rlabel(6)=Phi g1 c2013 a5 t2018;
 INPUT ---       rlabel(7)=Phi g1 c2013 a6 t2019;
 INPUT ---       rlabel(8)=Phi g1 c2013 a7 t2020;
 INPUT ---       rlabel(9)=Phi g1 c2013 a8 t2021;
 INPUT ---       rlabel(10)=Phi g1 c2013 a9 t2022;
 INPUT ---       rlabel(11)=Phi g1 c2013 a10 t2023;
 INPUT ---       rlabel(12)=p g1 c2013 a1 t2014;
 INPUT ---       rlabel(13)=p g1 c2013 a7 t2020;
   Model is { model8 }

 Link Function Used is LOGIT        

 Variance Estimation Procedure Used is 2ndPart 
 -2logL(saturated) = 198.85252     
 Effective Sample Size = 223

 Number of function evaluations was 30 for 5 parameters.
 For numerical optimization, CPU Time was 0.109 secs and System Time was 0.281 secs.
 -2logL { model8 } = 322.69046     
 Penalty { model8 } = 0.0000000     
 Gradient { model8 }:
 -1.00307E-04 -3.11330E-04 -9.88623E-05 -1.14052E-04 -5.28243E-05
 Maximum ABS(G) { model8 } =  3.11330E-04
 To compute VC matrix, CPU Time was 0.001 secs and System Time was 0.016 secs.
 S Vector { model8 }:
   121.9822      32.12594      1.954585     0.7537076E-02 0.2496707E-02
 To invert VC matrix, CPU Time was 0.001 secs and System Time was 0.001 secs.
 Ratio Threshold = 50.00 Max Gap (3/4) = 259.3 Next Max Gap (2/3) = 16.44
 Gap Method for Num. of Estimated Parameters { model8 } = 3          
 Threshold { model8 } = 0.6226609E-03           
 Numerical Threshold Method for Num. of Estimated Parameters { model8 } = 5          
 Number of Estimated Parameters { model8 } = 5          

   * *  WARNING  * *   Number of parameters estimated from gap method (=3) and threshold method (=5) differ.  Inspect full output. 
 Ratios of S Vector { model8 }:
   1/2    3.797001       2/3    16.43620       3/4    259.3293       4/5    3.018806    
 DEVIANCE { model8 } = 123.83794               
 DEVIANCE Degrees of Freedom { model8 } = 10          
 c-hat { model8 } = 12.383794               

Program  MARK  - Survival Rate Estimation with Capture-Recapture Data
 gfortran(dble/PIM2) Vers. 11.1 Nov 2024   7-Mar-2026 19:29:07    Page  004
 - - - - - - - - - - - - - - - - - - - - - - - - - - - - - - - - - - - - - -
 
 AIC { model8 } = 332.69046               
 AICc { model8 } = 332.96696               
 BIC { model8 } = 349.72632               
 Pearson Chisquare { model8 } = 457.48641               
 Possible Encounter Histories { model8 } = 4054          
 Pearson Chisquare df { model8 } = 4040          
 Pearson chat { model8 } = 0.1132392               
 Sum(Observed/Expected) { model8 } = 391.06544               
 s-bar { model8 } = -0.9055462              
 Fletcher chat { model8 } = 1.1988852               


                       LOGIT Link Function Parameters of { model8 }
                                                              95% Confidence Interval
    Parameter                  Beta         Standard Error     Lower           Upper
 -------------------------  --------------  --------------  --------------  --------------
    1:Phi:(Intercept)        400.60093       11.479987       378.10015       423.10170    
    2:Phi:time              -0.6443337E-03   0.0080766      -0.0164744       0.0151857    
    3:Phi:I(time^2)         -0.9794299E-04   0.2833555E-05  -0.1034968E-03  -0.9238922E-04
    4:p:(Intercept)         -0.8395789       0.5286954      -1.8758220       0.1966641    
    5:p:recap_groupB        -1.4553095       0.5007962      -2.4368701      -0.4737489    


                          Real Function Parameters of { model8 }
                                                               95% Confidence Interval
     Parameter                Estimate       Standard Error     Lower           Upper
 --------------------------  --------------  --------------  --------------  --------------
     1:Phi g1 c2013 a0 t201   0.9185137       0.0191535       0.8722218       0.9490151       
     2:Phi g1 c2013 a1 t201   0.8836297       0.0262139       0.8216549       0.9260077       
     3:Phi g1 c2013 a2 t201   0.8364440       0.0347764       0.7565332       0.8938081       
     4:Phi g1 c2013 a3 t201   0.7749632       0.0442494       0.6768297       0.8499059       
     5:Phi g1 c2013 a4 t201   0.6986554       0.0533733       0.5851668       0.7921257       
     6:Phi g1 c2013 a5 t201   0.6094638       0.0603491       0.4870288       0.7195064       
     7:Phi g1 c2013 a6 t201   0.5122523       0.0634223       0.3897150       0.6333344       
     8:Phi g1 c2013 a7 t202   0.4140574       0.0617184       0.3003103       0.5377745       
     9:Phi g1 c2013 a8 t202   0.3222067       0.0557312       0.2237709       0.4394305       
    10:Phi g1 c2013 a9 t202   0.2422695       0.0470403       0.1621226       0.3456908       
    11:Phi g1 c2013 a10 t20   0.1769571       0.0375103       0.1148737       0.2626376       
    12:p g1 c2013 a1 t2014    0.0915472       0.0197073       0.0595616       0.1381856       
    13:p g1 c2013 a7 t2020    0.3016235       0.1113680       0.1328695       0.5490082       

Program  MARK  - Survival Rate Estimation with Capture-Recapture Data
 gfortran(dble/PIM2) Vers. 11.1 Nov 2024   7-Mar-2026 19:29:07    Page  005
 - - - - - - - - - - - - - - - - - - - - - - - - - - - - - - - - - - - - - -
 

 To compute parameter estimates, CPU Time was 0.016 secs and System Time was 0.001 secs.

 Attempted ordering of parameters by estimatibility:
  1 5 4 3 2
 Beta number 2 is a singular value.

 For procedure estimate CPU Time was 0.125 secs and System Time was 0.297 secs.
 INPUT --- proc stop;

 For this job, CPU Time in mins was 0.003 and System Time in mins was 0.005.

     Time Start = 19:29:07.565   Time End = 19:29:07.896

 Wall Clock Time in mins for this job was 0.005.

 Maximum of 19 words used.


          E X E C U T I O N   S U C C E S S F U L
