
 Program  MARK  - Survival Rate Estimation with Capture-Recapture Data
 gfortran(dble/PIM2) Vers. 11.1 Nov 2024   7-Mar-2026 19:29:14    Page  001
  
 - - - - - - - - - - - - - - - - - - - - - - - - - - - - - - - - - - - - - -
 
 Welcome to MARK localuser on machine DEP79421 in subdirectory 
 "C:\Users\localuser\Desktop\GitHub\LHI_SBSH_CMR_adult_survival" running file "data/rmark_outputs/reference_models/2026-03-07/linear_covariate_model_11.inp".
 This version was compiled by GCC version 14.2.0 using the options: 
  -cpp -iprefix C:/tdm-gcc-64/mingw64-14-2/bin/../lib/gcc/
  x86_64-w64-mingw32/14.2.0/ -D_MT -D_REENTRANT -U_REENTRANT -D
  dbleprecision -m64 -march=x86-64 -mtune=generic -mthreads -O3 -std=f2023
  -fimplicit-none -ffpe-summary=invalid,zero,overflow,underflow
  -funroll-loops -fno-unsafe-math-optimizations -frounding-math
  -fsignaling-nans -fall-intrinsics -fopenmp

 This problem will use 19 of 20 possible threads.
 Static thread allocation is used.
 INPUT --- proc title ;

 For procedure title CPU Time was 0.001 secs and System Time was 0.001 secs.
 INPUT --- proc chmatrix occasions= 12 groups= 1 etype= Live Nodes= 
 INPUT --- 101 ICMeans NoHist hist= 25  ;
 INPUT ---    time interval 1 1 1 1 1 1 1 1 1 1 1 ;
 INPUT ---    glabel(1)=Group 1;

      Number of unique encounter histories read was 25.

      Number of individual covariates read was 0.
      Time interval lengths are all equal to 1.

      Data type number is 1
      Data type is Live Recaptures (CJS)

 For procedure chmatrix CPU Time was 0.001 secs and System Time was 0.001 secs.

Program  MARK  - Survival Rate Estimation with Capture-Recapture Data
 gfortran(dble/PIM2) Vers. 11.1 Nov 2024   7-Mar-2026 19:29:14    Page  002
 - - - - - - - - - - - - - - - - - - - - - - - - - - - - - - - - - - - - - -
 


 INPUT --- proc estimate link=Logit NOLOOP varest=2ndPart    ;
 INPUT --- model={ model11 };
 INPUT ---    group=1 Phi    rows=11 cols=11 Triang ;
 INPUT ---        1 1 1 1 1 1 1 1 1 1 1 ;
 INPUT ---        1 1 1 1 1 1 1 1 1 1 ;
 INPUT ---        1 1 1 1 1 1 1 1 1 ;
 INPUT ---        1 1 1 1 1 1 1 1 ;
 INPUT ---        1 1 1 1 1 1 1 ;
 INPUT ---        1 1 1 1 1 1 ;
 INPUT ---        1 1 1 1 1 ;
 INPUT ---        1 1 1 1 ;
 INPUT ---        1 1 1 ;
 INPUT ---        1 1 ;
 INPUT ---        1 ;
 INPUT ---    group=1 p    rows=11 cols=11 Triang ;
 INPUT ---        2 3 4 5 6 7 8 9 10 11 12 ;
 INPUT ---        3 4 5 6 7 8 9 10 11 12 ;
 INPUT ---        4 5 6 7 8 9 10 11 12 ;
 INPUT ---        5 6 7 8 9 10 11 12 ;
 INPUT ---        6 7 8 9 10 11 12 ;
 INPUT ---        7 8 9 10 11 12 ;
 INPUT ---        8 9 10 11 12 ;
 INPUT ---        9 10 11 12 ;
 INPUT ---        10 11 12 ;
 INPUT ---        11 12 ;
 INPUT ---        12 ;
 INPUT ---    design matrix constraints=12 covariates=3;
 INPUT ---        1 0 0;
 INPUT ---        0 1 2014;
 INPUT ---        0 1 2015;
 INPUT ---        0 1 2016;
 INPUT ---        0 1 2017;
 INPUT ---        0 1 2018;
 INPUT ---        0 1 2019;
 INPUT ---        0 1 2020;
 INPUT ---        0 1 2021;
 INPUT ---        0 1 2022;
 INPUT ---        0 1 2023;
 INPUT ---        0 1 2024;
 INPUT ---       blabel(1)=Phi:(Intercept);
 INPUT ---       blabel(2)=p:(Intercept);
 INPUT ---       blabel(3)=p:time;
 INPUT ---       rlabel(1)=Phi g1 c2013 a0 t2013;
 INPUT ---       rlabel(2)=p g1 c2013 a1 t2014;

Program  MARK  - Survival Rate Estimation with Capture-Recapture Data
 gfortran(dble/PIM2) Vers. 11.1 Nov 2024   7-Mar-2026 19:29:14    Page  003
 - - - - - - - - - - - - - - - - - - - - - - - - - - - - - - - - - - - - - -
 
 INPUT ---       rlabel(3)=p g1 c2013 a2 t2015;
 INPUT ---       rlabel(4)=p g1 c2013 a3 t2016;
 INPUT ---       rlabel(5)=p g1 c2013 a4 t2017;
 INPUT ---       rlabel(6)=p g1 c2013 a5 t2018;
 INPUT ---       rlabel(7)=p g1 c2013 a6 t2019;
 INPUT ---       rlabel(8)=p g1 c2013 a7 t2020;
 INPUT ---       rlabel(9)=p g1 c2013 a8 t2021;
 INPUT ---       rlabel(10)=p g1 c2013 a9 t2022;
 INPUT ---       rlabel(11)=p g1 c2013 a10 t2023;
 INPUT ---       rlabel(12)=p g1 c2013 a11 t2024;
   Model is { model11 }

 Link Function Used is LOGIT        

 Variance Estimation Procedure Used is 2ndPart 
 -2logL(saturated) = 198.85252     
 Effective Sample Size = 223

 Number of function evaluations was 20 for 3 parameters.
 For numerical optimization, CPU Time was 0.031 secs and System Time was 0.219 secs.
 -2logL { model11 } = 324.94748     
 Penalty { model11 } = 0.0000000     
 Gradient { model11 }:
 -1.39939E-06 -7.00556E-07 -6.57219E-07
 Maximum ABS(G) { model11 } =  1.39939E-06
 To compute VC matrix, CPU Time was 0.016 secs and System Time was 0.001 secs.
 S Vector { model11 }:
   73.34950      4.177588     0.5918976E-02
 To invert VC matrix, CPU Time was 0.001 secs and System Time was 0.001 secs.
 Ratio Threshold = 50.00 Max Gap (2/3) = 705.8 Next Max Gap (1/2) = 17.56
 Gap Method for Num. of Estimated Parameters { model11 } = 2          
 Threshold { model11 } = 0.2798788E-05           
 Numerical Threshold Method for Num. of Estimated Parameters { model11 } = 3          
 Number of Estimated Parameters { model11 } = 3          

   * *  WARNING  * *   Number of parameters estimated from gap method (=2) and threshold method (=3) differ.  Inspect full output. 
 Ratios of S Vector { model11 }:
   1/2    17.55786       2/3    705.7957    
 DEVIANCE { model11 } = 126.09496               
 DEVIANCE Degrees of Freedom { model11 } = 12          
 c-hat { model11 } = 10.507914               
 AIC { model11 } = 330.94748               
 AICc { model11 } = 331.05707               
 BIC { model11 } = 341.16900               
 Pearson Chisquare { model11 } = 1067.8962               
 Possible Encounter Histories { model11 } = 4054          
 Pearson Chisquare df { model11 } = 4042          
 Pearson chat { model11 } = 0.2641999               

Program  MARK  - Survival Rate Estimation with Capture-Recapture Data
 gfortran(dble/PIM2) Vers. 11.1 Nov 2024   7-Mar-2026 19:29:15    Page  004
 - - - - - - - - - - - - - - - - - - - - - - - - - - - - - - - - - - - - - -
 
 Sum(Observed/Expected) { model11 } = 1027.0417               
 s-bar { model11 } = -0.7483210              
 Fletcher chat { model11 } = 1.0497495               


                      LOGIT Link Function Parameters of { model11 }
                                                              95% Confidence Interval
    Parameter                  Beta         Standard Error     Lower           Upper
 -------------------------  --------------  --------------  --------------  --------------
    1:Phi:(Intercept)        1.7259641       0.4669983       0.8106474       2.6412809    
    2:p:(Intercept)          499.96247       9.1729673       481.98345       517.94148    
    3:p:time                -0.2489990       0.0045508      -0.2579186      -0.2400794    


                         Real Function Parameters of { model11 }
                                                               95% Confidence Interval
     Parameter                Estimate       Standard Error     Lower           Upper
 --------------------------  --------------  --------------  --------------  --------------
     1:Phi g1 c2013 a0 t201   0.8488955       0.0599028       0.6922474       0.9334716       
     2:p g1 c2013 a1 t2014    0.1792274       0.0390019       0.1149400       0.2685610       
     3:p g1 c2013 a2 t2015    0.1454690       0.0329545       0.0919384       0.2225295       
     4:p g1 c2013 a3 t2016    0.1171615       0.0274263       0.0731490       0.1824430       
     5:p g1 c2013 a4 t2017    0.0937581       0.0225407       0.0579461       0.1482205       
     6:p g1 c2013 a5 t2018    0.0746344       0.0183361       0.0457403       0.1194953       
     7:p g1 c2013 a6 t2019    0.0591568       0.0147926       0.0360020       0.0957247       
     8:p g1 c2013 a7 t2020    0.0467267       0.0118549       0.0282714       0.0762838       
     9:p g1 c2013 a8 t2021    0.0368064       0.0094508       0.0221593       0.0605355       
    10:p g1 c2013 a9 t2022    0.0289282       0.0075032       0.0173425       0.0478767       
    11:p g1 c2013 a10 t2023   0.0226966       0.0059379       0.0135562       0.0377641       
    12:p g1 c2013 a11 t2024   0.0177828       0.0046874       0.0105861       0.0297251       

 To compute parameter estimates, CPU Time was 0.001 secs and System Time was 0.031 secs.

 Attempted ordering of parameters by estimatibility:
  2 1 3
 Beta number 3 is a singular value.

 For procedure estimate CPU Time was 0.047 secs and System Time was 0.265 secs.

Program  MARK  - Survival Rate Estimation with Capture-Recapture Data
 gfortran(dble/PIM2) Vers. 11.1 Nov 2024   7-Mar-2026 19:29:15    Page  005
 - - - - - - - - - - - - - - - - - - - - - - - - - - - - - - - - - - - - - -
 


 INPUT --- proc stop;

 For this job, CPU Time in mins was 0.002 and System Time in mins was 0.005.

     Time Start = 19:29:14.752   Time End = 19:29:15.044

 Wall Clock Time in mins for this job was 0.004.

 Maximum of 19 words used.


          E X E C U T I O N   S U C C E S S F U L
