
 Program  MARK  - Survival Rate Estimation with Capture-Recapture Data
 gfortran(dble/PIM2) Vers. 11.1 Nov 2024   7-Mar-2026 19:29:36    Page  001
  
 - - - - - - - - - - - - - - - - - - - - - - - - - - - - - - - - - - - - - -
 
 Welcome to MARK localuser on machine DEP79421 in subdirectory 
 "C:\Users\localuser\Desktop\GitHub\LHI_SBSH_CMR_adult_survival" running file "data/rmark_outputs/reference_models/2026-03-07/linear_covariate_model_19.inp".
 This version was compiled by GCC version 14.2.0 using the options: 
  -cpp -iprefix C:/tdm-gcc-64/mingw64-14-2/bin/../lib/gcc/
  x86_64-w64-mingw32/14.2.0/ -D_MT -D_REENTRANT -U_REENTRANT -D
  dbleprecision -m64 -march=x86-64 -mtune=generic -mthreads -O3 -std=f2023
  -fimplicit-none -ffpe-summary=invalid,zero,overflow,underflow
  -funroll-loops -fno-unsafe-math-optimizations -frounding-math
  -fsignaling-nans -fall-intrinsics -fopenmp

 This problem will use 19 of 20 possible threads.
 Static thread allocation is used.
 INPUT --- proc title ;

 For procedure title CPU Time was 0.001 secs and System Time was 0.001 secs.
 INPUT --- proc chmatrix occasions= 12 groups= 1 etype= Live Nodes= 
 INPUT --- 101 ICMeans NoHist hist= 25  ;
 INPUT ---    time interval 1 1 1 1 1 1 1 1 1 1 1 ;
 INPUT ---    glabel(1)=Group 1;

      Number of unique encounter histories read was 25.

      Number of individual covariates read was 0.
      Time interval lengths are all equal to 1.

      Data type number is 1
      Data type is Live Recaptures (CJS)

 For procedure chmatrix CPU Time was 0.001 secs and System Time was 0.001 secs.

Program  MARK  - Survival Rate Estimation with Capture-Recapture Data
 gfortran(dble/PIM2) Vers. 11.1 Nov 2024   7-Mar-2026 19:29:36    Page  002
 - - - - - - - - - - - - - - - - - - - - - - - - - - - - - - - - - - - - - -
 


 INPUT --- proc estimate link=Logit NOLOOP varest=2ndPart    ;
 INPUT --- model={ model19 };
 INPUT ---    group=1 Phi    rows=11 cols=11 Triang ;
 INPUT ---        1 1 1 1 1 1 1 1 1 1 1 ;
 INPUT ---        1 1 1 1 1 1 1 1 1 1 ;
 INPUT ---        1 1 1 1 1 1 1 1 1 ;
 INPUT ---        1 1 1 1 1 1 1 1 ;
 INPUT ---        1 1 1 1 1 1 1 ;
 INPUT ---        1 1 1 1 1 1 ;
 INPUT ---        1 1 1 1 1 ;
 INPUT ---        1 1 1 1 ;
 INPUT ---        1 1 1 ;
 INPUT ---        1 1 ;
 INPUT ---        1 ;
 INPUT ---    group=1 p    rows=11 cols=11 Triang ;
 INPUT ---        2 3 4 5 6 7 8 9 10 11 12 ;
 INPUT ---        3 4 5 6 7 8 9 10 11 12 ;
 INPUT ---        4 5 6 7 8 9 10 11 12 ;
 INPUT ---        5 6 7 8 9 10 11 12 ;
 INPUT ---        6 7 8 9 10 11 12 ;
 INPUT ---        7 8 9 10 11 12 ;
 INPUT ---        8 9 10 11 12 ;
 INPUT ---        9 10 11 12 ;
 INPUT ---        10 11 12 ;
 INPUT ---        11 12 ;
 INPUT ---        12 ;
 INPUT ---    design matrix constraints=12 covariates=12;
 INPUT ---        1 0 0 0 0 0 0 0 0 0 0 0;
 INPUT ---        0 1 0 0 0 0 0 0 0 0 0 0;
 INPUT ---        0 1 1 0 0 0 0 0 0 0 0 0;
 INPUT ---        0 1 0 1 0 0 0 0 0 0 0 0;
 INPUT ---        0 1 0 0 1 0 0 0 0 0 0 0;
 INPUT ---        0 1 0 0 0 1 0 0 0 0 0 0;
 INPUT ---        0 1 0 0 0 0 1 0 0 0 0 0;
 INPUT ---        0 1 0 0 0 0 0 1 0 0 0 0;
 INPUT ---        0 1 0 0 0 0 0 0 1 0 0 0;
 INPUT ---        0 1 0 0 0 0 0 0 0 1 0 0;
 INPUT ---        0 1 0 0 0 0 0 0 0 0 1 0;
 INPUT ---        0 1 0 0 0 0 0 0 0 0 0 1;
 INPUT ---       blabel(1)=Phi:(Intercept);
 INPUT ---       blabel(2)=p:(Intercept);
 INPUT ---       blabel(3)=p:factor(time)2015;
 INPUT ---       blabel(4)=p:factor(time)2016;
 INPUT ---       blabel(5)=p:factor(time)2017;

Program  MARK  - Survival Rate Estimation with Capture-Recapture Data
 gfortran(dble/PIM2) Vers. 11.1 Nov 2024   7-Mar-2026 19:29:36    Page  003
 - - - - - - - - - - - - - - - - - - - - - - - - - - - - - - - - - - - - - -
 
 INPUT ---       blabel(6)=p:factor(time)2018;
 INPUT ---       blabel(7)=p:factor(time)2019;
 INPUT ---       blabel(8)=p:factor(time)2020;
 INPUT ---       blabel(9)=p:factor(time)2021;
 INPUT ---       blabel(10)=p:factor(time)2022;
 INPUT ---       blabel(11)=p:factor(time)2023;
 INPUT ---       blabel(12)=p:factor(time)2024;
 INPUT ---       rlabel(1)=Phi g1 c2013 a0 t2013;
 INPUT ---       rlabel(2)=p g1 c2013 a1 t2014;
 INPUT ---       rlabel(3)=p g1 c2013 a2 t2015;
 INPUT ---       rlabel(4)=p g1 c2013 a3 t2016;
 INPUT ---       rlabel(5)=p g1 c2013 a4 t2017;
 INPUT ---       rlabel(6)=p g1 c2013 a5 t2018;
 INPUT ---       rlabel(7)=p g1 c2013 a6 t2019;
 INPUT ---       rlabel(8)=p g1 c2013 a7 t2020;
 INPUT ---       rlabel(9)=p g1 c2013 a8 t2021;
 INPUT ---       rlabel(10)=p g1 c2013 a9 t2022;
 INPUT ---       rlabel(11)=p g1 c2013 a10 t2023;
 INPUT ---       rlabel(12)=p g1 c2013 a11 t2024;
   Model is { model19 }

 Link Function Used is LOGIT        

 Variance Estimation Procedure Used is 2ndPart 
 -2logL(saturated) = 198.85252     
 Effective Sample Size = 223

 Number of function evaluations was 37 for 12 parameters.
 For numerical optimization, CPU Time was 0.297 secs and System Time was 0.141 secs.
 -2logL { model19 } = 238.27009     
 Penalty { model19 } = 0.0000000     
 Gradient { model19 }:
  2.52424E-04  1.00199E-04  2.54030E-05   0.0000      3.86071E-05
  5.54571E-06   0.0000      1.11536E-04 -8.72635E-05   0.0000    
  6.58731E-06   0.0000    
 Maximum ABS(G) { model19 } =  2.52424E-04
 To compute VC matrix, CPU Time was 0.078 secs and System Time was 0.078 secs.
 S Vector { model19 }:
   41.83512      9.175904      5.322664      3.162806      2.744991    
   1.870070      1.082796     0.5671496E-05 0.1381495E-05 0.2639117E-06
  0.2741741E-08 0.5494641E-09
 To invert VC matrix, CPU Time was 0.001 secs and System Time was 0.001 secs.
 Ratio Threshold = 50.00 Max Gap (7/8) = 1.9092E+5 Next Max Gap (10/11) = 96.26
 Gap Method for Num. of Estimated Parameters { model19 } = 7          
 Threshold { model19 } = 0.5048487E-03           
 Numerical Threshold Method for Num. of Estimated Parameters { model19 } = 7          
 Number of Estimated Parameters { model19 } = 7          
 DEVIANCE { model19 } = 39.417572               

Program  MARK  - Survival Rate Estimation with Capture-Recapture Data
 gfortran(dble/PIM2) Vers. 11.1 Nov 2024   7-Mar-2026 19:29:36    Page  004
 - - - - - - - - - - - - - - - - - - - - - - - - - - - - - - - - - - - - - -
 
 DEVIANCE Degrees of Freedom { model19 } = 8          
 c-hat { model19 } = 4.9271965               
 AIC { model19 } = 252.27009               
 AICc { model19 } = 252.79102               
 BIC { model19 } = 276.12030               
 Pearson Chisquare { model19 } = 75.561477               
 Possible Encounter Histories { model19 } = 4054          
 Pearson Chisquare df { model19 } = 4038          
 Pearson chat { model19 } = 0.0187126               
 Sum(Observed/Expected) { model19 } = 91.881095               
 s-bar { model19 } = -0.9795102              
 Fletcher chat { model19 } = 0.9132658               


                      LOGIT Link Function Parameters of { model19 }
                                                              95% Confidence Interval
    Parameter                  Beta         Standard Error     Lower           Upper
 -------------------------  --------------  --------------  --------------  --------------
    1:Phi:(Intercept)        1.4104020       0.4487336       0.5308841       2.2899200    
    2:p:(Intercept)         -20.376945       158.72982      -331.48740       290.73351    
    3:p:factor(time)2015     20.398838       158.72993      -290.71182       331.50950    
    4:p:factor(time)2016    -11.026513       42660.934      -83626.458       83604.405    
    5:p:factor(time)2017     17.328899       158.73166      -293.78515       328.44295    
    6:p:factor(time)2018     16.540533       158.73329      -294.57672       327.65779    
    7:p:factor(time)2019    -8.3246513       19097.950      -37440.307       37423.657    
    8:p:factor(time)2020     18.802672       158.73044      -292.30900       329.91434    
    9:p:factor(time)2021     18.059612       158.73109      -293.05333       329.17255    
   10:p:factor(time)2022    -0.2691482       850.79510      -1667.8276       1667.2893    
   11:p:factor(time)2023     17.820680       158.73146      -293.29300       328.93436    
   12:p:factor(time)2024    -1.5737120       1946.5662      -3816.8435       3813.6961    


                         Real Function Parameters of { model19 }
                                                               95% Confidence Interval
     Parameter                Estimate       Standard Error     Lower           Upper
 --------------------------  --------------  --------------  --------------  --------------
     1:Phi g1 c2013 a0 t201   0.8038293       0.0707598       0.6296893       0.9080388       
     2:p g1 c2013 a1 t2014    0.1413856E-08   0.2244211E-06  -0.4384515E-06   0.4412792E-06   
     3:p g1 c2013 a2 t2015    0.5054730       0.0996544       0.3187567       0.6906750       
     4:p g1 c2013 a3 t2016    0.2299595E-13   0.9810355E-09  -0.1922807E-08   0.1922853E-08   
     5:p g1 c2013 a4 t2017    0.0453019       0.0332029       0.0104283       0.1760495       
     6:p g1 c2013 a5 t2018    0.0211154       0.0216530       0.0027602       0.1439142       
     7:p g1 c2013 a6 t2019    0.3428112E-12   0.6546643E-08  -0.1283108E-07   0.1283176E-07   
     8:p g1 c2013 a7 t2020    0.1716081       0.0782747       0.0657750       0.3787003       
     9:p g1 c2013 a8 t2021    0.0896976       0.0564340       0.0247953       0.2763436       
    10:p g1 c2013 a9 t2022    0.1080228E-08   0.9345350E-06  -0.1830608E-05   0.1832769E-05   
    11:p g1 c2013 a10 t2023   0.0720067       0.0508865       0.0171433       0.2566080       

Program  MARK  - Survival Rate Estimation with Capture-Recapture Data
 gfortran(dble/PIM2) Vers. 11.1 Nov 2024   7-Mar-2026 19:29:36    Page  005
 - - - - - - - - - - - - - - - - - - - - - - - - - - - - - - - - - - - - - -
 
    12:p g1 c2013 a11 t2024   0.2930560E-09   0.5718013E-06  -0.1120438E-05   0.1121024E-05   

 To compute parameter estimates, CPU Time was 0.001 secs and System Time was 0.001 secs.

 Attempted ordering of parameters by estimatibility:
   2  3  8  1  9 11  5  6 10 12  7  4
 Beta number 4 is a singular value.

 For procedure estimate CPU Time was 0.406 secs and System Time was 0.485 secs.
 INPUT --- proc stop;

 For this job, CPU Time in mins was 0.008 and System Time in mins was 0.009.

     Time Start = 19:29:36.328   Time End = 19:29:36.868

 Wall Clock Time in mins for this job was 0.008.

 Maximum of 19 words used.


          E X E C U T I O N   S U C C E S S F U L
